[17:08:06] START name=BotB seat=lower host=127.0.0.1 port=10001 log=/home/zzx/project/pok/bots/neural_national_lab/data/official_platform_v140_smoke/acceptance_20260709_170802/self_play_01/botB.log
[17:08:06] RECV raw='name' buffer='name'
[17:08:06] DISPATCH line='name'
[17:08:06] SEND name_handshake name='BotB'
[17:08:06] RECV raw='preflop|SMALLBLIND|<0,1><1,5>' buffer='preflop|SMALLBLIND|<0,1><1,5>'
[17:08:06] DISPATCH line='preflop|SMALLBLIND|<0,1><1,5>'
[17:08:07] OFFICIAL_ACTION_DELAY wait=0.158s target=0.300s
[17:08:07] SEND name=BotB hand=1 stage=preflop act_cnt=0 my_sb=50 opp_sb=100 my_chips=19950 opp_chips=19900 is_sb=True msg='fold'
[17:08:12] RECV raw='earnChips -50' buffer='earnChips -50'
[17:08:12] DISPATCH line='earnChips -50'
[17:08:12] RECV raw='preflop|BIGBLIND|<0,11><3,4>' buffer='preflop|BIGBLIND|<0,11><3,4>'
[17:08:12] DISPATCH line='preflop|BIGBLIND|<0,11><3,4>'
[17:08:12] RECV raw='call' buffer='call'
[17:08:12] DISPATCH line='call'
[17:08:12] OFFICIAL_ACTION_DELAY wait=0.232s target=0.300s
[17:08:12] SEND name=BotB hand=2 stage=preflop act_cnt=0 my_sb=100 opp_sb=100 my_chips=19900 opp_chips=19900 is_sb=False msg='raise 320'
[17:08:13] RECV raw='fold' buffer='fold'
[17:08:13] DISPATCH line='fold'
[17:08:16] RECV raw='earnChips 100' buffer='earnChips 100'
[17:08:16] DISPATCH line='earnChips 100'
[17:08:16] RECV raw='preflop|SMALLBLIND|<2,0><1,8>' buffer='preflop|SMALLBLIND|<2,0><1,8>'
[17:08:16] DISPATCH line='preflop|SMALLBLIND|<2,0><1,8>'
[17:08:16] OFFICIAL_ACTION_DELAY wait=0.153s target=0.300s
[17:08:16] SEND name=BotB hand=3 stage=preflop act_cnt=0 my_sb=50 opp_sb=100 my_chips=19950 opp_chips=19900 is_sb=True msg='call'
[17:08:16] RECV raw='raise 320' buffer='raise 320'
[17:08:16] DISPATCH line='raise 320'
[17:08:16] OFFICIAL_ACTION_DELAY wait=0.149s target=0.300s
[17:08:17] SEND name=BotB hand=3 stage=preflop act_cnt=1 my_sb=100 opp_sb=320 my_chips=19900 opp_chips=19680 is_sb=True msg='fold'
[17:08:20] RECV raw='earnChips -100' buffer='earnChips -100'
[17:08:20] DISPATCH line='earnChips -100'
[17:08:20] RECV raw='preflop|BIGBLIND|<0,8><3,7>' buffer='preflop|BIGBLIND|<0,8><3,7>'
[17:08:20] DISPATCH line='preflop|BIGBLIND|<0,8><3,7>'
[17:08:20] RECV raw='call' buffer='call'
[17:08:20] DISPATCH line='call'
[17:08:20] OFFICIAL_ACTION_DELAY wait=0.228s target=0.300s
[17:08:20] SEND name=BotB hand=4 stage=preflop act_cnt=0 my_sb=100 opp_sb=100 my_chips=19900 opp_chips=19900 is_sb=False msg='check'
[17:08:20] RECV raw='flop|<2,8><2,6><3,3>' buffer='flop|<2,8><2,6><3,3>'
[17:08:20] DISPATCH line='flop|<2,8><2,6><3,3>'
[17:08:21] OFFICIAL_ACTION_DELAY wait=0.149s target=0.300s
[17:08:21] SEND name=BotB hand=4 stage=flop act_cnt=0 my_sb=0 opp_sb=0 my_chips=19900 opp_chips=19900 is_sb=False msg='raise 101'
[17:08:21] RECV raw='fold' buffer='fold'
[17:08:21] DISPATCH line='fold'
[17:08:24] RECV raw='earnChips 100' buffer='earnChips 100'
[17:08:24] DISPATCH line='earnChips 100'
[17:08:24] RECV raw='preflop|SMALLBLIND|<3,11><1,11>' buffer='preflop|SMALLBLIND|<3,11><1,11>'
[17:08:24] DISPATCH line='preflop|SMALLBLIND|<3,11><1,11>'
[17:08:24] OFFICIAL_ACTION_DELAY wait=0.170s target=0.300s
[17:08:25] SEND name=BotB hand=5 stage=preflop act_cnt=0 my_sb=50 opp_sb=100 my_chips=19950 opp_chips=19900 is_sb=True msg='raise 308'
[17:08:25] RECV raw='fold' buffer='fold'
[17:08:25] DISPATCH line='fold'
[17:08:28] RECV raw='earnChips 100' buffer='earnChips 100'
[17:08:28] DISPATCH line='earnChips 100'
[17:08:28] RECV raw='preflop|BIGBLIND|<1,6><3,1>' buffer='preflop|BIGBLIND|<1,6><3,1>'
[17:08:28] DISPATCH line='preflop|BIGBLIND|<1,6><3,1>'
[17:08:28] RECV raw='call' buffer='call'
[17:08:28] DISPATCH line='call'
[17:08:28] OFFICIAL_ACTION_DELAY wait=0.229s target=0.300s
[17:08:29] SEND name=BotB hand=6 stage=preflop act_cnt=0 my_sb=100 opp_sb=100 my_chips=19900 opp_chips=19900 is_sb=False msg='check'
[17:08:29] RECV raw='flop|<2,0><0,9><3,7>' buffer='flop|<2,0><0,9><3,7>'
[17:08:29] DISPATCH line='flop|<2,0><0,9><3,7>'
[17:08:29] OFFICIAL_ACTION_DELAY wait=0.192s target=0.300s
[17:08:29] SEND name=BotB hand=6 stage=flop act_cnt=0 my_sb=0 opp_sb=0 my_chips=19900 opp_chips=19900 is_sb=False msg='check'
[17:08:29] RECV raw='turn|<2,7>' buffer='turn|<2,7>'
[17:08:29] DISPATCH line='turn|<2,7>'
[17:08:29] OFFICIAL_ACTION_DELAY wait=0.142s target=0.300s
[17:08:30] SEND name=BotB hand=6 stage=turn act_cnt=0 my_sb=0 opp_sb=0 my_chips=19900 opp_chips=19900 is_sb=False msg='check'
[17:08:30] RECV raw='river|<2,10>' buffer='river|<2,10>'
[17:08:30] DISPATCH line='river|<2,10>'
[17:08:30] OFFICIAL_ACTION_DELAY wait=0.155s target=0.300s
[17:08:30] SEND name=BotB hand=6 stage=river act_cnt=0 my_sb=0 opp_sb=0 my_chips=19900 opp_chips=19900 is_sb=False msg='check'
[17:08:30] RECV raw='raise 207' buffer='raise 207'
[17:08:30] DISPATCH line='raise 207'
[17:08:31] OFFICIAL_ACTION_DELAY wait=0.004s target=0.300s
[17:08:31] SEND name=BotB hand=6 stage=river act_cnt=1 my_sb=0 opp_sb=207 my_chips=19900 opp_chips=19693 is_sb=False msg='fold'
[17:08:34] RECV raw='earnChips -100' buffer='earnChips -100'
[17:08:34] DISPATCH line='earnChips -100'
[17:08:34] RECV raw='preflop|SMALLBLIND|<0,11><1,9>' buffer='preflop|SMALLBLIND|<0,11><1,9>'
[17:08:34] DISPATCH line='preflop|SMALLBLIND|<0,11><1,9>'
[17:08:34] OFFICIAL_ACTION_DELAY wait=0.190s target=0.300s
[17:08:34] SEND name=BotB hand=7 stage=preflop act_cnt=0 my_sb=50 opp_sb=100 my_chips=19950 opp_chips=19900 is_sb=True msg='raise 266'
[17:08:35] RECV raw='flop|<2,7><1,10><3,3>' buffer='flop|<2,7><1,10><3,3>'
[17:08:35] DISPATCH line='flop|<2,7><1,10><3,3>'
[17:08:35] RECV raw='check' buffer='check'
[17:08:35] DISPATCH line='check'
[17:08:35] OFFICIAL_ACTION_DELAY wait=0.184s target=0.300s
[17:08:35] SEND name=BotB hand=7 stage=flop act_cnt=0 my_sb=0 opp_sb=0 my_chips=19734 opp_chips=19900 is_sb=True msg='call'
[17:08:35] RECV raw='turn|<0,7>' buffer='turn|<0,7>'
[17:08:35] DISPATCH line='turn|<0,7>'
[17:08:35] RECV raw='check' buffer='check'
[17:08:35] DISPATCH line='check'
[17:08:36] OFFICIAL_ACTION_DELAY wait=0.140s target=0.300s
[17:08:36] SEND name=BotB hand=7 stage=turn act_cnt=0 my_sb=0 opp_sb=0 my_chips=19734 opp_chips=19900 is_sb=True msg='call'
[17:08:36] RECV raw='river|<1,5>' buffer='river|<1,5>'
[17:08:36] DISPATCH line='river|<1,5>'
[17:08:36] RECV raw='check' buffer='check'
[17:08:36] DISPATCH line='check'
[17:08:36] OFFICIAL_ACTION_DELAY wait=0.152s target=0.300s
[17:08:36] SEND name=BotB hand=7 stage=river act_cnt=0 my_sb=0 opp_sb=0 my_chips=19734 opp_chips=19900 is_sb=True msg='call'
[17:08:39] RECV raw='earnChips -266' buffer='earnChips -266'
[17:08:39] DISPATCH line='earnChips -266'
[17:08:40] RECV raw='oppo_hands|<3,5><1,4>' buffer='oppo_hands|<3,5><1,4>'
[17:08:40] DISPATCH line='oppo_hands|<3,5><1,4>'
[17:08:40] RECV raw='preflop|BIGBLIND|<0,7><0,3>' buffer='preflop|BIGBLIND|<0,7><0,3>'
[17:08:40] DISPATCH line='preflop|BIGBLIND|<0,7><0,3>'
[17:08:40] RECV raw='raise 262' buffer='raise 262'
[17:08:40] DISPATCH line='raise 262'
[17:08:40] OFFICIAL_ACTION_DELAY wait=0.191s target=0.300s
[17:08:40] SEND name=BotB hand=8 stage=preflop act_cnt=0 my_sb=100 opp_sb=262 my_chips=19900 opp_chips=19738 is_sb=False msg='call'
[17:08:40] RECV raw='flop|<2,7><0,12><0,6>' buffer='flop|<2,7><0,12><0,6>'
[17:08:40] DISPATCH line='flop|<2,7><0,12><0,6>'
[17:08:41] OFFICIAL_ACTION_DELAY wait=0.186s target=0.300s
[17:08:41] SEND name=BotB hand=8 stage=flop act_cnt=0 my_sb=0 opp_sb=0 my_chips=19738 opp_chips=19738 is_sb=False msg='raise 413'
[17:08:41] RECV raw='fold' buffer='fold'
[17:08:41] DISPATCH line='fold'
[17:08:44] RECV raw='earnChips 262' buffer='earnChips 262'
[17:08:44] DISPATCH line='earnChips 262'
[17:08:44] RECV raw='preflop|SMALLBLIND|<2,2><2,7>' buffer='preflop|SMALLBLIND|<2,2><2,7>'
[17:08:44] DISPATCH line='preflop|SMALLBLIND|<2,2><2,7>'
[17:08:44] OFFICIAL_ACTION_DELAY wait=0.146s target=0.300s
[17:08:45] SEND name=BotB hand=9 stage=preflop act_cnt=0 my_sb=50 opp_sb=100 my_chips=19950 opp_chips=19900 is_sb=True msg='call'
[17:08:45] RECV raw='raise 320' buffer='raise 320'
[17:08:45] DISPATCH line='raise 320'
[17:08:45] OFFICIAL_ACTION_DELAY wait=0.196s target=0.300s
[17:08:45] SEND name=BotB hand=9 stage=preflop act_cnt=1 my_sb=100 opp_sb=320 my_chips=19900 opp_chips=19680 is_sb=True msg='fold'
[17:08:48] RECV raw='earnChips -100' buffer='earnChips -100'
[17:08:48] DISPATCH line='earnChips -100'
[17:08:48] RECV raw='preflop|BIGBLIND|<0,11><2,5>' buffer='preflop|BIGBLIND|<0,11><2,5>'
[17:08:48] DISPATCH line='preflop|BIGBLIND|<0,11><2,5>'
[17:08:49] RECV raw='call' buffer='call'
[17:08:49] DISPATCH line='call'
[17:08:49] OFFICIAL_ACTION_DELAY wait=0.231s target=0.300s
[17:08:49] SEND name=BotB hand=10 stage=preflop act_cnt=0 my_sb=100 opp_sb=100 my_chips=19900 opp_chips=19900 is_sb=False msg='raise 320'
[17:08:49] RECV raw='fold' buffer='fold'
[17:08:49] DISPATCH line='fold'
