[21:59:20] START name=Candidate seat=upper host=127.0.0.1 port=10001 log=/home/zzx/project/pok/.codex_worktrees/neural-v141/bots/neural_national_lab/data/official_platform_v141_smoke/acceptance_20260709_215440/opponent_01/botA.log
[21:59:20] RECV raw='name' buffer='name'
[21:59:20] DISPATCH line='name'
[21:59:20] SEND name_handshake name='Candidate'
[21:59:20] RECV raw='preflop|SMALLBLIND|<2,7><2,2>' buffer='preflop|SMALLBLIND|<2,7><2,2>'
[21:59:20] DISPATCH line='preflop|SMALLBLIND|<2,7><2,2>'
[21:59:20] OFFICIAL_ACTION_DELAY wait=0.153s target=0.300s
[21:59:20] SEND name=Candidate hand=1 stage=preflop act_cnt=0 my_sb=50 opp_sb=100 my_chips=19950 opp_chips=19900 is_sb=True msg='call'
[21:59:20] RECV raw='raise 331' buffer='raise 331'
[21:59:20] DISPATCH line='raise 331'
[21:59:21] OFFICIAL_ACTION_DELAY wait=0.153s target=0.300s
[21:59:21] SEND name=Candidate hand=1 stage=preflop act_cnt=1 my_sb=100 opp_sb=331 my_chips=19900 opp_chips=19669 is_sb=True msg='fold'
[21:59:25] RECV raw='earnChips -100' buffer='earnChips -100'
[21:59:25] DISPATCH line='earnChips -100'
[21:59:25] RECV raw='preflop|BIGBLIND|<2,3><0,4>' buffer='preflop|BIGBLIND|<2,3><0,4>'
[21:59:25] DISPATCH line='preflop|BIGBLIND|<2,3><0,4>'
[21:59:25] RECV raw='call' buffer='call'
[21:59:25] DISPATCH line='call'
[21:59:26] OFFICIAL_ACTION_DELAY wait=0.204s target=0.300s
[21:59:26] SEND name=Candidate hand=2 stage=preflop act_cnt=0 my_sb=100 opp_sb=100 my_chips=19900 opp_chips=19900 is_sb=False msg='check'
[21:59:26] RECV raw='flop|<2,6><2,10><1,3>' buffer='flop|<2,6><2,10><1,3>'
[21:59:26] DISPATCH line='flop|<2,6><2,10><1,3>'
[21:59:26] OFFICIAL_ACTION_DELAY wait=0.149s target=0.300s
[21:59:26] SEND name=Candidate hand=2 stage=flop act_cnt=0 my_sb=0 opp_sb=0 my_chips=19900 opp_chips=19900 is_sb=False msg='raise 130'
[21:59:26] RECV raw='fold' buffer='fold'
[21:59:26] DISPATCH line='fold'
[21:59:29] RECV raw='earnChips 100' buffer='earnChips 100'
[21:59:29] DISPATCH line='earnChips 100'
[21:59:30] RECV raw='preflop|SMALLBLIND|<3,6><2,5>' buffer='preflop|SMALLBLIND|<3,6><2,5>'
[21:59:30] DISPATCH line='preflop|SMALLBLIND|<3,6><2,5>'
[21:59:30] OFFICIAL_ACTION_DELAY wait=0.156s target=0.300s
[21:59:30] SEND name=Candidate hand=3 stage=preflop act_cnt=0 my_sb=50 opp_sb=100 my_chips=19950 opp_chips=19900 is_sb=True msg='call'
[21:59:30] RECV raw='flop|<0,9><2,8><1,12>' buffer='flop|<0,9><2,8><1,12>'
[21:59:30] DISPATCH line='flop|<0,9><2,8><1,12>'
[21:59:30] RECV raw='check' buffer='check'
[21:59:30] DISPATCH line='check'
[21:59:31] OFFICIAL_ACTION_DELAY wait=0.124s target=0.300s
[21:59:31] SEND name=Candidate hand=3 stage=flop act_cnt=0 my_sb=0 opp_sb=0 my_chips=19900 opp_chips=19900 is_sb=True msg='call'
[21:59:31] RECV raw='turn|<2,3>' buffer='turn|<2,3>'
[21:59:31] DISPATCH line='turn|<2,3>'
[21:59:31] RECV raw='check' buffer='check'
[21:59:31] DISPATCH line='check'
[21:59:31] OFFICIAL_ACTION_DELAY wait=0.149s target=0.300s
[21:59:31] SEND name=Candidate hand=3 stage=turn act_cnt=0 my_sb=0 opp_sb=0 my_chips=19900 opp_chips=19900 is_sb=True msg='raise 101'
[21:59:32] RECV raw='fold' buffer='fold'
[21:59:32] DISPATCH line='fold'
[21:59:35] RECV raw='earnChips 100' buffer='earnChips 100'
[21:59:35] DISPATCH line='earnChips 100'
[21:59:35] RECV raw='preflop|BIGBLIND|<0,2><2,9>' buffer='preflop|BIGBLIND|<0,2><2,9>'
[21:59:35] DISPATCH line='preflop|BIGBLIND|<0,2><2,9>'
[21:59:35] RECV raw='raise 260' buffer='raise 260'
[21:59:35] DISPATCH line='raise 260'
[21:59:35] OFFICIAL_ACTION_DELAY wait=0.152s target=0.300s
[21:59:35] SEND name=Candidate hand=4 stage=preflop act_cnt=0 my_sb=100 opp_sb=260 my_chips=19900 opp_chips=19740 is_sb=False msg='call'
[21:59:35] RECV raw='flop|<2,7><3,9><3,7>' buffer='flop|<2,7><3,9><3,7>'
[21:59:35] DISPATCH line='flop|<2,7><3,9><3,7>'
[21:59:36] OFFICIAL_ACTION_DELAY wait=0.186s target=0.300s
[21:59:36] SEND name=Candidate hand=4 stage=flop act_cnt=0 my_sb=0 opp_sb=0 my_chips=19740 opp_chips=19740 is_sb=False msg='raise 351'
[21:59:36] RECV raw='fold' buffer='fold'
[21:59:36] DISPATCH line='fold'
[21:59:39] RECV raw='earnChips 260' buffer='earnChips 260'
[21:59:39] DISPATCH line='earnChips 260'
[21:59:39] RECV raw='preflop|SMALLBLIND|<2,5><2,6>' buffer='preflop|SMALLBLIND|<2,5><2,6>'
[21:59:39] DISPATCH line='preflop|SMALLBLIND|<2,5><2,6>'
[21:59:39] OFFICIAL_ACTION_DELAY wait=0.158s target=0.300s
[21:59:40] SEND name=Candidate hand=5 stage=preflop act_cnt=0 my_sb=50 opp_sb=100 my_chips=19950 opp_chips=19900 is_sb=True msg='call'
[21:59:40] RECV raw='flop|<3,8><0,12><1,11>' buffer='flop|<3,8><0,12><1,11>'
[21:59:40] DISPATCH line='flop|<3,8><0,12><1,11>'
[21:59:40] RECV raw='check' buffer='check'
[21:59:40] DISPATCH line='check'
[21:59:40] OFFICIAL_ACTION_DELAY wait=0.124s target=0.300s
[21:59:40] SEND name=Candidate hand=5 stage=flop act_cnt=0 my_sb=0 opp_sb=0 my_chips=19900 opp_chips=19900 is_sb=True msg='call'
[21:59:40] RECV raw='turn|<3,4>' buffer='turn|<3,4>'
[21:59:40] DISPATCH line='turn|<3,4>'
[21:59:41] RECV raw='check' buffer='check'
[21:59:41] DISPATCH line='check'
[21:59:41] OFFICIAL_ACTION_DELAY wait=0.119s target=0.300s
[21:59:41] SEND name=Candidate hand=5 stage=turn act_cnt=0 my_sb=0 opp_sb=0 my_chips=19900 opp_chips=19900 is_sb=True msg='raise 101'
[21:59:42] RECV raw='fold' buffer='fold'
[21:59:42] DISPATCH line='fold'
[21:59:45] RECV raw='earnChips 100' buffer='earnChips 100'
[21:59:45] DISPATCH line='earnChips 100'
[21:59:45] RECV raw='preflop|BIGBLIND|<2,1><1,0>' buffer='preflop|BIGBLIND|<2,1><1,0>'
[21:59:45] DISPATCH line='preflop|BIGBLIND|<2,1><1,0>'
[21:59:45] RECV raw='call' buffer='call'
[21:59:45] DISPATCH line='call'
[21:59:45] OFFICIAL_ACTION_DELAY wait=0.197s target=0.300s
[21:59:45] SEND name=Candidate hand=6 stage=preflop act_cnt=0 my_sb=100 opp_sb=100 my_chips=19900 opp_chips=19900 is_sb=False msg='check'
[21:59:45] RECV raw='flop|<2,8><3,5><0,7>' buffer='flop|<2,8><3,5><0,7>'
[21:59:45] DISPATCH line='flop|<2,8><3,5><0,7>'
[21:59:45] OFFICIAL_ACTION_DELAY wait=0.120s target=0.300s
[21:59:46] SEND name=Candidate hand=6 stage=flop act_cnt=0 my_sb=0 opp_sb=0 my_chips=19900 opp_chips=19900 is_sb=False msg='check'
[21:59:46] RECV raw='raise 101' buffer='raise 101'
[21:59:46] DISPATCH line='raise 101'
[21:59:46] OFFICIAL_ACTION_DELAY wait=0.046s target=0.300s
[21:59:46] SEND name=Candidate hand=6 stage=flop act_cnt=1 my_sb=0 opp_sb=101 my_chips=19900 opp_chips=19799 is_sb=False msg='fold'
[21:59:49] RECV raw='earnChips -100' buffer='earnChips -100'
[21:59:49] DISPATCH line='earnChips -100'
[21:59:49] RECV raw='preflop|SMALLBLIND|<0,9><3,4>' buffer='preflop|SMALLBLIND|<0,9><3,4>'
[21:59:49] DISPATCH line='preflop|SMALLBLIND|<0,9><3,4>'
[21:59:49] OFFICIAL_ACTION_DELAY wait=0.159s target=0.300s
[21:59:50] SEND name=Candidate hand=7 stage=preflop act_cnt=0 my_sb=50 opp_sb=100 my_chips=19950 opp_chips=19900 is_sb=True msg='call'
[21:59:50] RECV raw='flop|<0,10><3,10><3,2>' buffer='flop|<0,10><3,10><3,2>'
[21:59:50] DISPATCH line='flop|<0,10><3,10><3,2>'
[21:59:50] RECV raw='check' buffer='check'
[21:59:50] DISPATCH line='check'
[21:59:50] OFFICIAL_ACTION_DELAY wait=0.125s target=0.300s
[21:59:51] SEND name=Candidate hand=7 stage=flop act_cnt=0 my_sb=0 opp_sb=0 my_chips=19900 opp_chips=19900 is_sb=True msg='call'
[21:59:51] RECV raw='turn|<3,7>' buffer='turn|<3,7>'
[21:59:51] DISPATCH line='turn|<3,7>'
[21:59:51] RECV raw='check' buffer='check'
[21:59:51] DISPATCH line='check'
[21:59:51] OFFICIAL_ACTION_DELAY wait=0.148s target=0.300s
[21:59:51] SEND name=Candidate hand=7 stage=turn act_cnt=0 my_sb=0 opp_sb=0 my_chips=19900 opp_chips=19900 is_sb=True msg='call'
[21:59:51] RECV raw='river|<2,3>' buffer='river|<2,3>'
[21:59:51] DISPATCH line='river|<2,3>'
[21:59:51] RECV raw='check' buffer='check'
[21:59:51] DISPATCH line='check'
[21:59:52] OFFICIAL_ACTION_DELAY wait=0.179s target=0.300s
[21:59:52] SEND name=Candidate hand=7 stage=river act_cnt=0 my_sb=0 opp_sb=0 my_chips=19900 opp_chips=19900 is_sb=True msg='call'
[21:59:55] RECV raw='earnChips -100' buffer='earnChips -100'
[21:59:55] DISPATCH line='earnChips -100'
[21:59:55] RECV raw='oppo_hands|<1,0><2,11>' buffer='oppo_hands|<1,0><2,11>'
[21:59:55] DISPATCH line='oppo_hands|<1,0><2,11>'
[21:59:55] RECV raw='preflop|BIGBLIND|<0,1><1,12>' buffer='preflop|BIGBLIND|<0,1><1,12>'
[21:59:55] DISPATCH line='preflop|BIGBLIND|<0,1><1,12>'
[21:59:55] RECV raw='raise 287' buffer='raise 287'
[21:59:55] DISPATCH line='raise 287'
[21:59:56] OFFICIAL_ACTION_DELAY wait=0.151s target=0.300s
[21:59:56] SEND name=Candidate hand=8 stage=preflop act_cnt=0 my_sb=100 opp_sb=287 my_chips=19900 opp_chips=19713 is_sb=False msg='raise 688'
[21:59:56] RECV raw='flop|<0,4><3,12><2,1>' buffer='flop|<0,4><3,12><2,1>'
[21:59:56] DISPATCH line='flop|<0,4><3,12><2,1>'
[21:59:56] OFFICIAL_ACTION_DELAY wait=0.119s target=0.300s
[21:59:56] SEND name=Candidate hand=8 stage=flop act_cnt=0 my_sb=0 opp_sb=0 my_chips=19312 opp_chips=19713 is_sb=False msg='raise 1042'
[21:59:57] RECV raw='fold' buffer='fold'
[21:59:57] DISPATCH line='fold'
[22:00:00] RECV raw='earnChips 688' buffer='earnChips 688'
[22:00:00] DISPATCH line='earnChips 688'
[22:00:00] RECV raw='preflop|SMALLBLIND|<1,9><0,0>' buffer='preflop|SMALLBLIND|<1,9><0,0>'
[22:00:00] DISPATCH line='preflop|SMALLBLIND|<1,9><0,0>'
[22:00:00] OFFICIAL_ACTION_DELAY wait=0.168s target=0.300s
[22:00:00] SEND name=Candidate hand=9 stage=preflop act_cnt=0 my_sb=50 opp_sb=100 my_chips=19950 opp_chips=19900 is_sb=True msg='call'
[22:00:00] RECV raw='raise 320' buffer='raise 320'
[22:00:00] DISPATCH line='raise 320'
[22:00:01] OFFICIAL_ACTION_DELAY wait=0.195s target=0.300s
[22:00:01] SEND name=Candidate hand=9 stage=preflop act_cnt=1 my_sb=100 opp_sb=320 my_chips=19900 opp_chips=19680 is_sb=True msg='fold'
[22:00:04] RECV raw='earnChips -100' buffer='earnChips -100'
[22:00:04] DISPATCH line='earnChips -100'
[22:00:04] RECV raw='preflop|BIGBLIND|<3,12><1,4>' buffer='preflop|BIGBLIND|<3,12><1,4>'
[22:00:04] DISPATCH line='preflop|BIGBLIND|<3,12><1,4>'
[22:00:04] RECV raw='call' buffer='call'
[22:00:04] DISPATCH line='call'
[22:00:04] OFFICIAL_ACTION_DELAY wait=0.197s target=0.300s
[22:00:05] SEND name=Candidate hand=10 stage=preflop act_cnt=0 my_sb=100 opp_sb=100 my_chips=19900 opp_chips=19900 is_sb=False msg='raise 320'
[22:00:05] RECV raw='flop|<1,9><0,6><1,0>' buffer='flop|<1,9><0,6><1,0>'
[22:00:05] DISPATCH line='flop|<1,9><0,6><1,0>'
[22:00:05] OFFICIAL_ACTION_DELAY wait=0.124s target=0.300s
[22:00:05] SEND name=Candidate hand=10 stage=flop act_cnt=0 my_sb=0 opp_sb=0 my_chips=19680 opp_chips=19900 is_sb=False msg='check'
[22:00:05] RECV raw='turn|<2,10>' buffer='turn|<2,10>'
[22:00:05] DISPATCH line='turn|<2,10>'
[22:00:06] OFFICIAL_ACTION_DELAY wait=0.052s target=0.300s
[22:00:06] SEND name=Candidate hand=10 stage=turn act_cnt=0 my_sb=0 opp_sb=0 my_chips=19680 opp_chips=19900 is_sb=False msg='check'
[22:00:06] RECV raw='raise 174' buffer='raise 174'
[22:00:06] DISPATCH line='raise 174'
[22:00:06] SEND name=Candidate hand=10 stage=turn act_cnt=1 my_sb=0 opp_sb=174 my_chips=19680 opp_chips=19726 is_sb=False msg='fold'
[22:00:10] RECV raw='earnChips -320' buffer='earnChips -320'
[22:00:10] DISPATCH line='earnChips -320'
[22:00:10] RECV raw='preflop|SMALLBLIND|<0,11><0,6>' buffer='preflop|SMALLBLIND|<0,11><0,6>'
[22:00:10] DISPATCH line='preflop|SMALLBLIND|<0,11><0,6>'
[22:00:10] OFFICIAL_ACTION_DELAY wait=0.156s target=0.300s
[22:00:10] SEND name=Candidate hand=11 stage=preflop act_cnt=0 my_sb=50 opp_sb=100 my_chips=19950 opp_chips=19900 is_sb=True msg='raise 260'
[22:00:10] RECV raw='flop|<1,2><0,5><1,4>' buffer='flop|<1,2><0,5><1,4>'
[22:00:10] DISPATCH line='flop|<1,2><0,5><1,4>'
[22:00:11] RECV raw='check' buffer='check'
[22:00:11] DISPATCH line='check'
[22:00:11] OFFICIAL_ACTION_DELAY wait=0.122s target=0.300s
[22:00:11] SEND name=Candidate hand=11 stage=flop act_cnt=0 my_sb=0 opp_sb=0 my_chips=19740 opp_chips=19900 is_sb=True msg='raise 101'
[22:00:11] RECV raw='fold' buffer='fold'
[22:00:11] DISPATCH line='fold'
[22:00:14] RECV raw='earnChips 260' buffer='earnChips 260'
[22:00:14] DISPATCH line='earnChips 260'
[22:00:14] RECV raw='preflop|BIGBLIND|<1,3><2,2>' buffer='preflop|BIGBLIND|<1,3><2,2>'
[22:00:14] DISPATCH line='preflop|BIGBLIND|<1,3><2,2>'
[22:00:15] RECV raw='call' buffer='call'
[22:00:15] DISPATCH line='call'
[22:00:15] OFFICIAL_ACTION_DELAY wait=0.195s target=0.300s
[22:00:15] SEND name=Candidate hand=12 stage=preflop act_cnt=0 my_sb=100 opp_sb=100 my_chips=19900 opp_chips=19900 is_sb=False msg='check'
[22:00:15] RECV raw='flop|<2,11><2,10><3,4>' buffer='flop|<2,11><2,10><3,4>'
[22:00:15] DISPATCH line='flop|<2,11><2,10><3,4>'
[22:00:15] OFFICIAL_ACTION_DELAY wait=0.123s target=0.300s
[22:00:15] SEND name=Candidate hand=12 stage=flop act_cnt=0 my_sb=0 opp_sb=0 my_chips=19900 opp_chips=19900 is_sb=False msg='check'
[22:00:16] RECV raw='turn|<1,9>' buffer='turn|<1,9>'
[22:00:16] DISPATCH line='turn|<1,9>'
[22:00:16] OFFICIAL_ACTION_DELAY wait=0.055s target=0.300s
[22:00:16] SEND name=Candidate hand=12 stage=turn act_cnt=0 my_sb=0 opp_sb=0 my_chips=19900 opp_chips=19900 is_sb=False msg='check'
[22:00:16] RECV raw='raise 101' buffer='raise 101'
[22:00:16] DISPATCH line='raise 101'
[22:00:16] SEND name=Candidate hand=12 stage=turn act_cnt=1 my_sb=0 opp_sb=101 my_chips=19900 opp_chips=19799 is_sb=False msg='fold'
[22:00:20] RECV raw='earnChips -100' buffer='earnChips -100'
[22:00:20] DISPATCH line='earnChips -100'
[22:00:20] RECV raw='preflop|SMALLBLIND|<0,8><1,10>' buffer='preflop|SMALLBLIND|<0,8><1,10>'
[22:00:20] DISPATCH line='preflop|SMALLBLIND|<0,8><1,10>'
[22:00:20] OFFICIAL_ACTION_DELAY wait=0.156s target=0.300s
[22:00:20] SEND name=Candidate hand=13 stage=preflop act_cnt=0 my_sb=50 opp_sb=100 my_chips=19950 opp_chips=19900 is_sb=True msg='call'
[22:00:20] RECV raw='flop|<0,11><2,0><1,4>' buffer='flop|<0,11><2,0><1,4>'
[22:00:20] DISPATCH line='flop|<0,11><2,0><1,4>'
[22:00:21] RECV raw='check' buffer='check'
[22:00:21] DISPATCH line='check'
[22:00:21] OFFICIAL_ACTION_DELAY wait=0.121s target=0.300s
[22:00:21] SEND name=Candidate hand=13 stage=flop act_cnt=0 my_sb=0 opp_sb=0 my_chips=19900 opp_chips=19900 is_sb=True msg='raise 101'
[22:00:21] RECV raw='fold' buffer='fold'
[22:00:21] DISPATCH line='fold'
[22:00:24] RECV raw='earnChips 100' buffer='earnChips 100'
[22:00:24] DISPATCH line='earnChips 100'
[22:00:24] RECV raw='preflop|BIGBLIND|<2,3><2,1>' buffer='preflop|BIGBLIND|<2,3><2,1>'
[22:00:24] DISPATCH line='preflop|BIGBLIND|<2,3><2,1>'
[22:00:25] RECV raw='call' buffer='call'
[22:00:25] DISPATCH line='call'
[22:00:25] OFFICIAL_ACTION_DELAY wait=0.225s target=0.300s
[22:00:25] SEND name=Candidate hand=14 stage=preflop act_cnt=0 my_sb=100 opp_sb=100 my_chips=19900 opp_chips=19900 is_sb=False msg='check'
[22:00:25] RECV raw='flop|<2,0><0,9><1,3>' buffer='flop|<2,0><0,9><1,3>'
[22:00:25] DISPATCH line='flop|<2,0><0,9><1,3>'
[22:00:25] OFFICIAL_ACTION_DELAY wait=0.192s target=0.300s
[22:00:25] SEND name=Candidate hand=14 stage=flop act_cnt=0 my_sb=0 opp_sb=0 my_chips=19900 opp_chips=19900 is_sb=False msg='raise 141'
[22:00:26] RECV raw='fold' buffer='fold'
[22:00:26] DISPATCH line='fold'
[22:00:29] RECV raw='earnChips 100' buffer='earnChips 100'
[22:00:29] DISPATCH line='earnChips 100'
[22:00:29] RECV raw='preflop|SMALLBLIND|<3,6><1,10>' buffer='preflop|SMALLBLIND|<3,6><1,10>'
[22:00:29] DISPATCH line='preflop|SMALLBLIND|<3,6><1,10>'
[22:00:29] OFFICIAL_ACTION_DELAY wait=0.170s target=0.300s
[22:00:29] SEND name=Candidate hand=15 stage=preflop act_cnt=0 my_sb=50 opp_sb=100 my_chips=19950 opp_chips=19900 is_sb=True msg='call'
[22:00:29] RECV raw='raise 320' buffer='raise 320'
[22:00:29] DISPATCH line='raise 320'
[22:00:30] OFFICIAL_ACTION_DELAY wait=0.205s target=0.300s
[22:00:30] SEND name=Candidate hand=15 stage=preflop act_cnt=1 my_sb=100 opp_sb=320 my_chips=19900 opp_chips=19680 is_sb=True msg='call'
[22:00:30] RECV raw='flop|<3,10><1,5><2,7>' buffer='flop|<3,10><1,5><2,7>'
[22:00:30] DISPATCH line='flop|<3,10><1,5><2,7>'
[22:00:30] RECV raw='check' buffer='check'
[22:00:30] DISPATCH line='check'
[22:00:30] OFFICIAL_ACTION_DELAY wait=0.180s target=0.300s
[22:00:30] SEND name=Candidate hand=15 stage=flop act_cnt=0 my_sb=0 opp_sb=0 my_chips=19680 opp_chips=19680 is_sb=True msg='raise 192'
[22:00:31] RECV raw='fold' buffer='fold'
[22:00:31] DISPATCH line='fold'
[22:00:34] RECV raw='earnChips 320' buffer='earnChips 320'
[22:00:34] DISPATCH line='earnChips 320'
[22:00:34] RECV raw='preflop|BIGBLIND|<0,2><3,12>' buffer='preflop|BIGBLIND|<0,2><3,12>'
[22:00:34] DISPATCH line='preflop|BIGBLIND|<0,2><3,12>'
[22:00:34] RECV raw='call' buffer='call'
[22:00:34] DISPATCH line='call'
[22:00:34] OFFICIAL_ACTION_DELAY wait=0.235s target=0.300s
[22:00:34] SEND name=Candidate hand=16 stage=preflop act_cnt=0 my_sb=100 opp_sb=100 my_chips=19900 opp_chips=19900 is_sb=False msg='check'
[22:00:34] RECV raw='flop|<2,9><0,6><1,1>' buffer='flop|<2,9><0,6><1,1>'
[22:00:34] DISPATCH line='flop|<2,9><0,6><1,1>'
[22:00:35] OFFICIAL_ACTION_DELAY wait=0.124s target=0.300s
[22:00:35] SEND name=Candidate hand=16 stage=flop act_cnt=0 my_sb=0 opp_sb=0 my_chips=19900 opp_chips=19900 is_sb=False msg='check'
[22:00:35] RECV raw='turn|<3,7>' buffer='turn|<3,7>'
[22:00:35] DISPATCH line='turn|<3,7>'
[22:00:35] OFFICIAL_ACTION_DELAY wait=0.074s target=0.300s
[22:00:35] SEND name=Candidate hand=16 stage=turn act_cnt=0 my_sb=0 opp_sb=0 my_chips=19900 opp_chips=19900 is_sb=False msg='check'
[22:00:36] RECV raw='raise 273' buffer='raise 273'
[22:00:36] DISPATCH line='raise 273'
[22:00:36] OFFICIAL_ACTION_DELAY wait=0.089s target=0.300s
[22:00:36] SEND name=Candidate hand=16 stage=turn act_cnt=1 my_sb=0 opp_sb=273 my_chips=19900 opp_chips=19627 is_sb=False msg='fold'
[22:00:39] RECV raw='earnChips -100' buffer='earnChips -100'
[22:00:39] DISPATCH line='earnChips -100'
[22:00:39] RECV raw='preflop|SMALLBLIND|<1,11><1,8>' buffer='preflop|SMALLBLIND|<1,11><1,8>'
[22:00:39] DISPATCH line='preflop|SMALLBLIND|<1,11><1,8>'
[22:00:39] OFFICIAL_ACTION_DELAY wait=0.156s target=0.300s
[22:00:39] SEND name=Candidate hand=17 stage=preflop act_cnt=0 my_sb=50 opp_sb=100 my_chips=19950 opp_chips=19900 is_sb=True msg='raise 278'
[22:00:40] RECV raw='flop|<3,12><2,4><0,11>' buffer='flop|<3,12><2,4><0,11>'
[22:00:40] DISPATCH line='flop|<3,12><2,4><0,11>'
[22:00:40] RECV raw='raise 381' buffer='raise 381'
[22:00:40] DISPATCH line='raise 381'
[22:00:40] OFFICIAL_ACTION_DELAY wait=0.042s target=0.300s
[22:00:40] SEND name=Candidate hand=17 stage=flop act_cnt=0 my_sb=0 opp_sb=381 my_chips=19722 opp_chips=19519 is_sb=True msg='fold'
[22:00:43] RECV raw='earnChips -278' buffer='earnChips -278'
[22:00:43] DISPATCH line='earnChips -278'
[22:00:44] RECV raw='preflop|BIGBLIND|<2,1><3,10>' buffer='preflop|BIGBLIND|<2,1><3,10>'
[22:00:44] DISPATCH line='preflop|BIGBLIND|<2,1><3,10>'
[22:00:44] RECV raw='raise 285' buffer='raise 285'
[22:00:44] DISPATCH line='raise 285'
[22:00:44] OFFICIAL_ACTION_DELAY wait=0.153s target=0.300s
[22:00:44] SEND name=Candidate hand=18 stage=preflop act_cnt=0 my_sb=100 opp_sb=285 my_chips=19900 opp_chips=19715 is_sb=False msg='call'
[22:00:44] RECV raw='flop|<2,8><1,4><2,12>' buffer='flop|<2,8><1,4><2,12>'
[22:00:44] DISPATCH line='flop|<2,8><1,4><2,12>'
[22:00:44] OFFICIAL_ACTION_DELAY wait=0.121s target=0.300s
[22:00:44] SEND name=Candidate hand=18 stage=flop act_cnt=0 my_sb=0 opp_sb=0 my_chips=19715 opp_chips=19715 is_sb=False msg='check'
[22:00:45] RECV raw='raise 115' buffer='raise 115'
[22:00:45] DISPATCH line='raise 115'
[22:00:45] OFFICIAL_ACTION_DELAY wait=0.131s target=0.300s
[22:00:45] SEND name=Candidate hand=18 stage=flop act_cnt=1 my_sb=0 opp_sb=115 my_chips=19715 opp_chips=19600 is_sb=False msg='fold'
[22:00:48] RECV raw='earnChips -285' buffer='earnChips -285'
[22:00:48] DISPATCH line='earnChips -285'
[22:00:48] RECV raw='preflop|SMALLBLIND|<0,9><1,1>' buffer='preflop|SMALLBLIND|<0,9><1,1>'
[22:00:48] DISPATCH line='preflop|SMALLBLIND|<0,9><1,1>'
[22:00:48] OFFICIAL_ACTION_DELAY wait=0.154s target=0.300s
[22:00:49] SEND name=Candidate hand=19 stage=preflop act_cnt=0 my_sb=50 opp_sb=100 my_chips=19950 opp_chips=19900 is_sb=True msg='call'
[22:00:49] RECV raw='raise 320' buffer='raise 320'
[22:00:49] DISPATCH line='raise 320'
[22:00:49] OFFICIAL_ACTION_DELAY wait=0.153s target=0.300s
[22:00:49] SEND name=Candidate hand=19 stage=preflop act_cnt=1 my_sb=100 opp_sb=320 my_chips=19900 opp_chips=19680 is_sb=True msg='fold'
[22:00:52] RECV raw='earnChips -100' buffer='earnChips -100'
[22:00:52] DISPATCH line='earnChips -100'
[22:00:52] RECV raw='preflop|BIGBLIND|<2,12><3,0>' buffer='preflop|BIGBLIND|<2,12><3,0>'
[22:00:52] DISPATCH line='preflop|BIGBLIND|<2,12><3,0>'
[22:00:53] RECV raw='raise 291' buffer='raise 291'
[22:00:53] DISPATCH line='raise 291'
[22:00:53] OFFICIAL_ACTION_DELAY wait=0.153s target=0.300s
[22:00:53] SEND name=Candidate hand=20 stage=preflop act_cnt=0 my_sb=100 opp_sb=291 my_chips=19900 opp_chips=19709 is_sb=False msg='raise 698'
[22:00:53] RECV raw='flop|<2,4><1,6><1,0>' buffer='flop|<2,4><1,6><1,0>'
[22:00:53] DISPATCH line='flop|<2,4><1,6><1,0>'
[22:00:53] OFFICIAL_ACTION_DELAY wait=0.188s target=0.300s
[22:00:54] SEND name=Candidate hand=20 stage=flop act_cnt=0 my_sb=0 opp_sb=0 my_chips=19302 opp_chips=19709 is_sb=False msg='raise 642'
[22:00:54] RECV raw='fold' buffer='fold'
[22:00:54] DISPATCH line='fold'
[22:00:57] RECV raw='earnChips 698' buffer='earnChips 698'
[22:00:57] DISPATCH line='earnChips 698'
[22:00:57] RECV raw='preflop|SMALLBLIND|<3,8><1,1>' buffer='preflop|SMALLBLIND|<3,8><1,1>'
[22:00:57] DISPATCH line='preflop|SMALLBLIND|<3,8><1,1>'
[22:00:57] OFFICIAL_ACTION_DELAY wait=0.207s target=0.300s
[22:00:57] SEND name=Candidate hand=21 stage=preflop act_cnt=0 my_sb=50 opp_sb=100 my_chips=19950 opp_chips=19900 is_sb=True msg='call'
[22:00:58] RECV raw='raise 320' buffer='raise 320'
[22:00:58] DISPATCH line='raise 320'
[22:00:58] OFFICIAL_ACTION_DELAY wait=0.199s target=0.300s
[22:00:58] SEND name=Candidate hand=21 stage=preflop act_cnt=1 my_sb=100 opp_sb=320 my_chips=19900 opp_chips=19680 is_sb=True msg='fold'
[22:01:01] RECV raw='earnChips -100' buffer='earnChips -100'
[22:01:01] DISPATCH line='earnChips -100'
[22:01:01] RECV raw='preflop|BIGBLIND|<2,11><3,0>' buffer='preflop|BIGBLIND|<2,11><3,0>'
[22:01:01] DISPATCH line='preflop|BIGBLIND|<2,11><3,0>'
[22:01:02] RECV raw='raise 296' buffer='raise 296'
[22:01:02] DISPATCH line='raise 296'
[22:01:02] OFFICIAL_ACTION_DELAY wait=0.152s target=0.300s
[22:01:02] SEND name=Candidate hand=22 stage=preflop act_cnt=0 my_sb=100 opp_sb=296 my_chips=19900 opp_chips=19704 is_sb=False msg='call'
[22:01:02] RECV raw='flop|<3,3><2,0><0,11>' buffer='flop|<3,3><2,0><0,11>'
[22:01:02] DISPATCH line='flop|<3,3><2,0><0,11>'
[22:01:02] OFFICIAL_ACTION_DELAY wait=0.129s target=0.300s
[22:01:02] SEND name=Candidate hand=22 stage=flop act_cnt=0 my_sb=0 opp_sb=0 my_chips=19704 opp_chips=19704 is_sb=False msg='raise 625'
[22:01:03] RECV raw='fold' buffer='fold'
[22:01:03] DISPATCH line='fold'
[22:01:06] RECV raw='earnChips 296' buffer='earnChips 296'
[22:01:06] DISPATCH line='earnChips 296'
[22:01:06] RECV raw='preflop|SMALLBLIND|<2,6><1,2>' buffer='preflop|SMALLBLIND|<2,6><1,2>'
[22:01:06] DISPATCH line='preflop|SMALLBLIND|<2,6><1,2>'
[22:01:06] OFFICIAL_ACTION_DELAY wait=0.156s target=0.300s
[22:01:06] SEND name=Candidate hand=23 stage=preflop act_cnt=0 my_sb=50 opp_sb=100 my_chips=19950 opp_chips=19900 is_sb=True msg='call'
[22:01:06] RECV raw='raise 320' buffer='raise 320'
[22:01:06] DISPATCH line='raise 320'
[22:01:06] OFFICIAL_ACTION_DELAY wait=0.150s target=0.300s
[22:01:07] SEND name=Candidate hand=23 stage=preflop act_cnt=1 my_sb=100 opp_sb=320 my_chips=19900 opp_chips=19680 is_sb=True msg='fold'
[22:01:10] RECV raw='earnChips -100' buffer='earnChips -100'
[22:01:10] DISPATCH line='earnChips -100'
[22:01:10] RECV raw='preflop|BIGBLIND|<1,9><3,7>' buffer='preflop|BIGBLIND|<1,9><3,7>'
[22:01:10] DISPATCH line='preflop|BIGBLIND|<1,9><3,7>'
[22:01:10] RECV raw='raise 299' buffer='raise 299'
[22:01:10] DISPATCH line='raise 299'
[22:01:10] OFFICIAL_ACTION_DELAY wait=0.155s target=0.300s
[22:01:10] SEND name=Candidate hand=24 stage=preflop act_cnt=0 my_sb=100 opp_sb=299 my_chips=19900 opp_chips=19701 is_sb=False msg='raise 717'
[22:01:11] RECV raw='flop|<0,8><0,11><3,10>' buffer='flop|<0,8><0,11><3,10>'
[22:01:11] DISPATCH line='flop|<0,8><0,11><3,10>'
[22:01:11] OFFICIAL_ACTION_DELAY wait=0.187s target=0.300s
[22:01:11] SEND name=Candidate hand=24 stage=flop act_cnt=0 my_sb=0 opp_sb=0 my_chips=19283 opp_chips=19701 is_sb=False msg='raise 1157'
[22:01:11] RECV raw='fold' buffer='fold'
[22:01:11] DISPATCH line='fold'
[22:01:14] RECV raw='earnChips 717' buffer='earnChips 717'
[22:01:14] DISPATCH line='earnChips 717'
[22:01:15] RECV raw='preflop|SMALLBLIND|<2,5><1,3>' buffer='preflop|SMALLBLIND|<2,5><1,3>'
[22:01:15] DISPATCH line='preflop|SMALLBLIND|<2,5><1,3>'
[22:01:15] OFFICIAL_ACTION_DELAY wait=0.156s target=0.300s
[22:01:15] SEND name=Candidate hand=25 stage=preflop act_cnt=0 my_sb=50 opp_sb=100 my_chips=19950 opp_chips=19900 is_sb=True msg='fold'
[22:01:18] RECV raw='earnChips -50' buffer='earnChips -50'
[22:01:18] DISPATCH line='earnChips -50'
[22:01:18] RECV raw='preflop|BIGBLIND|<1,7><3,9>' buffer='preflop|BIGBLIND|<1,7><3,9>'
[22:01:18] DISPATCH line='preflop|BIGBLIND|<1,7><3,9>'
[22:01:18] RECV raw='call' buffer='call'
[22:01:18] DISPATCH line='call'
[22:01:18] OFFICIAL_ACTION_DELAY wait=0.196s target=0.300s
[22:01:19] SEND name=Candidate hand=26 stage=preflop act_cnt=0 my_sb=100 opp_sb=100 my_chips=19900 opp_chips=19900 is_sb=False msg='check'
[22:01:19] RECV raw='flop|<3,2><1,5><0,8>' buffer='flop|<3,2><1,5><0,8>'
[22:01:19] DISPATCH line='flop|<3,2><1,5><0,8>'
[22:01:19] OFFICIAL_ACTION_DELAY wait=0.156s target=0.300s
[22:01:19] SEND name=Candidate hand=26 stage=flop act_cnt=0 my_sb=0 opp_sb=0 my_chips=19900 opp_chips=19900 is_sb=False msg='check'
[22:01:19] RECV raw='raise 118' buffer='raise 118'
[22:01:19] DISPATCH line='raise 118'
[22:01:19] OFFICIAL_ACTION_DELAY wait=0.113s target=0.300s
[22:01:20] SEND name=Candidate hand=26 stage=flop act_cnt=1 my_sb=0 opp_sb=118 my_chips=19900 opp_chips=19782 is_sb=False msg='fold'
[22:01:23] RECV raw='earnChips -100' buffer='earnChips -100'
[22:01:23] DISPATCH line='earnChips -100'
[22:01:23] RECV raw='preflop|SMALLBLIND|<2,3><1,5>' buffer='preflop|SMALLBLIND|<2,3><1,5>'
[22:01:23] DISPATCH line='preflop|SMALLBLIND|<2,3><1,5>'
[22:01:23] OFFICIAL_ACTION_DELAY wait=0.206s target=0.300s
[22:01:23] SEND name=Candidate hand=27 stage=preflop act_cnt=0 my_sb=50 opp_sb=100 my_chips=19950 opp_chips=19900 is_sb=True msg='fold'
[22:01:26] RECV raw='earnChips -50' buffer='earnChips -50'
[22:01:26] DISPATCH line='earnChips -50'
[22:01:26] RECV raw='preflop|BIGBLIND|<2,5><2,12>' buffer='preflop|BIGBLIND|<2,5><2,12>'
[22:01:26] DISPATCH line='preflop|BIGBLIND|<2,5><2,12>'
[22:01:27] RECV raw='call' buffer='call'
[22:01:27] DISPATCH line='call'
[22:01:27] OFFICIAL_ACTION_DELAY wait=0.232s target=0.300s
[22:01:27] SEND name=Candidate hand=28 stage=preflop act_cnt=0 my_sb=100 opp_sb=100 my_chips=19900 opp_chips=19900 is_sb=False msg='raise 320'
[22:01:27] RECV raw='flop|<1,9><0,6><3,9>' buffer='flop|<1,9><0,6><3,9>'
[22:01:27] DISPATCH line='flop|<1,9><0,6><3,9>'
[22:01:27] OFFICIAL_ACTION_DELAY wait=0.164s target=0.300s
[22:01:27] SEND name=Candidate hand=28 stage=flop act_cnt=0 my_sb=0 opp_sb=0 my_chips=19680 opp_chips=19900 is_sb=False msg='check'
[22:01:28] RECV raw='raise 350' buffer='raise 350'
[22:01:28] DISPATCH line='raise 350'
[22:01:28] OFFICIAL_ACTION_DELAY wait=0.107s target=0.300s
[22:01:28] SEND name=Candidate hand=28 stage=flop act_cnt=1 my_sb=0 opp_sb=350 my_chips=19680 opp_chips=19550 is_sb=False msg='fold'
[22:01:31] RECV raw='earnChips -320' buffer='earnChips -320'
[22:01:31] DISPATCH line='earnChips -320'
[22:01:31] RECV raw='preflop|SMALLBLIND|<3,1><1,0>' buffer='preflop|SMALLBLIND|<3,1><1,0>'
[22:01:31] DISPATCH line='preflop|SMALLBLIND|<3,1><1,0>'
[22:01:31] OFFICIAL_ACTION_DELAY wait=0.168s target=0.300s
[22:01:32] SEND name=Candidate hand=29 stage=preflop act_cnt=0 my_sb=50 opp_sb=100 my_chips=19950 opp_chips=19900 is_sb=True msg='fold'
[22:01:35] RECV raw='earnChips -50' buffer='earnChips -50'
[22:01:35] DISPATCH line='earnChips -50'
[22:01:35] RECV raw='preflop|BIGBLIND|<1,3><2,12>' buffer='preflop|BIGBLIND|<1,3><2,12>'
[22:01:35] DISPATCH line='preflop|BIGBLIND|<1,3><2,12>'
[22:01:35] RECV raw='raise 308' buffer='raise 308'
[22:01:35] DISPATCH line='raise 308'
[22:01:35] OFFICIAL_ACTION_DELAY wait=0.154s target=0.300s
[22:01:35] SEND name=Candidate hand=30 stage=preflop act_cnt=0 my_sb=100 opp_sb=308 my_chips=19900 opp_chips=19692 is_sb=False msg='raise 739'
[22:01:36] RECV raw='flop|<2,1><0,4><3,10>' buffer='flop|<2,1><0,4><3,10>'
[22:01:36] DISPATCH line='flop|<2,1><0,4><3,10>'
[22:01:36] OFFICIAL_ACTION_DELAY wait=0.118s target=0.300s
[22:01:36] SEND name=Candidate hand=30 stage=flop act_cnt=0 my_sb=0 opp_sb=0 my_chips=19261 opp_chips=19692 is_sb=False msg='check'
[22:01:36] RECV raw='turn|<0,7>' buffer='turn|<0,7>'
[22:01:36] DISPATCH line='turn|<0,7>'
[22:01:37] OFFICIAL_ACTION_DELAY wait=0.050s target=0.300s
[22:01:37] SEND name=Candidate hand=30 stage=turn act_cnt=0 my_sb=0 opp_sb=0 my_chips=19261 opp_chips=19692 is_sb=False msg='check'
[22:01:37] RECV raw='raise 392' buffer='raise 392'
[22:01:37] DISPATCH line='raise 392'
[22:01:37] OFFICIAL_ACTION_DELAY wait=0.003s target=0.300s
[22:01:37] SEND name=Candidate hand=30 stage=turn act_cnt=1 my_sb=0 opp_sb=392 my_chips=19261 opp_chips=19300 is_sb=False msg='fold'
[22:01:40] RECV raw='earnChips -739' buffer='earnChips -739'
[22:01:40] DISPATCH line='earnChips -739'
[22:01:40] RECV raw='preflop|SMALLBLIND|<2,12><1,1>' buffer='preflop|SMALLBLIND|<2,12><1,1>'
[22:01:40] DISPATCH line='preflop|SMALLBLIND|<2,12><1,1>'
[22:01:41] OFFICIAL_ACTION_DELAY wait=0.153s target=0.300s
[22:01:41] SEND name=Candidate hand=31 stage=preflop act_cnt=0 my_sb=50 opp_sb=100 my_chips=19950 opp_chips=19900 is_sb=True msg='call'
[22:01:41] RECV raw='raise 355' buffer='raise 355'
[22:01:41] DISPATCH line='raise 355'
[22:01:41] OFFICIAL_ACTION_DELAY wait=0.151s target=0.300s
[22:01:41] SEND name=Candidate hand=31 stage=preflop act_cnt=1 my_sb=100 opp_sb=355 my_chips=19900 opp_chips=19645 is_sb=True msg='call'
[22:01:41] RECV raw='flop|<2,6><1,0><1,11>' buffer='flop|<2,6><1,0><1,11>'
[22:01:41] DISPATCH line='flop|<2,6><1,0><1,11>'
[22:01:42] RECV raw='raise 359' buffer='raise 359'
[22:01:42] DISPATCH line='raise 359'
[22:01:42] OFFICIAL_ACTION_DELAY wait=0.149s target=0.300s
[22:01:42] SEND name=Candidate hand=31 stage=flop act_cnt=0 my_sb=0 opp_sb=359 my_chips=19645 opp_chips=19286 is_sb=True msg='fold'
[22:01:45] RECV raw='earnChips -355' buffer='earnChips -355'
[22:01:45] DISPATCH line='earnChips -355'
[22:01:45] RECV raw='preflop|BIGBLIND|<3,3><3,2>' buffer='preflop|BIGBLIND|<3,3><3,2>'
[22:01:45] DISPATCH line='preflop|BIGBLIND|<3,3><3,2>'
[22:01:45] RECV raw='call' buffer='call'
[22:01:45] DISPATCH line='call'
[22:01:46] OFFICIAL_ACTION_DELAY wait=0.194s target=0.300s
[22:01:46] SEND name=Candidate hand=32 stage=preflop act_cnt=0 my_sb=100 opp_sb=100 my_chips=19900 opp_chips=19900 is_sb=False msg='check'
[22:01:46] RECV raw='flop|<2,9><1,9><3,8>' buffer='flop|<2,9><1,9><3,8>'
[22:01:46] DISPATCH line='flop|<2,9><1,9><3,8>'
[22:01:46] OFFICIAL_ACTION_DELAY wait=0.128s target=0.300s
[22:01:46] SEND name=Candidate hand=32 stage=flop act_cnt=0 my_sb=0 opp_sb=0 my_chips=19900 opp_chips=19900 is_sb=False msg='check'
[22:01:46] RECV raw='turn|<2,5>' buffer='turn|<2,5>'
[22:01:46] DISPATCH line='turn|<2,5>'
[22:01:47] OFFICIAL_ACTION_DELAY wait=0.061s target=0.300s
[22:01:47] SEND name=Candidate hand=32 stage=turn act_cnt=0 my_sb=0 opp_sb=0 my_chips=19900 opp_chips=19900 is_sb=False msg='check'
[22:01:47] RECV raw='raise 101' buffer='raise 101'
[22:01:47] DISPATCH line='raise 101'
[22:01:47] SEND name=Candidate hand=32 stage=turn act_cnt=1 my_sb=0 opp_sb=101 my_chips=19900 opp_chips=19799 is_sb=False msg='fold'
[22:01:50] RECV raw='earnChips -100' buffer='earnChips -100'
[22:01:50] DISPATCH line='earnChips -100'
[22:01:51] RECV raw='preflop|SMALLBLIND|<2,10><2,6>' buffer='preflop|SMALLBLIND|<2,10><2,6>'
[22:01:51] DISPATCH line='preflop|SMALLBLIND|<2,10><2,6>'
[22:01:51] OFFICIAL_ACTION_DELAY wait=0.204s target=0.300s
[22:01:51] SEND name=Candidate hand=33 stage=preflop act_cnt=0 my_sb=50 opp_sb=100 my_chips=19950 opp_chips=19900 is_sb=True msg='call'
[22:01:51] RECV raw='raise 320' buffer='raise 320'
[22:01:51] DISPATCH line='raise 320'
[22:01:51] OFFICIAL_ACTION_DELAY wait=0.151s target=0.300s
[22:01:51] SEND name=Candidate hand=33 stage=preflop act_cnt=1 my_sb=100 opp_sb=320 my_chips=19900 opp_chips=19680 is_sb=True msg='call'
[22:01:51] RECV raw='flop|<3,4><2,3><1,4>' buffer='flop|<3,4><2,3><1,4>'
[22:01:51] DISPATCH line='flop|<3,4><2,3><1,4>'
[22:01:52] RECV raw='check' buffer='check'
[22:01:52] DISPATCH line='check'
[22:01:52] OFFICIAL_ACTION_DELAY wait=0.118s target=0.300s
[22:01:52] SEND name=Candidate hand=33 stage=flop act_cnt=0 my_sb=0 opp_sb=0 my_chips=19680 opp_chips=19680 is_sb=True msg='call'
[22:01:52] RECV raw='turn|<2,11>' buffer='turn|<2,11>'
[22:01:52] DISPATCH line='turn|<2,11>'
[22:01:52] RECV raw='check' buffer='check'
[22:01:52] DISPATCH line='check'
[22:01:52] OFFICIAL_ACTION_DELAY wait=0.133s target=0.300s
[22:01:53] SEND name=Candidate hand=33 stage=turn act_cnt=0 my_sb=0 opp_sb=0 my_chips=19680 opp_chips=19680 is_sb=True msg='raise 164'
[22:01:53] RECV raw='fold' buffer='fold'
[22:01:53] DISPATCH line='fold'
[22:01:56] RECV raw='earnChips 320' buffer='earnChips 320'
[22:01:56] DISPATCH line='earnChips 320'
[22:01:56] RECV raw='preflop|BIGBLIND|<3,8><0,11>' buffer='preflop|BIGBLIND|<3,8><0,11>'
[22:01:56] DISPATCH line='preflop|BIGBLIND|<3,8><0,11>'
[22:01:56] RECV raw='call' buffer='call'
[22:01:56] DISPATCH line='call'
[22:01:57] OFFICIAL_ACTION_DELAY wait=0.233s target=0.300s
[22:01:57] SEND name=Candidate hand=34 stage=preflop act_cnt=0 my_sb=100 opp_sb=100 my_chips=19900 opp_chips=19900 is_sb=False msg='raise 320'
[22:01:57] RECV raw='flop|<0,1><2,9><0,4>' buffer='flop|<0,1><2,9><0,4>'
[22:01:57] DISPATCH line='flop|<0,1><2,9><0,4>'
[22:01:57] OFFICIAL_ACTION_DELAY wait=0.125s target=0.300s
[22:01:57] SEND name=Candidate hand=34 stage=flop act_cnt=0 my_sb=0 opp_sb=0 my_chips=19680 opp_chips=19900 is_sb=False msg='check'
[22:01:58] RECV raw='raise 192' buffer='raise 192'
[22:01:58] DISPATCH line='raise 192'
[22:01:58] OFFICIAL_ACTION_DELAY wait=0.077s target=0.300s
[22:01:58] SEND name=Candidate hand=34 stage=flop act_cnt=1 my_sb=0 opp_sb=192 my_chips=19680 opp_chips=19708 is_sb=False msg='fold'
[22:02:01] RECV raw='earnChips -320' buffer='earnChips -320'
[22:02:01] DISPATCH line='earnChips -320'
[22:02:01] RECV raw='preflop|SMALLBLIND|<0,11><2,8>' buffer='preflop|SMALLBLIND|<0,11><2,8>'
[22:02:01] DISPATCH line='preflop|SMALLBLIND|<0,11><2,8>'
[22:02:01] OFFICIAL_ACTION_DELAY wait=0.154s target=0.300s
[22:02:01] SEND name=Candidate hand=35 stage=preflop act_cnt=0 my_sb=50 opp_sb=100 my_chips=19950 opp_chips=19900 is_sb=True msg='call'
[22:02:02] RECV raw='flop|<3,0><3,4><3,6>' buffer='flop|<3,0><3,4><3,6>'
[22:02:02] DISPATCH line='flop|<3,0><3,4><3,6>'
[22:02:02] RECV raw='check' buffer='check'
[22:02:02] DISPATCH line='check'
[22:02:02] OFFICIAL_ACTION_DELAY wait=0.121s target=0.300s
[22:02:02] SEND name=Candidate hand=35 stage=flop act_cnt=0 my_sb=0 opp_sb=0 my_chips=19900 opp_chips=19900 is_sb=True msg='call'
[22:02:02] RECV raw='turn|<2,6>' buffer='turn|<2,6>'
[22:02:02] DISPATCH line='turn|<2,6>'
[22:02:03] RECV raw='raise 101' buffer='raise 101'
[22:02:03] DISPATCH line='raise 101'
[22:02:03] SEND name=Candidate hand=35 stage=turn act_cnt=0 my_sb=0 opp_sb=101 my_chips=19900 opp_chips=19799 is_sb=True msg='fold'
[22:02:06] RECV raw='earnChips -100' buffer='earnChips -100'
[22:02:06] DISPATCH line='earnChips -100'
[22:02:06] RECV raw='preflop|BIGBLIND|<1,7><0,10>' buffer='preflop|BIGBLIND|<1,7><0,10>'
[22:02:06] DISPATCH line='preflop|BIGBLIND|<1,7><0,10>'
[22:02:07] RECV raw='call' buffer='call'
[22:02:07] DISPATCH line='call'
[22:02:07] OFFICIAL_ACTION_DELAY wait=0.196s target=0.300s
[22:02:07] SEND name=Candidate hand=36 stage=preflop act_cnt=0 my_sb=100 opp_sb=100 my_chips=19900 opp_chips=19900 is_sb=False msg='raise 320'
[22:02:07] RECV raw='fold' buffer='fold'
[22:02:07] DISPATCH line='fold'
[22:02:10] RECV raw='earnChips 100' buffer='earnChips 100'
[22:02:10] DISPATCH line='earnChips 100'
[22:02:10] RECV raw='preflop|SMALLBLIND|<3,10><2,8>' buffer='preflop|SMALLBLIND|<3,10><2,8>'
[22:02:10] DISPATCH line='preflop|SMALLBLIND|<3,10><2,8>'
[22:02:11] OFFICIAL_ACTION_DELAY wait=0.152s target=0.300s
[22:02:11] SEND name=Candidate hand=37 stage=preflop act_cnt=0 my_sb=50 opp_sb=100 my_chips=19950 opp_chips=19900 is_sb=True msg='call'
[22:02:11] RECV raw='raise 320' buffer='raise 320'
[22:02:11] DISPATCH line='raise 320'
[22:02:11] OFFICIAL_ACTION_DELAY wait=0.153s target=0.300s
[22:02:11] SEND name=Candidate hand=37 stage=preflop act_cnt=1 my_sb=100 opp_sb=320 my_chips=19900 opp_chips=19680 is_sb=True msg='call'
[22:02:11] RECV raw='flop|<0,4><2,3><3,6>' buffer='flop|<0,4><2,3><3,6>'
[22:02:11] DISPATCH line='flop|<0,4><2,3><3,6>'
[22:02:12] RECV raw='check' buffer='check'
[22:02:12] DISPATCH line='check'
[22:02:12] OFFICIAL_ACTION_DELAY wait=0.120s target=0.300s
[22:02:12] SEND name=Candidate hand=37 stage=flop act_cnt=0 my_sb=0 opp_sb=0 my_chips=19680 opp_chips=19680 is_sb=True msg='call'
[22:02:12] RECV raw='turn|<0,2>' buffer='turn|<0,2>'
[22:02:12] DISPATCH line='turn|<0,2>'
[22:02:12] RECV raw='check' buffer='check'
[22:02:12] DISPATCH line='check'
[22:02:12] OFFICIAL_ACTION_DELAY wait=0.057s target=0.300s
[22:02:12] SEND name=Candidate hand=37 stage=turn act_cnt=0 my_sb=0 opp_sb=0 my_chips=19680 opp_chips=19680 is_sb=True msg='raise 176'
[22:02:13] RECV raw='fold' buffer='fold'
[22:02:13] DISPATCH line='fold'
[22:02:16] RECV raw='earnChips 320' buffer='earnChips 320'
[22:02:16] DISPATCH line='earnChips 320'
[22:02:16] RECV raw='preflop|BIGBLIND|<3,6><1,8>' buffer='preflop|BIGBLIND|<3,6><1,8>'
[22:02:16] DISPATCH line='preflop|BIGBLIND|<3,6><1,8>'
[22:02:16] RECV raw='call' buffer='call'
[22:02:16] DISPATCH line='call'
[22:02:16] OFFICIAL_ACTION_DELAY wait=0.232s target=0.300s
[22:02:17] SEND name=Candidate hand=38 stage=preflop act_cnt=0 my_sb=100 opp_sb=100 my_chips=19900 opp_chips=19900 is_sb=False msg='check'
[22:02:17] RECV raw='flop|<0,12><1,7><1,5>' buffer='flop|<0,12><1,7><1,5>'
[22:02:17] DISPATCH line='flop|<0,12><1,7><1,5>'
[22:02:17] OFFICIAL_ACTION_DELAY wait=0.163s target=0.300s
[22:02:17] SEND name=Candidate hand=38 stage=flop act_cnt=0 my_sb=0 opp_sb=0 my_chips=19900 opp_chips=19900 is_sb=False msg='check'
[22:02:17] RECV raw='raise 101' buffer='raise 101'
[22:02:17] DISPATCH line='raise 101'
[22:02:17] OFFICIAL_ACTION_DELAY wait=0.129s target=0.300s
[22:02:18] SEND name=Candidate hand=38 stage=flop act_cnt=1 my_sb=0 opp_sb=101 my_chips=19900 opp_chips=19799 is_sb=False msg='fold'
[22:02:21] RECV raw='earnChips -100' buffer='earnChips -100'
[22:02:21] DISPATCH line='earnChips -100'
[22:02:21] RECV raw='preflop|SMALLBLIND|<3,4><2,9>' buffer='preflop|SMALLBLIND|<3,4><2,9>'
[22:02:21] DISPATCH line='preflop|SMALLBLIND|<3,4><2,9>'
[22:02:21] OFFICIAL_ACTION_DELAY wait=0.153s target=0.300s
[22:02:21] SEND name=Candidate hand=39 stage=preflop act_cnt=0 my_sb=50 opp_sb=100 my_chips=19950 opp_chips=19900 is_sb=True msg='call'
[22:02:21] RECV raw='flop|<2,0><1,11><2,6>' buffer='flop|<2,0><1,11><2,6>'
[22:02:21] DISPATCH line='flop|<2,0><1,11><2,6>'
[22:02:22] RECV raw='raise 137' buffer='raise 137'
[22:02:22] DISPATCH line='raise 137'
[22:02:22] OFFICIAL_ACTION_DELAY wait=0.050s target=0.300s
[22:02:22] SEND name=Candidate hand=39 stage=flop act_cnt=0 my_sb=0 opp_sb=137 my_chips=19900 opp_chips=19763 is_sb=True msg='fold'
[22:02:25] RECV raw='earnChips -100' buffer='earnChips -100'
[22:02:25] DISPATCH line='earnChips -100'
[22:02:25] RECV raw='preflop|BIGBLIND|<2,5><1,8>' buffer='preflop|BIGBLIND|<2,5><1,8>'
[22:02:25] DISPATCH line='preflop|BIGBLIND|<2,5><1,8>'
[22:02:25] RECV raw='raise 330' buffer='raise 330'
[22:02:25] DISPATCH line='raise 330'
[22:02:26] OFFICIAL_ACTION_DELAY wait=0.152s target=0.300s
[22:02:26] SEND name=Candidate hand=40 stage=preflop act_cnt=0 my_sb=100 opp_sb=330 my_chips=19900 opp_chips=19670 is_sb=False msg='call'
[22:02:26] RECV raw='flop|<1,3><1,11><1,6>' buffer='flop|<1,3><1,11><1,6>'
[22:02:26] DISPATCH line='flop|<1,3><1,11><1,6>'
[22:02:26] OFFICIAL_ACTION_DELAY wait=0.115s target=0.300s
[22:02:26] SEND name=Candidate hand=40 stage=flop act_cnt=0 my_sb=0 opp_sb=0 my_chips=19670 opp_chips=19670 is_sb=False msg='check'
[22:02:26] RECV raw='raise 460' buffer='raise 460'
[22:02:26] DISPATCH line='raise 460'
[22:02:27] OFFICIAL_ACTION_DELAY wait=0.124s target=0.300s
[22:02:27] SEND name=Candidate hand=40 stage=flop act_cnt=1 my_sb=0 opp_sb=460 my_chips=19670 opp_chips=19210 is_sb=False msg='fold'
[22:02:30] RECV raw='earnChips -330' buffer='earnChips -330'
[22:02:30] DISPATCH line='earnChips -330'
[22:02:30] RECV raw='preflop|SMALLBLIND|<3,1><3,5>' buffer='preflop|SMALLBLIND|<3,1><3,5>'
[22:02:30] DISPATCH line='preflop|SMALLBLIND|<3,1><3,5>'
[22:02:30] OFFICIAL_ACTION_DELAY wait=0.207s target=0.300s
[22:02:30] SEND name=Candidate hand=41 stage=preflop act_cnt=0 my_sb=50 opp_sb=100 my_chips=19950 opp_chips=19900 is_sb=True msg='call'
[22:02:30] RECV raw='flop|<2,7><2,6><2,12>' buffer='flop|<2,7><2,6><2,12>'
[22:02:30] DISPATCH line='flop|<2,7><2,6><2,12>'
[22:02:31] RECV raw='raise 131' buffer='raise 131'
[22:02:31] DISPATCH line='raise 131'
[22:02:31] OFFICIAL_ACTION_DELAY wait=0.141s target=0.300s
[22:02:31] SEND name=Candidate hand=41 stage=flop act_cnt=0 my_sb=0 opp_sb=131 my_chips=19900 opp_chips=19769 is_sb=True msg='fold'
[22:02:34] RECV raw='earnChips -100' buffer='earnChips -100'
[22:02:34] DISPATCH line='earnChips -100'
[22:02:34] RECV raw='preflop|BIGBLIND|<1,4><1,9>' buffer='preflop|BIGBLIND|<1,4><1,9>'
[22:02:34] DISPATCH line='preflop|BIGBLIND|<1,4><1,9>'
[22:02:35] RECV raw='call' buffer='call'
[22:02:35] DISPATCH line='call'
[22:02:35] OFFICIAL_ACTION_DELAY wait=0.192s target=0.300s
[22:02:35] SEND name=Candidate hand=42 stage=preflop act_cnt=0 my_sb=100 opp_sb=100 my_chips=19900 opp_chips=19900 is_sb=False msg='check'
[22:02:35] RECV raw='flop|<3,8><2,10><0,4>' buffer='flop|<3,8><2,10><0,4>'
[22:02:35] DISPATCH line='flop|<3,8><2,10><0,4>'
[22:02:35] OFFICIAL_ACTION_DELAY wait=0.114s target=0.300s
[22:02:35] SEND name=Candidate hand=42 stage=flop act_cnt=0 my_sb=0 opp_sb=0 my_chips=19900 opp_chips=19900 is_sb=False msg='raise 130'
[22:02:36] RECV raw='fold' buffer='fold'
[22:02:36] DISPATCH line='fold'
[22:02:39] RECV raw='earnChips 100' buffer='earnChips 100'
[22:02:39] DISPATCH line='earnChips 100'
[22:02:39] RECV raw='preflop|SMALLBLIND|<2,12><3,10>' buffer='preflop|SMALLBLIND|<2,12><3,10>'
[22:02:39] DISPATCH line='preflop|SMALLBLIND|<2,12><3,10>'
[22:02:39] OFFICIAL_ACTION_DELAY wait=0.186s target=0.300s
[22:02:39] SEND name=Candidate hand=43 stage=preflop act_cnt=0 my_sb=50 opp_sb=100 my_chips=19950 opp_chips=19900 is_sb=True msg='raise 332'
[22:02:39] RECV raw='fold' buffer='fold'
[22:02:39] DISPATCH line='fold'
[22:02:42] RECV raw='earnChips 100' buffer='earnChips 100'
[22:02:42] DISPATCH line='earnChips 100'
[22:02:43] RECV raw='preflop|BIGBLIND|<0,2><1,9>' buffer='preflop|BIGBLIND|<0,2><1,9>'
[22:02:43] DISPATCH line='preflop|BIGBLIND|<0,2><1,9>'
[22:02:43] RECV raw='fold' buffer='fold'
[22:02:43] DISPATCH line='fold'
[22:02:46] RECV raw='earnChips 50' buffer='earnChips 50'
[22:02:46] DISPATCH line='earnChips 50'
[22:02:46] RECV raw='preflop|SMALLBLIND|<0,9><2,3>' buffer='preflop|SMALLBLIND|<0,9><2,3>'
[22:02:46] DISPATCH line='preflop|SMALLBLIND|<0,9><2,3>'
[22:02:46] OFFICIAL_ACTION_DELAY wait=0.153s target=0.300s
[22:02:46] SEND name=Candidate hand=45 stage=preflop act_cnt=0 my_sb=50 opp_sb=100 my_chips=19950 opp_chips=19900 is_sb=True msg='call'
[22:02:47] RECV raw='raise 320' buffer='raise 320'
[22:02:47] DISPATCH line='raise 320'
[22:02:47] OFFICIAL_ACTION_DELAY wait=0.150s target=0.300s
[22:02:47] SEND name=Candidate hand=45 stage=preflop act_cnt=1 my_sb=100 opp_sb=320 my_chips=19900 opp_chips=19680 is_sb=True msg='call'
[22:02:47] RECV raw='flop|<2,10><0,2><3,0>' buffer='flop|<2,10><0,2><3,0>'
[22:02:47] DISPATCH line='flop|<2,10><0,2><3,0>'
[22:02:47] RECV raw='check' buffer='check'
[22:02:47] DISPATCH line='check'
[22:02:47] OFFICIAL_ACTION_DELAY wait=0.175s target=0.300s
[22:02:48] SEND name=Candidate hand=45 stage=flop act_cnt=0 my_sb=0 opp_sb=0 my_chips=19680 opp_chips=19680 is_sb=True msg='call'
[22:02:48] RECV raw='turn|<1,7>' buffer='turn|<1,7>'
[22:02:48] DISPATCH line='turn|<1,7>'
[22:02:48] RECV raw='check' buffer='check'
[22:02:48] DISPATCH line='check'
[22:02:48] OFFICIAL_ACTION_DELAY wait=0.113s target=0.300s
[22:02:48] SEND name=Candidate hand=45 stage=turn act_cnt=0 my_sb=0 opp_sb=0 my_chips=19680 opp_chips=19680 is_sb=True msg='raise 166'
[22:02:49] RECV raw='fold' buffer='fold'
[22:02:49] DISPATCH line='fold'
[22:02:52] RECV raw='earnChips 320' buffer='earnChips 320'
[22:02:52] DISPATCH line='earnChips 320'
[22:02:52] RECV raw='preflop|BIGBLIND|<3,6><1,2>' buffer='preflop|BIGBLIND|<3,6><1,2>'
[22:02:52] DISPATCH line='preflop|BIGBLIND|<3,6><1,2>'
[22:02:52] RECV raw='call' buffer='call'
[22:02:52] DISPATCH line='call'
[22:02:52] OFFICIAL_ACTION_DELAY wait=0.194s target=0.300s
[22:02:52] SEND name=Candidate hand=46 stage=preflop act_cnt=0 my_sb=100 opp_sb=100 my_chips=19900 opp_chips=19900 is_sb=False msg='check'
[22:02:52] RECV raw='flop|<1,7><1,0><2,8>' buffer='flop|<1,7><1,0><2,8>'
[22:02:52] DISPATCH line='flop|<1,7><1,0><2,8>'
[22:02:52] OFFICIAL_ACTION_DELAY wait=0.121s target=0.300s
[22:02:53] SEND name=Candidate hand=46 stage=flop act_cnt=0 my_sb=0 opp_sb=0 my_chips=19900 opp_chips=19900 is_sb=False msg='check'
[22:02:53] RECV raw='raise 136' buffer='raise 136'
[22:02:53] DISPATCH line='raise 136'
[22:02:53] OFFICIAL_ACTION_DELAY wait=0.143s target=0.300s
[22:02:53] SEND name=Candidate hand=46 stage=flop act_cnt=1 my_sb=0 opp_sb=136 my_chips=19900 opp_chips=19764 is_sb=False msg='fold'
[22:02:56] RECV raw='earnChips -100' buffer='earnChips -100'
[22:02:56] DISPATCH line='earnChips -100'
[22:02:56] RECV raw='preflop|SMALLBLIND|<2,9><3,1>' buffer='preflop|SMALLBLIND|<2,9><3,1>'
[22:02:56] DISPATCH line='preflop|SMALLBLIND|<2,9><3,1>'
[22:02:57] OFFICIAL_ACTION_DELAY wait=0.151s target=0.300s
[22:02:57] SEND name=Candidate hand=47 stage=preflop act_cnt=0 my_sb=50 opp_sb=100 my_chips=19950 opp_chips=19900 is_sb=True msg='call'
[22:02:57] RECV raw='flop|<3,12><2,6><0,9>' buffer='flop|<3,12><2,6><0,9>'
[22:02:57] DISPATCH line='flop|<3,12><2,6><0,9>'
[22:02:57] RECV raw='check' buffer='check'
[22:02:57] DISPATCH line='check'
[22:02:58] OFFICIAL_ACTION_DELAY wait=0.119s target=0.300s
[22:02:58] SEND name=Candidate hand=47 stage=flop act_cnt=0 my_sb=0 opp_sb=0 my_chips=19900 opp_chips=19900 is_sb=True msg='raise 120'
[22:02:58] RECV raw='fold' buffer='fold'
[22:02:58] DISPATCH line='fold'
[22:03:01] RECV raw='earnChips 100' buffer='earnChips 100'
[22:03:01] DISPATCH line='earnChips 100'
[22:03:01] RECV raw='preflop|BIGBLIND|<2,4><1,2>' buffer='preflop|BIGBLIND|<2,4><1,2>'
[22:03:01] DISPATCH line='preflop|BIGBLIND|<2,4><1,2>'
[22:03:01] RECV raw='raise 325' buffer='raise 325'
[22:03:01] DISPATCH line='raise 325'
[22:03:02] OFFICIAL_ACTION_DELAY wait=0.176s target=0.300s
[22:03:02] SEND name=Candidate hand=48 stage=preflop act_cnt=0 my_sb=100 opp_sb=325 my_chips=19900 opp_chips=19675 is_sb=False msg='fold'
[22:03:05] RECV raw='earnChips -100' buffer='earnChips -100'
[22:03:05] DISPATCH line='earnChips -100'
[22:03:05] RECV raw='preflop|SMALLBLIND|<1,7><3,1>' buffer='preflop|SMALLBLIND|<1,7><3,1>'
[22:03:05] DISPATCH line='preflop|SMALLBLIND|<1,7><3,1>'
[22:03:05] OFFICIAL_ACTION_DELAY wait=0.203s target=0.300s
[22:03:05] SEND name=Candidate hand=49 stage=preflop act_cnt=0 my_sb=50 opp_sb=100 my_chips=19950 opp_chips=19900 is_sb=True msg='call'
[22:03:06] RECV raw='raise 320' buffer='raise 320'
[22:03:06] DISPATCH line='raise 320'
[22:03:06] OFFICIAL_ACTION_DELAY wait=0.151s target=0.300s
[22:03:06] SEND name=Candidate hand=49 stage=preflop act_cnt=1 my_sb=100 opp_sb=320 my_chips=19900 opp_chips=19680 is_sb=True msg='fold'
[22:03:09] RECV raw='earnChips -100' buffer='earnChips -100'
[22:03:09] DISPATCH line='earnChips -100'
[22:03:09] RECV raw='preflop|BIGBLIND|<3,2><1,5>' buffer='preflop|BIGBLIND|<3,2><1,5>'
[22:03:09] DISPATCH line='preflop|BIGBLIND|<3,2><1,5>'
[22:03:09] RECV raw='fold' buffer='fold'
[22:03:09] DISPATCH line='fold'
[22:03:13] RECV raw='earnChips 50' buffer='earnChips 50'
[22:03:13] DISPATCH line='earnChips 50'
[22:03:13] RECV raw='preflop|SMALLBLIND|<1,5><3,9>' buffer='preflop|SMALLBLIND|<1,5><3,9>'
[22:03:13] DISPATCH line='preflop|SMALLBLIND|<1,5><3,9>'
[22:03:13] OFFICIAL_ACTION_DELAY wait=0.188s target=0.300s
[22:03:13] SEND name=Candidate hand=51 stage=preflop act_cnt=0 my_sb=50 opp_sb=100 my_chips=19950 opp_chips=19900 is_sb=True msg='call'
[22:03:13] RECV raw='raise 320' buffer='raise 320'
[22:03:13] DISPATCH line='raise 320'
[22:03:13] OFFICIAL_ACTION_DELAY wait=0.155s target=0.300s
[22:03:14] SEND name=Candidate hand=51 stage=preflop act_cnt=1 my_sb=100 opp_sb=320 my_chips=19900 opp_chips=19680 is_sb=True msg='call'
[22:03:14] RECV raw='flop|<2,11><0,6><3,7>' buffer='flop|<2,11><0,6><3,7>'
[22:03:14] DISPATCH line='flop|<2,11><0,6><3,7>'
[22:03:14] RECV raw='raise 280' buffer='raise 280'
[22:03:14] DISPATCH line='raise 280'
[22:03:14] OFFICIAL_ACTION_DELAY wait=0.045s target=0.300s
[22:03:14] SEND name=Candidate hand=51 stage=flop act_cnt=0 my_sb=0 opp_sb=280 my_chips=19680 opp_chips=19400 is_sb=True msg='fold'
[22:03:17] RECV raw='earnChips -320' buffer='earnChips -320'
[22:03:17] DISPATCH line='earnChips -320'
[22:03:17] RECV raw='preflop|BIGBLIND|<0,0><3,6>' buffer='preflop|BIGBLIND|<0,0><3,6>'
[22:03:17] DISPATCH line='preflop|BIGBLIND|<0,0><3,6>'
[22:03:18] RECV raw='call' buffer='call'
[22:03:18] DISPATCH line='call'
[22:03:18] OFFICIAL_ACTION_DELAY wait=0.195s target=0.300s
[22:03:18] SEND name=Candidate hand=52 stage=preflop act_cnt=0 my_sb=100 opp_sb=100 my_chips=19900 opp_chips=19900 is_sb=False msg='check'
[22:03:18] RECV raw='flop|<3,5><1,9><2,1>' buffer='flop|<3,5><1,9><2,1>'
[22:03:18] DISPATCH line='flop|<3,5><1,9><2,1>'
[22:03:18] OFFICIAL_ACTION_DELAY wait=0.166s target=0.300s
[22:03:18] SEND name=Candidate hand=52 stage=flop act_cnt=0 my_sb=0 opp_sb=0 my_chips=19900 opp_chips=19900 is_sb=False msg='check'
[22:03:19] RECV raw='turn|<2,3>' buffer='turn|<2,3>'
[22:03:19] DISPATCH line='turn|<2,3>'
[22:03:19] OFFICIAL_ACTION_DELAY wait=0.052s target=0.300s
[22:03:19] SEND name=Candidate hand=52 stage=turn act_cnt=0 my_sb=0 opp_sb=0 my_chips=19900 opp_chips=19900 is_sb=False msg='check'
[22:03:19] RECV raw='raise 101' buffer='raise 101'
[22:03:19] DISPATCH line='raise 101'
[22:03:19] SEND name=Candidate hand=52 stage=turn act_cnt=1 my_sb=0 opp_sb=101 my_chips=19900 opp_chips=19799 is_sb=False msg='fold'
[22:03:23] RECV raw='earnChips -100' buffer='earnChips -100'
[22:03:23] DISPATCH line='earnChips -100'
[22:03:23] RECV raw='preflop|SMALLBLIND|<3,4><3,7>' buffer='preflop|SMALLBLIND|<3,4><3,7>'
[22:03:23] DISPATCH line='preflop|SMALLBLIND|<3,4><3,7>'
[22:03:23] OFFICIAL_ACTION_DELAY wait=0.154s target=0.300s
[22:03:23] SEND name=Candidate hand=53 stage=preflop act_cnt=0 my_sb=50 opp_sb=100 my_chips=19950 opp_chips=19900 is_sb=True msg='call'
[22:03:23] RECV raw='flop|<1,6><3,1><3,5>' buffer='flop|<1,6><3,1><3,5>'
[22:03:23] DISPATCH line='flop|<1,6><3,1><3,5>'
[22:03:24] RECV raw='raise 137' buffer='raise 137'
[22:03:24] DISPATCH line='raise 137'
[22:03:24] OFFICIAL_ACTION_DELAY wait=0.047s target=0.300s
[22:03:24] SEND name=Candidate hand=53 stage=flop act_cnt=0 my_sb=0 opp_sb=137 my_chips=19900 opp_chips=19763 is_sb=True msg='call'
[22:03:24] RECV raw='turn|<3,0>' buffer='turn|<3,0>'
[22:03:24] DISPATCH line='turn|<3,0>'
[22:03:24] RECV raw='raise 261' buffer='raise 261'
[22:03:24] DISPATCH line='raise 261'
[22:03:25] SEND name=Candidate hand=53 stage=turn act_cnt=0 my_sb=0 opp_sb=261 my_chips=19763 opp_chips=19502 is_sb=True msg='raise 559'
[22:03:25] RECV raw='fold' buffer='fold'
[22:03:25] DISPATCH line='fold'
[22:03:28] RECV raw='earnChips 498' buffer='earnChips 498'
[22:03:28] DISPATCH line='earnChips 498'
[22:03:28] RECV raw='preflop|BIGBLIND|<0,0><1,4>' buffer='preflop|BIGBLIND|<0,0><1,4>'
[22:03:28] DISPATCH line='preflop|BIGBLIND|<0,0><1,4>'
[22:03:28] RECV raw='call' buffer='call'
[22:03:28] DISPATCH line='call'
[22:03:28] OFFICIAL_ACTION_DELAY wait=0.195s target=0.300s
[22:03:29] SEND name=Candidate hand=54 stage=preflop act_cnt=0 my_sb=100 opp_sb=100 my_chips=19900 opp_chips=19900 is_sb=False msg='check'
[22:03:29] RECV raw='flop|<3,10><3,1><2,2>' buffer='flop|<3,10><3,1><2,2>'
[22:03:29] DISPATCH line='flop|<3,10><3,1><2,2>'
[22:03:29] OFFICIAL_ACTION_DELAY wait=0.122s target=0.300s
[22:03:29] SEND name=Candidate hand=54 stage=flop act_cnt=0 my_sb=0 opp_sb=0 my_chips=19900 opp_chips=19900 is_sb=False msg='check'
[22:03:29] RECV raw='raise 101' buffer='raise 101'
[22:03:29] DISPATCH line='raise 101'
[22:03:30] OFFICIAL_ACTION_DELAY wait=0.047s target=0.300s
[22:03:30] SEND name=Candidate hand=54 stage=flop act_cnt=1 my_sb=0 opp_sb=101 my_chips=19900 opp_chips=19799 is_sb=False msg='fold'
[22:03:33] RECV raw='earnChips -100' buffer='earnChips -100'
[22:03:33] DISPATCH line='earnChips -100'
[22:03:33] RECV raw='preflop|SMALLBLIND|<1,4><0,6>' buffer='preflop|SMALLBLIND|<1,4><0,6>'
[22:03:33] DISPATCH line='preflop|SMALLBLIND|<1,4><0,6>'
[22:03:33] OFFICIAL_ACTION_DELAY wait=0.150s target=0.300s
[22:03:33] SEND name=Candidate hand=55 stage=preflop act_cnt=0 my_sb=50 opp_sb=100 my_chips=19950 opp_chips=19900 is_sb=True msg='call'
[22:03:33] RECV raw='flop|<1,6><0,12><0,3>' buffer='flop|<1,6><0,12><0,3>'
[22:03:33] DISPATCH line='flop|<1,6><0,12><0,3>'
[22:03:34] RECV raw='raise 147' buffer='raise 147'
[22:03:34] DISPATCH line='raise 147'
[22:03:34] OFFICIAL_ACTION_DELAY wait=0.146s target=0.300s
[22:03:34] SEND name=Candidate hand=55 stage=flop act_cnt=0 my_sb=0 opp_sb=147 my_chips=19900 opp_chips=19753 is_sb=True msg='fold'
[22:03:37] RECV raw='earnChips -100' buffer='earnChips -100'
[22:03:37] DISPATCH line='earnChips -100'
[22:03:37] RECV raw='preflop|BIGBLIND|<3,12><1,9>' buffer='preflop|BIGBLIND|<3,12><1,9>'
[22:03:37] DISPATCH line='preflop|BIGBLIND|<3,12><1,9>'
[22:03:38] RECV raw='raise 318' buffer='raise 318'
[22:03:38] DISPATCH line='raise 318'
[22:03:38] OFFICIAL_ACTION_DELAY wait=0.151s target=0.300s
[22:03:38] SEND name=Candidate hand=56 stage=preflop act_cnt=0 my_sb=100 opp_sb=318 my_chips=19900 opp_chips=19682 is_sb=False msg='raise 820'
[22:03:38] RECV raw='flop|<1,2><1,0><2,12>' buffer='flop|<1,2><1,0><2,12>'
[22:03:38] DISPATCH line='flop|<1,2><1,0><2,12>'
[22:03:38] OFFICIAL_ACTION_DELAY wait=0.184s target=0.300s
[22:03:38] SEND name=Candidate hand=56 stage=flop act_cnt=0 my_sb=0 opp_sb=0 my_chips=19180 opp_chips=19682 is_sb=False msg='raise 1046'
[22:03:39] RECV raw='raise 2165' buffer='raise 2165'
[22:03:39] DISPATCH line='raise 2165'
[22:03:39] OFFICIAL_ACTION_DELAY wait=0.148s target=0.300s
[22:03:39] SEND name=Candidate hand=56 stage=flop act_cnt=1 my_sb=1046 opp_sb=2165 my_chips=18134 opp_chips=17517 is_sb=False msg='raise 8453'
[22:03:39] RECV raw='allin' buffer='allin'
[22:03:39] DISPATCH line='allin'
[22:03:40] OFFICIAL_ACTION_DELAY wait=0.039s target=0.300s
[22:03:40] SEND name=Candidate hand=56 stage=flop act_cnt=2 my_sb=8453 opp_sb=19682 my_chips=10727 opp_chips=0 is_sb=False msg='call'
[22:03:43] RECV raw='earnChips -20000' buffer='earnChips -20000'
[22:03:43] DISPATCH line='earnChips -20000'
[22:03:43] RECV raw='oppo_hands|<1,12><1,7>' buffer='oppo_hands|<1,12><1,7>'
[22:03:43] DISPATCH line='oppo_hands|<1,12><1,7>'
[22:03:43] RECV raw='preflop|SMALLBLIND|<3,8><0,4>' buffer='preflop|SMALLBLIND|<3,8><0,4>'
[22:03:43] DISPATCH line='preflop|SMALLBLIND|<3,8><0,4>'
[22:03:43] OFFICIAL_ACTION_DELAY wait=0.147s target=0.300s
[22:03:43] SEND name=Candidate hand=57 stage=preflop act_cnt=0 my_sb=50 opp_sb=100 my_chips=19950 opp_chips=19900 is_sb=True msg='raise 688'
[22:03:44] RECV raw='fold' buffer='fold'
[22:03:44] DISPATCH line='fold'
[22:03:47] RECV raw='earnChips 100' buffer='earnChips 100'
[22:03:47] DISPATCH line='earnChips 100'
[22:03:47] RECV raw='preflop|BIGBLIND|<1,11><2,8>' buffer='preflop|BIGBLIND|<1,11><2,8>'
[22:03:47] DISPATCH line='preflop|BIGBLIND|<1,11><2,8>'
[22:03:47] RECV raw='fold' buffer='fold'
[22:03:47] DISPATCH line='fold'
[22:03:50] RECV raw='earnChips 50' buffer='earnChips 50'
[22:03:50] DISPATCH line='earnChips 50'
[22:03:50] RECV raw='preflop|SMALLBLIND|<1,0><2,6>' buffer='preflop|SMALLBLIND|<1,0><2,6>'
[22:03:50] DISPATCH line='preflop|SMALLBLIND|<1,0><2,6>'
[22:03:51] OFFICIAL_ACTION_DELAY wait=0.177s target=0.300s
[22:03:51] SEND name=Candidate hand=59 stage=preflop act_cnt=0 my_sb=50 opp_sb=100 my_chips=19950 opp_chips=19900 is_sb=True msg='raise 688'
[22:03:51] RECV raw='fold' buffer='fold'
[22:03:51] DISPATCH line='fold'
[22:03:54] RECV raw='earnChips 100' buffer='earnChips 100'
[22:03:54] DISPATCH line='earnChips 100'
[22:03:54] RECV raw='preflop|BIGBLIND|<3,8><1,0>' buffer='preflop|BIGBLIND|<3,8><1,0>'
[22:03:54] DISPATCH line='preflop|BIGBLIND|<3,8><1,0>'
[22:03:55] RECV raw='fold' buffer='fold'
[22:03:55] DISPATCH line='fold'
[22:03:58] RECV raw='earnChips 50' buffer='earnChips 50'
[22:03:58] DISPATCH line='earnChips 50'
[22:03:58] RECV raw='preflop|SMALLBLIND|<1,11><3,4>' buffer='preflop|SMALLBLIND|<1,11><3,4>'
[22:03:58] DISPATCH line='preflop|SMALLBLIND|<1,11><3,4>'
[22:03:58] OFFICIAL_ACTION_DELAY wait=0.148s target=0.300s
[22:03:58] SEND name=Candidate hand=61 stage=preflop act_cnt=0 my_sb=50 opp_sb=100 my_chips=19950 opp_chips=19900 is_sb=True msg='raise 620'
[22:03:58] RECV raw='fold' buffer='fold'
[22:03:58] DISPATCH line='fold'
[22:04:01] RECV raw='earnChips 100' buffer='earnChips 100'
[22:04:01] DISPATCH line='earnChips 100'
[22:04:02] RECV raw='preflop|BIGBLIND|<0,6><1,3>' buffer='preflop|BIGBLIND|<0,6><1,3>'
[22:04:02] DISPATCH line='preflop|BIGBLIND|<0,6><1,3>'
[22:04:02] RECV raw='fold' buffer='fold'
[22:04:02] DISPATCH line='fold'
[22:04:05] RECV raw='earnChips 50' buffer='earnChips 50'
[22:04:05] DISPATCH line='earnChips 50'
[22:04:05] RECV raw='preflop|SMALLBLIND|<3,8><2,9>' buffer='preflop|SMALLBLIND|<3,8><2,9>'
[22:04:05] DISPATCH line='preflop|SMALLBLIND|<3,8><2,9>'
[22:04:05] OFFICIAL_ACTION_DELAY wait=0.157s target=0.300s
[22:04:05] SEND name=Candidate hand=63 stage=preflop act_cnt=0 my_sb=50 opp_sb=100 my_chips=19950 opp_chips=19900 is_sb=True msg='raise 310'
[22:04:06] RECV raw='fold' buffer='fold'
[22:04:06] DISPATCH line='fold'
[22:04:09] RECV raw='earnChips 100' buffer='earnChips 100'
[22:04:09] DISPATCH line='earnChips 100'
[22:04:09] RECV raw='preflop|BIGBLIND|<2,3><0,0>' buffer='preflop|BIGBLIND|<2,3><0,0>'
[22:04:09] DISPATCH line='preflop|BIGBLIND|<2,3><0,0>'
[22:04:09] RECV raw='fold' buffer='fold'
[22:04:09] DISPATCH line='fold'
[22:04:12] RECV raw='earnChips 50' buffer='earnChips 50'
[22:04:12] DISPATCH line='earnChips 50'
[22:04:12] RECV raw='preflop|SMALLBLIND|<1,5><1,1>' buffer='preflop|SMALLBLIND|<1,5><1,1>'
[22:04:12] DISPATCH line='preflop|SMALLBLIND|<1,5><1,1>'
[22:04:13] OFFICIAL_ACTION_DELAY wait=0.153s target=0.300s
[22:04:13] SEND name=Candidate hand=65 stage=preflop act_cnt=0 my_sb=50 opp_sb=100 my_chips=19950 opp_chips=19900 is_sb=True msg='raise 688'
[22:04:13] RECV raw='fold' buffer='fold'
[22:04:13] DISPATCH line='fold'
[22:04:16] RECV raw='earnChips 100' buffer='earnChips 100'
[22:04:16] DISPATCH line='earnChips 100'
[22:04:16] RECV raw='preflop|BIGBLIND|<0,0><3,5>' buffer='preflop|BIGBLIND|<0,0><3,5>'
[22:04:16] DISPATCH line='preflop|BIGBLIND|<0,0><3,5>'
[22:04:17] RECV raw='fold' buffer='fold'
[22:04:17] DISPATCH line='fold'
[22:04:20] RECV raw='earnChips 50' buffer='earnChips 50'
[22:04:20] DISPATCH line='earnChips 50'
[22:04:20] RECV raw='preflop|SMALLBLIND|<2,3><1,9>' buffer='preflop|SMALLBLIND|<2,3><1,9>'
[22:04:20] DISPATCH line='preflop|SMALLBLIND|<2,3><1,9>'
[22:04:20] OFFICIAL_ACTION_DELAY wait=0.150s target=0.300s
[22:04:20] SEND name=Candidate hand=67 stage=preflop act_cnt=0 my_sb=50 opp_sb=100 my_chips=19950 opp_chips=19900 is_sb=True msg='raise 688'
[22:04:20] RECV raw='fold' buffer='fold'
[22:04:20] DISPATCH line='fold'
[22:04:23] RECV raw='earnChips 100' buffer='earnChips 100'
[22:04:23] DISPATCH line='earnChips 100'
[22:04:24] RECV raw='preflop|BIGBLIND|<0,11><3,8>' buffer='preflop|BIGBLIND|<0,11><3,8>'
[22:04:24] DISPATCH line='preflop|BIGBLIND|<0,11><3,8>'
[22:04:24] RECV raw='fold' buffer='fold'
[22:04:24] DISPATCH line='fold'
[22:04:27] RECV raw='earnChips 50' buffer='earnChips 50'
[22:04:27] DISPATCH line='earnChips 50'
[22:04:27] RECV raw='preflop|SMALLBLIND|<0,0><0,1>' buffer='preflop|SMALLBLIND|<0,0><0,1>'
[22:04:27] DISPATCH line='preflop|SMALLBLIND|<0,0><0,1>'
[22:04:27] OFFICIAL_ACTION_DELAY wait=0.153s target=0.300s
[22:04:27] SEND name=Candidate hand=69 stage=preflop act_cnt=0 my_sb=50 opp_sb=100 my_chips=19950 opp_chips=19900 is_sb=True msg='allin'
[22:04:28] RECV raw='fold' buffer='fold'
[22:04:28] DISPATCH line='fold'
[22:04:31] RECV raw='earnChips 100' buffer='earnChips 100'
[22:04:31] DISPATCH line='earnChips 100'
[22:04:31] RECV raw='preflop|BIGBLIND|<2,5><1,5>' buffer='preflop|BIGBLIND|<2,5><1,5>'
[22:04:31] DISPATCH line='preflop|BIGBLIND|<2,5><1,5>'
[22:04:31] RECV raw='fold' buffer='fold'
[22:04:31] DISPATCH line='fold'
