[01:23:11] START name=BotB seat=lower host=127.0.0.1 port=10001 log=/home/zzx/project/pok/bots/neural_national_lab/data/official_platform_v141_smoke2/acceptance_20260710_012307/self_play_01/botB.log
[01:23:11] RECV raw='name' buffer='name'
[01:23:11] DISPATCH line='name'
[01:23:11] SEND name_handshake name='BotB'
[01:23:11] RECV raw='preflop|BIGBLIND|<3,10><2,6>' buffer='preflop|BIGBLIND|<3,10><2,6>'
[01:23:11] DISPATCH line='preflop|BIGBLIND|<3,10><2,6>'
[01:23:12] RECV raw='call' buffer='call'
[01:23:12] DISPATCH line='call'
[01:23:12] OFFICIAL_ACTION_DELAY wait=0.205s target=0.300s
[01:23:12] SEND name=BotB hand=1 stage=preflop act_cnt=0 my_sb=100 opp_sb=100 my_chips=19900 opp_chips=19900 is_sb=False msg='raise 320'
[01:23:13] RECV raw='fold' buffer='fold'
[01:23:13] DISPATCH line='fold'
[01:23:17] RECV raw='earnChips 100' buffer='earnChips 100'
[01:23:17] DISPATCH line='earnChips 100'
[01:23:17] RECV raw='preflop|SMALLBLIND|<3,5><3,7>' buffer='preflop|SMALLBLIND|<3,5><3,7>'
[01:23:17] DISPATCH line='preflop|SMALLBLIND|<3,5><3,7>'
[01:23:17] OFFICIAL_ACTION_DELAY wait=0.195s target=0.300s
[01:23:17] SEND name=BotB hand=2 stage=preflop act_cnt=0 my_sb=50 opp_sb=100 my_chips=19950 opp_chips=19900 is_sb=True msg='call'
[01:23:17] RECV raw='raise 320' buffer='raise 320'
[01:23:17] DISPATCH line='raise 320'
[01:23:17] OFFICIAL_ACTION_DELAY wait=0.161s target=0.300s
[01:23:18] SEND name=BotB hand=2 stage=preflop act_cnt=1 my_sb=100 opp_sb=320 my_chips=19900 opp_chips=19680 is_sb=True msg='fold'
[01:23:21] RECV raw='earnChips -100' buffer='earnChips -100'
[01:23:21] DISPATCH line='earnChips -100'
[01:23:21] RECV raw='preflop|BIGBLIND|<0,12><0,10>' buffer='preflop|BIGBLIND|<0,12><0,10>'
[01:23:21] DISPATCH line='preflop|BIGBLIND|<0,12><0,10>'
[01:23:21] RECV raw='call' buffer='call'
[01:23:21] DISPATCH line='call'
[01:23:21] OFFICIAL_ACTION_DELAY wait=0.221s target=0.300s
[01:23:21] SEND name=BotB hand=3 stage=preflop act_cnt=0 my_sb=100 opp_sb=100 my_chips=19900 opp_chips=19900 is_sb=False msg='raise 346'
[01:23:22] RECV raw='fold' buffer='fold'
[01:23:22] DISPATCH line='fold'
[01:23:25] RECV raw='earnChips 100' buffer='earnChips 100'
[01:23:25] DISPATCH line='earnChips 100'
[01:23:25] RECV raw='preflop|SMALLBLIND|<1,12><0,0>' buffer='preflop|SMALLBLIND|<1,12><0,0>'
[01:23:25] DISPATCH line='preflop|SMALLBLIND|<1,12><0,0>'
[01:23:25] OFFICIAL_ACTION_DELAY wait=0.183s target=0.300s
[01:23:25] SEND name=BotB hand=4 stage=preflop act_cnt=0 my_sb=50 opp_sb=100 my_chips=19950 opp_chips=19900 is_sb=True msg='call'
[01:23:26] RECV raw='flop|<0,9><0,1><1,6>' buffer='flop|<0,9><0,1><1,6>'
[01:23:26] DISPATCH line='flop|<0,9><0,1><1,6>'
[01:23:26] RECV raw='check' buffer='check'
[01:23:26] DISPATCH line='check'
[01:23:26] OFFICIAL_ACTION_DELAY wait=0.188s target=0.300s
[01:23:26] SEND name=BotB hand=4 stage=flop act_cnt=0 my_sb=0 opp_sb=0 my_chips=19900 opp_chips=19900 is_sb=True msg='call'
[01:23:26] RECV raw='turn|<3,1>' buffer='turn|<3,1>'
[01:23:26] DISPATCH line='turn|<3,1>'
[01:23:26] RECV raw='check' buffer='check'
[01:23:26] DISPATCH line='check'
[01:23:27] OFFICIAL_ACTION_DELAY wait=0.141s target=0.300s
[01:23:27] SEND name=BotB hand=4 stage=turn act_cnt=0 my_sb=0 opp_sb=0 my_chips=19900 opp_chips=19900 is_sb=True msg='call'
[01:23:27] RECV raw='river|<0,7>' buffer='river|<0,7>'
[01:23:27] DISPATCH line='river|<0,7>'
[01:23:27] RECV raw='check' buffer='check'
[01:23:27] DISPATCH line='check'
[01:23:27] OFFICIAL_ACTION_DELAY wait=0.105s target=0.300s
[01:23:27] SEND name=BotB hand=4 stage=river act_cnt=0 my_sb=0 opp_sb=0 my_chips=19900 opp_chips=19900 is_sb=True msg='call'
[01:23:30] RECV raw='earnChips 100' buffer='earnChips 100'
[01:23:30] DISPATCH line='earnChips 100'
[01:23:31] RECV raw='oppo_hands|<1,3><3,0>' buffer='oppo_hands|<1,3><3,0>'
[01:23:31] DISPATCH line='oppo_hands|<1,3><3,0>'
[01:23:31] RECV raw='preflop|BIGBLIND|<1,6><1,9>' buffer='preflop|BIGBLIND|<1,6><1,9>'
[01:23:31] DISPATCH line='preflop|BIGBLIND|<1,6><1,9>'
[01:23:31] RECV raw='call' buffer='call'
[01:23:31] DISPATCH line='call'
[01:23:31] OFFICIAL_ACTION_DELAY wait=0.227s target=0.300s
[01:23:31] SEND name=BotB hand=5 stage=preflop act_cnt=0 my_sb=100 opp_sb=100 my_chips=19900 opp_chips=19900 is_sb=False msg='raise 320'
[01:23:32] RECV raw='fold' buffer='fold'
[01:23:32] DISPATCH line='fold'
[01:23:35] RECV raw='earnChips 100' buffer='earnChips 100'
[01:23:35] DISPATCH line='earnChips 100'
[01:23:35] RECV raw='preflop|SMALLBLIND|<2,1><2,0>' buffer='preflop|SMALLBLIND|<2,1><2,0>'
[01:23:35] DISPATCH line='preflop|SMALLBLIND|<2,1><2,0>'
[01:23:35] OFFICIAL_ACTION_DELAY wait=0.154s target=0.300s
[01:23:35] SEND name=BotB hand=6 stage=preflop act_cnt=0 my_sb=50 opp_sb=100 my_chips=19950 opp_chips=19900 is_sb=True msg='fold'
[01:23:38] RECV raw='earnChips -50' buffer='earnChips -50'
[01:23:38] DISPATCH line='earnChips -50'
[01:23:38] RECV raw='preflop|BIGBLIND|<3,11><2,10>' buffer='preflop|BIGBLIND|<3,11><2,10>'
[01:23:38] DISPATCH line='preflop|BIGBLIND|<3,11><2,10>'
[01:23:39] RECV raw='call' buffer='call'
[01:23:39] DISPATCH line='call'
[01:23:39] OFFICIAL_ACTION_DELAY wait=0.194s target=0.300s
[01:23:39] SEND name=BotB hand=7 stage=preflop act_cnt=0 my_sb=100 opp_sb=100 my_chips=19900 opp_chips=19900 is_sb=False msg='raise 322'
[01:23:39] RECV raw='fold' buffer='fold'
[01:23:39] DISPATCH line='fold'
[01:23:42] RECV raw='earnChips 100' buffer='earnChips 100'
[01:23:42] DISPATCH line='earnChips 100'
[01:23:42] RECV raw='preflop|SMALLBLIND|<1,6><3,1>' buffer='preflop|SMALLBLIND|<1,6><3,1>'
[01:23:42] DISPATCH line='preflop|SMALLBLIND|<1,6><3,1>'
[01:23:43] OFFICIAL_ACTION_DELAY wait=0.183s target=0.300s
[01:23:43] SEND name=BotB hand=8 stage=preflop act_cnt=0 my_sb=50 opp_sb=100 my_chips=19950 opp_chips=19900 is_sb=True msg='fold'
[01:23:46] RECV raw='earnChips -50' buffer='earnChips -50'
[01:23:46] DISPATCH line='earnChips -50'
[01:23:46] RECV raw='preflop|BIGBLIND|<2,1><0,4>' buffer='preflop|BIGBLIND|<2,1><0,4>'
[01:23:46] DISPATCH line='preflop|BIGBLIND|<2,1><0,4>'
[01:23:46] RECV raw='call' buffer='call'
[01:23:46] DISPATCH line='call'
[01:23:46] OFFICIAL_ACTION_DELAY wait=0.228s target=0.300s
[01:23:47] SEND name=BotB hand=9 stage=preflop act_cnt=0 my_sb=100 opp_sb=100 my_chips=19900 opp_chips=19900 is_sb=False msg='check'
[01:23:47] RECV raw='flop|<1,3><0,9><2,8>' buffer='flop|<1,3><0,9><2,8>'
[01:23:47] DISPATCH line='flop|<1,3><0,9><2,8>'
[01:23:47] OFFICIAL_ACTION_DELAY wait=0.187s target=0.300s
[01:23:47] SEND name=BotB hand=9 stage=flop act_cnt=0 my_sb=0 opp_sb=0 my_chips=19900 opp_chips=19900 is_sb=False msg='check'
[01:23:47] RECV raw='raise 132' buffer='raise 132'
[01:23:47] DISPATCH line='raise 132'
[01:23:47] OFFICIAL_ACTION_DELAY wait=0.136s target=0.300s
[01:23:47] SEND name=BotB hand=9 stage=flop act_cnt=1 my_sb=0 opp_sb=132 my_chips=19900 opp_chips=19768 is_sb=False msg='fold'
[01:23:51] RECV raw='earnChips -100' buffer='earnChips -100'
[01:23:51] DISPATCH line='earnChips -100'
[01:23:51] RECV raw='preflop|SMALLBLIND|<2,11><1,0>' buffer='preflop|SMALLBLIND|<2,11><1,0>'
[01:23:51] DISPATCH line='preflop|SMALLBLIND|<2,11><1,0>'
[01:23:51] OFFICIAL_ACTION_DELAY wait=0.207s target=0.300s
[01:23:51] SEND name=BotB hand=10 stage=preflop act_cnt=0 my_sb=50 opp_sb=100 my_chips=19950 opp_chips=19900 is_sb=True msg='call'
[01:23:51] RECV raw='flop|<0,7><0,2><2,4>' buffer='flop|<0,7><0,2><2,4>'
[01:23:51] DISPATCH line='flop|<0,7><0,2><2,4>'
[01:23:52] RECV raw='raise 171' buffer='raise 171'
[01:23:52] DISPATCH line='raise 171'
[01:23:52] OFFICIAL_ACTION_DELAY wait=0.133s target=0.300s
[01:23:52] SEND name=BotB hand=10 stage=flop act_cnt=0 my_sb=0 opp_sb=171 my_chips=19900 opp_chips=19729 is_sb=True msg='fold'
