[12:35:43] START name=BotA seat=upper host=127.0.0.1 port=42949 log=/home/zzx/project/pok/.codex_worktrees/neural-large-oppmodel/bots/neural_national_lab/data/official_platform_v146_smoke/acceptance_20260710_123540/self_play_01/botA.log
[12:35:43] RECV raw='name' buffer='name'
[12:35:43] DISPATCH line='name'
[12:35:43] SEND name_handshake name='BotA'
[12:35:43] RECV raw='preflop|BIGBLIND|<0,0><1,8>' buffer='preflop|BIGBLIND|<0,0><1,8>'
[12:35:43] DISPATCH line='preflop|BIGBLIND|<0,0><1,8>'
[12:35:43] RECV raw='fold' buffer='fold'
[12:35:43] DISPATCH line='fold'
[12:35:48] RECV raw='earnChips 50' buffer='earnChips 50'
[12:35:48] DISPATCH line='earnChips 50'
[12:35:48] RECV raw='preflop|SMALLBLIND|<0,10><2,3>' buffer='preflop|SMALLBLIND|<0,10><2,3>'
[12:35:48] DISPATCH line='preflop|SMALLBLIND|<0,10><2,3>'
[12:35:48] OFFICIAL_ACTION_DELAY wait=0.234s target=0.300s
[12:35:48] SEND name=BotA hand=2 stage=preflop act_cnt=0 my_sb=50 opp_sb=100 my_chips=19950 opp_chips=19900 is_sb=True msg='call'
[12:35:49] RECV raw='raise 320' buffer='raise 320'
[12:35:49] DISPATCH line='raise 320'
[12:35:49] OFFICIAL_ACTION_DELAY wait=0.239s target=0.300s
[12:35:49] SEND name=BotA hand=2 stage=preflop act_cnt=1 my_sb=100 opp_sb=320 my_chips=19900 opp_chips=19680 is_sb=True msg='fold'
[12:35:52] RECV raw='earnChips -100' buffer='earnChips -100'
[12:35:52] DISPATCH line='earnChips -100'
[12:35:52] RECV raw='preflop|BIGBLIND|<1,4><2,7>' buffer='preflop|BIGBLIND|<1,4><2,7>'
[12:35:52] DISPATCH line='preflop|BIGBLIND|<1,4><2,7>'
[12:35:53] RECV raw='raise 260' buffer='raise 260'
[12:35:53] DISPATCH line='raise 260'
[12:35:53] OFFICIAL_ACTION_DELAY wait=0.239s target=0.300s
[12:35:53] SEND name=BotA hand=3 stage=preflop act_cnt=0 my_sb=100 opp_sb=260 my_chips=19900 opp_chips=19740 is_sb=False msg='raise 624'
[12:35:53] RECV raw='flop|<1,2><1,12><0,12>' buffer='flop|<1,2><1,12><0,12>'
[12:35:53] DISPATCH line='flop|<1,2><1,12><0,12>'
[12:35:53] OFFICIAL_ACTION_DELAY wait=0.232s target=0.300s
[12:35:53] SEND name=BotA hand=3 stage=flop act_cnt=0 my_sb=0 opp_sb=0 my_chips=19376 opp_chips=19740 is_sb=False msg='check'
[12:35:54] RECV raw='turn|<0,4>' buffer='turn|<0,4>'
[12:35:54] DISPATCH line='turn|<0,4>'
[12:35:54] OFFICIAL_ACTION_DELAY wait=0.202s target=0.300s
[12:35:54] SEND name=BotA hand=3 stage=turn act_cnt=0 my_sb=0 opp_sb=0 my_chips=19376 opp_chips=19740 is_sb=False msg='check'
[12:35:54] RECV raw='river|<3,12>' buffer='river|<3,12>'
[12:35:54] DISPATCH line='river|<3,12>'
[12:35:54] OFFICIAL_ACTION_DELAY wait=0.224s target=0.300s
[12:35:55] SEND name=BotA hand=3 stage=river act_cnt=0 my_sb=0 opp_sb=0 my_chips=19376 opp_chips=19740 is_sb=False msg='raise 1393'
[12:35:58] RECV raw='earnChips 2017' buffer='earnChips 2017'
[12:35:58] DISPATCH line='earnChips 2017'
[12:35:58] RECV raw='oppo_hands|<3,1><1,1>' buffer='oppo_hands|<3,1><1,1>'
[12:35:58] DISPATCH line='oppo_hands|<3,1><1,1>'
[12:35:58] RECV raw='preflop|SMALLBLIND|<1,12><3,3>' buffer='preflop|SMALLBLIND|<1,12><3,3>'
[12:35:58] DISPATCH line='preflop|SMALLBLIND|<1,12><3,3>'
[12:35:58] OFFICIAL_ACTION_DELAY wait=0.241s target=0.300s
[12:35:59] SEND name=BotA hand=4 stage=preflop act_cnt=0 my_sb=50 opp_sb=100 my_chips=19950 opp_chips=19900 is_sb=True msg='call'
[12:35:59] RECV raw='raise 320' buffer='raise 320'
[12:35:59] DISPATCH line='raise 320'
[12:35:59] OFFICIAL_ACTION_DELAY wait=0.239s target=0.300s
[12:35:59] SEND name=BotA hand=4 stage=preflop act_cnt=1 my_sb=100 opp_sb=320 my_chips=19900 opp_chips=19680 is_sb=True msg='call'
[12:35:59] RECV raw='flop|<0,9><3,8><0,11>' buffer='flop|<0,9><3,8><0,11>'
[12:35:59] DISPATCH line='flop|<0,9><3,8><0,11>'
[12:36:00] RECV raw='raise 126' buffer='raise 126'
[12:36:00] DISPATCH line='raise 126'
[12:36:00] OFFICIAL_ACTION_DELAY wait=0.200s target=0.300s
[12:36:00] SEND name=BotA hand=4 stage=flop act_cnt=0 my_sb=0 opp_sb=126 my_chips=19680 opp_chips=19554 is_sb=True msg='fold'
[12:36:03] RECV raw='earnChips -320' buffer='earnChips -320'
[12:36:03] DISPATCH line='earnChips -320'
[12:36:03] RECV raw='preflop|BIGBLIND|<1,9><0,11>' buffer='preflop|BIGBLIND|<1,9><0,11>'
[12:36:03] DISPATCH line='preflop|BIGBLIND|<1,9><0,11>'
[12:36:03] RECV raw='raise 260' buffer='raise 260'
[12:36:03] DISPATCH line='raise 260'
[12:36:03] OFFICIAL_ACTION_DELAY wait=0.239s target=0.300s
[12:36:04] SEND name=BotA hand=5 stage=preflop act_cnt=0 my_sb=100 opp_sb=260 my_chips=19900 opp_chips=19740 is_sb=False msg='raise 641'
[12:36:04] RECV raw='flop|<1,6><2,7><2,8>' buffer='flop|<1,6><2,7><2,8>'
[12:36:04] DISPATCH line='flop|<1,6><2,7><2,8>'
[12:36:04] OFFICIAL_ACTION_DELAY wait=0.228s target=0.300s
[12:36:04] SEND name=BotA hand=5 stage=flop act_cnt=0 my_sb=0 opp_sb=0 my_chips=19359 opp_chips=19740 is_sb=False msg='check'
[12:36:05] RECV raw='raise 798' buffer='raise 798'
[12:36:05] DISPATCH line='raise 798'
[12:36:05] OFFICIAL_ACTION_DELAY wait=0.199s target=0.300s
[12:36:05] SEND name=BotA hand=5 stage=flop act_cnt=1 my_sb=0 opp_sb=798 my_chips=19359 opp_chips=18942 is_sb=False msg='fold'
[12:36:08] RECV raw='earnChips -641' buffer='earnChips -641'
[12:36:08] DISPATCH line='earnChips -641'
[12:36:08] RECV raw='preflop|SMALLBLIND|<2,1><1,2>' buffer='preflop|SMALLBLIND|<2,1><1,2>'
[12:36:08] DISPATCH line='preflop|SMALLBLIND|<2,1><1,2>'
[12:36:08] OFFICIAL_ACTION_DELAY wait=0.241s target=0.300s
[12:36:08] SEND name=BotA hand=6 stage=preflop act_cnt=0 my_sb=50 opp_sb=100 my_chips=19950 opp_chips=19900 is_sb=True msg='fold'
[12:36:11] RECV raw='earnChips -50' buffer='earnChips -50'
[12:36:11] DISPATCH line='earnChips -50'
[12:36:12] RECV raw='preflop|BIGBLIND|<3,1><2,5>' buffer='preflop|BIGBLIND|<3,1><2,5>'
[12:36:12] DISPATCH line='preflop|BIGBLIND|<3,1><2,5>'
[12:36:12] RECV raw='raise 260' buffer='raise 260'
[12:36:12] DISPATCH line='raise 260'
[12:36:12] OFFICIAL_ACTION_DELAY wait=0.239s target=0.300s
[12:36:12] SEND name=BotA hand=7 stage=preflop act_cnt=0 my_sb=100 opp_sb=260 my_chips=19900 opp_chips=19740 is_sb=False msg='call'
[12:36:12] RECV raw='flop|<0,2><1,10><2,3>' buffer='flop|<0,2><1,10><2,3>'
[12:36:12] DISPATCH line='flop|<0,2><1,10><2,3>'
[12:36:12] OFFICIAL_ACTION_DELAY wait=0.229s target=0.300s
[12:36:12] SEND name=BotA hand=7 stage=flop act_cnt=0 my_sb=0 opp_sb=0 my_chips=19740 opp_chips=19740 is_sb=False msg='check'
[12:36:13] RECV raw='raise 360' buffer='raise 360'
[12:36:13] DISPATCH line='raise 360'
[12:36:13] OFFICIAL_ACTION_DELAY wait=0.201s target=0.300s
[12:36:13] SEND name=BotA hand=7 stage=flop act_cnt=1 my_sb=0 opp_sb=360 my_chips=19740 opp_chips=19380 is_sb=False msg='fold'
[12:36:16] RECV raw='earnChips -260' buffer='earnChips -260'
[12:36:16] DISPATCH line='earnChips -260'
[12:36:16] RECV raw='preflop|SMALLBLIND|<0,8><2,8>' buffer='preflop|SMALLBLIND|<0,8><2,8>'
[12:36:16] DISPATCH line='preflop|SMALLBLIND|<0,8><2,8>'
[12:36:16] OFFICIAL_ACTION_DELAY wait=0.240s target=0.300s
[12:36:17] SEND name=BotA hand=8 stage=preflop act_cnt=0 my_sb=50 opp_sb=100 my_chips=19950 opp_chips=19900 is_sb=True msg='raise 293'
[12:36:17] RECV raw='flop|<3,6><3,1><0,9>' buffer='flop|<3,6><3,1><0,9>'
[12:36:17] DISPATCH line='flop|<3,6><3,1><0,9>'
[12:36:17] RECV raw='raise 586' buffer='raise 586'
[12:36:17] DISPATCH line='raise 586'
[12:36:17] OFFICIAL_ACTION_DELAY wait=0.197s target=0.300s
[12:36:17] SEND name=BotA hand=8 stage=flop act_cnt=0 my_sb=0 opp_sb=586 my_chips=19707 opp_chips=19314 is_sb=True msg='fold'
[12:36:21] RECV raw='earnChips -293' buffer='earnChips -293'
[12:36:21] DISPATCH line='earnChips -293'
[12:36:21] RECV raw='preflop|BIGBLIND|<0,5><3,4>' buffer='preflop|BIGBLIND|<0,5><3,4>'
[12:36:21] DISPATCH line='preflop|BIGBLIND|<0,5><3,4>'
[12:36:21] RECV raw='call' buffer='call'
[12:36:21] DISPATCH line='call'
[12:36:21] OFFICIAL_ACTION_DELAY wait=0.256s target=0.300s
[12:36:21] SEND name=BotA hand=9 stage=preflop act_cnt=0 my_sb=100 opp_sb=100 my_chips=19900 opp_chips=19900 is_sb=False msg='check'
[12:36:21] RECV raw='flop|<1,1><0,6><1,8>' buffer='flop|<1,1><0,6><1,8>'
[12:36:21] DISPATCH line='flop|<1,1><0,6><1,8>'
[12:36:21] OFFICIAL_ACTION_DELAY wait=0.230s target=0.300s
[12:36:22] SEND name=BotA hand=9 stage=flop act_cnt=0 my_sb=0 opp_sb=0 my_chips=19900 opp_chips=19900 is_sb=False msg='raise 200'
[12:36:22] RECV raw='raise 800' buffer='raise 800'
[12:36:22] DISPATCH line='raise 800'
[12:36:22] OFFICIAL_ACTION_DELAY wait=0.203s target=0.300s
[12:36:22] SEND name=BotA hand=9 stage=flop act_cnt=1 my_sb=200 opp_sb=800 my_chips=19700 opp_chips=19100 is_sb=False msg='fold'
[12:36:25] RECV raw='earnChips -300' buffer='earnChips -300'
[12:36:25] DISPATCH line='earnChips -300'
[12:36:25] RECV raw='preflop|SMALLBLIND|<1,0><0,7>' buffer='preflop|SMALLBLIND|<1,0><0,7>'
[12:36:25] DISPATCH line='preflop|SMALLBLIND|<1,0><0,7>'
[12:36:25] OFFICIAL_ACTION_DELAY wait=0.241s target=0.300s
[12:36:26] SEND name=BotA hand=10 stage=preflop act_cnt=0 my_sb=50 opp_sb=100 my_chips=19950 opp_chips=19900 is_sb=True msg='call'
[12:36:26] RECV raw='raise 320' buffer='raise 320'
[12:36:26] DISPATCH line='raise 320'
[12:36:26] OFFICIAL_ACTION_DELAY wait=0.239s target=0.300s
[12:36:26] SEND name=BotA hand=10 stage=preflop act_cnt=1 my_sb=100 opp_sb=320 my_chips=19900 opp_chips=19680 is_sb=True msg='fold'
