[12:35:43] START name=BotB seat=lower host=127.0.0.1 port=36601 log=/home/zzx/project/pok/.codex_worktrees/neural-large-oppmodel/bots/neural_national_lab/data/official_platform_v146_smoke/acceptance_20260710_123540/self_play_01/botB.log
[12:35:43] RECV raw='name' buffer='name'
[12:35:43] DISPATCH line='name'
[12:35:43] SEND name_handshake name='BotB'
[12:35:43] RECV raw='preflop|SMALLBLIND|<0,3><1,1>' buffer='preflop|SMALLBLIND|<0,3><1,1>'
[12:35:43] DISPATCH line='preflop|SMALLBLIND|<0,3><1,1>'
[12:35:43] OFFICIAL_ACTION_DELAY wait=0.233s target=0.300s
[12:35:43] SEND name=BotB hand=1 stage=preflop act_cnt=0 my_sb=50 opp_sb=100 my_chips=19950 opp_chips=19900 is_sb=True msg='fold'
[12:35:48] RECV raw='earnChips -50' buffer='earnChips -50'
[12:35:48] DISPATCH line='earnChips -50'
[12:35:48] RECV raw='preflop|BIGBLIND|<1,12><3,2>' buffer='preflop|BIGBLIND|<1,12><3,2>'
[12:35:48] DISPATCH line='preflop|BIGBLIND|<1,12><3,2>'
[12:35:48] RECV raw='call' buffer='call'
[12:35:48] DISPATCH line='call'
[12:35:48] OFFICIAL_ACTION_DELAY wait=0.255s target=0.300s
[12:35:49] SEND name=BotB hand=2 stage=preflop act_cnt=0 my_sb=100 opp_sb=100 my_chips=19900 opp_chips=19900 is_sb=False msg='raise 320'
[12:35:49] RECV raw='fold' buffer='fold'
[12:35:49] DISPATCH line='fold'
[12:35:52] RECV raw='earnChips 100' buffer='earnChips 100'
[12:35:52] DISPATCH line='earnChips 100'
[12:35:52] RECV raw='preflop|SMALLBLIND|<3,1><1,1>' buffer='preflop|SMALLBLIND|<3,1><1,1>'
[12:35:52] DISPATCH line='preflop|SMALLBLIND|<3,1><1,1>'
[12:35:52] OFFICIAL_ACTION_DELAY wait=0.240s target=0.300s
[12:35:53] SEND name=BotB hand=3 stage=preflop act_cnt=0 my_sb=50 opp_sb=100 my_chips=19950 opp_chips=19900 is_sb=True msg='raise 260'
[12:35:53] RECV raw='raise 624' buffer='raise 624'
[12:35:53] DISPATCH line='raise 624'
[12:35:53] OFFICIAL_ACTION_DELAY wait=0.240s target=0.300s
[12:35:53] SEND name=BotB hand=3 stage=preflop act_cnt=1 my_sb=260 opp_sb=624 my_chips=19740 opp_chips=19376 is_sb=True msg='call'
[12:35:53] RECV raw='flop|<1,2><1,12><0,12>' buffer='flop|<1,2><1,12><0,12>'
[12:35:53] DISPATCH line='flop|<1,2><1,12><0,12>'
[12:35:53] RECV raw='check' buffer='check'
[12:35:53] DISPATCH line='check'
[12:35:53] OFFICIAL_ACTION_DELAY wait=0.230s target=0.300s
[12:35:54] SEND name=BotB hand=3 stage=flop act_cnt=0 my_sb=0 opp_sb=0 my_chips=19376 opp_chips=19376 is_sb=True msg='call'
[12:35:54] RECV raw='turn|<0,4>' buffer='turn|<0,4>'
[12:35:54] DISPATCH line='turn|<0,4>'
[12:35:54] RECV raw='check' buffer='check'
[12:35:54] DISPATCH line='check'
[12:35:54] OFFICIAL_ACTION_DELAY wait=0.202s target=0.300s
[12:35:54] SEND name=BotB hand=3 stage=turn act_cnt=0 my_sb=0 opp_sb=0 my_chips=19376 opp_chips=19376 is_sb=True msg='call'
[12:35:54] RECV raw='river|<3,12>' buffer='river|<3,12>'
[12:35:54] DISPATCH line='river|<3,12>'
[12:35:55] RECV raw='raise 1393' buffer='raise 1393'
[12:35:55] DISPATCH line='raise 1393'
[12:35:55] OFFICIAL_ACTION_DELAY wait=0.185s target=0.300s
[12:35:55] SEND name=BotB hand=3 stage=river act_cnt=0 my_sb=0 opp_sb=1393 my_chips=19376 opp_chips=17983 is_sb=True msg='call'
[12:35:58] RECV raw='earnChips -2017' buffer='earnChips -2017'
[12:35:58] DISPATCH line='earnChips -2017'
[12:35:58] RECV raw='oppo_hands|<1,4><2,7>' buffer='oppo_hands|<1,4><2,7>'
[12:35:58] DISPATCH line='oppo_hands|<1,4><2,7>'
[12:35:58] RECV raw='preflop|BIGBLIND|<3,11><3,1>' buffer='preflop|BIGBLIND|<3,11><3,1>'
[12:35:58] DISPATCH line='preflop|BIGBLIND|<3,11><3,1>'
[12:35:59] RECV raw='call' buffer='call'
[12:35:59] DISPATCH line='call'
[12:35:59] OFFICIAL_ACTION_DELAY wait=0.256s target=0.300s
[12:35:59] SEND name=BotB hand=4 stage=preflop act_cnt=0 my_sb=100 opp_sb=100 my_chips=19900 opp_chips=19900 is_sb=False msg='raise 320'
[12:35:59] RECV raw='flop|<0,9><3,8><0,11>' buffer='flop|<0,9><3,8><0,11>'
[12:35:59] DISPATCH line='flop|<0,9><3,8><0,11>'
[12:35:59] OFFICIAL_ACTION_DELAY wait=0.230s target=0.300s
[12:36:00] SEND name=BotB hand=4 stage=flop act_cnt=0 my_sb=0 opp_sb=0 my_chips=19680 opp_chips=19900 is_sb=False msg='raise 126'
[12:36:00] RECV raw='fold' buffer='fold'
[12:36:00] DISPATCH line='fold'
[12:36:03] RECV raw='earnChips 320' buffer='earnChips 320'
[12:36:03] DISPATCH line='earnChips 320'
[12:36:03] RECV raw='preflop|SMALLBLIND|<0,7><2,10>' buffer='preflop|SMALLBLIND|<0,7><2,10>'
[12:36:03] DISPATCH line='preflop|SMALLBLIND|<0,7><2,10>'
[12:36:03] OFFICIAL_ACTION_DELAY wait=0.241s target=0.300s
[12:36:03] SEND name=BotB hand=5 stage=preflop act_cnt=0 my_sb=50 opp_sb=100 my_chips=19950 opp_chips=19900 is_sb=True msg='raise 260'
[12:36:04] RECV raw='raise 641' buffer='raise 641'
[12:36:04] DISPATCH line='raise 641'
[12:36:04] OFFICIAL_ACTION_DELAY wait=0.239s target=0.300s
[12:36:04] SEND name=BotB hand=5 stage=preflop act_cnt=1 my_sb=260 opp_sb=641 my_chips=19740 opp_chips=19359 is_sb=True msg='call'
[12:36:04] RECV raw='flop|<1,6><2,7><2,8>' buffer='flop|<1,6><2,7><2,8>'
[12:36:04] DISPATCH line='flop|<1,6><2,7><2,8>'
[12:36:04] RECV raw='check' buffer='check'
[12:36:04] DISPATCH line='check'
[12:36:04] OFFICIAL_ACTION_DELAY wait=0.229s target=0.300s
[12:36:05] SEND name=BotB hand=5 stage=flop act_cnt=0 my_sb=0 opp_sb=0 my_chips=19359 opp_chips=19359 is_sb=True msg='raise 798'
[12:36:05] RECV raw='fold' buffer='fold'
[12:36:05] DISPATCH line='fold'
[12:36:08] RECV raw='earnChips 641' buffer='earnChips 641'
[12:36:08] DISPATCH line='earnChips 641'
[12:36:08] RECV raw='preflop|BIGBLIND|<0,10><0,12>' buffer='preflop|BIGBLIND|<0,10><0,12>'
[12:36:08] DISPATCH line='preflop|BIGBLIND|<0,10><0,12>'
[12:36:08] RECV raw='fold' buffer='fold'
[12:36:08] DISPATCH line='fold'
[12:36:11] RECV raw='earnChips 50' buffer='earnChips 50'
[12:36:11] DISPATCH line='earnChips 50'
[12:36:12] RECV raw='preflop|SMALLBLIND|<3,5><2,11>' buffer='preflop|SMALLBLIND|<3,5><2,11>'
[12:36:12] DISPATCH line='preflop|SMALLBLIND|<3,5><2,11>'
[12:36:12] OFFICIAL_ACTION_DELAY wait=0.241s target=0.300s
[12:36:12] SEND name=BotB hand=7 stage=preflop act_cnt=0 my_sb=50 opp_sb=100 my_chips=19950 opp_chips=19900 is_sb=True msg='raise 260'
[12:36:12] RECV raw='flop|<0,2><1,10><2,3>' buffer='flop|<0,2><1,10><2,3>'
[12:36:12] DISPATCH line='flop|<0,2><1,10><2,3>'
[12:36:12] RECV raw='check' buffer='check'
[12:36:12] DISPATCH line='check'
[12:36:13] OFFICIAL_ACTION_DELAY wait=0.229s target=0.300s
[12:36:13] SEND name=BotB hand=7 stage=flop act_cnt=0 my_sb=0 opp_sb=0 my_chips=19740 opp_chips=19900 is_sb=True msg='raise 360'
[12:36:13] RECV raw='fold' buffer='fold'
[12:36:13] DISPATCH line='fold'
[12:36:16] RECV raw='earnChips 260' buffer='earnChips 260'
[12:36:16] DISPATCH line='earnChips 260'
[12:36:16] RECV raw='preflop|BIGBLIND|<1,8><0,2>' buffer='preflop|BIGBLIND|<1,8><0,2>'
[12:36:16] DISPATCH line='preflop|BIGBLIND|<1,8><0,2>'
[12:36:17] RECV raw='raise 293' buffer='raise 293'
[12:36:17] DISPATCH line='raise 293'
[12:36:17] OFFICIAL_ACTION_DELAY wait=0.234s target=0.300s
[12:36:17] SEND name=BotB hand=8 stage=preflop act_cnt=0 my_sb=100 opp_sb=293 my_chips=19900 opp_chips=19707 is_sb=False msg='call'
[12:36:17] RECV raw='flop|<3,6><3,1><0,9>' buffer='flop|<3,6><3,1><0,9>'
[12:36:17] DISPATCH line='flop|<3,6><3,1><0,9>'
[12:36:17] OFFICIAL_ACTION_DELAY wait=0.226s target=0.300s
[12:36:17] SEND name=BotB hand=8 stage=flop act_cnt=0 my_sb=0 opp_sb=0 my_chips=19707 opp_chips=19707 is_sb=False msg='raise 586'
[12:36:18] RECV raw='fold' buffer='fold'
[12:36:18] DISPATCH line='fold'
[12:36:21] RECV raw='earnChips 293' buffer='earnChips 293'
[12:36:21] DISPATCH line='earnChips 293'
[12:36:21] RECV raw='preflop|SMALLBLIND|<2,4><2,3>' buffer='preflop|SMALLBLIND|<2,4><2,3>'
[12:36:21] DISPATCH line='preflop|SMALLBLIND|<2,4><2,3>'
[12:36:21] OFFICIAL_ACTION_DELAY wait=0.241s target=0.300s
[12:36:21] SEND name=BotB hand=9 stage=preflop act_cnt=0 my_sb=50 opp_sb=100 my_chips=19950 opp_chips=19900 is_sb=True msg='call'
[12:36:21] RECV raw='flop|<1,1><0,6><1,8>' buffer='flop|<1,1><0,6><1,8>'
[12:36:21] DISPATCH line='flop|<1,1><0,6><1,8>'
[12:36:22] RECV raw='raise 200' buffer='raise 200'
[12:36:22] DISPATCH line='raise 200'
[12:36:22] OFFICIAL_ACTION_DELAY wait=0.202s target=0.300s
[12:36:22] SEND name=BotB hand=9 stage=flop act_cnt=0 my_sb=0 opp_sb=200 my_chips=19900 opp_chips=19700 is_sb=True msg='raise 800'
[12:36:22] RECV raw='fold' buffer='fold'
[12:36:22] DISPATCH line='fold'
[12:36:25] RECV raw='earnChips 300' buffer='earnChips 300'
[12:36:25] DISPATCH line='earnChips 300'
[12:36:25] RECV raw='preflop|BIGBLIND|<0,2><3,12>' buffer='preflop|BIGBLIND|<0,2><3,12>'
[12:36:25] DISPATCH line='preflop|BIGBLIND|<0,2><3,12>'
[12:36:26] RECV raw='call' buffer='call'
[12:36:26] DISPATCH line='call'
[12:36:26] OFFICIAL_ACTION_DELAY wait=0.256s target=0.300s
[12:36:26] SEND name=BotB hand=10 stage=preflop act_cnt=0 my_sb=100 opp_sb=100 my_chips=19900 opp_chips=19900 is_sb=False msg='raise 320'
[12:36:26] RECV raw='fold' buffer='fold'
[12:36:26] DISPATCH line='fold'
