[17:08:06] START name=BotA seat=upper host=127.0.0.1 port=10001 log=/home/zzx/project/pok/bots/neural_national_lab/data/official_platform_v140_smoke/acceptance_20260709_170802/self_play_01/botA.log
[17:08:06] RECV raw='name' buffer='name'
[17:08:06] DISPATCH line='name'
[17:08:06] SEND name_handshake name='BotA'
[17:08:06] RECV raw='preflop|BIGBLIND|<3,7><0,7>' buffer='preflop|BIGBLIND|<3,7><0,7>'
[17:08:06] DISPATCH line='preflop|BIGBLIND|<3,7><0,7>'
[17:08:07] RECV raw='fold' buffer='fold'
[17:08:07] DISPATCH line='fold'
[17:08:12] RECV raw='earnChips 50' buffer='earnChips 50'
[17:08:12] DISPATCH line='earnChips 50'
[17:08:12] RECV raw='preflop|SMALLBLIND|<3,1><2,8>' buffer='preflop|SMALLBLIND|<3,1><2,8>'
[17:08:12] DISPATCH line='preflop|SMALLBLIND|<3,1><2,8>'
[17:08:12] OFFICIAL_ACTION_DELAY wait=0.203s target=0.300s
[17:08:12] SEND name=BotA hand=2 stage=preflop act_cnt=0 my_sb=50 opp_sb=100 my_chips=19950 opp_chips=19900 is_sb=True msg='call'
[17:08:12] RECV raw='raise 320' buffer='raise 320'
[17:08:12] DISPATCH line='raise 320'
[17:08:12] OFFICIAL_ACTION_DELAY wait=0.182s target=0.300s
[17:08:13] SEND name=BotA hand=2 stage=preflop act_cnt=1 my_sb=100 opp_sb=320 my_chips=19900 opp_chips=19680 is_sb=True msg='fold'
[17:08:16] RECV raw='earnChips -100' buffer='earnChips -100'
[17:08:16] DISPATCH line='earnChips -100'
[17:08:16] RECV raw='preflop|BIGBLIND|<0,1><2,12>' buffer='preflop|BIGBLIND|<0,1><2,12>'
[17:08:16] DISPATCH line='preflop|BIGBLIND|<0,1><2,12>'
[17:08:16] RECV raw='call' buffer='call'
[17:08:16] DISPATCH line='call'
[17:08:16] OFFICIAL_ACTION_DELAY wait=0.210s target=0.300s
[17:08:16] SEND name=BotA hand=3 stage=preflop act_cnt=0 my_sb=100 opp_sb=100 my_chips=19900 opp_chips=19900 is_sb=False msg='raise 320'
[17:08:17] RECV raw='fold' buffer='fold'
[17:08:17] DISPATCH line='fold'
[17:08:20] RECV raw='earnChips 100' buffer='earnChips 100'
[17:08:20] DISPATCH line='earnChips 100'
[17:08:20] RECV raw='preflop|SMALLBLIND|<1,8><3,2>' buffer='preflop|SMALLBLIND|<1,8><3,2>'
[17:08:20] DISPATCH line='preflop|SMALLBLIND|<1,8><3,2>'
[17:08:20] OFFICIAL_ACTION_DELAY wait=0.177s target=0.300s
[17:08:20] SEND name=BotA hand=4 stage=preflop act_cnt=0 my_sb=50 opp_sb=100 my_chips=19950 opp_chips=19900 is_sb=True msg='call'
[17:08:20] RECV raw='flop|<2,8><2,6><3,3>' buffer='flop|<2,8><2,6><3,3>'
[17:08:20] DISPATCH line='flop|<2,8><2,6><3,3>'
[17:08:21] RECV raw='raise 101' buffer='raise 101'
[17:08:21] DISPATCH line='raise 101'
[17:08:21] OFFICIAL_ACTION_DELAY wait=0.046s target=0.300s
[17:08:21] SEND name=BotA hand=4 stage=flop act_cnt=0 my_sb=0 opp_sb=101 my_chips=19900 opp_chips=19799 is_sb=True msg='fold'
[17:08:24] RECV raw='earnChips -100' buffer='earnChips -100'
[17:08:24] DISPATCH line='earnChips -100'
[17:08:24] RECV raw='preflop|BIGBLIND|<2,3><0,5>' buffer='preflop|BIGBLIND|<2,3><0,5>'
[17:08:24] DISPATCH line='preflop|BIGBLIND|<2,3><0,5>'
[17:08:25] RECV raw='raise 308' buffer='raise 308'
[17:08:25] DISPATCH line='raise 308'
[17:08:25] OFFICIAL_ACTION_DELAY wait=0.193s target=0.300s
[17:08:25] SEND name=BotA hand=5 stage=preflop act_cnt=0 my_sb=100 opp_sb=308 my_chips=19900 opp_chips=19692 is_sb=False msg='fold'
[17:08:28] RECV raw='earnChips -100' buffer='earnChips -100'
[17:08:28] DISPATCH line='earnChips -100'
[17:08:28] RECV raw='preflop|SMALLBLIND|<3,10><0,3>' buffer='preflop|SMALLBLIND|<3,10><0,3>'
[17:08:28] DISPATCH line='preflop|SMALLBLIND|<3,10><0,3>'
[17:08:28] OFFICIAL_ACTION_DELAY wait=0.204s target=0.300s
[17:08:28] SEND name=BotA hand=6 stage=preflop act_cnt=0 my_sb=50 opp_sb=100 my_chips=19950 opp_chips=19900 is_sb=True msg='call'
[17:08:29] RECV raw='flop|<2,0><0,9><3,7>' buffer='flop|<2,0><0,9><3,7>'
[17:08:29] DISPATCH line='flop|<2,0><0,9><3,7>'
[17:08:29] RECV raw='check' buffer='check'
[17:08:29] DISPATCH line='check'
[17:08:29] OFFICIAL_ACTION_DELAY wait=0.181s target=0.300s
[17:08:29] SEND name=BotA hand=6 stage=flop act_cnt=0 my_sb=0 opp_sb=0 my_chips=19900 opp_chips=19900 is_sb=True msg='call'
[17:08:29] RECV raw='turn|<2,7>' buffer='turn|<2,7>'
[17:08:29] DISPATCH line='turn|<2,7>'
[17:08:30] RECV raw='check' buffer='check'
[17:08:30] DISPATCH line='check'
[17:08:30] OFFICIAL_ACTION_DELAY wait=0.154s target=0.300s
[17:08:30] SEND name=BotA hand=6 stage=turn act_cnt=0 my_sb=0 opp_sb=0 my_chips=19900 opp_chips=19900 is_sb=True msg='call'
[17:08:30] RECV raw='river|<2,10>' buffer='river|<2,10>'
[17:08:30] DISPATCH line='river|<2,10>'
[17:08:30] RECV raw='check' buffer='check'
[17:08:30] DISPATCH line='check'
[17:08:30] OFFICIAL_ACTION_DELAY wait=0.173s target=0.300s
[17:08:30] SEND name=BotA hand=6 stage=river act_cnt=0 my_sb=0 opp_sb=0 my_chips=19900 opp_chips=19900 is_sb=True msg='raise 207'
[17:08:31] RECV raw='fold' buffer='fold'
[17:08:31] DISPATCH line='fold'
[17:08:34] RECV raw='earnChips 100' buffer='earnChips 100'
[17:08:34] DISPATCH line='earnChips 100'
[17:08:34] RECV raw='preflop|BIGBLIND|<3,5><1,4>' buffer='preflop|BIGBLIND|<3,5><1,4>'
[17:08:34] DISPATCH line='preflop|BIGBLIND|<3,5><1,4>'
[17:08:34] RECV raw='raise 266' buffer='raise 266'
[17:08:34] DISPATCH line='raise 266'
[17:08:34] OFFICIAL_ACTION_DELAY wait=0.201s target=0.300s
[17:08:35] SEND name=BotA hand=7 stage=preflop act_cnt=0 my_sb=100 opp_sb=266 my_chips=19900 opp_chips=19734 is_sb=False msg='call'
[17:08:35] RECV raw='flop|<2,7><1,10><3,3>' buffer='flop|<2,7><1,10><3,3>'
[17:08:35] DISPATCH line='flop|<2,7><1,10><3,3>'
[17:08:35] OFFICIAL_ACTION_DELAY wait=0.155s target=0.300s
[17:08:35] SEND name=BotA hand=7 stage=flop act_cnt=0 my_sb=0 opp_sb=0 my_chips=19734 opp_chips=19734 is_sb=False msg='check'
[17:08:35] RECV raw='turn|<0,7>' buffer='turn|<0,7>'
[17:08:35] DISPATCH line='turn|<0,7>'
[17:08:35] OFFICIAL_ACTION_DELAY wait=0.086s target=0.300s
[17:08:35] SEND name=BotA hand=7 stage=turn act_cnt=0 my_sb=0 opp_sb=0 my_chips=19734 opp_chips=19734 is_sb=False msg='check'
[17:08:36] RECV raw='river|<1,5>' buffer='river|<1,5>'
[17:08:36] DISPATCH line='river|<1,5>'
[17:08:36] OFFICIAL_ACTION_DELAY wait=0.170s target=0.300s
[17:08:36] SEND name=BotA hand=7 stage=river act_cnt=0 my_sb=0 opp_sb=0 my_chips=19734 opp_chips=19734 is_sb=False msg='check'
[17:08:39] RECV raw='earnChips 266' buffer='earnChips 266'
[17:08:39] DISPATCH line='earnChips 266'
[17:08:40] RECV raw='oppo_hands|<0,11><1,9>' buffer='oppo_hands|<0,11><1,9>'
[17:08:40] DISPATCH line='oppo_hands|<0,11><1,9>'
[17:08:40] RECV raw='preflop|SMALLBLIND|<2,12><2,0>' buffer='preflop|SMALLBLIND|<2,12><2,0>'
[17:08:40] DISPATCH line='preflop|SMALLBLIND|<2,12><2,0>'
[17:08:40] OFFICIAL_ACTION_DELAY wait=0.196s target=0.300s
[17:08:40] SEND name=BotA hand=8 stage=preflop act_cnt=0 my_sb=50 opp_sb=100 my_chips=19950 opp_chips=19900 is_sb=True msg='raise 262'
[17:08:40] RECV raw='flop|<2,7><0,12><0,6>' buffer='flop|<2,7><0,12><0,6>'
[17:08:40] DISPATCH line='flop|<2,7><0,12><0,6>'
[17:08:41] RECV raw='raise 413' buffer='raise 413'
[17:08:41] DISPATCH line='raise 413'
[17:08:41] OFFICIAL_ACTION_DELAY wait=0.148s target=0.300s
[17:08:41] SEND name=BotA hand=8 stage=flop act_cnt=0 my_sb=0 opp_sb=413 my_chips=19738 opp_chips=19487 is_sb=True msg='fold'
[17:08:44] RECV raw='earnChips -262' buffer='earnChips -262'
[17:08:44] DISPATCH line='earnChips -262'
[17:08:44] RECV raw='preflop|BIGBLIND|<3,12><3,3>' buffer='preflop|BIGBLIND|<3,12><3,3>'
[17:08:44] DISPATCH line='preflop|BIGBLIND|<3,12><3,3>'
[17:08:45] RECV raw='call' buffer='call'
[17:08:45] DISPATCH line='call'
[17:08:45] OFFICIAL_ACTION_DELAY wait=0.225s target=0.300s
[17:08:45] SEND name=BotA hand=9 stage=preflop act_cnt=0 my_sb=100 opp_sb=100 my_chips=19900 opp_chips=19900 is_sb=False msg='raise 320'
[17:08:45] RECV raw='fold' buffer='fold'
[17:08:45] DISPATCH line='fold'
[17:08:48] RECV raw='earnChips 100' buffer='earnChips 100'
[17:08:48] DISPATCH line='earnChips 100'
[17:08:48] RECV raw='preflop|SMALLBLIND|<0,7><0,5>' buffer='preflop|SMALLBLIND|<0,7><0,5>'
[17:08:48] DISPATCH line='preflop|SMALLBLIND|<0,7><0,5>'
[17:08:48] OFFICIAL_ACTION_DELAY wait=0.188s target=0.300s
[17:08:49] SEND name=BotA hand=10 stage=preflop act_cnt=0 my_sb=50 opp_sb=100 my_chips=19950 opp_chips=19900 is_sb=True msg='call'
[17:08:49] RECV raw='raise 320' buffer='raise 320'
[17:08:49] DISPATCH line='raise 320'
[17:08:49] OFFICIAL_ACTION_DELAY wait=0.152s target=0.300s
[17:08:49] SEND name=BotA hand=10 stage=preflop act_cnt=1 my_sb=100 opp_sb=320 my_chips=19900 opp_chips=19680 is_sb=True msg='fold'
