[22:40:48] START name=BotB seat=lower host=127.0.0.1 port=10001 log=/home/zzx/project/pok/.codex_worktrees/neural-v142/bots/neural_national_lab/data/official_platform_v142_smoke/acceptance_20260709_224043/self_play_01/botB.log
[22:40:48] RECV raw='name' buffer='name'
[22:40:48] DISPATCH line='name'
[22:40:48] SEND name_handshake name='BotB'
[22:40:48] RECV raw='preflop|SMALLBLIND|<3,11><0,5>' buffer='preflop|SMALLBLIND|<3,11><0,5>'
[22:40:48] DISPATCH line='preflop|SMALLBLIND|<3,11><0,5>'
[22:40:48] OFFICIAL_ACTION_DELAY wait=0.195s target=0.300s
[22:40:48] SEND name=BotB hand=1 stage=preflop act_cnt=0 my_sb=50 opp_sb=100 my_chips=19950 opp_chips=19900 is_sb=True msg='call'
[22:40:48] RECV raw='raise 320' buffer='raise 320'
[22:40:48] DISPATCH line='raise 320'
[22:40:48] OFFICIAL_ACTION_DELAY wait=0.166s target=0.300s
[22:40:49] SEND name=BotB hand=1 stage=preflop act_cnt=1 my_sb=100 opp_sb=320 my_chips=19900 opp_chips=19680 is_sb=True msg='call'
[22:40:49] RECV raw='flop|<2,2><1,12><0,3>' buffer='flop|<2,2><1,12><0,3>'
[22:40:49] DISPATCH line='flop|<2,2><1,12><0,3>'
[22:40:49] RECV raw='check' buffer='check'
[22:40:49] DISPATCH line='check'
[22:40:49] OFFICIAL_ACTION_DELAY wait=0.193s target=0.300s
[22:40:49] SEND name=BotB hand=1 stage=flop act_cnt=0 my_sb=0 opp_sb=0 my_chips=19680 opp_chips=19680 is_sb=True msg='call'
[22:40:49] RECV raw='turn|<0,8>' buffer='turn|<0,8>'
[22:40:49] DISPATCH line='turn|<0,8>'
[22:40:49] RECV raw='check' buffer='check'
[22:40:49] DISPATCH line='check'
[22:40:50] OFFICIAL_ACTION_DELAY wait=0.133s target=0.300s
[22:40:50] SEND name=BotB hand=1 stage=turn act_cnt=0 my_sb=0 opp_sb=0 my_chips=19680 opp_chips=19680 is_sb=True msg='raise 169'
[22:40:50] RECV raw='fold' buffer='fold'
[22:40:50] DISPATCH line='fold'
[22:40:53] RECV raw='earnChips 320' buffer='earnChips 320'
[22:40:53] DISPATCH line='earnChips 320'
[22:40:53] RECV raw='preflop|BIGBLIND|<0,7><2,7>' buffer='preflop|BIGBLIND|<0,7><2,7>'
[22:40:53] DISPATCH line='preflop|BIGBLIND|<0,7><2,7>'
[22:40:54] RECV raw='fold' buffer='fold'
[22:40:54] DISPATCH line='fold'
[22:40:57] RECV raw='earnChips 50' buffer='earnChips 50'
[22:40:57] DISPATCH line='earnChips 50'
[22:40:57] RECV raw='preflop|SMALLBLIND|<2,9><0,6>' buffer='preflop|SMALLBLIND|<2,9><0,6>'
[22:40:57] DISPATCH line='preflop|SMALLBLIND|<2,9><0,6>'
[22:40:57] OFFICIAL_ACTION_DELAY wait=0.153s target=0.300s
[22:40:57] SEND name=BotB hand=3 stage=preflop act_cnt=0 my_sb=50 opp_sb=100 my_chips=19950 opp_chips=19900 is_sb=True msg='call'
[22:40:57] RECV raw='flop|<1,6><3,3><2,8>' buffer='flop|<1,6><3,3><2,8>'
[22:40:57] DISPATCH line='flop|<1,6><3,3><2,8>'
[22:40:58] RECV raw='check' buffer='check'
[22:40:58] DISPATCH line='check'
[22:40:58] OFFICIAL_ACTION_DELAY wait=0.121s target=0.300s
[22:40:58] SEND name=BotB hand=3 stage=flop act_cnt=0 my_sb=0 opp_sb=0 my_chips=19900 opp_chips=19900 is_sb=True msg='raise 131'
[22:40:58] RECV raw='fold' buffer='fold'
[22:40:58] DISPATCH line='fold'
[22:41:01] RECV raw='earnChips 100' buffer='earnChips 100'
[22:41:01] DISPATCH line='earnChips 100'
[22:41:02] RECV raw='preflop|BIGBLIND|<3,5><2,7>' buffer='preflop|BIGBLIND|<3,5><2,7>'
[22:41:02] DISPATCH line='preflop|BIGBLIND|<3,5><2,7>'
[22:41:02] RECV raw='call' buffer='call'
[22:41:02] DISPATCH line='call'
[22:41:02] OFFICIAL_ACTION_DELAY wait=0.190s target=0.300s
[22:41:02] SEND name=BotB hand=4 stage=preflop act_cnt=0 my_sb=100 opp_sb=100 my_chips=19900 opp_chips=19900 is_sb=False msg='check'
[22:41:02] RECV raw='flop|<3,2><3,3><3,11>' buffer='flop|<3,2><3,3><3,11>'
[22:41:02] DISPATCH line='flop|<3,2><3,3><3,11>'
[22:41:02] OFFICIAL_ACTION_DELAY wait=0.185s target=0.300s
[22:41:02] SEND name=BotB hand=4 stage=flop act_cnt=0 my_sb=0 opp_sb=0 my_chips=19900 opp_chips=19900 is_sb=False msg='check'
[22:41:03] RECV raw='turn|<0,4>' buffer='turn|<0,4>'
[22:41:03] DISPATCH line='turn|<0,4>'
[22:41:03] OFFICIAL_ACTION_DELAY wait=0.146s target=0.300s
[22:41:03] SEND name=BotB hand=4 stage=turn act_cnt=0 my_sb=0 opp_sb=0 my_chips=19900 opp_chips=19900 is_sb=False msg='check'
[22:41:03] RECV raw='raise 101' buffer='raise 101'
[22:41:03] DISPATCH line='raise 101'
[22:41:04] OFFICIAL_ACTION_DELAY wait=0.001s target=0.300s
[22:41:04] SEND name=BotB hand=4 stage=turn act_cnt=1 my_sb=0 opp_sb=101 my_chips=19900 opp_chips=19799 is_sb=False msg='fold'
[22:41:07] RECV raw='earnChips -100' buffer='earnChips -100'
[22:41:07] DISPATCH line='earnChips -100'
[22:41:07] RECV raw='preflop|SMALLBLIND|<0,1><0,9>' buffer='preflop|SMALLBLIND|<0,1><0,9>'
[22:41:07] DISPATCH line='preflop|SMALLBLIND|<0,1><0,9>'
[22:41:07] OFFICIAL_ACTION_DELAY wait=0.155s target=0.300s
[22:41:07] SEND name=BotB hand=5 stage=preflop act_cnt=0 my_sb=50 opp_sb=100 my_chips=19950 opp_chips=19900 is_sb=True msg='call'
[22:41:07] RECV raw='raise 320' buffer='raise 320'
[22:41:07] DISPATCH line='raise 320'
[22:41:08] OFFICIAL_ACTION_DELAY wait=0.152s target=0.300s
[22:41:08] SEND name=BotB hand=5 stage=preflop act_cnt=1 my_sb=100 opp_sb=320 my_chips=19900 opp_chips=19680 is_sb=True msg='fold'
[22:41:11] RECV raw='earnChips -100' buffer='earnChips -100'
[22:41:11] DISPATCH line='earnChips -100'
[22:41:11] RECV raw='preflop|BIGBLIND|<2,4><2,8>' buffer='preflop|BIGBLIND|<2,4><2,8>'
[22:41:11] DISPATCH line='preflop|BIGBLIND|<2,4><2,8>'
[22:41:11] RECV raw='raise 260' buffer='raise 260'
[22:41:11] DISPATCH line='raise 260'
[22:41:11] OFFICIAL_ACTION_DELAY wait=0.203s target=0.300s
[22:41:12] SEND name=BotB hand=6 stage=preflop act_cnt=0 my_sb=100 opp_sb=260 my_chips=19900 opp_chips=19740 is_sb=False msg='call'
[22:41:12] RECV raw='flop|<1,9><3,12><0,4>' buffer='flop|<1,9><3,12><0,4>'
[22:41:12] DISPATCH line='flop|<1,9><3,12><0,4>'
[22:41:12] OFFICIAL_ACTION_DELAY wait=0.124s target=0.300s
[22:41:12] SEND name=BotB hand=6 stage=flop act_cnt=0 my_sb=0 opp_sb=0 my_chips=19740 opp_chips=19740 is_sb=False msg='check'
[22:41:12] RECV raw='turn|<3,5>' buffer='turn|<3,5>'
[22:41:12] DISPATCH line='turn|<3,5>'
[22:41:12] OFFICIAL_ACTION_DELAY wait=0.146s target=0.300s
[22:41:12] SEND name=BotB hand=6 stage=turn act_cnt=0 my_sb=0 opp_sb=0 my_chips=19740 opp_chips=19740 is_sb=False msg='check'
[22:41:13] RECV raw='raise 101' buffer='raise 101'
[22:41:13] DISPATCH line='raise 101'
[22:41:13] OFFICIAL_ACTION_DELAY wait=0.100s target=0.300s
[22:41:13] SEND name=BotB hand=6 stage=turn act_cnt=1 my_sb=0 opp_sb=101 my_chips=19740 opp_chips=19639 is_sb=False msg='fold'
[22:41:16] RECV raw='earnChips -260' buffer='earnChips -260'
[22:41:16] DISPATCH line='earnChips -260'
[22:41:16] RECV raw='preflop|SMALLBLIND|<3,12><0,10>' buffer='preflop|SMALLBLIND|<3,12><0,10>'
[22:41:16] DISPATCH line='preflop|SMALLBLIND|<3,12><0,10>'
[22:41:16] OFFICIAL_ACTION_DELAY wait=0.207s target=0.300s
[22:41:17] SEND name=BotB hand=7 stage=preflop act_cnt=0 my_sb=50 opp_sb=100 my_chips=19950 opp_chips=19900 is_sb=True msg='raise 283'
[22:41:17] RECV raw='flop|<1,6><0,7><1,0>' buffer='flop|<1,6><0,7><1,0>'
[22:41:17] DISPATCH line='flop|<1,6><0,7><1,0>'
[22:41:17] RECV raw='check' buffer='check'
[22:41:17] DISPATCH line='check'
[22:41:17] OFFICIAL_ACTION_DELAY wait=0.191s target=0.300s
[22:41:17] SEND name=BotB hand=7 stage=flop act_cnt=0 my_sb=0 opp_sb=0 my_chips=19717 opp_chips=19900 is_sb=True msg='raise 210'
[22:41:18] RECV raw='fold' buffer='fold'
[22:41:18] DISPATCH line='fold'
[22:41:21] RECV raw='earnChips 283' buffer='earnChips 283'
[22:41:21] DISPATCH line='earnChips 283'
[22:41:21] RECV raw='preflop|BIGBLIND|<0,3><3,6>' buffer='preflop|BIGBLIND|<0,3><3,6>'
[22:41:21] DISPATCH line='preflop|BIGBLIND|<0,3><3,6>'
[22:41:21] RECV raw='call' buffer='call'
[22:41:21] DISPATCH line='call'
[22:41:21] OFFICIAL_ACTION_DELAY wait=0.197s target=0.300s
[22:41:22] SEND name=BotB hand=8 stage=preflop act_cnt=0 my_sb=100 opp_sb=100 my_chips=19900 opp_chips=19900 is_sb=False msg='check'
[22:41:22] RECV raw='flop|<2,11><2,4><3,4>' buffer='flop|<2,11><2,4><3,4>'
[22:41:22] DISPATCH line='flop|<2,11><2,4><3,4>'
[22:41:22] OFFICIAL_ACTION_DELAY wait=0.190s target=0.300s
[22:41:22] SEND name=BotB hand=8 stage=flop act_cnt=0 my_sb=0 opp_sb=0 my_chips=19900 opp_chips=19900 is_sb=False msg='check'
[22:41:22] RECV raw='raise 135' buffer='raise 135'
[22:41:22] DISPATCH line='raise 135'
[22:41:22] OFFICIAL_ACTION_DELAY wait=0.072s target=0.300s
[22:41:22] SEND name=BotB hand=8 stage=flop act_cnt=1 my_sb=0 opp_sb=135 my_chips=19900 opp_chips=19765 is_sb=False msg='fold'
[22:41:26] RECV raw='earnChips -100' buffer='earnChips -100'
[22:41:26] DISPATCH line='earnChips -100'
[22:41:26] RECV raw='preflop|SMALLBLIND|<1,12><1,8>' buffer='preflop|SMALLBLIND|<1,12><1,8>'
[22:41:26] DISPATCH line='preflop|SMALLBLIND|<1,12><1,8>'
[22:41:26] OFFICIAL_ACTION_DELAY wait=0.153s target=0.300s
[22:41:26] SEND name=BotB hand=9 stage=preflop act_cnt=0 my_sb=50 opp_sb=100 my_chips=19950 opp_chips=19900 is_sb=True msg='raise 282'
[22:41:26] RECV raw='flop|<2,6><0,12><3,8>' buffer='flop|<2,6><0,12><3,8>'
[22:41:26] DISPATCH line='flop|<2,6><0,12><3,8>'
[22:41:27] RECV raw='check' buffer='check'
[22:41:27] DISPATCH line='check'
[22:41:27] OFFICIAL_ACTION_DELAY wait=0.118s target=0.300s
[22:41:27] SEND name=BotB hand=9 stage=flop act_cnt=0 my_sb=0 opp_sb=0 my_chips=19718 opp_chips=19900 is_sb=True msg='raise 368'
[22:41:27] RECV raw='fold' buffer='fold'
[22:41:27] DISPATCH line='fold'
[22:41:30] RECV raw='earnChips 282' buffer='earnChips 282'
[22:41:30] DISPATCH line='earnChips 282'
[22:41:30] RECV raw='preflop|BIGBLIND|<3,2><3,7>' buffer='preflop|BIGBLIND|<3,2><3,7>'
[22:41:30] DISPATCH line='preflop|BIGBLIND|<3,2><3,7>'
[22:41:31] RECV raw='call' buffer='call'
[22:41:31] DISPATCH line='call'
[22:41:31] OFFICIAL_ACTION_DELAY wait=0.193s target=0.300s
[22:41:31] SEND name=BotB hand=10 stage=preflop act_cnt=0 my_sb=100 opp_sb=100 my_chips=19900 opp_chips=19900 is_sb=False msg='check'
[22:41:31] RECV raw='flop|<3,10><1,2><3,4>' buffer='flop|<3,10><1,2><3,4>'
[22:41:31] DISPATCH line='flop|<3,10><1,2><3,4>'
[22:41:31] OFFICIAL_ACTION_DELAY wait=0.125s target=0.300s
[22:41:31] SEND name=BotB hand=10 stage=flop act_cnt=0 my_sb=0 opp_sb=0 my_chips=19900 opp_chips=19900 is_sb=False msg='raise 164'
[22:41:32] RECV raw='fold' buffer='fold'
[22:41:32] DISPATCH line='fold'
[22:41:35] RECV raw='earnChips 100' buffer='earnChips 100'
[22:41:35] DISPATCH line='earnChips 100'
[22:41:35] RECV raw='preflop|SMALLBLIND|<0,10><1,8>' buffer='preflop|SMALLBLIND|<0,10><1,8>'
[22:41:35] DISPATCH line='preflop|SMALLBLIND|<0,10><1,8>'
[22:41:35] OFFICIAL_ACTION_DELAY wait=0.201s target=0.300s
[22:41:35] SEND name=BotB hand=11 stage=preflop act_cnt=0 my_sb=50 opp_sb=100 my_chips=19950 opp_chips=19900 is_sb=True msg='raise 261'
[22:41:35] RECV raw='flop|<2,6><3,12><2,0>' buffer='flop|<2,6><3,12><2,0>'
[22:41:35] DISPATCH line='flop|<2,6><3,12><2,0>'
[22:41:36] RECV raw='check' buffer='check'
[22:41:36] DISPATCH line='check'
[22:41:36] OFFICIAL_ACTION_DELAY wait=0.123s target=0.300s
[22:41:36] SEND name=BotB hand=11 stage=flop act_cnt=0 my_sb=0 opp_sb=0 my_chips=19739 opp_chips=19900 is_sb=True msg='raise 101'
[22:41:36] RECV raw='fold' buffer='fold'
[22:41:36] DISPATCH line='fold'
[22:41:39] RECV raw='earnChips 261' buffer='earnChips 261'
[22:41:39] DISPATCH line='earnChips 261'
[22:41:40] RECV raw='preflop|BIGBLIND|<1,1><3,10>' buffer='preflop|BIGBLIND|<1,1><3,10>'
[22:41:40] DISPATCH line='preflop|BIGBLIND|<1,1><3,10>'
[22:41:40] RECV raw='raise 265' buffer='raise 265'
[22:41:40] DISPATCH line='raise 265'
[22:41:40] OFFICIAL_ACTION_DELAY wait=0.150s target=0.300s
[22:41:40] SEND name=BotB hand=12 stage=preflop act_cnt=0 my_sb=100 opp_sb=265 my_chips=19900 opp_chips=19735 is_sb=False msg='call'
[22:41:40] RECV raw='flop|<0,6><3,12><0,3>' buffer='flop|<0,6><3,12><0,3>'
[22:41:40] DISPATCH line='flop|<0,6><3,12><0,3>'
[22:41:40] OFFICIAL_ACTION_DELAY wait=0.140s target=0.300s
[22:41:40] SEND name=BotB hand=12 stage=flop act_cnt=0 my_sb=0 opp_sb=0 my_chips=19735 opp_chips=19735 is_sb=False msg='check'
[22:41:41] RECV raw='turn|<3,7>' buffer='turn|<3,7>'
[22:41:41] DISPATCH line='turn|<3,7>'
[22:41:41] OFFICIAL_ACTION_DELAY wait=0.149s target=0.300s
[22:41:41] SEND name=BotB hand=12 stage=turn act_cnt=0 my_sb=0 opp_sb=0 my_chips=19735 opp_chips=19735 is_sb=False msg='check'
[22:41:41] RECV raw='raise 101' buffer='raise 101'
[22:41:41] DISPATCH line='raise 101'
[22:41:42] SEND name=BotB hand=12 stage=turn act_cnt=1 my_sb=0 opp_sb=101 my_chips=19735 opp_chips=19634 is_sb=False msg='fold'
[22:41:45] RECV raw='earnChips -265' buffer='earnChips -265'
[22:41:45] DISPATCH line='earnChips -265'
[22:41:45] RECV raw='preflop|SMALLBLIND|<1,9><1,7>' buffer='preflop|SMALLBLIND|<1,9><1,7>'
[22:41:45] DISPATCH line='preflop|SMALLBLIND|<1,9><1,7>'
[22:41:45] OFFICIAL_ACTION_DELAY wait=0.191s target=0.300s
[22:41:45] SEND name=BotB hand=13 stage=preflop act_cnt=0 my_sb=50 opp_sb=100 my_chips=19950 opp_chips=19900 is_sb=True msg='call'
[22:41:45] RECV raw='raise 320' buffer='raise 320'
[22:41:45] DISPATCH line='raise 320'
[22:41:46] OFFICIAL_ACTION_DELAY wait=0.201s target=0.300s
[22:41:46] SEND name=BotB hand=13 stage=preflop act_cnt=1 my_sb=100 opp_sb=320 my_chips=19900 opp_chips=19680 is_sb=True msg='call'
[22:41:46] RECV raw='flop|<0,1><0,10><2,4>' buffer='flop|<0,1><0,10><2,4>'
[22:41:46] DISPATCH line='flop|<0,1><0,10><2,4>'
[22:41:46] RECV raw='raise 314' buffer='raise 314'
[22:41:46] DISPATCH line='raise 314'
[22:41:46] OFFICIAL_ACTION_DELAY wait=0.131s target=0.300s
[22:41:46] SEND name=BotB hand=13 stage=flop act_cnt=0 my_sb=0 opp_sb=314 my_chips=19680 opp_chips=19366 is_sb=True msg='fold'
[22:41:49] RECV raw='earnChips -320' buffer='earnChips -320'
[22:41:49] DISPATCH line='earnChips -320'
[22:41:50] RECV raw='preflop|BIGBLIND|<2,5><0,8>' buffer='preflop|BIGBLIND|<2,5><0,8>'
[22:41:50] DISPATCH line='preflop|BIGBLIND|<2,5><0,8>'
[22:41:50] RECV raw='raise 274' buffer='raise 274'
[22:41:50] DISPATCH line='raise 274'
[22:41:50] OFFICIAL_ACTION_DELAY wait=0.157s target=0.300s
[22:41:50] SEND name=BotB hand=14 stage=preflop act_cnt=0 my_sb=100 opp_sb=274 my_chips=19900 opp_chips=19726 is_sb=False msg='call'
[22:41:50] RECV raw='flop|<3,5><0,10><1,7>' buffer='flop|<3,5><0,10><1,7>'
[22:41:50] DISPATCH line='flop|<3,5><0,10><1,7>'
[22:41:50] OFFICIAL_ACTION_DELAY wait=0.119s target=0.300s
[22:41:50] SEND name=BotB hand=14 stage=flop act_cnt=0 my_sb=0 opp_sb=0 my_chips=19726 opp_chips=19726 is_sb=False msg='raise 356'
[22:41:51] RECV raw='fold' buffer='fold'
[22:41:51] DISPATCH line='fold'
[22:41:54] RECV raw='earnChips 274' buffer='earnChips 274'
[22:41:54] DISPATCH line='earnChips 274'
[22:41:54] RECV raw='preflop|SMALLBLIND|<1,8><1,7>' buffer='preflop|SMALLBLIND|<1,8><1,7>'
[22:41:54] DISPATCH line='preflop|SMALLBLIND|<1,8><1,7>'
[22:41:54] OFFICIAL_ACTION_DELAY wait=0.156s target=0.300s
[22:41:54] SEND name=BotB hand=15 stage=preflop act_cnt=0 my_sb=50 opp_sb=100 my_chips=19950 opp_chips=19900 is_sb=True msg='call'
[22:41:55] RECV raw='raise 320' buffer='raise 320'
[22:41:55] DISPATCH line='raise 320'
[22:41:55] OFFICIAL_ACTION_DELAY wait=0.151s target=0.300s
[22:41:55] SEND name=BotB hand=15 stage=preflop act_cnt=1 my_sb=100 opp_sb=320 my_chips=19900 opp_chips=19680 is_sb=True msg='call'
[22:41:55] RECV raw='flop|<2,6><3,3><3,9>' buffer='flop|<2,6><3,3><3,9>'
[22:41:55] DISPATCH line='flop|<2,6><3,3><3,9>'
[22:41:55] RECV raw='check' buffer='check'
[22:41:55] DISPATCH line='check'
[22:41:55] OFFICIAL_ACTION_DELAY wait=0.123s target=0.300s
[22:41:55] SEND name=BotB hand=15 stage=flop act_cnt=0 my_sb=0 opp_sb=0 my_chips=19680 opp_chips=19680 is_sb=True msg='raise 163'
[22:41:56] RECV raw='raise 758' buffer='raise 758'
[22:41:56] DISPATCH line='raise 758'
[22:41:56] OFFICIAL_ACTION_DELAY wait=0.045s target=0.300s
[22:41:56] SEND name=BotB hand=15 stage=flop act_cnt=1 my_sb=163 opp_sb=758 my_chips=19517 opp_chips=18922 is_sb=True msg='fold'
[22:41:59] RECV raw='earnChips -483' buffer='earnChips -483'
[22:41:59] DISPATCH line='earnChips -483'
[22:41:59] RECV raw='preflop|BIGBLIND|<1,4><0,9>' buffer='preflop|BIGBLIND|<1,4><0,9>'
[22:41:59] DISPATCH line='preflop|BIGBLIND|<1,4><0,9>'
[22:42:00] RECV raw='call' buffer='call'
[22:42:00] DISPATCH line='call'
[22:42:00] OFFICIAL_ACTION_DELAY wait=0.227s target=0.300s
[22:42:00] SEND name=BotB hand=16 stage=preflop act_cnt=0 my_sb=100 opp_sb=100 my_chips=19900 opp_chips=19900 is_sb=False msg='check'
[22:42:00] RECV raw='flop|<2,3><0,7><0,4>' buffer='flop|<2,3><0,7><0,4>'
[22:42:00] DISPATCH line='flop|<2,3><0,7><0,4>'
[22:42:00] OFFICIAL_ACTION_DELAY wait=0.189s target=0.300s
[22:42:00] SEND name=BotB hand=16 stage=flop act_cnt=0 my_sb=0 opp_sb=0 my_chips=19900 opp_chips=19900 is_sb=False msg='raise 139'
[22:42:01] RECV raw='fold' buffer='fold'
[22:42:01] DISPATCH line='fold'
[22:42:04] RECV raw='earnChips 100' buffer='earnChips 100'
[22:42:04] DISPATCH line='earnChips 100'
[22:42:04] RECV raw='preflop|SMALLBLIND|<2,7><2,5>' buffer='preflop|SMALLBLIND|<2,7><2,5>'
[22:42:04] DISPATCH line='preflop|SMALLBLIND|<2,7><2,5>'
[22:42:04] OFFICIAL_ACTION_DELAY wait=0.155s target=0.300s
[22:42:04] SEND name=BotB hand=17 stage=preflop act_cnt=0 my_sb=50 opp_sb=100 my_chips=19950 opp_chips=19900 is_sb=True msg='call'
[22:42:04] RECV raw='raise 322' buffer='raise 322'
[22:42:04] DISPATCH line='raise 322'
[22:42:04] OFFICIAL_ACTION_DELAY wait=0.151s target=0.300s
[22:42:05] SEND name=BotB hand=17 stage=preflop act_cnt=1 my_sb=100 opp_sb=322 my_chips=19900 opp_chips=19678 is_sb=True msg='fold'
[22:42:08] RECV raw='earnChips -100' buffer='earnChips -100'
[22:42:08] DISPATCH line='earnChips -100'
[22:42:08] RECV raw='preflop|BIGBLIND|<1,2><0,9>' buffer='preflop|BIGBLIND|<1,2><0,9>'
[22:42:08] DISPATCH line='preflop|BIGBLIND|<1,2><0,9>'
[22:42:08] RECV raw='fold' buffer='fold'
[22:42:08] DISPATCH line='fold'
[22:42:11] RECV raw='earnChips 50' buffer='earnChips 50'
[22:42:11] DISPATCH line='earnChips 50'
[22:42:11] RECV raw='preflop|SMALLBLIND|<0,4><1,2>' buffer='preflop|SMALLBLIND|<0,4><1,2>'
[22:42:11] DISPATCH line='preflop|SMALLBLIND|<0,4><1,2>'
[22:42:11] OFFICIAL_ACTION_DELAY wait=0.151s target=0.300s
[22:42:12] SEND name=BotB hand=19 stage=preflop act_cnt=0 my_sb=50 opp_sb=100 my_chips=19950 opp_chips=19900 is_sb=True msg='fold'
[22:42:15] RECV raw='earnChips -50' buffer='earnChips -50'
[22:42:15] DISPATCH line='earnChips -50'
[22:42:15] RECV raw='preflop|BIGBLIND|<3,12><3,1>' buffer='preflop|BIGBLIND|<3,12><3,1>'
[22:42:15] DISPATCH line='preflop|BIGBLIND|<3,12><3,1>'
[22:42:15] RECV raw='raise 284' buffer='raise 284'
[22:42:15] DISPATCH line='raise 284'
[22:42:15] OFFICIAL_ACTION_DELAY wait=0.151s target=0.300s
[22:42:15] SEND name=BotB hand=20 stage=preflop act_cnt=0 my_sb=100 opp_sb=284 my_chips=19900 opp_chips=19716 is_sb=False msg='raise 681'
[22:42:16] RECV raw='flop|<2,0><2,7><1,0>' buffer='flop|<2,0><2,7><1,0>'
[22:42:16] DISPATCH line='flop|<2,0><2,7><1,0>'
[22:42:16] OFFICIAL_ACTION_DELAY wait=0.188s target=0.300s
[22:42:16] SEND name=BotB hand=20 stage=flop act_cnt=0 my_sb=0 opp_sb=0 my_chips=19319 opp_chips=19716 is_sb=False msg='check'
[22:42:16] RECV raw='raise 585' buffer='raise 585'
[22:42:16] DISPATCH line='raise 585'
[22:42:17] OFFICIAL_ACTION_DELAY wait=0.142s target=0.300s
[22:42:17] SEND name=BotB hand=20 stage=flop act_cnt=1 my_sb=0 opp_sb=585 my_chips=19319 opp_chips=19131 is_sb=False msg='fold'
[22:42:20] RECV raw='earnChips -681' buffer='earnChips -681'
[22:42:20] DISPATCH line='earnChips -681'
[22:42:20] RECV raw='preflop|SMALLBLIND|<0,3><1,3>' buffer='preflop|SMALLBLIND|<0,3><1,3>'
[22:42:20] DISPATCH line='preflop|SMALLBLIND|<0,3><1,3>'
[22:42:20] OFFICIAL_ACTION_DELAY wait=0.157s target=0.300s
[22:42:20] SEND name=BotB hand=21 stage=preflop act_cnt=0 my_sb=50 opp_sb=100 my_chips=19950 opp_chips=19900 is_sb=True msg='raise 289'
[22:42:20] RECV raw='raise 693' buffer='raise 693'
[22:42:20] DISPATCH line='raise 693'
[22:42:21] OFFICIAL_ACTION_DELAY wait=0.193s target=0.300s
[22:42:21] SEND name=BotB hand=21 stage=preflop act_cnt=1 my_sb=289 opp_sb=693 my_chips=19711 opp_chips=19307 is_sb=True msg='call'
[22:42:21] RECV raw='flop|<2,10><3,2><2,4>' buffer='flop|<2,10><3,2><2,4>'
[22:42:21] DISPATCH line='flop|<2,10><3,2><2,4>'
[22:42:21] RECV raw='raise 294' buffer='raise 294'
[22:42:21] DISPATCH line='raise 294'
[22:42:21] OFFICIAL_ACTION_DELAY wait=0.163s target=0.300s
[22:42:21] SEND name=BotB hand=21 stage=flop act_cnt=0 my_sb=0 opp_sb=294 my_chips=19307 opp_chips=19013 is_sb=True msg='call'
[22:42:21] RECV raw='turn|<2,1>' buffer='turn|<2,1>'
[22:42:21] DISPATCH line='turn|<2,1>'
[22:42:22] RECV raw='raise 382' buffer='raise 382'
[22:42:22] DISPATCH line='raise 382'
[22:42:22] OFFICIAL_ACTION_DELAY wait=0.038s target=0.300s
[22:42:22] SEND name=BotB hand=21 stage=turn act_cnt=0 my_sb=0 opp_sb=382 my_chips=19013 opp_chips=18631 is_sb=True msg='fold'
[22:42:25] RECV raw='earnChips -987' buffer='earnChips -987'
[22:42:25] DISPATCH line='earnChips -987'
[22:42:25] RECV raw='preflop|BIGBLIND|<0,12><3,5>' buffer='preflop|BIGBLIND|<0,12><3,5>'
[22:42:25] DISPATCH line='preflop|BIGBLIND|<0,12><3,5>'
[22:42:25] RECV raw='call' buffer='call'
[22:42:25] DISPATCH line='call'
[22:42:26] OFFICIAL_ACTION_DELAY wait=0.197s target=0.300s
[22:42:26] SEND name=BotB hand=22 stage=preflop act_cnt=0 my_sb=100 opp_sb=100 my_chips=19900 opp_chips=19900 is_sb=False msg='raise 320'
[22:42:26] RECV raw='flop|<3,2><3,12><0,10>' buffer='flop|<3,2><3,12><0,10>'
[22:42:26] DISPATCH line='flop|<3,2><3,12><0,10>'
[22:42:26] OFFICIAL_ACTION_DELAY wait=0.124s target=0.300s
[22:42:26] SEND name=BotB hand=22 stage=flop act_cnt=0 my_sb=0 opp_sb=0 my_chips=19680 opp_chips=19900 is_sb=False msg='raise 126'
[22:42:27] RECV raw='fold' buffer='fold'
[22:42:27] DISPATCH line='fold'
[22:42:30] RECV raw='earnChips 320' buffer='earnChips 320'
[22:42:30] DISPATCH line='earnChips 320'
[22:42:30] RECV raw='preflop|SMALLBLIND|<1,2><2,1>' buffer='preflop|SMALLBLIND|<1,2><2,1>'
[22:42:30] DISPATCH line='preflop|SMALLBLIND|<1,2><2,1>'
[22:42:30] OFFICIAL_ACTION_DELAY wait=0.155s target=0.300s
[22:42:30] SEND name=BotB hand=23 stage=preflop act_cnt=0 my_sb=50 opp_sb=100 my_chips=19950 opp_chips=19900 is_sb=True msg='fold'
[22:42:33] RECV raw='earnChips -50' buffer='earnChips -50'
[22:42:33] DISPATCH line='earnChips -50'
[22:42:33] RECV raw='preflop|BIGBLIND|<1,10><3,7>' buffer='preflop|BIGBLIND|<1,10><3,7>'
[22:42:33] DISPATCH line='preflop|BIGBLIND|<1,10><3,7>'
[22:42:34] RECV raw='raise 352' buffer='raise 352'
[22:42:34] DISPATCH line='raise 352'
[22:42:34] OFFICIAL_ACTION_DELAY wait=0.152s target=0.300s
[22:42:34] SEND name=BotB hand=24 stage=preflop act_cnt=0 my_sb=100 opp_sb=352 my_chips=19900 opp_chips=19648 is_sb=False msg='raise 844'
[22:42:34] RECV raw='raise 2650' buffer='raise 2650'
[22:42:34] DISPATCH line='raise 2650'
[22:42:34] OFFICIAL_ACTION_DELAY wait=0.157s target=0.300s
[22:42:35] SEND name=BotB hand=24 stage=preflop act_cnt=1 my_sb=844 opp_sb=2650 my_chips=19156 opp_chips=17350 is_sb=False msg='raise 6360'
[22:42:35] RECV raw='raise 19970' buffer='raise 19970'
[22:42:35] DISPATCH line='raise 19970'
[22:42:35] OFFICIAL_ACTION_DELAY wait=0.180s target=0.300s
[22:42:35] SEND name=BotB hand=24 stage=preflop act_cnt=2 my_sb=6360 opp_sb=19970 my_chips=13640 opp_chips=30 is_sb=False msg='allin'
[22:42:39] RECV raw='earnChips -13180' buffer='earnChips -13180'
[22:42:39] DISPATCH line='earnChips -13180'
[22:42:39] RECV raw='oppo_hands|<2,12><1,12>' buffer='oppo_hands|<2,12><1,12>'
[22:42:39] DISPATCH line='oppo_hands|<2,12><1,12>'
[22:42:39] RECV raw='preflop|SMALLBLIND|<0,6><2,2>' buffer='preflop|SMALLBLIND|<0,6><2,2>'
[22:42:39] DISPATCH line='preflop|SMALLBLIND|<0,6><2,2>'
[22:42:39] OFFICIAL_ACTION_DELAY wait=0.149s target=0.300s
[22:42:39] SEND name=BotB hand=25 stage=preflop act_cnt=0 my_sb=50 opp_sb=100 my_chips=19950 opp_chips=19900 is_sb=True msg='raise 688'
[22:42:40] RECV raw='fold' buffer='fold'
[22:42:40] DISPATCH line='fold'
[22:42:43] RECV raw='earnChips 100' buffer='earnChips 100'
[22:42:43] DISPATCH line='earnChips 100'
[22:42:43] RECV raw='preflop|BIGBLIND|<3,9><0,6>' buffer='preflop|BIGBLIND|<3,9><0,6>'
[22:42:43] DISPATCH line='preflop|BIGBLIND|<3,9><0,6>'
[22:42:43] RECV raw='fold' buffer='fold'
[22:42:43] DISPATCH line='fold'
[22:42:46] RECV raw='earnChips 50' buffer='earnChips 50'
[22:42:46] DISPATCH line='earnChips 50'
[22:42:46] RECV raw='preflop|SMALLBLIND|<2,11><1,12>' buffer='preflop|SMALLBLIND|<2,11><1,12>'
[22:42:46] DISPATCH line='preflop|SMALLBLIND|<2,11><1,12>'
[22:42:46] OFFICIAL_ACTION_DELAY wait=0.146s target=0.300s
[22:42:47] SEND name=BotB hand=27 stage=preflop act_cnt=0 my_sb=50 opp_sb=100 my_chips=19950 opp_chips=19900 is_sb=True msg='raise 327'
[22:42:47] RECV raw='fold' buffer='fold'
[22:42:47] DISPATCH line='fold'
[22:42:50] RECV raw='earnChips 100' buffer='earnChips 100'
[22:42:50] DISPATCH line='earnChips 100'
[22:42:50] RECV raw='preflop|BIGBLIND|<1,6><3,11>' buffer='preflop|BIGBLIND|<1,6><3,11>'
[22:42:50] DISPATCH line='preflop|BIGBLIND|<1,6><3,11>'
[22:42:51] RECV raw='fold' buffer='fold'
[22:42:51] DISPATCH line='fold'
[22:42:54] RECV raw='earnChips 50' buffer='earnChips 50'
[22:42:54] DISPATCH line='earnChips 50'
[22:42:54] RECV raw='preflop|SMALLBLIND|<3,9><1,2>' buffer='preflop|SMALLBLIND|<3,9><1,2>'
[22:42:54] DISPATCH line='preflop|SMALLBLIND|<3,9><1,2>'
[22:42:54] OFFICIAL_ACTION_DELAY wait=0.157s target=0.300s
[22:42:54] SEND name=BotB hand=29 stage=preflop act_cnt=0 my_sb=50 opp_sb=100 my_chips=19950 opp_chips=19900 is_sb=True msg='raise 688'
[22:42:54] RECV raw='fold' buffer='fold'
[22:42:54] DISPATCH line='fold'
[22:42:57] RECV raw='earnChips 100' buffer='earnChips 100'
[22:42:57] DISPATCH line='earnChips 100'
[22:42:57] RECV raw='preflop|BIGBLIND|<3,3><2,8>' buffer='preflop|BIGBLIND|<3,3><2,8>'
[22:42:57] DISPATCH line='preflop|BIGBLIND|<3,3><2,8>'
[22:42:58] RECV raw='fold' buffer='fold'
[22:42:58] DISPATCH line='fold'
[22:43:01] RECV raw='earnChips 50' buffer='earnChips 50'
[22:43:01] DISPATCH line='earnChips 50'
[22:43:01] RECV raw='preflop|SMALLBLIND|<1,6><0,7>' buffer='preflop|SMALLBLIND|<1,6><0,7>'
[22:43:01] DISPATCH line='preflop|SMALLBLIND|<1,6><0,7>'
[22:43:01] OFFICIAL_ACTION_DELAY wait=0.195s target=0.300s
[22:43:01] SEND name=BotB hand=31 stage=preflop act_cnt=0 my_sb=50 opp_sb=100 my_chips=19950 opp_chips=19900 is_sb=True msg='raise 688'
[22:43:02] RECV raw='fold' buffer='fold'
[22:43:02] DISPATCH line='fold'
[22:43:05] RECV raw='earnChips 100' buffer='earnChips 100'
[22:43:05] DISPATCH line='earnChips 100'
[22:43:05] RECV raw='preflop|BIGBLIND|<3,1><1,11>' buffer='preflop|BIGBLIND|<3,1><1,11>'
[22:43:05] DISPATCH line='preflop|BIGBLIND|<3,1><1,11>'
[22:43:05] RECV raw='fold' buffer='fold'
[22:43:05] DISPATCH line='fold'
[22:43:08] RECV raw='earnChips 50' buffer='earnChips 50'
[22:43:08] DISPATCH line='earnChips 50'
[22:43:08] RECV raw='preflop|SMALLBLIND|<3,3><3,4>' buffer='preflop|SMALLBLIND|<3,3><3,4>'
[22:43:08] DISPATCH line='preflop|SMALLBLIND|<3,3><3,4>'
[22:43:08] OFFICIAL_ACTION_DELAY wait=0.157s target=0.300s
[22:43:09] SEND name=BotB hand=33 stage=preflop act_cnt=0 my_sb=50 opp_sb=100 my_chips=19950 opp_chips=19900 is_sb=True msg='raise 688'
[22:43:09] RECV raw='fold' buffer='fold'
[22:43:09] DISPATCH line='fold'
[22:43:12] RECV raw='earnChips 100' buffer='earnChips 100'
[22:43:12] DISPATCH line='earnChips 100'
[22:43:12] RECV raw='preflop|BIGBLIND|<1,11><1,3>' buffer='preflop|BIGBLIND|<1,11><1,3>'
[22:43:12] DISPATCH line='preflop|BIGBLIND|<1,11><1,3>'
[22:43:13] RECV raw='fold' buffer='fold'
[22:43:13] DISPATCH line='fold'
[22:43:16] RECV raw='earnChips 50' buffer='earnChips 50'
[22:43:16] DISPATCH line='earnChips 50'
[22:43:16] RECV raw='preflop|SMALLBLIND|<0,1><2,7>' buffer='preflop|SMALLBLIND|<0,1><2,7>'
[22:43:16] DISPATCH line='preflop|SMALLBLIND|<0,1><2,7>'
[22:43:16] OFFICIAL_ACTION_DELAY wait=0.157s target=0.300s
[22:43:16] SEND name=BotB hand=35 stage=preflop act_cnt=0 my_sb=50 opp_sb=100 my_chips=19950 opp_chips=19900 is_sb=True msg='raise 688'
[22:43:16] RECV raw='fold' buffer='fold'
[22:43:16] DISPATCH line='fold'
[22:43:19] RECV raw='earnChips 100' buffer='earnChips 100'
[22:43:19] DISPATCH line='earnChips 100'
[22:43:19] RECV raw='preflop|BIGBLIND|<3,3><0,0>' buffer='preflop|BIGBLIND|<3,3><0,0>'
[22:43:19] DISPATCH line='preflop|BIGBLIND|<3,3><0,0>'
[22:43:20] RECV raw='fold' buffer='fold'
[22:43:20] DISPATCH line='fold'
[22:43:23] RECV raw='earnChips 50' buffer='earnChips 50'
[22:43:23] DISPATCH line='earnChips 50'
[22:43:23] RECV raw='preflop|SMALLBLIND|<2,11><2,12>' buffer='preflop|SMALLBLIND|<2,11><2,12>'
[22:43:23] DISPATCH line='preflop|SMALLBLIND|<2,11><2,12>'
[22:43:23] OFFICIAL_ACTION_DELAY wait=0.191s target=0.300s
[22:43:23] SEND name=BotB hand=37 stage=preflop act_cnt=0 my_sb=50 opp_sb=100 my_chips=19950 opp_chips=19900 is_sb=True msg='raise 336'
[22:43:24] RECV raw='fold' buffer='fold'
[22:43:24] DISPATCH line='fold'
[22:43:27] RECV raw='earnChips 100' buffer='earnChips 100'
[22:43:27] DISPATCH line='earnChips 100'
[22:43:27] RECV raw='preflop|BIGBLIND|<0,1><3,3>' buffer='preflop|BIGBLIND|<0,1><3,3>'
[22:43:27] DISPATCH line='preflop|BIGBLIND|<0,1><3,3>'
[22:43:27] RECV raw='fold' buffer='fold'
[22:43:27] DISPATCH line='fold'
[22:43:30] RECV raw='earnChips 50' buffer='earnChips 50'
[22:43:30] DISPATCH line='earnChips 50'
[22:43:30] RECV raw='preflop|SMALLBLIND|<0,8><1,9>' buffer='preflop|SMALLBLIND|<0,8><1,9>'
[22:43:30] DISPATCH line='preflop|SMALLBLIND|<0,8><1,9>'
[22:43:30] OFFICIAL_ACTION_DELAY wait=0.204s target=0.300s
[22:43:31] SEND name=BotB hand=39 stage=preflop act_cnt=0 my_sb=50 opp_sb=100 my_chips=19950 opp_chips=19900 is_sb=True msg='raise 299'
[22:43:31] RECV raw='fold' buffer='fold'
[22:43:31] DISPATCH line='fold'
[22:43:34] RECV raw='earnChips 100' buffer='earnChips 100'
[22:43:34] DISPATCH line='earnChips 100'
[22:43:34] RECV raw='preflop|BIGBLIND|<2,11><3,8>' buffer='preflop|BIGBLIND|<2,11><3,8>'
[22:43:34] DISPATCH line='preflop|BIGBLIND|<2,11><3,8>'
[22:43:35] RECV raw='fold' buffer='fold'
[22:43:35] DISPATCH line='fold'
[22:43:38] RECV raw='earnChips 50' buffer='earnChips 50'
[22:43:38] DISPATCH line='earnChips 50'
[22:43:38] RECV raw='preflop|SMALLBLIND|<0,6><0,11>' buffer='preflop|SMALLBLIND|<0,6><0,11>'
[22:43:38] DISPATCH line='preflop|SMALLBLIND|<0,6><0,11>'
[22:43:38] OFFICIAL_ACTION_DELAY wait=0.157s target=0.300s
[22:43:38] SEND name=BotB hand=41 stage=preflop act_cnt=0 my_sb=50 opp_sb=100 my_chips=19950 opp_chips=19900 is_sb=True msg='raise 299'
[22:43:38] RECV raw='fold' buffer='fold'
[22:43:38] DISPATCH line='fold'
[22:43:41] RECV raw='earnChips 100' buffer='earnChips 100'
[22:43:41] DISPATCH line='earnChips 100'
[22:43:41] RECV raw='preflop|BIGBLIND|<0,8><2,5>' buffer='preflop|BIGBLIND|<0,8><2,5>'
[22:43:41] DISPATCH line='preflop|BIGBLIND|<0,8><2,5>'
[22:43:42] RECV raw='fold' buffer='fold'
[22:43:42] DISPATCH line='fold'
[22:43:45] RECV raw='earnChips 50' buffer='earnChips 50'
[22:43:45] DISPATCH line='earnChips 50'
[22:43:45] RECV raw='preflop|SMALLBLIND|<2,11><0,4>' buffer='preflop|SMALLBLIND|<2,11><0,4>'
[22:43:45] DISPATCH line='preflop|SMALLBLIND|<2,11><0,4>'
[22:43:45] OFFICIAL_ACTION_DELAY wait=0.203s target=0.300s
[22:43:45] SEND name=BotB hand=43 stage=preflop act_cnt=0 my_sb=50 opp_sb=100 my_chips=19950 opp_chips=19900 is_sb=True msg='raise 299'
[22:43:46] RECV raw='fold' buffer='fold'
[22:43:46] DISPATCH line='fold'
[22:43:49] RECV raw='earnChips 100' buffer='earnChips 100'
[22:43:49] DISPATCH line='earnChips 100'
[22:43:49] RECV raw='preflop|BIGBLIND|<1,7><3,6>' buffer='preflop|BIGBLIND|<1,7><3,6>'
[22:43:49] DISPATCH line='preflop|BIGBLIND|<1,7><3,6>'
[22:43:49] RECV raw='fold' buffer='fold'
[22:43:49] DISPATCH line='fold'
[22:43:52] RECV raw='earnChips 50' buffer='earnChips 50'
[22:43:52] DISPATCH line='earnChips 50'
[22:43:52] RECV raw='preflop|SMALLBLIND|<0,8><3,1>' buffer='preflop|SMALLBLIND|<0,8><3,1>'
[22:43:52] DISPATCH line='preflop|SMALLBLIND|<0,8><3,1>'
[22:43:52] OFFICIAL_ACTION_DELAY wait=0.152s target=0.300s
[22:43:53] SEND name=BotB hand=45 stage=preflop act_cnt=0 my_sb=50 opp_sb=100 my_chips=19950 opp_chips=19900 is_sb=True msg='raise 688'
[22:43:53] RECV raw='fold' buffer='fold'
[22:43:53] DISPATCH line='fold'
[22:43:56] RECV raw='earnChips 100' buffer='earnChips 100'
[22:43:56] DISPATCH line='earnChips 100'
[22:43:56] RECV raw='preflop|BIGBLIND|<3,3><0,0>' buffer='preflop|BIGBLIND|<3,3><0,0>'
[22:43:56] DISPATCH line='preflop|BIGBLIND|<3,3><0,0>'
[22:43:57] RECV raw='fold' buffer='fold'
[22:43:57] DISPATCH line='fold'
[22:44:00] RECV raw='earnChips 50' buffer='earnChips 50'
[22:44:00] DISPATCH line='earnChips 50'
[22:44:00] RECV raw='preflop|SMALLBLIND|<1,6><2,3>' buffer='preflop|SMALLBLIND|<1,6><2,3>'
[22:44:00] DISPATCH line='preflop|SMALLBLIND|<1,6><2,3>'
[22:44:00] OFFICIAL_ACTION_DELAY wait=0.205s target=0.300s
[22:44:00] SEND name=BotB hand=47 stage=preflop act_cnt=0 my_sb=50 opp_sb=100 my_chips=19950 opp_chips=19900 is_sb=True msg='raise 688'
[22:44:00] RECV raw='fold' buffer='fold'
[22:44:00] DISPATCH line='fold'
[22:44:03] RECV raw='earnChips 100' buffer='earnChips 100'
[22:44:03] DISPATCH line='earnChips 100'
[22:44:03] RECV raw='preflop|BIGBLIND|<1,0><0,10>' buffer='preflop|BIGBLIND|<1,0><0,10>'
[22:44:03] DISPATCH line='preflop|BIGBLIND|<1,0><0,10>'
[22:44:04] RECV raw='fold' buffer='fold'
[22:44:04] DISPATCH line='fold'
[22:44:07] RECV raw='earnChips 50' buffer='earnChips 50'
[22:44:07] DISPATCH line='earnChips 50'
[22:44:07] RECV raw='preflop|SMALLBLIND|<3,3><3,8>' buffer='preflop|SMALLBLIND|<3,3><3,8>'
[22:44:07] DISPATCH line='preflop|SMALLBLIND|<3,3><3,8>'
[22:44:07] OFFICIAL_ACTION_DELAY wait=0.187s target=0.300s
[22:44:07] SEND name=BotB hand=49 stage=preflop act_cnt=0 my_sb=50 opp_sb=100 my_chips=19950 opp_chips=19900 is_sb=True msg='raise 688'
[22:44:08] RECV raw='fold' buffer='fold'
[22:44:08] DISPATCH line='fold'
[22:44:11] RECV raw='earnChips 100' buffer='earnChips 100'
[22:44:11] DISPATCH line='earnChips 100'
[22:44:11] RECV raw='preflop|BIGBLIND|<1,11><3,12>' buffer='preflop|BIGBLIND|<1,11><3,12>'
[22:44:11] DISPATCH line='preflop|BIGBLIND|<1,11><3,12>'
[22:44:11] RECV raw='fold' buffer='fold'
[22:44:11] DISPATCH line='fold'
[22:44:14] RECV raw='earnChips 50' buffer='earnChips 50'
[22:44:14] DISPATCH line='earnChips 50'
[22:44:14] RECV raw='preflop|SMALLBLIND|<1,0><1,6>' buffer='preflop|SMALLBLIND|<1,0><1,6>'
[22:44:14] DISPATCH line='preflop|SMALLBLIND|<1,0><1,6>'
[22:44:15] OFFICIAL_ACTION_DELAY wait=0.152s target=0.300s
[22:44:15] SEND name=BotB hand=51 stage=preflop act_cnt=0 my_sb=50 opp_sb=100 my_chips=19950 opp_chips=19900 is_sb=True msg='raise 688'
[22:44:15] RECV raw='fold' buffer='fold'
[22:44:15] DISPATCH line='fold'
[22:44:18] RECV raw='earnChips 100' buffer='earnChips 100'
[22:44:18] DISPATCH line='earnChips 100'
[22:44:18] RECV raw='preflop|BIGBLIND|<3,3><2,4>' buffer='preflop|BIGBLIND|<3,3><2,4>'
[22:44:18] DISPATCH line='preflop|BIGBLIND|<3,3><2,4>'
[22:44:19] RECV raw='fold' buffer='fold'
[22:44:19] DISPATCH line='fold'
[22:44:22] RECV raw='earnChips 50' buffer='earnChips 50'
[22:44:22] DISPATCH line='earnChips 50'
[22:44:22] RECV raw='preflop|SMALLBLIND|<2,11><0,8>' buffer='preflop|SMALLBLIND|<2,11><0,8>'
[22:44:22] DISPATCH line='preflop|SMALLBLIND|<2,11><0,8>'
[22:44:22] OFFICIAL_ACTION_DELAY wait=0.156s target=0.300s
[22:44:22] SEND name=BotB hand=53 stage=preflop act_cnt=0 my_sb=50 opp_sb=100 my_chips=19950 opp_chips=19900 is_sb=True msg='raise 299'
[22:44:22] RECV raw='fold' buffer='fold'
[22:44:22] DISPATCH line='fold'
[22:44:25] RECV raw='earnChips 100' buffer='earnChips 100'
[22:44:25] DISPATCH line='earnChips 100'
[22:44:26] RECV raw='preflop|BIGBLIND|<0,1><2,12>' buffer='preflop|BIGBLIND|<0,1><2,12>'
[22:44:26] DISPATCH line='preflop|BIGBLIND|<0,1><2,12>'
[22:44:26] RECV raw='fold' buffer='fold'
[22:44:26] DISPATCH line='fold'
[22:44:29] RECV raw='earnChips 50' buffer='earnChips 50'
[22:44:29] DISPATCH line='earnChips 50'
[22:44:29] RECV raw='preflop|SMALLBLIND|<0,8><3,0>' buffer='preflop|SMALLBLIND|<0,8><3,0>'
[22:44:29] DISPATCH line='preflop|SMALLBLIND|<0,8><3,0>'
[22:44:29] OFFICIAL_ACTION_DELAY wait=0.157s target=0.300s
[22:44:29] SEND name=BotB hand=55 stage=preflop act_cnt=0 my_sb=50 opp_sb=100 my_chips=19950 opp_chips=19900 is_sb=True msg='raise 688'
[22:44:30] RECV raw='fold' buffer='fold'
[22:44:30] DISPATCH line='fold'
[22:44:33] RECV raw='earnChips 100' buffer='earnChips 100'
[22:44:33] DISPATCH line='earnChips 100'
[22:44:33] RECV raw='preflop|BIGBLIND|<2,11><1,4>' buffer='preflop|BIGBLIND|<2,11><1,4>'
[22:44:33] DISPATCH line='preflop|BIGBLIND|<2,11><1,4>'
[22:44:33] RECV raw='fold' buffer='fold'
[22:44:33] DISPATCH line='fold'
[22:44:36] RECV raw='earnChips 50' buffer='earnChips 50'
[22:44:36] DISPATCH line='earnChips 50'
[22:44:36] RECV raw='preflop|SMALLBLIND|<2,5><3,11>' buffer='preflop|SMALLBLIND|<2,5><3,11>'
[22:44:36] DISPATCH line='preflop|SMALLBLIND|<2,5><3,11>'
[22:44:37] OFFICIAL_ACTION_DELAY wait=0.151s target=0.300s
[22:44:37] SEND name=BotB hand=57 stage=preflop act_cnt=0 my_sb=50 opp_sb=100 my_chips=19950 opp_chips=19900 is_sb=True msg='raise 299'
[22:44:37] RECV raw='fold' buffer='fold'
[22:44:37] DISPATCH line='fold'
[22:44:40] RECV raw='earnChips 100' buffer='earnChips 100'
[22:44:40] DISPATCH line='earnChips 100'
[22:44:40] RECV raw='preflop|BIGBLIND|<0,8><0,9>' buffer='preflop|BIGBLIND|<0,8><0,9>'
[22:44:40] DISPATCH line='preflop|BIGBLIND|<0,8><0,9>'
[22:44:41] RECV raw='fold' buffer='fold'
[22:44:41] DISPATCH line='fold'
[22:44:44] RECV raw='earnChips 50' buffer='earnChips 50'
[22:44:44] DISPATCH line='earnChips 50'
[22:44:44] RECV raw='preflop|SMALLBLIND|<2,3><2,0>' buffer='preflop|SMALLBLIND|<2,3><2,0>'
[22:44:44] DISPATCH line='preflop|SMALLBLIND|<2,3><2,0>'
[22:44:44] OFFICIAL_ACTION_DELAY wait=0.173s target=0.300s
[22:44:44] SEND name=BotB hand=59 stage=preflop act_cnt=0 my_sb=50 opp_sb=100 my_chips=19950 opp_chips=19900 is_sb=True msg='raise 688'
[22:44:44] RECV raw='fold' buffer='fold'
[22:44:44] DISPATCH line='fold'
[22:44:47] RECV raw='earnChips 100' buffer='earnChips 100'
[22:44:47] DISPATCH line='earnChips 100'
[22:44:48] RECV raw='preflop|BIGBLIND|<1,6><3,6>' buffer='preflop|BIGBLIND|<1,6><3,6>'
[22:44:48] DISPATCH line='preflop|BIGBLIND|<1,6><3,6>'
[22:44:48] RECV raw='fold' buffer='fold'
[22:44:48] DISPATCH line='fold'
[22:44:51] RECV raw='earnChips 50' buffer='earnChips 50'
[22:44:51] DISPATCH line='earnChips 50'
[22:44:51] RECV raw='preflop|SMALLBLIND|<0,8><1,5>' buffer='preflop|SMALLBLIND|<0,8><1,5>'
[22:44:51] DISPATCH line='preflop|SMALLBLIND|<0,8><1,5>'
[22:44:51] OFFICIAL_ACTION_DELAY wait=0.202s target=0.300s
[22:44:51] SEND name=BotB hand=61 stage=preflop act_cnt=0 my_sb=50 opp_sb=100 my_chips=19950 opp_chips=19900 is_sb=True msg='raise 688'
[22:44:52] RECV raw='fold' buffer='fold'
[22:44:52] DISPATCH line='fold'
[22:44:55] RECV raw='earnChips 100' buffer='earnChips 100'
[22:44:55] DISPATCH line='earnChips 100'
[22:44:55] RECV raw='preflop|BIGBLIND|<3,3><3,9>' buffer='preflop|BIGBLIND|<3,3><3,9>'
[22:44:55] DISPATCH line='preflop|BIGBLIND|<3,3><3,9>'
[22:44:55] RECV raw='fold' buffer='fold'
[22:44:55] DISPATCH line='fold'
[22:44:58] RECV raw='earnChips 50' buffer='earnChips 50'
[22:44:58] DISPATCH line='earnChips 50'
[22:44:58] RECV raw='preflop|SMALLBLIND|<2,5><0,2>' buffer='preflop|SMALLBLIND|<2,5><0,2>'
[22:44:58] DISPATCH line='preflop|SMALLBLIND|<2,5><0,2>'
[22:44:59] OFFICIAL_ACTION_DELAY wait=0.155s target=0.300s
[22:44:59] SEND name=BotB hand=63 stage=preflop act_cnt=0 my_sb=50 opp_sb=100 my_chips=19950 opp_chips=19900 is_sb=True msg='raise 688'
[22:44:59] RECV raw='fold' buffer='fold'
[22:44:59] DISPATCH line='fold'
[22:45:02] RECV raw='earnChips 100' buffer='earnChips 100'
[22:45:02] DISPATCH line='earnChips 100'
[22:45:02] RECV raw='preflop|BIGBLIND|<1,0><2,6>' buffer='preflop|BIGBLIND|<1,0><2,6>'
[22:45:02] DISPATCH line='preflop|BIGBLIND|<1,0><2,6>'
[22:45:03] RECV raw='fold' buffer='fold'
[22:45:03] DISPATCH line='fold'
[22:45:06] RECV raw='earnChips 50' buffer='earnChips 50'
[22:45:06] DISPATCH line='earnChips 50'
[22:45:06] RECV raw='preflop|SMALLBLIND|<3,3><0,5>' buffer='preflop|SMALLBLIND|<3,3><0,5>'
[22:45:06] DISPATCH line='preflop|SMALLBLIND|<3,3><0,5>'
[22:45:06] OFFICIAL_ACTION_DELAY wait=0.157s target=0.300s
[22:45:06] SEND name=BotB hand=65 stage=preflop act_cnt=0 my_sb=50 opp_sb=100 my_chips=19950 opp_chips=19900 is_sb=True msg='raise 688'
[22:45:06] RECV raw='fold' buffer='fold'
[22:45:06] DISPATCH line='fold'
[22:45:09] RECV raw='earnChips 100' buffer='earnChips 100'
[22:45:09] DISPATCH line='earnChips 100'
[22:45:10] RECV raw='preflop|BIGBLIND|<1,11><2,9>' buffer='preflop|BIGBLIND|<1,11><2,9>'
[22:45:10] DISPATCH line='preflop|BIGBLIND|<1,11><2,9>'
[22:45:10] RECV raw='fold' buffer='fold'
[22:45:10] DISPATCH line='fold'
[22:45:13] RECV raw='earnChips 50' buffer='earnChips 50'
[22:45:13] DISPATCH line='earnChips 50'
[22:45:13] RECV raw='preflop|SMALLBLIND|<1,0><3,2>' buffer='preflop|SMALLBLIND|<1,0><3,2>'
[22:45:13] DISPATCH line='preflop|SMALLBLIND|<1,0><3,2>'
[22:45:13] OFFICIAL_ACTION_DELAY wait=0.157s target=0.300s
[22:45:13] SEND name=BotB hand=67 stage=preflop act_cnt=0 my_sb=50 opp_sb=100 my_chips=19950 opp_chips=19900 is_sb=True msg='raise 688'
[22:45:14] RECV raw='fold' buffer='fold'
[22:45:14] DISPATCH line='fold'
[22:45:17] RECV raw='earnChips 100' buffer='earnChips 100'
[22:45:17] DISPATCH line='earnChips 100'
[22:45:17] RECV raw='preflop|BIGBLIND|<3,3><3,8>' buffer='preflop|BIGBLIND|<3,3><3,8>'
[22:45:17] DISPATCH line='preflop|BIGBLIND|<3,3><3,8>'
[22:45:17] RECV raw='fold' buffer='fold'
[22:45:17] DISPATCH line='fold'
[22:45:20] RECV raw='earnChips 50' buffer='earnChips 50'
[22:45:20] DISPATCH line='earnChips 50'
[22:45:20] RECV raw='preflop|SMALLBLIND|<3,10><2,7>' buffer='preflop|SMALLBLIND|<3,10><2,7>'
[22:45:20] DISPATCH line='preflop|SMALLBLIND|<3,10><2,7>'
[22:45:21] OFFICIAL_ACTION_DELAY wait=0.155s target=0.300s
[22:45:21] SEND name=BotB hand=69 stage=preflop act_cnt=0 my_sb=50 opp_sb=100 my_chips=19950 opp_chips=19900 is_sb=True msg='raise 299'
[22:45:21] RECV raw='fold' buffer='fold'
[22:45:21] DISPATCH line='fold'
[22:45:24] RECV raw='earnChips 100' buffer='earnChips 100'
[22:45:24] DISPATCH line='earnChips 100'
[22:45:24] RECV raw='preflop|BIGBLIND|<1,0><0,11>' buffer='preflop|BIGBLIND|<1,0><0,11>'
[22:45:24] DISPATCH line='preflop|BIGBLIND|<1,0><0,11>'
[22:45:25] RECV raw='fold' buffer='fold'
[22:45:25] DISPATCH line='fold'
