[01:20:46] START name=BotB seat=lower host=127.0.0.1 port=10001 log=/home/zzx/project/pok/bots/neural_national_lab/data/official_platform_v141_smoke2/acceptance_20260710_011900/self_play_01/botB.log
[01:20:46] RECV raw='name' buffer='name'
[01:20:46] DISPATCH line='name'
[01:20:46] SEND name_handshake name='BotB'
[01:20:46] RECV raw='preflop|SMALLBLIND|<0,0><0,3>' buffer='preflop|SMALLBLIND|<0,0><0,3>'
[01:20:46] DISPATCH line='preflop|SMALLBLIND|<0,0><0,3>'
[01:20:46] OFFICIAL_ACTION_DELAY wait=0.221s target=0.300s
[01:20:46] SEND name=BotB hand=1 stage=preflop act_cnt=0 my_sb=50 opp_sb=100 my_chips=19950 opp_chips=19900 is_sb=True msg='fold'
[01:20:51] RECV raw='earnChips -50' buffer='earnChips -50'
[01:20:51] DISPATCH line='earnChips -50'
[01:20:51] RECV raw='preflop|BIGBLIND|<1,9><3,12>' buffer='preflop|BIGBLIND|<1,9><3,12>'
[01:20:51] DISPATCH line='preflop|BIGBLIND|<1,9><3,12>'
[01:20:52] RECV raw='call' buffer='call'
[01:20:52] DISPATCH line='call'
[01:20:52] OFFICIAL_ACTION_DELAY wait=0.241s target=0.300s
[01:20:52] SEND name=BotB hand=2 stage=preflop act_cnt=0 my_sb=100 opp_sb=100 my_chips=19900 opp_chips=19900 is_sb=False msg='raise 331'
[01:20:52] RECV raw='fold' buffer='fold'
[01:20:52] DISPATCH line='fold'
[01:20:55] RECV raw='earnChips 100' buffer='earnChips 100'
[01:20:55] DISPATCH line='earnChips 100'
[01:20:55] RECV raw='preflop|SMALLBLIND|<3,4><0,3>' buffer='preflop|SMALLBLIND|<3,4><0,3>'
[01:20:55] DISPATCH line='preflop|SMALLBLIND|<3,4><0,3>'
[01:20:55] OFFICIAL_ACTION_DELAY wait=0.221s target=0.300s
[01:20:56] SEND name=BotB hand=3 stage=preflop act_cnt=0 my_sb=50 opp_sb=100 my_chips=19950 opp_chips=19900 is_sb=True msg='call'
[01:20:56] RECV raw='raise 320' buffer='raise 320'
[01:20:56] DISPATCH line='raise 320'
[01:20:56] OFFICIAL_ACTION_DELAY wait=0.224s target=0.300s
[01:20:56] SEND name=BotB hand=3 stage=preflop act_cnt=1 my_sb=100 opp_sb=320 my_chips=19900 opp_chips=19680 is_sb=True msg='fold'
[01:20:59] RECV raw='earnChips -100' buffer='earnChips -100'
[01:20:59] DISPATCH line='earnChips -100'
[01:21:00] RECV raw='preflop|BIGBLIND|<0,7><0,2>' buffer='preflop|BIGBLIND|<0,7><0,2>'
[01:21:00] DISPATCH line='preflop|BIGBLIND|<0,7><0,2>'
[01:21:00] RECV raw='raise 277' buffer='raise 277'
[01:21:00] DISPATCH line='raise 277'
[01:21:00] OFFICIAL_ACTION_DELAY wait=0.238s target=0.300s
[01:21:00] SEND name=BotB hand=4 stage=preflop act_cnt=0 my_sb=100 opp_sb=277 my_chips=19900 opp_chips=19723 is_sb=False msg='call'
[01:21:00] RECV raw='flop|<0,3><2,2><2,8>' buffer='flop|<0,3><2,2><2,8>'
[01:21:00] DISPATCH line='flop|<0,3><2,2><2,8>'
[01:21:00] OFFICIAL_ACTION_DELAY wait=0.225s target=0.300s
[01:21:00] SEND name=BotB hand=4 stage=flop act_cnt=0 my_sb=0 opp_sb=0 my_chips=19723 opp_chips=19723 is_sb=False msg='raise 360'
[01:21:01] RECV raw='fold' buffer='fold'
[01:21:01] DISPATCH line='fold'
[01:21:04] RECV raw='earnChips 277' buffer='earnChips 277'
[01:21:04] DISPATCH line='earnChips 277'
[01:21:04] RECV raw='preflop|SMALLBLIND|<2,2><1,4>' buffer='preflop|SMALLBLIND|<2,2><1,4>'
[01:21:04] DISPATCH line='preflop|SMALLBLIND|<2,2><1,4>'
[01:21:04] OFFICIAL_ACTION_DELAY wait=0.223s target=0.300s
[01:21:04] SEND name=BotB hand=5 stage=preflop act_cnt=0 my_sb=50 opp_sb=100 my_chips=19950 opp_chips=19900 is_sb=True msg='fold'
[01:21:07] RECV raw='earnChips -50' buffer='earnChips -50'
[01:21:07] DISPATCH line='earnChips -50'
[01:21:07] RECV raw='preflop|BIGBLIND|<2,5><0,2>' buffer='preflop|BIGBLIND|<2,5><0,2>'
[01:21:07] DISPATCH line='preflop|BIGBLIND|<2,5><0,2>'
[01:21:08] RECV raw='raise 260' buffer='raise 260'
[01:21:08] DISPATCH line='raise 260'
[01:21:08] OFFICIAL_ACTION_DELAY wait=0.210s target=0.300s
[01:21:08] SEND name=BotB hand=6 stage=preflop act_cnt=0 my_sb=100 opp_sb=260 my_chips=19900 opp_chips=19740 is_sb=False msg='call'
[01:21:08] RECV raw='flop|<2,12><1,11><1,5>' buffer='flop|<2,12><1,11><1,5>'
[01:21:08] DISPATCH line='flop|<2,12><1,11><1,5>'
[01:21:08] OFFICIAL_ACTION_DELAY wait=0.229s target=0.300s
[01:21:08] SEND name=BotB hand=6 stage=flop act_cnt=0 my_sb=0 opp_sb=0 my_chips=19740 opp_chips=19740 is_sb=False msg='check'
[01:21:09] RECV raw='turn|<1,10>' buffer='turn|<1,10>'
[01:21:09] DISPATCH line='turn|<1,10>'
[01:21:09] OFFICIAL_ACTION_DELAY wait=0.183s target=0.300s
[01:21:09] SEND name=BotB hand=6 stage=turn act_cnt=0 my_sb=0 opp_sb=0 my_chips=19740 opp_chips=19740 is_sb=False msg='check'
[01:21:09] RECV raw='raise 101' buffer='raise 101'
[01:21:09] DISPATCH line='raise 101'
[01:21:09] OFFICIAL_ACTION_DELAY wait=0.159s target=0.300s
[01:21:10] SEND name=BotB hand=6 stage=turn act_cnt=1 my_sb=0 opp_sb=101 my_chips=19740 opp_chips=19639 is_sb=False msg='fold'
[01:21:13] RECV raw='earnChips -260' buffer='earnChips -260'
[01:21:13] DISPATCH line='earnChips -260'
[01:21:13] RECV raw='preflop|SMALLBLIND|<1,1><1,4>' buffer='preflop|SMALLBLIND|<1,1><1,4>'
[01:21:13] DISPATCH line='preflop|SMALLBLIND|<1,1><1,4>'
[01:21:13] OFFICIAL_ACTION_DELAY wait=0.222s target=0.300s
[01:21:13] SEND name=BotB hand=7 stage=preflop act_cnt=0 my_sb=50 opp_sb=100 my_chips=19950 opp_chips=19900 is_sb=True msg='fold'
[01:21:16] RECV raw='earnChips -50' buffer='earnChips -50'
[01:21:16] DISPATCH line='earnChips -50'
[01:21:16] RECV raw='preflop|BIGBLIND|<1,3><2,11>' buffer='preflop|BIGBLIND|<1,3><2,11>'
[01:21:16] DISPATCH line='preflop|BIGBLIND|<1,3><2,11>'
[01:21:17] RECV raw='call' buffer='call'
[01:21:17] DISPATCH line='call'
[01:21:17] OFFICIAL_ACTION_DELAY wait=0.240s target=0.300s
[01:21:17] SEND name=BotB hand=8 stage=preflop act_cnt=0 my_sb=100 opp_sb=100 my_chips=19900 opp_chips=19900 is_sb=False msg='check'
[01:21:17] RECV raw='flop|<3,4><2,10><0,4>' buffer='flop|<3,4><2,10><0,4>'
[01:21:17] DISPATCH line='flop|<3,4><2,10><0,4>'
[01:21:17] OFFICIAL_ACTION_DELAY wait=0.178s target=0.300s
[01:21:17] SEND name=BotB hand=8 stage=flop act_cnt=0 my_sb=0 opp_sb=0 my_chips=19900 opp_chips=19900 is_sb=False msg='check'
[01:21:17] RECV raw='turn|<2,8>' buffer='turn|<2,8>'
[01:21:17] DISPATCH line='turn|<2,8>'
[01:21:18] OFFICIAL_ACTION_DELAY wait=0.187s target=0.300s
[01:21:18] SEND name=BotB hand=8 stage=turn act_cnt=0 my_sb=0 opp_sb=0 my_chips=19900 opp_chips=19900 is_sb=False msg='check'
[01:21:18] RECV raw='river|<2,1>' buffer='river|<2,1>'
[01:21:18] DISPATCH line='river|<2,1>'
[01:21:18] OFFICIAL_ACTION_DELAY wait=0.219s target=0.300s
[01:21:18] SEND name=BotB hand=8 stage=river act_cnt=0 my_sb=0 opp_sb=0 my_chips=19900 opp_chips=19900 is_sb=False msg='check'
[01:21:22] RECV raw='earnChips 100' buffer='earnChips 100'
[01:21:22] DISPATCH line='earnChips 100'
[01:21:22] RECV raw='oppo_hands|<0,2><2,5>' buffer='oppo_hands|<0,2><2,5>'
[01:21:22] DISPATCH line='oppo_hands|<0,2><2,5>'
[01:21:22] RECV raw='preflop|SMALLBLIND|<1,12><1,10>' buffer='preflop|SMALLBLIND|<1,12><1,10>'
[01:21:22] DISPATCH line='preflop|SMALLBLIND|<1,12><1,10>'
[01:21:22] OFFICIAL_ACTION_DELAY wait=0.214s target=0.300s
[01:21:22] SEND name=BotB hand=9 stage=preflop act_cnt=0 my_sb=50 opp_sb=100 my_chips=19950 opp_chips=19900 is_sb=True msg='raise 290'
[01:21:23] RECV raw='flop|<3,11><3,6><3,0>' buffer='flop|<3,11><3,6><3,0>'
[01:21:23] DISPATCH line='flop|<3,11><3,6><3,0>'
[01:21:23] RECV raw='raise 689' buffer='raise 689'
[01:21:23] DISPATCH line='raise 689'
[01:21:23] OFFICIAL_ACTION_DELAY wait=0.188s target=0.300s
[01:21:23] SEND name=BotB hand=9 stage=flop act_cnt=0 my_sb=0 opp_sb=689 my_chips=19710 opp_chips=19211 is_sb=True msg='fold'
[01:21:26] RECV raw='earnChips -290' buffer='earnChips -290'
[01:21:26] DISPATCH line='earnChips -290'
[01:21:27] RECV raw='preflop|BIGBLIND|<2,3><3,7>' buffer='preflop|BIGBLIND|<2,3><3,7>'
[01:21:27] DISPATCH line='preflop|BIGBLIND|<2,3><3,7>'
[01:21:27] RECV raw='call' buffer='call'
[01:21:27] DISPATCH line='call'
[01:21:27] OFFICIAL_ACTION_DELAY wait=0.241s target=0.300s
[01:21:27] SEND name=BotB hand=10 stage=preflop act_cnt=0 my_sb=100 opp_sb=100 my_chips=19900 opp_chips=19900 is_sb=False msg='check'
[01:21:27] RECV raw='flop|<0,0><2,8><2,9>' buffer='flop|<0,0><2,8><2,9>'
[01:21:27] DISPATCH line='flop|<0,0><2,8><2,9>'
[01:21:27] OFFICIAL_ACTION_DELAY wait=0.205s target=0.300s
[01:21:27] SEND name=BotB hand=10 stage=flop act_cnt=0 my_sb=0 opp_sb=0 my_chips=19900 opp_chips=19900 is_sb=False msg='check'
[01:21:28] RECV raw='raise 101' buffer='raise 101'
[01:21:28] DISPATCH line='raise 101'
[01:21:28] OFFICIAL_ACTION_DELAY wait=0.189s target=0.300s
[01:21:28] SEND name=BotB hand=10 stage=flop act_cnt=1 my_sb=0 opp_sb=101 my_chips=19900 opp_chips=19799 is_sb=False msg='fold'
