[01:21:56] START name=Candidate seat=upper host=127.0.0.1 port=10001 log=/home/zzx/project/pok/bots/neural_national_lab/data/official_platform_v141_smoke2/acceptance_20260710_011900/opponent_01/botA.log
[01:21:56] RECV raw='name' buffer='name'
[01:21:56] DISPATCH line='name'
[01:21:56] SEND name_handshake name='Candidate'
[01:21:56] RECV raw='preflop|SMALLBLIND|<0,5><0,9>' buffer='preflop|SMALLBLIND|<0,5><0,9>'
[01:21:56] DISPATCH line='preflop|SMALLBLIND|<0,5><0,9>'
[01:21:56] OFFICIAL_ACTION_DELAY wait=0.220s target=0.300s
[01:21:57] SEND name=Candidate hand=1 stage=preflop act_cnt=0 my_sb=50 opp_sb=100 my_chips=19950 opp_chips=19900 is_sb=True msg='call'
[01:21:57] RECV raw='flop|<2,4><1,12><3,6>' buffer='flop|<2,4><1,12><3,6>'
[01:21:57] DISPATCH line='flop|<2,4><1,12><3,6>'
[01:21:57] RECV raw='raise 138' buffer='raise 138'
[01:21:57] DISPATCH line='raise 138'
[01:21:57] OFFICIAL_ACTION_DELAY wait=0.184s target=0.300s
[01:21:58] SEND name=Candidate hand=1 stage=flop act_cnt=0 my_sb=0 opp_sb=138 my_chips=19900 opp_chips=19762 is_sb=True msg='fold'
[01:22:01] RECV raw='earnChips -100' buffer='earnChips -100'
[01:22:01] DISPATCH line='earnChips -100'
[01:22:02] RECV raw='preflop|BIGBLIND|<0,2><3,3>' buffer='preflop|BIGBLIND|<0,2><3,3>'
[01:22:02] DISPATCH line='preflop|BIGBLIND|<0,2><3,3>'
[01:22:02] RECV raw='raise 260' buffer='raise 260'
[01:22:02] DISPATCH line='raise 260'
[01:22:02] OFFICIAL_ACTION_DELAY wait=0.223s target=0.300s
[01:22:02] SEND name=Candidate hand=2 stage=preflop act_cnt=0 my_sb=100 opp_sb=260 my_chips=19900 opp_chips=19740 is_sb=False msg='call'
[01:22:02] RECV raw='flop|<1,3><2,3><2,6>' buffer='flop|<1,3><2,3><2,6>'
[01:22:02] DISPATCH line='flop|<1,3><2,3><2,6>'
[01:22:02] OFFICIAL_ACTION_DELAY wait=0.215s target=0.300s
[01:22:02] SEND name=Candidate hand=2 stage=flop act_cnt=0 my_sb=0 opp_sb=0 my_chips=19740 opp_chips=19740 is_sb=False msg='raise 554'
[01:22:03] RECV raw='fold' buffer='fold'
[01:22:03] DISPATCH line='fold'
[01:22:06] RECV raw='earnChips 260' buffer='earnChips 260'
[01:22:06] DISPATCH line='earnChips 260'
[01:22:06] RECV raw='preflop|SMALLBLIND|<2,5><0,7>' buffer='preflop|SMALLBLIND|<2,5><0,7>'
[01:22:06] DISPATCH line='preflop|SMALLBLIND|<2,5><0,7>'
[01:22:06] OFFICIAL_ACTION_DELAY wait=0.223s target=0.300s
[01:22:06] SEND name=Candidate hand=3 stage=preflop act_cnt=0 my_sb=50 opp_sb=100 my_chips=19950 opp_chips=19900 is_sb=True msg='call'
[01:22:07] RECV raw='raise 325' buffer='raise 325'
[01:22:07] DISPATCH line='raise 325'
[01:22:07] OFFICIAL_ACTION_DELAY wait=0.222s target=0.300s
[01:22:07] SEND name=Candidate hand=3 stage=preflop act_cnt=1 my_sb=100 opp_sb=325 my_chips=19900 opp_chips=19675 is_sb=True msg='fold'
[01:22:10] RECV raw='earnChips -100' buffer='earnChips -100'
[01:22:10] DISPATCH line='earnChips -100'
[01:22:10] RECV raw='preflop|BIGBLIND|<0,8><2,6>' buffer='preflop|BIGBLIND|<0,8><2,6>'
[01:22:10] DISPATCH line='preflop|BIGBLIND|<0,8><2,6>'
[01:22:10] RECV raw='fold' buffer='fold'
[01:22:10] DISPATCH line='fold'
[01:22:13] RECV raw='earnChips 50' buffer='earnChips 50'
[01:22:13] DISPATCH line='earnChips 50'
[01:22:14] RECV raw='preflop|SMALLBLIND|<3,2><0,10>' buffer='preflop|SMALLBLIND|<3,2><0,10>'
[01:22:14] DISPATCH line='preflop|SMALLBLIND|<3,2><0,10>'
[01:22:14] OFFICIAL_ACTION_DELAY wait=0.221s target=0.300s
[01:22:14] SEND name=Candidate hand=5 stage=preflop act_cnt=0 my_sb=50 opp_sb=100 my_chips=19950 opp_chips=19900 is_sb=True msg='call'
[01:22:14] RECV raw='raise 343' buffer='raise 343'
[01:22:14] DISPATCH line='raise 343'
[01:22:14] OFFICIAL_ACTION_DELAY wait=0.223s target=0.300s
[01:22:14] SEND name=Candidate hand=5 stage=preflop act_cnt=1 my_sb=100 opp_sb=343 my_chips=19900 opp_chips=19657 is_sb=True msg='fold'
[01:22:18] RECV raw='earnChips -100' buffer='earnChips -100'
[01:22:18] DISPATCH line='earnChips -100'
[01:22:18] RECV raw='preflop|BIGBLIND|<1,5><2,1>' buffer='preflop|BIGBLIND|<1,5><2,1>'
[01:22:18] DISPATCH line='preflop|BIGBLIND|<1,5><2,1>'
[01:22:18] RECV raw='call' buffer='call'
[01:22:18] DISPATCH line='call'
[01:22:18] OFFICIAL_ACTION_DELAY wait=0.215s target=0.300s
[01:22:18] SEND name=Candidate hand=6 stage=preflop act_cnt=0 my_sb=100 opp_sb=100 my_chips=19900 opp_chips=19900 is_sb=False msg='check'
[01:22:18] RECV raw='flop|<3,3><3,5><0,3>' buffer='flop|<3,3><3,5><0,3>'
[01:22:18] DISPATCH line='flop|<3,3><3,5><0,3>'
[01:22:18] OFFICIAL_ACTION_DELAY wait=0.209s target=0.300s
[01:22:19] SEND name=Candidate hand=6 stage=flop act_cnt=0 my_sb=0 opp_sb=0 my_chips=19900 opp_chips=19900 is_sb=False msg='raise 101'
[01:22:19] RECV raw='fold' buffer='fold'
[01:22:19] DISPATCH line='fold'
[01:22:22] RECV raw='earnChips 100' buffer='earnChips 100'
[01:22:22] DISPATCH line='earnChips 100'
[01:22:22] RECV raw='preflop|SMALLBLIND|<3,0><0,12>' buffer='preflop|SMALLBLIND|<3,0><0,12>'
[01:22:22] DISPATCH line='preflop|SMALLBLIND|<3,0><0,12>'
[01:22:22] OFFICIAL_ACTION_DELAY wait=0.225s target=0.300s
[01:22:22] SEND name=Candidate hand=7 stage=preflop act_cnt=0 my_sb=50 opp_sb=100 my_chips=19950 opp_chips=19900 is_sb=True msg='call'
[01:22:23] RECV raw='flop|<3,3><2,11><2,1>' buffer='flop|<3,3><2,11><2,1>'
[01:22:23] DISPATCH line='flop|<3,3><2,11><2,1>'
[01:22:23] RECV raw='check' buffer='check'
[01:22:23] DISPATCH line='check'
[01:22:23] OFFICIAL_ACTION_DELAY wait=0.212s target=0.300s
[01:22:23] SEND name=Candidate hand=7 stage=flop act_cnt=0 my_sb=0 opp_sb=0 my_chips=19900 opp_chips=19900 is_sb=True msg='call'
[01:22:23] RECV raw='turn|<0,10>' buffer='turn|<0,10>'
[01:22:23] DISPATCH line='turn|<0,10>'
[01:22:24] RECV raw='check' buffer='check'
[01:22:24] DISPATCH line='check'
[01:22:24] OFFICIAL_ACTION_DELAY wait=0.187s target=0.300s
[01:22:24] SEND name=Candidate hand=7 stage=turn act_cnt=0 my_sb=0 opp_sb=0 my_chips=19900 opp_chips=19900 is_sb=True msg='raise 101'
[01:22:24] RECV raw='fold' buffer='fold'
[01:22:24] DISPATCH line='fold'
[01:22:27] RECV raw='earnChips 100' buffer='earnChips 100'
[01:22:27] DISPATCH line='earnChips 100'
[01:22:27] RECV raw='preflop|BIGBLIND|<0,9><3,1>' buffer='preflop|BIGBLIND|<0,9><3,1>'
[01:22:27] DISPATCH line='preflop|BIGBLIND|<0,9><3,1>'
[01:22:28] RECV raw='fold' buffer='fold'
[01:22:28] DISPATCH line='fold'
[01:22:31] RECV raw='earnChips 50' buffer='earnChips 50'
[01:22:31] DISPATCH line='earnChips 50'
[01:22:31] RECV raw='preflop|SMALLBLIND|<2,12><0,0>' buffer='preflop|SMALLBLIND|<2,12><0,0>'
[01:22:31] DISPATCH line='preflop|SMALLBLIND|<2,12><0,0>'
[01:22:31] OFFICIAL_ACTION_DELAY wait=0.177s target=0.300s
[01:22:31] SEND name=Candidate hand=9 stage=preflop act_cnt=0 my_sb=50 opp_sb=100 my_chips=19950 opp_chips=19900 is_sb=True msg='call'
[01:22:32] RECV raw='flop|<0,7><3,10><1,0>' buffer='flop|<0,7><3,10><1,0>'
[01:22:32] DISPATCH line='flop|<0,7><3,10><1,0>'
[01:22:32] RECV raw='raise 101' buffer='raise 101'
[01:22:32] DISPATCH line='raise 101'
[01:22:32] OFFICIAL_ACTION_DELAY wait=0.165s target=0.300s
[01:22:32] SEND name=Candidate hand=9 stage=flop act_cnt=0 my_sb=0 opp_sb=101 my_chips=19900 opp_chips=19799 is_sb=True msg='fold'
[01:22:35] RECV raw='earnChips -100' buffer='earnChips -100'
[01:22:35] DISPATCH line='earnChips -100'
[01:22:35] RECV raw='preflop|BIGBLIND|<1,2><2,4>' buffer='preflop|BIGBLIND|<1,2><2,4>'
[01:22:35] DISPATCH line='preflop|BIGBLIND|<1,2><2,4>'
[01:22:36] RECV raw='call' buffer='call'
[01:22:36] DISPATCH line='call'
[01:22:36] OFFICIAL_ACTION_DELAY wait=0.230s target=0.300s
[01:22:36] SEND name=Candidate hand=10 stage=preflop act_cnt=0 my_sb=100 opp_sb=100 my_chips=19900 opp_chips=19900 is_sb=False msg='check'
[01:22:36] RECV raw='flop|<0,0><3,7><2,2>' buffer='flop|<0,0><3,7><2,2>'
[01:22:36] DISPATCH line='flop|<0,0><3,7><2,2>'
[01:22:36] OFFICIAL_ACTION_DELAY wait=0.198s target=0.300s
[01:22:36] SEND name=Candidate hand=10 stage=flop act_cnt=0 my_sb=0 opp_sb=0 my_chips=19900 opp_chips=19900 is_sb=False msg='raise 143'
[01:22:37] RECV raw='fold' buffer='fold'
[01:22:37] DISPATCH line='fold'
