[01:21:56] START name=Opponent seat=lower host=127.0.0.1 port=10001 log=/home/zzx/project/pok/bots/neural_national_lab/data/official_platform_v141_smoke2/acceptance_20260710_011900/opponent_01/botB.log
[01:21:56] RECV raw='name' buffer='name'
[01:21:56] DISPATCH line='name'
[01:21:56] SEND name_handshake name='Opponent'
[01:21:56] RECV raw='preflop|BIGBLIND|<2,2><1,6>' buffer='preflop|BIGBLIND|<2,2><1,6>'
[01:21:56] DISPATCH line='preflop|BIGBLIND|<2,2><1,6>'
[01:21:57] RECV raw='call' buffer='call'
[01:21:57] DISPATCH line='call'
[01:21:57] DECIDE start name=Opponent hand=1 stage=preflop act_cnt=0 my_sb=100 opp_sb=100 my_chips=19900 opp_chips=19900 is_sb=False
[01:21:57] DECIDE done action=0 elapsed=0.064s
[01:21:57] OFFICIAL_ACTION_DELAY wait=0.236s target=0.300s
[01:21:57] SEND name=Opponent hand=1 stage=preflop act_cnt=0 my_sb=100 opp_sb=100 my_chips=19900 opp_chips=19900 is_sb=False msg='check'
[01:21:57] RECV raw='flop|<2,4><1,12><3,6>' buffer='flop|<2,4><1,12><3,6>'
[01:21:57] DISPATCH line='flop|<2,4><1,12><3,6>'
[01:21:57] DECIDE start name=Opponent hand=1 stage=flop act_cnt=0 my_sb=0 opp_sb=0 my_chips=19900 opp_chips=19900 is_sb=False
[01:21:57] DECIDE done action=138 elapsed=0.083s
[01:21:57] OFFICIAL_ACTION_DELAY wait=0.217s target=0.300s
[01:21:57] SEND name=Opponent hand=1 stage=flop act_cnt=0 my_sb=0 opp_sb=0 my_chips=19900 opp_chips=19900 is_sb=False msg='raise 138'
[01:21:58] RECV raw='fold' buffer='fold'
[01:21:58] DISPATCH line='fold'
[01:22:01] RECV raw='earnChips 100' buffer='earnChips 100'
[01:22:01] DISPATCH line='earnChips 100'
[01:22:02] RECV raw='preflop|SMALLBLIND|<2,9><2,7>' buffer='preflop|SMALLBLIND|<2,9><2,7>'
[01:22:02] DISPATCH line='preflop|SMALLBLIND|<2,9><2,7>'
[01:22:02] DECIDE start name=Opponent hand=2 stage=preflop act_cnt=0 my_sb=50 opp_sb=100 my_chips=19950 opp_chips=19900 is_sb=True
[01:22:02] DECIDE done action=260 elapsed=0.073s
[01:22:02] OFFICIAL_ACTION_DELAY wait=0.227s target=0.300s
[01:22:02] SEND name=Opponent hand=2 stage=preflop act_cnt=0 my_sb=50 opp_sb=100 my_chips=19950 opp_chips=19900 is_sb=True msg='raise 260'
[01:22:02] RECV raw='flop|<1,3><2,3><2,6>' buffer='flop|<1,3><2,3><2,6>'
[01:22:02] DISPATCH line='flop|<1,3><2,3><2,6>'
[01:22:02] RECV raw='raise 554' buffer='raise 554'
[01:22:02] DISPATCH line='raise 554'
[01:22:02] DECIDE start name=Opponent hand=2 stage=flop act_cnt=0 my_sb=0 opp_sb=554 my_chips=19740 opp_chips=19346 is_sb=True
[01:22:03] DECIDE done action=-1 elapsed=0.118s
[01:22:03] OFFICIAL_ACTION_DELAY wait=0.182s target=0.300s
[01:22:03] SEND name=Opponent hand=2 stage=flop act_cnt=0 my_sb=0 opp_sb=554 my_chips=19740 opp_chips=19346 is_sb=True msg='fold'
[01:22:06] RECV raw='earnChips -260' buffer='earnChips -260'
[01:22:06] DISPATCH line='earnChips -260'
[01:22:06] RECV raw='preflop|BIGBLIND|<3,9><3,11>' buffer='preflop|BIGBLIND|<3,9><3,11>'
[01:22:06] DISPATCH line='preflop|BIGBLIND|<3,9><3,11>'
[01:22:06] RECV raw='call' buffer='call'
[01:22:06] DISPATCH line='call'
[01:22:06] DECIDE start name=Opponent hand=3 stage=preflop act_cnt=0 my_sb=100 opp_sb=100 my_chips=19900 opp_chips=19900 is_sb=False
[01:22:06] DECIDE done action=325 elapsed=0.057s
[01:22:06] OFFICIAL_ACTION_DELAY wait=0.243s target=0.300s
[01:22:07] SEND name=Opponent hand=3 stage=preflop act_cnt=0 my_sb=100 opp_sb=100 my_chips=19900 opp_chips=19900 is_sb=False msg='raise 325'
[01:22:07] RECV raw='fold' buffer='fold'
[01:22:07] DISPATCH line='fold'
[01:22:10] RECV raw='earnChips 100' buffer='earnChips 100'
[01:22:10] DISPATCH line='earnChips 100'
[01:22:10] RECV raw='preflop|SMALLBLIND|<0,3><3,1>' buffer='preflop|SMALLBLIND|<0,3><3,1>'
[01:22:10] DISPATCH line='preflop|SMALLBLIND|<0,3><3,1>'
[01:22:10] DECIDE start name=Opponent hand=4 stage=preflop act_cnt=0 my_sb=50 opp_sb=100 my_chips=19950 opp_chips=19900 is_sb=True
[01:22:10] DECIDE done action=-1 elapsed=0.072s
[01:22:10] OFFICIAL_ACTION_DELAY wait=0.228s target=0.300s
[01:22:10] SEND name=Opponent hand=4 stage=preflop act_cnt=0 my_sb=50 opp_sb=100 my_chips=19950 opp_chips=19900 is_sb=True msg='fold'
[01:22:13] RECV raw='earnChips -50' buffer='earnChips -50'
[01:22:13] DISPATCH line='earnChips -50'
[01:22:14] RECV raw='preflop|BIGBLIND|<1,11><0,12>' buffer='preflop|BIGBLIND|<1,11><0,12>'
[01:22:14] DISPATCH line='preflop|BIGBLIND|<1,11><0,12>'
[01:22:14] RECV raw='call' buffer='call'
[01:22:14] DISPATCH line='call'
[01:22:14] DECIDE start name=Opponent hand=5 stage=preflop act_cnt=0 my_sb=100 opp_sb=100 my_chips=19900 opp_chips=19900 is_sb=False
[01:22:14] DECIDE done action=343 elapsed=0.057s
[01:22:14] OFFICIAL_ACTION_DELAY wait=0.243s target=0.300s
[01:22:14] SEND name=Opponent hand=5 stage=preflop act_cnt=0 my_sb=100 opp_sb=100 my_chips=19900 opp_chips=19900 is_sb=False msg='raise 343'
[01:22:15] RECV raw='fold' buffer='fold'
[01:22:15] DISPATCH line='fold'
[01:22:18] RECV raw='earnChips 100' buffer='earnChips 100'
[01:22:18] DISPATCH line='earnChips 100'
[01:22:18] RECV raw='preflop|SMALLBLIND|<2,11><1,2>' buffer='preflop|SMALLBLIND|<2,11><1,2>'
[01:22:18] DISPATCH line='preflop|SMALLBLIND|<2,11><1,2>'
[01:22:18] DECIDE start name=Opponent hand=6 stage=preflop act_cnt=0 my_sb=50 opp_sb=100 my_chips=19950 opp_chips=19900 is_sb=True
[01:22:18] DECIDE done action=0 elapsed=0.076s
[01:22:18] OFFICIAL_ACTION_DELAY wait=0.223s target=0.300s
[01:22:18] SEND name=Opponent hand=6 stage=preflop act_cnt=0 my_sb=50 opp_sb=100 my_chips=19950 opp_chips=19900 is_sb=True msg='call'
[01:22:18] RECV raw='flop|<3,3><3,5><0,3>' buffer='flop|<3,3><3,5><0,3>'
[01:22:18] DISPATCH line='flop|<3,3><3,5><0,3>'
[01:22:19] RECV raw='raise 101' buffer='raise 101'
[01:22:19] DISPATCH line='raise 101'
[01:22:19] DECIDE start name=Opponent hand=6 stage=flop act_cnt=0 my_sb=0 opp_sb=101 my_chips=19900 opp_chips=19799 is_sb=True
[01:22:19] DECIDE done action=-1 elapsed=0.103s
[01:22:19] OFFICIAL_ACTION_DELAY wait=0.197s target=0.300s
[01:22:19] SEND name=Opponent hand=6 stage=flop act_cnt=0 my_sb=0 opp_sb=101 my_chips=19900 opp_chips=19799 is_sb=True msg='fold'
[01:22:22] RECV raw='earnChips -100' buffer='earnChips -100'
[01:22:22] DISPATCH line='earnChips -100'
[01:22:22] RECV raw='preflop|BIGBLIND|<3,5><1,6>' buffer='preflop|BIGBLIND|<3,5><1,6>'
[01:22:22] DISPATCH line='preflop|BIGBLIND|<3,5><1,6>'
[01:22:22] RECV raw='call' buffer='call'
[01:22:22] DISPATCH line='call'
[01:22:22] DECIDE start name=Opponent hand=7 stage=preflop act_cnt=0 my_sb=100 opp_sb=100 my_chips=19900 opp_chips=19900 is_sb=False
[01:22:22] DECIDE done action=0 elapsed=0.068s
[01:22:22] OFFICIAL_ACTION_DELAY wait=0.232s target=0.300s
[01:22:23] SEND name=Opponent hand=7 stage=preflop act_cnt=0 my_sb=100 opp_sb=100 my_chips=19900 opp_chips=19900 is_sb=False msg='check'
[01:22:23] RECV raw='flop|<3,3><2,11><2,1>' buffer='flop|<3,3><2,11><2,1>'
[01:22:23] DISPATCH line='flop|<3,3><2,11><2,1>'
[01:22:23] DECIDE start name=Opponent hand=7 stage=flop act_cnt=0 my_sb=0 opp_sb=0 my_chips=19900 opp_chips=19900 is_sb=False
[01:22:23] DECIDE done action=0 elapsed=0.097s
[01:22:23] OFFICIAL_ACTION_DELAY wait=0.203s target=0.300s
[01:22:23] SEND name=Opponent hand=7 stage=flop act_cnt=0 my_sb=0 opp_sb=0 my_chips=19900 opp_chips=19900 is_sb=False msg='check'
[01:22:23] RECV raw='turn|<0,10>' buffer='turn|<0,10>'
[01:22:23] DISPATCH line='turn|<0,10>'
[01:22:23] DECIDE start name=Opponent hand=7 stage=turn act_cnt=0 my_sb=0 opp_sb=0 my_chips=19900 opp_chips=19900 is_sb=False
[01:22:23] DECIDE done action=0 elapsed=0.124s
[01:22:23] OFFICIAL_ACTION_DELAY wait=0.176s target=0.300s
[01:22:24] SEND name=Opponent hand=7 stage=turn act_cnt=0 my_sb=0 opp_sb=0 my_chips=19900 opp_chips=19900 is_sb=False msg='check'
[01:22:24] RECV raw='raise 101' buffer='raise 101'
[01:22:24] DISPATCH line='raise 101'
[01:22:24] DECIDE start name=Opponent hand=7 stage=turn act_cnt=1 my_sb=0 opp_sb=101 my_chips=19900 opp_chips=19799 is_sb=False
[01:22:24] DECIDE done action=-1 elapsed=0.152s
[01:22:24] OFFICIAL_ACTION_DELAY wait=0.148s target=0.300s
[01:22:24] SEND name=Opponent hand=7 stage=turn act_cnt=1 my_sb=0 opp_sb=101 my_chips=19900 opp_chips=19799 is_sb=False msg='fold'
[01:22:27] RECV raw='earnChips -100' buffer='earnChips -100'
[01:22:27] DISPATCH line='earnChips -100'
[01:22:27] RECV raw='preflop|SMALLBLIND|<0,2><2,1>' buffer='preflop|SMALLBLIND|<0,2><2,1>'
[01:22:27] DISPATCH line='preflop|SMALLBLIND|<0,2><2,1>'
[01:22:27] DECIDE start name=Opponent hand=8 stage=preflop act_cnt=0 my_sb=50 opp_sb=100 my_chips=19950 opp_chips=19900 is_sb=True
[01:22:28] DECIDE done action=-1 elapsed=0.124s
[01:22:28] OFFICIAL_ACTION_DELAY wait=0.176s target=0.300s
[01:22:28] SEND name=Opponent hand=8 stage=preflop act_cnt=0 my_sb=50 opp_sb=100 my_chips=19950 opp_chips=19900 is_sb=True msg='fold'
[01:22:31] RECV raw='earnChips -50' buffer='earnChips -50'
[01:22:31] DISPATCH line='earnChips -50'
[01:22:31] RECV raw='preflop|BIGBLIND|<1,10><3,4>' buffer='preflop|BIGBLIND|<1,10><3,4>'
[01:22:31] DISPATCH line='preflop|BIGBLIND|<1,10><3,4>'
[01:22:31] RECV raw='call' buffer='call'
[01:22:31] DISPATCH line='call'
[01:22:31] DECIDE start name=Opponent hand=9 stage=preflop act_cnt=0 my_sb=100 opp_sb=100 my_chips=19900 opp_chips=19900 is_sb=False
[01:22:31] DECIDE done action=0 elapsed=0.066s
[01:22:31] OFFICIAL_ACTION_DELAY wait=0.234s target=0.300s
[01:22:32] SEND name=Opponent hand=9 stage=preflop act_cnt=0 my_sb=100 opp_sb=100 my_chips=19900 opp_chips=19900 is_sb=False msg='check'
[01:22:32] RECV raw='flop|<0,7><3,10><1,0>' buffer='flop|<0,7><3,10><1,0>'
[01:22:32] DISPATCH line='flop|<0,7><3,10><1,0>'
[01:22:32] DECIDE start name=Opponent hand=9 stage=flop act_cnt=0 my_sb=0 opp_sb=0 my_chips=19900 opp_chips=19900 is_sb=False
[01:22:32] DECIDE done action=101 elapsed=0.090s
[01:22:32] OFFICIAL_ACTION_DELAY wait=0.210s target=0.300s
[01:22:32] SEND name=Opponent hand=9 stage=flop act_cnt=0 my_sb=0 opp_sb=0 my_chips=19900 opp_chips=19900 is_sb=False msg='raise 101'
[01:22:32] RECV raw='fold' buffer='fold'
[01:22:32] DISPATCH line='fold'
[01:22:35] RECV raw='earnChips 100' buffer='earnChips 100'
[01:22:35] DISPATCH line='earnChips 100'
[01:22:35] RECV raw='preflop|SMALLBLIND|<2,5><0,8>' buffer='preflop|SMALLBLIND|<2,5><0,8>'
[01:22:35] DISPATCH line='preflop|SMALLBLIND|<2,5><0,8>'
[01:22:35] DECIDE start name=Opponent hand=10 stage=preflop act_cnt=0 my_sb=50 opp_sb=100 my_chips=19950 opp_chips=19900 is_sb=True
[01:22:35] DECIDE done action=0 elapsed=0.079s
[01:22:35] OFFICIAL_ACTION_DELAY wait=0.221s target=0.300s
[01:22:36] SEND name=Opponent hand=10 stage=preflop act_cnt=0 my_sb=50 opp_sb=100 my_chips=19950 opp_chips=19900 is_sb=True msg='call'
[01:22:36] RECV raw='flop|<0,0><3,7><2,2>' buffer='flop|<0,0><3,7><2,2>'
[01:22:36] DISPATCH line='flop|<0,0><3,7><2,2>'
[01:22:36] RECV raw='raise 143' buffer='raise 143'
[01:22:36] DISPATCH line='raise 143'
[01:22:36] DECIDE start name=Opponent hand=10 stage=flop act_cnt=0 my_sb=0 opp_sb=143 my_chips=19900 opp_chips=19757 is_sb=True
[01:22:36] DECIDE done action=-1 elapsed=0.182s
[01:22:36] OFFICIAL_ACTION_DELAY wait=0.118s target=0.300s
[01:22:37] SEND name=Opponent hand=10 stage=flop act_cnt=0 my_sb=0 opp_sb=143 my_chips=19900 opp_chips=19757 is_sb=True msg='fold'
