[21:54:45] START name=BotA seat=upper host=127.0.0.1 port=10001 log=/home/zzx/project/pok/.codex_worktrees/neural-v141/bots/neural_national_lab/data/official_platform_v141_smoke/acceptance_20260709_215440/self_play_01/botA.log
[21:54:45] RECV raw='name' buffer='name'
[21:54:45] DISPATCH line='name'
[21:54:45] SEND name_handshake name='BotA'
[21:54:45] RECV raw='preflop|BIGBLIND|<0,2><1,4>' buffer='preflop|BIGBLIND|<0,2><1,4>'
[21:54:45] DISPATCH line='preflop|BIGBLIND|<0,2><1,4>'
[21:54:46] RECV raw='raise 266' buffer='raise 266'
[21:54:46] DISPATCH line='raise 266'
[21:54:46] OFFICIAL_ACTION_DELAY wait=0.181s target=0.300s
[21:54:46] SEND name=BotA hand=1 stage=preflop act_cnt=0 my_sb=100 opp_sb=266 my_chips=19900 opp_chips=19734 is_sb=False msg='call'
[21:54:46] RECV raw='flop|<3,12><2,10><0,6>' buffer='flop|<3,12><2,10><0,6>'
[21:54:46] DISPATCH line='flop|<3,12><2,10><0,6>'
[21:54:46] OFFICIAL_ACTION_DELAY wait=0.121s target=0.300s
[21:54:46] SEND name=BotA hand=1 stage=flop act_cnt=0 my_sb=0 opp_sb=0 my_chips=19734 opp_chips=19734 is_sb=False msg='check'
[21:54:47] RECV raw='raise 109' buffer='raise 109'
[21:54:47] DISPATCH line='raise 109'
[21:54:47] OFFICIAL_ACTION_DELAY wait=0.163s target=0.300s
[21:54:47] SEND name=BotA hand=1 stage=flop act_cnt=1 my_sb=0 opp_sb=109 my_chips=19734 opp_chips=19625 is_sb=False msg='fold'
[21:54:51] RECV raw='earnChips -266' buffer='earnChips -266'
[21:54:51] DISPATCH line='earnChips -266'
[21:54:51] RECV raw='preflop|SMALLBLIND|<0,9><3,5>' buffer='preflop|SMALLBLIND|<0,9><3,5>'
[21:54:51] DISPATCH line='preflop|SMALLBLIND|<0,9><3,5>'
[21:54:51] OFFICIAL_ACTION_DELAY wait=0.157s target=0.300s
[21:54:51] SEND name=BotA hand=2 stage=preflop act_cnt=0 my_sb=50 opp_sb=100 my_chips=19950 opp_chips=19900 is_sb=True msg='call'
[21:54:51] RECV raw='flop|<2,9><3,12><3,1>' buffer='flop|<2,9><3,12><3,1>'
[21:54:51] DISPATCH line='flop|<2,9><3,12><3,1>'
[21:54:52] RECV raw='check' buffer='check'
[21:54:52] DISPATCH line='check'
[21:54:52] OFFICIAL_ACTION_DELAY wait=0.127s target=0.300s
[21:54:52] SEND name=BotA hand=2 stage=flop act_cnt=0 my_sb=0 opp_sb=0 my_chips=19900 opp_chips=19900 is_sb=True msg='raise 130'
[21:54:52] RECV raw='fold' buffer='fold'
[21:54:52] DISPATCH line='fold'
[21:54:55] RECV raw='earnChips 100' buffer='earnChips 100'
[21:54:55] DISPATCH line='earnChips 100'
[21:54:55] RECV raw='preflop|BIGBLIND|<1,4><3,9>' buffer='preflop|BIGBLIND|<1,4><3,9>'
[21:54:55] DISPATCH line='preflop|BIGBLIND|<1,4><3,9>'
[21:54:56] RECV raw='call' buffer='call'
[21:54:56] DISPATCH line='call'
[21:54:56] OFFICIAL_ACTION_DELAY wait=0.228s target=0.300s
[21:54:56] SEND name=BotA hand=3 stage=preflop act_cnt=0 my_sb=100 opp_sb=100 my_chips=19900 opp_chips=19900 is_sb=False msg='check'
[21:54:56] RECV raw='flop|<0,1><3,1><2,5>' buffer='flop|<0,1><3,1><2,5>'
[21:54:56] DISPATCH line='flop|<0,1><3,1><2,5>'
[21:54:56] OFFICIAL_ACTION_DELAY wait=0.186s target=0.300s
[21:54:56] SEND name=BotA hand=3 stage=flop act_cnt=0 my_sb=0 opp_sb=0 my_chips=19900 opp_chips=19900 is_sb=False msg='check'
[21:54:57] RECV raw='raise 101' buffer='raise 101'
[21:54:57] DISPATCH line='raise 101'
[21:54:57] OFFICIAL_ACTION_DELAY wait=0.122s target=0.300s
[21:54:57] SEND name=BotA hand=3 stage=flop act_cnt=1 my_sb=0 opp_sb=101 my_chips=19900 opp_chips=19799 is_sb=False msg='fold'
[21:55:00] RECV raw='earnChips -100' buffer='earnChips -100'
[21:55:00] DISPATCH line='earnChips -100'
[21:55:00] RECV raw='preflop|SMALLBLIND|<1,1><0,4>' buffer='preflop|SMALLBLIND|<1,1><0,4>'
[21:55:00] DISPATCH line='preflop|SMALLBLIND|<1,1><0,4>'
[21:55:00] OFFICIAL_ACTION_DELAY wait=0.196s target=0.300s
[21:55:00] SEND name=BotA hand=4 stage=preflop act_cnt=0 my_sb=50 opp_sb=100 my_chips=19950 opp_chips=19900 is_sb=True msg='fold'
[21:55:03] RECV raw='earnChips -50' buffer='earnChips -50'
[21:55:03] DISPATCH line='earnChips -50'
[21:55:04] RECV raw='preflop|BIGBLIND|<2,9><1,2>' buffer='preflop|BIGBLIND|<2,9><1,2>'
[21:55:04] DISPATCH line='preflop|BIGBLIND|<2,9><1,2>'
[21:55:04] RECV raw='call' buffer='call'
[21:55:04] DISPATCH line='call'
[21:55:04] OFFICIAL_ACTION_DELAY wait=0.231s target=0.300s
[21:55:04] SEND name=BotA hand=5 stage=preflop act_cnt=0 my_sb=100 opp_sb=100 my_chips=19900 opp_chips=19900 is_sb=False msg='check'
[21:55:04] RECV raw='flop|<1,11><1,12><0,2>' buffer='flop|<1,11><1,12><0,2>'
[21:55:04] DISPATCH line='flop|<1,11><1,12><0,2>'
[21:55:04] OFFICIAL_ACTION_DELAY wait=0.172s target=0.300s
[21:55:04] SEND name=BotA hand=5 stage=flop act_cnt=0 my_sb=0 opp_sb=0 my_chips=19900 opp_chips=19900 is_sb=False msg='check'
[21:55:05] RECV raw='raise 128' buffer='raise 128'
[21:55:05] DISPATCH line='raise 128'
[21:55:05] OFFICIAL_ACTION_DELAY wait=0.147s target=0.300s
[21:55:05] SEND name=BotA hand=5 stage=flop act_cnt=1 my_sb=0 opp_sb=128 my_chips=19900 opp_chips=19772 is_sb=False msg='fold'
[21:55:08] RECV raw='earnChips -100' buffer='earnChips -100'
[21:55:08] DISPATCH line='earnChips -100'
[21:55:08] RECV raw='preflop|SMALLBLIND|<3,3><1,6>' buffer='preflop|SMALLBLIND|<3,3><1,6>'
[21:55:08] DISPATCH line='preflop|SMALLBLIND|<3,3><1,6>'
[21:55:08] OFFICIAL_ACTION_DELAY wait=0.161s target=0.300s
[21:55:09] SEND name=BotA hand=6 stage=preflop act_cnt=0 my_sb=50 opp_sb=100 my_chips=19950 opp_chips=19900 is_sb=True msg='call'
[21:55:09] RECV raw='flop|<2,6><2,11><3,12>' buffer='flop|<2,6><2,11><3,12>'
[21:55:09] DISPATCH line='flop|<2,6><2,11><3,12>'
[21:55:09] RECV raw='raise 142' buffer='raise 142'
[21:55:09] DISPATCH line='raise 142'
[21:55:09] OFFICIAL_ACTION_DELAY wait=0.143s target=0.300s
[21:55:09] SEND name=BotA hand=6 stage=flop act_cnt=0 my_sb=0 opp_sb=142 my_chips=19900 opp_chips=19758 is_sb=True msg='fold'
[21:55:13] RECV raw='earnChips -100' buffer='earnChips -100'
[21:55:13] DISPATCH line='earnChips -100'
[21:55:13] RECV raw='preflop|BIGBLIND|<3,0><2,1>' buffer='preflop|BIGBLIND|<3,0><2,1>'
[21:55:13] DISPATCH line='preflop|BIGBLIND|<3,0><2,1>'
[21:55:13] RECV raw='call' buffer='call'
[21:55:13] DISPATCH line='call'
[21:55:13] OFFICIAL_ACTION_DELAY wait=0.224s target=0.300s
[21:55:13] SEND name=BotA hand=7 stage=preflop act_cnt=0 my_sb=100 opp_sb=100 my_chips=19900 opp_chips=19900 is_sb=False msg='check'
[21:55:13] RECV raw='flop|<1,10><1,6><2,10>' buffer='flop|<1,10><1,6><2,10>'
[21:55:13] DISPATCH line='flop|<1,10><1,6><2,10>'
[21:55:13] OFFICIAL_ACTION_DELAY wait=0.191s target=0.300s
[21:55:14] SEND name=BotA hand=7 stage=flop act_cnt=0 my_sb=0 opp_sb=0 my_chips=19900 opp_chips=19900 is_sb=False msg='check'
[21:55:14] RECV raw='turn|<3,11>' buffer='turn|<3,11>'
[21:55:14] DISPATCH line='turn|<3,11>'
[21:55:14] OFFICIAL_ACTION_DELAY wait=0.098s target=0.300s
[21:55:14] SEND name=BotA hand=7 stage=turn act_cnt=0 my_sb=0 opp_sb=0 my_chips=19900 opp_chips=19900 is_sb=False msg='check'
[21:55:15] RECV raw='river|<2,0>' buffer='river|<2,0>'
[21:55:15] DISPATCH line='river|<2,0>'
[21:55:15] OFFICIAL_ACTION_DELAY wait=0.100s target=0.300s
[21:55:15] SEND name=BotA hand=7 stage=river act_cnt=0 my_sb=0 opp_sb=0 my_chips=19900 opp_chips=19900 is_sb=False msg='check'
[21:55:18] RECV raw='earnChips 100' buffer='earnChips 100'
[21:55:18] DISPATCH line='earnChips 100'
[21:55:18] RECV raw='oppo_hands|<2,7><2,3>' buffer='oppo_hands|<2,7><2,3>'
[21:55:18] DISPATCH line='oppo_hands|<2,7><2,3>'
[21:55:19] RECV raw='preflop|SMALLBLIND|<3,8><3,10>' buffer='preflop|SMALLBLIND|<3,8><3,10>'
[21:55:19] DISPATCH line='preflop|SMALLBLIND|<3,8><3,10>'
[21:55:19] OFFICIAL_ACTION_DELAY wait=0.152s target=0.300s
[21:55:19] SEND name=BotA hand=8 stage=preflop act_cnt=0 my_sb=50 opp_sb=100 my_chips=19950 opp_chips=19900 is_sb=True msg='raise 263'
[21:55:19] RECV raw='raise 680' buffer='raise 680'
[21:55:19] DISPATCH line='raise 680'
[21:55:19] OFFICIAL_ACTION_DELAY wait=0.206s target=0.300s
[21:55:19] SEND name=BotA hand=8 stage=preflop act_cnt=1 my_sb=263 opp_sb=680 my_chips=19737 opp_chips=19320 is_sb=True msg='call'
[21:55:19] RECV raw='flop|<2,10><3,9><1,8>' buffer='flop|<2,10><3,9><1,8>'
[21:55:19] DISPATCH line='flop|<2,10><3,9><1,8>'
[21:55:20] RECV raw='raise 925' buffer='raise 925'
[21:55:20] DISPATCH line='raise 925'
[21:55:20] OFFICIAL_ACTION_DELAY wait=0.150s target=0.300s
[21:55:20] SEND name=BotA hand=8 stage=flop act_cnt=0 my_sb=0 opp_sb=925 my_chips=19320 opp_chips=18395 is_sb=True msg='call'
[21:55:20] RECV raw='turn|<2,5>' buffer='turn|<2,5>'
[21:55:20] DISPATCH line='turn|<2,5>'
[21:55:20] RECV raw='raise 2163' buffer='raise 2163'
[21:55:20] DISPATCH line='raise 2163'
[21:55:21] OFFICIAL_ACTION_DELAY wait=0.093s target=0.300s
[21:55:21] SEND name=BotA hand=8 stage=turn act_cnt=0 my_sb=0 opp_sb=2163 my_chips=18395 opp_chips=16232 is_sb=True msg='call'
[21:55:21] RECV raw='river|<2,8>' buffer='river|<2,8>'
[21:55:21] DISPATCH line='river|<2,8>'
[21:55:21] RECV raw='raise 4402' buffer='raise 4402'
[21:55:21] DISPATCH line='raise 4402'
[21:55:21] OFFICIAL_ACTION_DELAY wait=0.000s target=0.300s
[21:55:21] SEND name=BotA hand=8 stage=river act_cnt=0 my_sb=0 opp_sb=4402 my_chips=16232 opp_chips=11830 is_sb=True msg='raise 16231'
[21:55:22] RECV raw='allin' buffer='allin'
[21:55:22] DISPATCH line='allin'
[21:55:22] OFFICIAL_ACTION_DELAY wait=0.107s target=0.300s
[21:55:22] SEND name=BotA hand=8 stage=river act_cnt=1 my_sb=16231 opp_sb=16232 my_chips=1 opp_chips=0 is_sb=True msg='call'
[21:55:25] RECV raw='earnChips 20000' buffer='earnChips 20000'
[21:55:25] DISPATCH line='earnChips 20000'
[21:55:25] RECV raw='oppo_hands|<1,11><1,10>' buffer='oppo_hands|<1,11><1,10>'
[21:55:25] DISPATCH line='oppo_hands|<1,11><1,10>'
[21:55:25] RECV raw='preflop|BIGBLIND|<3,2><0,11>' buffer='preflop|BIGBLIND|<3,2><0,11>'
[21:55:25] DISPATCH line='preflop|BIGBLIND|<3,2><0,11>'
[21:55:26] RECV raw='raise 688' buffer='raise 688'
[21:55:26] DISPATCH line='raise 688'
[21:55:26] OFFICIAL_ACTION_DELAY wait=0.299s target=0.300s
[21:55:26] SEND name=BotA hand=9 stage=preflop act_cnt=0 my_sb=100 opp_sb=688 my_chips=19900 opp_chips=19312 is_sb=False msg='fold'
[21:55:29] RECV raw='earnChips -100' buffer='earnChips -100'
[21:55:29] DISPATCH line='earnChips -100'
[21:55:29] RECV raw='preflop|SMALLBLIND|<0,10><1,1>' buffer='preflop|SMALLBLIND|<0,10><1,1>'
[21:55:29] DISPATCH line='preflop|SMALLBLIND|<0,10><1,1>'
[21:55:29] OFFICIAL_ACTION_DELAY wait=0.299s target=0.300s
[21:55:29] SEND name=BotA hand=10 stage=preflop act_cnt=0 my_sb=50 opp_sb=100 my_chips=19950 opp_chips=19900 is_sb=True msg='fold'
[21:55:32] RECV raw='earnChips -50' buffer='earnChips -50'
[21:55:32] DISPATCH line='earnChips -50'
[21:55:33] RECV raw='preflop|BIGBLIND|<1,10><2,4>' buffer='preflop|BIGBLIND|<1,10><2,4>'
[21:55:33] DISPATCH line='preflop|BIGBLIND|<1,10><2,4>'
[21:55:33] RECV raw='raise 688' buffer='raise 688'
[21:55:33] DISPATCH line='raise 688'
[21:55:33] OFFICIAL_ACTION_DELAY wait=0.299s target=0.300s
[21:55:33] SEND name=BotA hand=11 stage=preflop act_cnt=0 my_sb=100 opp_sb=688 my_chips=19900 opp_chips=19312 is_sb=False msg='fold'
[21:55:36] RECV raw='earnChips -100' buffer='earnChips -100'
[21:55:36] DISPATCH line='earnChips -100'
[21:55:36] RECV raw='preflop|SMALLBLIND|<3,7><2,2>' buffer='preflop|SMALLBLIND|<3,7><2,2>'
[21:55:36] DISPATCH line='preflop|SMALLBLIND|<3,7><2,2>'
[21:55:36] OFFICIAL_ACTION_DELAY wait=0.299s target=0.300s
[21:55:37] SEND name=BotA hand=12 stage=preflop act_cnt=0 my_sb=50 opp_sb=100 my_chips=19950 opp_chips=19900 is_sb=True msg='fold'
[21:55:40] RECV raw='earnChips -50' buffer='earnChips -50'
[21:55:40] DISPATCH line='earnChips -50'
[21:55:40] RECV raw='preflop|BIGBLIND|<0,1><3,6>' buffer='preflop|BIGBLIND|<0,1><3,6>'
[21:55:40] DISPATCH line='preflop|BIGBLIND|<0,1><3,6>'
[21:55:40] RECV raw='raise 688' buffer='raise 688'
[21:55:40] DISPATCH line='raise 688'
[21:55:40] OFFICIAL_ACTION_DELAY wait=0.299s target=0.300s
[21:55:40] SEND name=BotA hand=13 stage=preflop act_cnt=0 my_sb=100 opp_sb=688 my_chips=19900 opp_chips=19312 is_sb=False msg='fold'
[21:55:44] RECV raw='earnChips -100' buffer='earnChips -100'
[21:55:44] DISPATCH line='earnChips -100'
[21:55:44] RECV raw='preflop|SMALLBLIND|<1,9><0,9>' buffer='preflop|SMALLBLIND|<1,9><0,9>'
[21:55:44] DISPATCH line='preflop|SMALLBLIND|<1,9><0,9>'
[21:55:44] OFFICIAL_ACTION_DELAY wait=0.299s target=0.300s
[21:55:44] SEND name=BotA hand=14 stage=preflop act_cnt=0 my_sb=50 opp_sb=100 my_chips=19950 opp_chips=19900 is_sb=True msg='fold'
[21:55:47] RECV raw='earnChips -50' buffer='earnChips -50'
[21:55:47] DISPATCH line='earnChips -50'
[21:55:47] RECV raw='preflop|BIGBLIND|<2,6><0,7>' buffer='preflop|BIGBLIND|<2,6><0,7>'
[21:55:47] DISPATCH line='preflop|BIGBLIND|<2,6><0,7>'
[21:55:47] RECV raw='raise 319' buffer='raise 319'
[21:55:47] DISPATCH line='raise 319'
[21:55:47] OFFICIAL_ACTION_DELAY wait=0.299s target=0.300s
[21:55:48] SEND name=BotA hand=15 stage=preflop act_cnt=0 my_sb=100 opp_sb=319 my_chips=19900 opp_chips=19681 is_sb=False msg='fold'
[21:55:51] RECV raw='earnChips -100' buffer='earnChips -100'
[21:55:51] DISPATCH line='earnChips -100'
[21:55:51] RECV raw='preflop|SMALLBLIND|<0,1><1,10>' buffer='preflop|SMALLBLIND|<0,1><1,10>'
[21:55:51] DISPATCH line='preflop|SMALLBLIND|<0,1><1,10>'
[21:55:51] OFFICIAL_ACTION_DELAY wait=0.299s target=0.300s
[21:55:51] SEND name=BotA hand=16 stage=preflop act_cnt=0 my_sb=50 opp_sb=100 my_chips=19950 opp_chips=19900 is_sb=True msg='fold'
[21:55:54] RECV raw='earnChips -50' buffer='earnChips -50'
[21:55:54] DISPATCH line='earnChips -50'
[21:55:55] RECV raw='preflop|BIGBLIND|<1,0><2,10>' buffer='preflop|BIGBLIND|<1,0><2,10>'
[21:55:55] DISPATCH line='preflop|BIGBLIND|<1,0><2,10>'
[21:55:55] RECV raw='raise 688' buffer='raise 688'
[21:55:55] DISPATCH line='raise 688'
[21:55:55] OFFICIAL_ACTION_DELAY wait=0.299s target=0.300s
[21:55:55] SEND name=BotA hand=17 stage=preflop act_cnt=0 my_sb=100 opp_sb=688 my_chips=19900 opp_chips=19312 is_sb=False msg='fold'
[21:55:58] RECV raw='earnChips -100' buffer='earnChips -100'
[21:55:58] DISPATCH line='earnChips -100'
[21:55:58] RECV raw='preflop|SMALLBLIND|<2,11><2,0>' buffer='preflop|SMALLBLIND|<2,11><2,0>'
[21:55:58] DISPATCH line='preflop|SMALLBLIND|<2,11><2,0>'
[21:55:58] OFFICIAL_ACTION_DELAY wait=0.299s target=0.300s
[21:55:59] SEND name=BotA hand=18 stage=preflop act_cnt=0 my_sb=50 opp_sb=100 my_chips=19950 opp_chips=19900 is_sb=True msg='fold'
[21:56:02] RECV raw='earnChips -50' buffer='earnChips -50'
[21:56:02] DISPATCH line='earnChips -50'
[21:56:02] RECV raw='preflop|BIGBLIND|<3,5><3,2>' buffer='preflop|BIGBLIND|<3,5><3,2>'
[21:56:02] DISPATCH line='preflop|BIGBLIND|<3,5><3,2>'
[21:56:02] RECV raw='raise 296' buffer='raise 296'
[21:56:02] DISPATCH line='raise 296'
[21:56:02] OFFICIAL_ACTION_DELAY wait=0.299s target=0.300s
[21:56:02] SEND name=BotA hand=19 stage=preflop act_cnt=0 my_sb=100 opp_sb=296 my_chips=19900 opp_chips=19704 is_sb=False msg='fold'
[21:56:06] RECV raw='earnChips -100' buffer='earnChips -100'
[21:56:06] DISPATCH line='earnChips -100'
[21:56:06] RECV raw='preflop|SMALLBLIND|<0,0><3,5>' buffer='preflop|SMALLBLIND|<0,0><3,5>'
[21:56:06] DISPATCH line='preflop|SMALLBLIND|<0,0><3,5>'
[21:56:06] OFFICIAL_ACTION_DELAY wait=0.299s target=0.300s
[21:56:06] SEND name=BotA hand=20 stage=preflop act_cnt=0 my_sb=50 opp_sb=100 my_chips=19950 opp_chips=19900 is_sb=True msg='fold'
[21:56:09] RECV raw='earnChips -50' buffer='earnChips -50'
[21:56:09] DISPATCH line='earnChips -50'
[21:56:09] RECV raw='preflop|BIGBLIND|<2,10><0,3>' buffer='preflop|BIGBLIND|<2,10><0,3>'
[21:56:09] DISPATCH line='preflop|BIGBLIND|<2,10><0,3>'
[21:56:09] RECV raw='raise 688' buffer='raise 688'
[21:56:09] DISPATCH line='raise 688'
[21:56:09] OFFICIAL_ACTION_DELAY wait=0.299s target=0.300s
[21:56:10] SEND name=BotA hand=21 stage=preflop act_cnt=0 my_sb=100 opp_sb=688 my_chips=19900 opp_chips=19312 is_sb=False msg='fold'
[21:56:13] RECV raw='earnChips -100' buffer='earnChips -100'
[21:56:13] DISPATCH line='earnChips -100'
[21:56:13] RECV raw='preflop|SMALLBLIND|<3,10><1,6>' buffer='preflop|SMALLBLIND|<3,10><1,6>'
[21:56:13] DISPATCH line='preflop|SMALLBLIND|<3,10><1,6>'
[21:56:13] OFFICIAL_ACTION_DELAY wait=0.300s target=0.300s
[21:56:13] SEND name=BotA hand=22 stage=preflop act_cnt=0 my_sb=50 opp_sb=100 my_chips=19950 opp_chips=19900 is_sb=True msg='fold'
[21:56:16] RECV raw='earnChips -50' buffer='earnChips -50'
[21:56:16] DISPATCH line='earnChips -50'
[21:56:17] RECV raw='preflop|BIGBLIND|<0,4><1,9>' buffer='preflop|BIGBLIND|<0,4><1,9>'
[21:56:17] DISPATCH line='preflop|BIGBLIND|<0,4><1,9>'
[21:56:17] RECV raw='raise 297' buffer='raise 297'
[21:56:17] DISPATCH line='raise 297'
[21:56:17] OFFICIAL_ACTION_DELAY wait=0.299s target=0.300s
[21:56:17] SEND name=BotA hand=23 stage=preflop act_cnt=0 my_sb=100 opp_sb=297 my_chips=19900 opp_chips=19703 is_sb=False msg='fold'
[21:56:20] RECV raw='earnChips -100' buffer='earnChips -100'
[21:56:20] DISPATCH line='earnChips -100'
[21:56:20] RECV raw='preflop|SMALLBLIND|<2,2><2,7>' buffer='preflop|SMALLBLIND|<2,2><2,7>'
[21:56:20] DISPATCH line='preflop|SMALLBLIND|<2,2><2,7>'
[21:56:20] OFFICIAL_ACTION_DELAY wait=0.300s target=0.300s
[21:56:21] SEND name=BotA hand=24 stage=preflop act_cnt=0 my_sb=50 opp_sb=100 my_chips=19950 opp_chips=19900 is_sb=True msg='fold'
[21:56:24] RECV raw='earnChips -50' buffer='earnChips -50'
[21:56:24] DISPATCH line='earnChips -50'
[21:56:24] RECV raw='preflop|BIGBLIND|<3,9><2,10>' buffer='preflop|BIGBLIND|<3,9><2,10>'
[21:56:24] DISPATCH line='preflop|BIGBLIND|<3,9><2,10>'
[21:56:24] RECV raw='raise 688' buffer='raise 688'
[21:56:24] DISPATCH line='raise 688'
[21:56:24] OFFICIAL_ACTION_DELAY wait=0.299s target=0.300s
[21:56:24] SEND name=BotA hand=25 stage=preflop act_cnt=0 my_sb=100 opp_sb=688 my_chips=19900 opp_chips=19312 is_sb=False msg='fold'
[21:56:28] RECV raw='earnChips -100' buffer='earnChips -100'
[21:56:28] DISPATCH line='earnChips -100'
[21:56:28] RECV raw='preflop|SMALLBLIND|<0,9><3,1>' buffer='preflop|SMALLBLIND|<0,9><3,1>'
[21:56:28] DISPATCH line='preflop|SMALLBLIND|<0,9><3,1>'
[21:56:28] OFFICIAL_ACTION_DELAY wait=0.299s target=0.300s
[21:56:28] SEND name=BotA hand=26 stage=preflop act_cnt=0 my_sb=50 opp_sb=100 my_chips=19950 opp_chips=19900 is_sb=True msg='fold'
[21:56:31] RECV raw='earnChips -50' buffer='earnChips -50'
[21:56:31] DISPATCH line='earnChips -50'
[21:56:31] RECV raw='preflop|BIGBLIND|<2,6><0,12>' buffer='preflop|BIGBLIND|<2,6><0,12>'
[21:56:31] DISPATCH line='preflop|BIGBLIND|<2,6><0,12>'
[21:56:31] RECV raw='raise 297' buffer='raise 297'
[21:56:31] DISPATCH line='raise 297'
[21:56:31] OFFICIAL_ACTION_DELAY wait=0.299s target=0.300s
[21:56:32] SEND name=BotA hand=27 stage=preflop act_cnt=0 my_sb=100 opp_sb=297 my_chips=19900 opp_chips=19703 is_sb=False msg='fold'
[21:56:35] RECV raw='earnChips -100' buffer='earnChips -100'
[21:56:35] DISPATCH line='earnChips -100'
[21:56:35] RECV raw='preflop|SMALLBLIND|<3,1><0,2>' buffer='preflop|SMALLBLIND|<3,1><0,2>'
[21:56:35] DISPATCH line='preflop|SMALLBLIND|<3,1><0,2>'
[21:56:35] OFFICIAL_ACTION_DELAY wait=0.299s target=0.300s
[21:56:35] SEND name=BotA hand=28 stage=preflop act_cnt=0 my_sb=50 opp_sb=100 my_chips=19950 opp_chips=19900 is_sb=True msg='fold'
[21:56:38] RECV raw='earnChips -50' buffer='earnChips -50'
[21:56:38] DISPATCH line='earnChips -50'
[21:56:39] RECV raw='preflop|BIGBLIND|<0,8><1,5>' buffer='preflop|BIGBLIND|<0,8><1,5>'
[21:56:39] DISPATCH line='preflop|BIGBLIND|<0,8><1,5>'
[21:56:39] RECV raw='raise 688' buffer='raise 688'
[21:56:39] DISPATCH line='raise 688'
[21:56:39] OFFICIAL_ACTION_DELAY wait=0.299s target=0.300s
[21:56:39] SEND name=BotA hand=29 stage=preflop act_cnt=0 my_sb=100 opp_sb=688 my_chips=19900 opp_chips=19312 is_sb=False msg='fold'
[21:56:42] RECV raw='earnChips -100' buffer='earnChips -100'
[21:56:42] DISPATCH line='earnChips -100'
[21:56:42] RECV raw='preflop|SMALLBLIND|<2,6><2,3>' buffer='preflop|SMALLBLIND|<2,6><2,3>'
[21:56:42] DISPATCH line='preflop|SMALLBLIND|<2,6><2,3>'
[21:56:42] OFFICIAL_ACTION_DELAY wait=0.299s target=0.300s
[21:56:43] SEND name=BotA hand=30 stage=preflop act_cnt=0 my_sb=50 opp_sb=100 my_chips=19950 opp_chips=19900 is_sb=True msg='fold'
[21:56:46] RECV raw='earnChips -50' buffer='earnChips -50'
[21:56:46] DISPATCH line='earnChips -50'
[21:56:46] RECV raw='preflop|BIGBLIND|<3,5><2,6>' buffer='preflop|BIGBLIND|<3,5><2,6>'
[21:56:46] DISPATCH line='preflop|BIGBLIND|<3,5><2,6>'
[21:56:46] RECV raw='raise 688' buffer='raise 688'
[21:56:46] DISPATCH line='raise 688'
[21:56:46] OFFICIAL_ACTION_DELAY wait=0.299s target=0.300s
[21:56:46] SEND name=BotA hand=31 stage=preflop act_cnt=0 my_sb=100 opp_sb=688 my_chips=19900 opp_chips=19312 is_sb=False msg='fold'
[21:56:50] RECV raw='earnChips -100' buffer='earnChips -100'
[21:56:50] DISPATCH line='earnChips -100'
[21:56:50] RECV raw='preflop|SMALLBLIND|<0,0><3,10>' buffer='preflop|SMALLBLIND|<0,0><3,10>'
[21:56:50] DISPATCH line='preflop|SMALLBLIND|<0,0><3,10>'
[21:56:50] OFFICIAL_ACTION_DELAY wait=0.299s target=0.300s
[21:56:50] SEND name=BotA hand=32 stage=preflop act_cnt=0 my_sb=50 opp_sb=100 my_chips=19950 opp_chips=19900 is_sb=True msg='fold'
[21:56:53] RECV raw='earnChips -50' buffer='earnChips -50'
[21:56:53] DISPATCH line='earnChips -50'
[21:56:53] RECV raw='preflop|BIGBLIND|<2,10><3,8>' buffer='preflop|BIGBLIND|<2,10><3,8>'
[21:56:53] DISPATCH line='preflop|BIGBLIND|<2,10><3,8>'
[21:56:54] RECV raw='raise 688' buffer='raise 688'
[21:56:54] DISPATCH line='raise 688'
[21:56:54] OFFICIAL_ACTION_DELAY wait=0.299s target=0.300s
[21:56:54] SEND name=BotA hand=33 stage=preflop act_cnt=0 my_sb=100 opp_sb=688 my_chips=19900 opp_chips=19312 is_sb=False msg='fold'
[21:56:57] RECV raw='earnChips -100' buffer='earnChips -100'
[21:56:57] DISPATCH line='earnChips -100'
[21:56:57] RECV raw='preflop|SMALLBLIND|<3,5><0,11>' buffer='preflop|SMALLBLIND|<3,5><0,11>'
[21:56:57] DISPATCH line='preflop|SMALLBLIND|<3,5><0,11>'
[21:56:57] OFFICIAL_ACTION_DELAY wait=0.299s target=0.300s
[21:56:57] SEND name=BotA hand=34 stage=preflop act_cnt=0 my_sb=50 opp_sb=100 my_chips=19950 opp_chips=19900 is_sb=True msg='fold'
[21:57:00] RECV raw='earnChips -50' buffer='earnChips -50'
[21:57:00] DISPATCH line='earnChips -50'
[21:57:01] RECV raw='preflop|BIGBLIND|<0,12><1,1>' buffer='preflop|BIGBLIND|<0,12><1,1>'
[21:57:01] DISPATCH line='preflop|BIGBLIND|<0,12><1,1>'
[21:57:01] RECV raw='raise 688' buffer='raise 688'
[21:57:01] DISPATCH line='raise 688'
[21:57:01] OFFICIAL_ACTION_DELAY wait=0.299s target=0.300s
[21:57:01] SEND name=BotA hand=35 stage=preflop act_cnt=0 my_sb=100 opp_sb=688 my_chips=19900 opp_chips=19312 is_sb=False msg='fold'
[21:57:04] RECV raw='earnChips -100' buffer='earnChips -100'
[21:57:04] DISPATCH line='earnChips -100'
[21:57:04] RECV raw='preflop|SMALLBLIND|<2,9><1,4>' buffer='preflop|SMALLBLIND|<2,9><1,4>'
[21:57:04] DISPATCH line='preflop|SMALLBLIND|<2,9><1,4>'
[21:57:04] OFFICIAL_ACTION_DELAY wait=0.299s target=0.300s
[21:57:05] SEND name=BotA hand=36 stage=preflop act_cnt=0 my_sb=50 opp_sb=100 my_chips=19950 opp_chips=19900 is_sb=True msg='fold'
[21:57:08] RECV raw='earnChips -50' buffer='earnChips -50'
[21:57:08] DISPATCH line='earnChips -50'
[21:57:08] RECV raw='preflop|BIGBLIND|<3,9><2,7>' buffer='preflop|BIGBLIND|<3,9><2,7>'
[21:57:08] DISPATCH line='preflop|BIGBLIND|<3,9><2,7>'
[21:57:08] RECV raw='raise 296' buffer='raise 296'
[21:57:08] DISPATCH line='raise 296'
[21:57:08] OFFICIAL_ACTION_DELAY wait=0.299s target=0.300s
[21:57:08] SEND name=BotA hand=37 stage=preflop act_cnt=0 my_sb=100 opp_sb=296 my_chips=19900 opp_chips=19704 is_sb=False msg='fold'
[21:57:12] RECV raw='earnChips -100' buffer='earnChips -100'
[21:57:12] DISPATCH line='earnChips -100'
[21:57:12] RECV raw='preflop|SMALLBLIND|<0,4><3,6>' buffer='preflop|SMALLBLIND|<0,4><3,6>'
[21:57:12] DISPATCH line='preflop|SMALLBLIND|<0,4><3,6>'
[21:57:12] OFFICIAL_ACTION_DELAY wait=0.299s target=0.300s
[21:57:12] SEND name=BotA hand=38 stage=preflop act_cnt=0 my_sb=50 opp_sb=100 my_chips=19950 opp_chips=19900 is_sb=True msg='fold'
[21:57:15] RECV raw='earnChips -50' buffer='earnChips -50'
[21:57:15] DISPATCH line='earnChips -50'
[21:57:15] RECV raw='preflop|BIGBLIND|<2,1><3,8>' buffer='preflop|BIGBLIND|<2,1><3,8>'
[21:57:15] DISPATCH line='preflop|BIGBLIND|<2,1><3,8>'
[21:57:16] RECV raw='raise 296' buffer='raise 296'
[21:57:16] DISPATCH line='raise 296'
[21:57:16] OFFICIAL_ACTION_DELAY wait=0.299s target=0.300s
[21:57:16] SEND name=BotA hand=39 stage=preflop act_cnt=0 my_sb=100 opp_sb=296 my_chips=19900 opp_chips=19704 is_sb=False msg='fold'
[21:57:19] RECV raw='earnChips -100' buffer='earnChips -100'
[21:57:19] DISPATCH line='earnChips -100'
[21:57:19] RECV raw='preflop|SMALLBLIND|<3,9><0,12>' buffer='preflop|SMALLBLIND|<3,9><0,12>'
[21:57:19] DISPATCH line='preflop|SMALLBLIND|<3,9><0,12>'
[21:57:19] OFFICIAL_ACTION_DELAY wait=0.299s target=0.300s
[21:57:19] SEND name=BotA hand=40 stage=preflop act_cnt=0 my_sb=50 opp_sb=100 my_chips=19950 opp_chips=19900 is_sb=True msg='fold'
[21:57:22] RECV raw='earnChips -50' buffer='earnChips -50'
[21:57:22] DISPATCH line='earnChips -50'
[21:57:23] RECV raw='preflop|BIGBLIND|<0,8><1,2>' buffer='preflop|BIGBLIND|<0,8><1,2>'
[21:57:23] DISPATCH line='preflop|BIGBLIND|<0,8><1,2>'
[21:57:23] RECV raw='raise 344' buffer='raise 344'
[21:57:23] DISPATCH line='raise 344'
[21:57:23] OFFICIAL_ACTION_DELAY wait=0.299s target=0.300s
[21:57:23] SEND name=BotA hand=41 stage=preflop act_cnt=0 my_sb=100 opp_sb=344 my_chips=19900 opp_chips=19656 is_sb=False msg='fold'
[21:57:26] RECV raw='earnChips -100' buffer='earnChips -100'
[21:57:26] DISPATCH line='earnChips -100'
[21:57:26] RECV raw='preflop|SMALLBLIND|<2,5><1,0>' buffer='preflop|SMALLBLIND|<2,5><1,0>'
[21:57:26] DISPATCH line='preflop|SMALLBLIND|<2,5><1,0>'
[21:57:26] OFFICIAL_ACTION_DELAY wait=0.299s target=0.300s
[21:57:27] SEND name=BotA hand=42 stage=preflop act_cnt=0 my_sb=50 opp_sb=100 my_chips=19950 opp_chips=19900 is_sb=True msg='fold'
[21:57:30] RECV raw='earnChips -50' buffer='earnChips -50'
[21:57:30] DISPATCH line='earnChips -50'
[21:57:30] RECV raw='preflop|BIGBLIND|<3,0><2,3>' buffer='preflop|BIGBLIND|<3,0><2,3>'
[21:57:30] DISPATCH line='preflop|BIGBLIND|<3,0><2,3>'
[21:57:30] RECV raw='raise 688' buffer='raise 688'
[21:57:30] DISPATCH line='raise 688'
[21:57:30] OFFICIAL_ACTION_DELAY wait=0.299s target=0.300s
[21:57:31] SEND name=BotA hand=43 stage=preflop act_cnt=0 my_sb=100 opp_sb=688 my_chips=19900 opp_chips=19312 is_sb=False msg='fold'
[21:57:34] RECV raw='earnChips -100' buffer='earnChips -100'
[21:57:34] DISPATCH line='earnChips -100'
[21:57:34] RECV raw='preflop|SMALLBLIND|<0,8><2,6>' buffer='preflop|SMALLBLIND|<0,8><2,6>'
[21:57:34] DISPATCH line='preflop|SMALLBLIND|<0,8><2,6>'
[21:57:34] OFFICIAL_ACTION_DELAY wait=0.299s target=0.300s
[21:57:34] SEND name=BotA hand=44 stage=preflop act_cnt=0 my_sb=50 opp_sb=100 my_chips=19950 opp_chips=19900 is_sb=True msg='fold'
[21:57:37] RECV raw='earnChips -50' buffer='earnChips -50'
[21:57:37] DISPATCH line='earnChips -50'
[21:57:37] RECV raw='preflop|BIGBLIND|<2,5><3,4>' buffer='preflop|BIGBLIND|<2,5><3,4>'
[21:57:37] DISPATCH line='preflop|BIGBLIND|<2,5><3,4>'
[21:57:38] RECV raw='raise 688' buffer='raise 688'
[21:57:38] DISPATCH line='raise 688'
[21:57:38] OFFICIAL_ACTION_DELAY wait=0.299s target=0.300s
[21:57:38] SEND name=BotA hand=45 stage=preflop act_cnt=0 my_sb=100 opp_sb=688 my_chips=19900 opp_chips=19312 is_sb=False msg='fold'
[21:57:41] RECV raw='earnChips -100' buffer='earnChips -100'
[21:57:41] DISPATCH line='earnChips -100'
[21:57:41] RECV raw='preflop|SMALLBLIND|<3,5><0,8>' buffer='preflop|SMALLBLIND|<3,5><0,8>'
[21:57:41] DISPATCH line='preflop|SMALLBLIND|<3,5><0,8>'
[21:57:41] OFFICIAL_ACTION_DELAY wait=0.299s target=0.300s
[21:57:41] SEND name=BotA hand=46 stage=preflop act_cnt=0 my_sb=50 opp_sb=100 my_chips=19950 opp_chips=19900 is_sb=True msg='fold'
[21:57:44] RECV raw='earnChips -50' buffer='earnChips -50'
[21:57:44] DISPATCH line='earnChips -50'
[21:57:45] RECV raw='preflop|BIGBLIND|<0,12><0,11>' buffer='preflop|BIGBLIND|<0,12><0,11>'
[21:57:45] DISPATCH line='preflop|BIGBLIND|<0,12><0,11>'
[21:57:45] RECV raw='raise 688' buffer='raise 688'
[21:57:45] DISPATCH line='raise 688'
[21:57:45] OFFICIAL_ACTION_DELAY wait=0.299s target=0.300s
[21:57:45] SEND name=BotA hand=47 stage=preflop act_cnt=0 my_sb=100 opp_sb=688 my_chips=19900 opp_chips=19312 is_sb=False msg='fold'
[21:57:48] RECV raw='earnChips -100' buffer='earnChips -100'
[21:57:48] DISPATCH line='earnChips -100'
[21:57:48] RECV raw='preflop|SMALLBLIND|<2,9><1,9>' buffer='preflop|SMALLBLIND|<2,9><1,9>'
[21:57:48] DISPATCH line='preflop|SMALLBLIND|<2,9><1,9>'
[21:57:48] OFFICIAL_ACTION_DELAY wait=0.299s target=0.300s
[21:57:49] SEND name=BotA hand=48 stage=preflop act_cnt=0 my_sb=50 opp_sb=100 my_chips=19950 opp_chips=19900 is_sb=True msg='fold'
[21:57:52] RECV raw='earnChips -50' buffer='earnChips -50'
[21:57:52] DISPATCH line='earnChips -50'
[21:57:52] RECV raw='preflop|BIGBLIND|<3,4><2,12>' buffer='preflop|BIGBLIND|<3,4><2,12>'
[21:57:52] DISPATCH line='preflop|BIGBLIND|<3,4><2,12>'
[21:57:52] RECV raw='raise 296' buffer='raise 296'
[21:57:52] DISPATCH line='raise 296'
[21:57:52] OFFICIAL_ACTION_DELAY wait=0.300s target=0.300s
[21:57:53] SEND name=BotA hand=49 stage=preflop act_cnt=0 my_sb=100 opp_sb=296 my_chips=19900 opp_chips=19704 is_sb=False msg='fold'
[21:57:56] RECV raw='earnChips -100' buffer='earnChips -100'
[21:57:56] DISPATCH line='earnChips -100'
[21:57:56] RECV raw='preflop|SMALLBLIND|<0,12><2,2>' buffer='preflop|SMALLBLIND|<0,12><2,2>'
[21:57:56] DISPATCH line='preflop|SMALLBLIND|<0,12><2,2>'
[21:57:56] OFFICIAL_ACTION_DELAY wait=0.299s target=0.300s
[21:57:56] SEND name=BotA hand=50 stage=preflop act_cnt=0 my_sb=50 opp_sb=100 my_chips=19950 opp_chips=19900 is_sb=True msg='fold'
[21:57:59] RECV raw='earnChips -50' buffer='earnChips -50'
[21:57:59] DISPATCH line='earnChips -50'
[21:57:59] RECV raw='preflop|BIGBLIND|<2,9><3,0>' buffer='preflop|BIGBLIND|<2,9><3,0>'
[21:57:59] DISPATCH line='preflop|BIGBLIND|<2,9><3,0>'
[21:58:00] RECV raw='raise 688' buffer='raise 688'
[21:58:00] DISPATCH line='raise 688'
[21:58:00] OFFICIAL_ACTION_DELAY wait=0.299s target=0.300s
[21:58:00] SEND name=BotA hand=51 stage=preflop act_cnt=0 my_sb=100 opp_sb=688 my_chips=19900 opp_chips=19312 is_sb=False msg='fold'
[21:58:03] RECV raw='earnChips -100' buffer='earnChips -100'
[21:58:03] DISPATCH line='earnChips -100'
[21:58:03] RECV raw='preflop|SMALLBLIND|<3,8><3,4>' buffer='preflop|SMALLBLIND|<3,8><3,4>'
[21:58:03] DISPATCH line='preflop|SMALLBLIND|<3,8><3,4>'
[21:58:03] OFFICIAL_ACTION_DELAY wait=0.300s target=0.300s
[21:58:03] SEND name=BotA hand=52 stage=preflop act_cnt=0 my_sb=50 opp_sb=100 my_chips=19950 opp_chips=19900 is_sb=True msg='fold'
[21:58:06] RECV raw='earnChips -50' buffer='earnChips -50'
[21:58:06] DISPATCH line='earnChips -50'
[21:58:07] RECV raw='preflop|BIGBLIND|<0,3><0,7>' buffer='preflop|BIGBLIND|<0,3><0,7>'
[21:58:07] DISPATCH line='preflop|BIGBLIND|<0,3><0,7>'
[21:58:07] RECV raw='raise 688' buffer='raise 688'
[21:58:07] DISPATCH line='raise 688'
[21:58:07] OFFICIAL_ACTION_DELAY wait=0.299s target=0.300s
[21:58:07] SEND name=BotA hand=53 stage=preflop act_cnt=0 my_sb=100 opp_sb=688 my_chips=19900 opp_chips=19312 is_sb=False msg='fold'
[21:58:10] RECV raw='earnChips -100' buffer='earnChips -100'
[21:58:10] DISPATCH line='earnChips -100'
[21:58:10] RECV raw='preflop|SMALLBLIND|<1,0><1,5>' buffer='preflop|SMALLBLIND|<1,0><1,5>'
[21:58:10] DISPATCH line='preflop|SMALLBLIND|<1,0><1,5>'
[21:58:10] OFFICIAL_ACTION_DELAY wait=0.299s target=0.300s
[21:58:11] SEND name=BotA hand=54 stage=preflop act_cnt=0 my_sb=50 opp_sb=100 my_chips=19950 opp_chips=19900 is_sb=True msg='fold'
[21:58:14] RECV raw='earnChips -50' buffer='earnChips -50'
[21:58:14] DISPATCH line='earnChips -50'
[21:58:14] RECV raw='preflop|BIGBLIND|<2,8><1,8>' buffer='preflop|BIGBLIND|<2,8><1,8>'
[21:58:14] DISPATCH line='preflop|BIGBLIND|<2,8><1,8>'
[21:58:14] RECV raw='raise 296' buffer='raise 296'
[21:58:14] DISPATCH line='raise 296'
[21:58:14] OFFICIAL_ACTION_DELAY wait=0.299s target=0.300s
[21:58:15] SEND name=BotA hand=55 stage=preflop act_cnt=0 my_sb=100 opp_sb=296 my_chips=19900 opp_chips=19704 is_sb=False msg='fold'
[21:58:18] RECV raw='earnChips -100' buffer='earnChips -100'
[21:58:18] DISPATCH line='earnChips -100'
[21:58:18] RECV raw='preflop|SMALLBLIND|<0,8><2,11>' buffer='preflop|SMALLBLIND|<0,8><2,11>'
[21:58:18] DISPATCH line='preflop|SMALLBLIND|<0,8><2,11>'
[21:58:18] OFFICIAL_ACTION_DELAY wait=0.299s target=0.300s
[21:58:18] SEND name=BotA hand=56 stage=preflop act_cnt=0 my_sb=50 opp_sb=100 my_chips=19950 opp_chips=19900 is_sb=True msg='fold'
[21:58:21] RECV raw='earnChips -50' buffer='earnChips -50'
[21:58:21] DISPATCH line='earnChips -50'
[21:58:21] RECV raw='preflop|BIGBLIND|<1,5><3,9>' buffer='preflop|BIGBLIND|<1,5><3,9>'
[21:58:21] DISPATCH line='preflop|BIGBLIND|<1,5><3,9>'
[21:58:22] RECV raw='raise 296' buffer='raise 296'
[21:58:22] DISPATCH line='raise 296'
[21:58:22] OFFICIAL_ACTION_DELAY wait=0.299s target=0.300s
[21:58:22] SEND name=BotA hand=57 stage=preflop act_cnt=0 my_sb=100 opp_sb=296 my_chips=19900 opp_chips=19704 is_sb=False msg='fold'
[21:58:25] RECV raw='earnChips -100' buffer='earnChips -100'
[21:58:25] DISPATCH line='earnChips -100'
[21:58:25] RECV raw='preflop|SMALLBLIND|<2,12><3,12>' buffer='preflop|SMALLBLIND|<2,12><3,12>'
[21:58:25] DISPATCH line='preflop|SMALLBLIND|<2,12><3,12>'
[21:58:25] OFFICIAL_ACTION_DELAY wait=0.299s target=0.300s
[21:58:25] SEND name=BotA hand=58 stage=preflop act_cnt=0 my_sb=50 opp_sb=100 my_chips=19950 opp_chips=19900 is_sb=True msg='fold'
[21:58:29] RECV raw='earnChips -50' buffer='earnChips -50'
[21:58:29] DISPATCH line='earnChips -50'
[21:58:29] RECV raw='preflop|BIGBLIND|<3,7><0,3>' buffer='preflop|BIGBLIND|<3,7><0,3>'
[21:58:29] DISPATCH line='preflop|BIGBLIND|<3,7><0,3>'
[21:58:29] RECV raw='raise 688' buffer='raise 688'
[21:58:29] DISPATCH line='raise 688'
[21:58:29] OFFICIAL_ACTION_DELAY wait=0.299s target=0.300s
[21:58:29] SEND name=BotA hand=59 stage=preflop act_cnt=0 my_sb=100 opp_sb=688 my_chips=19900 opp_chips=19312 is_sb=False msg='fold'
[21:58:32] RECV raw='earnChips -100' buffer='earnChips -100'
[21:58:32] DISPATCH line='earnChips -100'
[21:58:32] RECV raw='preflop|SMALLBLIND|<1,4><0,1>' buffer='preflop|SMALLBLIND|<1,4><0,1>'
[21:58:32] DISPATCH line='preflop|SMALLBLIND|<1,4><0,1>'
[21:58:32] OFFICIAL_ACTION_DELAY wait=0.299s target=0.300s
[21:58:33] SEND name=BotA hand=60 stage=preflop act_cnt=0 my_sb=50 opp_sb=100 my_chips=19950 opp_chips=19900 is_sb=True msg='fold'
[21:58:36] RECV raw='earnChips -50' buffer='earnChips -50'
[21:58:36] DISPATCH line='earnChips -50'
[21:58:36] RECV raw='preflop|BIGBLIND|<2,4><1,4>' buffer='preflop|BIGBLIND|<2,4><1,4>'
[21:58:36] DISPATCH line='preflop|BIGBLIND|<2,4><1,4>'
[21:58:36] RECV raw='raise 688' buffer='raise 688'
[21:58:36] DISPATCH line='raise 688'
[21:58:36] OFFICIAL_ACTION_DELAY wait=0.299s target=0.300s
[21:58:37] SEND name=BotA hand=61 stage=preflop act_cnt=0 my_sb=100 opp_sb=688 my_chips=19900 opp_chips=19312 is_sb=False msg='fold'
[21:58:40] RECV raw='earnChips -100' buffer='earnChips -100'
[21:58:40] DISPATCH line='earnChips -100'
[21:58:40] RECV raw='preflop|SMALLBLIND|<3,12><2,7>' buffer='preflop|SMALLBLIND|<3,12><2,7>'
[21:58:40] DISPATCH line='preflop|SMALLBLIND|<3,12><2,7>'
[21:58:40] OFFICIAL_ACTION_DELAY wait=0.299s target=0.300s
[21:58:40] SEND name=BotA hand=62 stage=preflop act_cnt=0 my_sb=50 opp_sb=100 my_chips=19950 opp_chips=19900 is_sb=True msg='fold'
[21:58:43] RECV raw='earnChips -50' buffer='earnChips -50'
[21:58:43] DISPATCH line='earnChips -50'
[21:58:43] RECV raw='preflop|BIGBLIND|<1,9><2,5>' buffer='preflop|BIGBLIND|<1,9><2,5>'
[21:58:43] DISPATCH line='preflop|BIGBLIND|<1,9><2,5>'
[21:58:44] RECV raw='raise 296' buffer='raise 296'
[21:58:44] DISPATCH line='raise 296'
[21:58:44] OFFICIAL_ACTION_DELAY wait=0.299s target=0.300s
[21:58:44] SEND name=BotA hand=63 stage=preflop act_cnt=0 my_sb=100 opp_sb=296 my_chips=19900 opp_chips=19704 is_sb=False msg='fold'
[21:58:47] RECV raw='earnChips -100' buffer='earnChips -100'
[21:58:47] DISPATCH line='earnChips -100'
[21:58:47] RECV raw='preflop|SMALLBLIND|<2,3><3,8>' buffer='preflop|SMALLBLIND|<2,3><3,8>'
[21:58:47] DISPATCH line='preflop|SMALLBLIND|<2,3><3,8>'
[21:58:47] OFFICIAL_ACTION_DELAY wait=0.299s target=0.300s
[21:58:47] SEND name=BotA hand=64 stage=preflop act_cnt=0 my_sb=50 opp_sb=100 my_chips=19950 opp_chips=19900 is_sb=True msg='fold'
[21:58:51] RECV raw='earnChips -50' buffer='earnChips -50'
[21:58:51] DISPATCH line='earnChips -50'
[21:58:51] RECV raw='preflop|BIGBLIND|<3,3><0,12>' buffer='preflop|BIGBLIND|<3,3><0,12>'
[21:58:51] DISPATCH line='preflop|BIGBLIND|<3,3><0,12>'
[21:58:51] RECV raw='raise 296' buffer='raise 296'
[21:58:51] DISPATCH line='raise 296'
[21:58:51] OFFICIAL_ACTION_DELAY wait=0.299s target=0.300s
[21:58:51] SEND name=BotA hand=65 stage=preflop act_cnt=0 my_sb=100 opp_sb=296 my_chips=19900 opp_chips=19704 is_sb=False msg='fold'
[21:58:54] RECV raw='earnChips -100' buffer='earnChips -100'
[21:58:54] DISPATCH line='earnChips -100'
[21:58:54] RECV raw='preflop|SMALLBLIND|<1,8><0,10>' buffer='preflop|SMALLBLIND|<1,8><0,10>'
[21:58:54] DISPATCH line='preflop|SMALLBLIND|<1,8><0,10>'
[21:58:54] OFFICIAL_ACTION_DELAY wait=0.300s target=0.300s
[21:58:55] SEND name=BotA hand=66 stage=preflop act_cnt=0 my_sb=50 opp_sb=100 my_chips=19950 opp_chips=19900 is_sb=True msg='fold'
[21:58:58] RECV raw='earnChips -50' buffer='earnChips -50'
[21:58:58] DISPATCH line='earnChips -50'
[21:58:58] RECV raw='preflop|BIGBLIND|<2,8><1,0>' buffer='preflop|BIGBLIND|<2,8><1,0>'
[21:58:58] DISPATCH line='preflop|BIGBLIND|<2,8><1,0>'
[21:58:58] RECV raw='allin' buffer='allin'
[21:58:58] DISPATCH line='allin'
[21:58:58] OFFICIAL_ACTION_DELAY wait=0.299s target=0.300s
[21:58:59] SEND name=BotA hand=67 stage=preflop act_cnt=0 my_sb=100 opp_sb=20000 my_chips=19900 opp_chips=0 is_sb=False msg='fold'
[21:59:02] RECV raw='earnChips -100' buffer='earnChips -100'
[21:59:02] DISPATCH line='earnChips -100'
[21:59:02] RECV raw='preflop|SMALLBLIND|<3,2><2,3>' buffer='preflop|SMALLBLIND|<3,2><2,3>'
[21:59:02] DISPATCH line='preflop|SMALLBLIND|<3,2><2,3>'
[21:59:02] OFFICIAL_ACTION_DELAY wait=0.299s target=0.300s
[21:59:02] SEND name=BotA hand=68 stage=preflop act_cnt=0 my_sb=50 opp_sb=100 my_chips=19950 opp_chips=19900 is_sb=True msg='fold'
[21:59:05] RECV raw='earnChips -50' buffer='earnChips -50'
[21:59:05] DISPATCH line='earnChips -50'
[21:59:05] RECV raw='preflop|BIGBLIND|<1,0><2,1>' buffer='preflop|BIGBLIND|<1,0><2,1>'
[21:59:05] DISPATCH line='preflop|BIGBLIND|<1,0><2,1>'
[21:59:06] RECV raw='raise 308' buffer='raise 308'
[21:59:06] DISPATCH line='raise 308'
[21:59:06] OFFICIAL_ACTION_DELAY wait=0.299s target=0.300s
[21:59:06] SEND name=BotA hand=69 stage=preflop act_cnt=0 my_sb=100 opp_sb=308 my_chips=19900 opp_chips=19692 is_sb=False msg='fold'
[21:59:09] RECV raw='earnChips -100' buffer='earnChips -100'
[21:59:09] DISPATCH line='earnChips -100'
[21:59:09] RECV raw='preflop|SMALLBLIND|<2,7><3,4>' buffer='preflop|SMALLBLIND|<2,7><3,4>'
[21:59:09] DISPATCH line='preflop|SMALLBLIND|<2,7><3,4>'
[21:59:09] OFFICIAL_ACTION_DELAY wait=0.299s target=0.300s
[21:59:09] SEND name=BotA hand=70 stage=preflop act_cnt=0 my_sb=50 opp_sb=100 my_chips=19950 opp_chips=19900 is_sb=True msg='fold'
