POT_FRAC flop=0.550(0) turn=0.650(0) river=0.750(0)
OPP_RIVER_OVERCALL freq=0.550 samples=0 calls=0
FOLD_TO_JAM_RATE rate=0.450 samples=0 folds=0
BETSIZE_POLARITY polarity=+0.000 shove_rate=0.071 flop_shove=0.071 turn_shove=0.071 river_shove=0.071 flop_pol=+0.000 turn_pol=+0.000 river_pol=+0.000 postflop_raise_samples=0 postflop_shoves=0 postflop_aggr=0 cv=0.000
BB_DEFENSE bucket=standard raise_bb=2.7 call_d=+0.000 v3b_d=+0.000 bluff_freq_d=+0.000
BB_DEFENSE_PRESSURE call_d=+0.0200 bluff_freq_d=-0.0300 iso_d=+0.0150 pfr=0.424 ftr=0.440 vpip=0.664 conf=0.00 reason=standard_arm
POT_FRAC flop=0.550(0) turn=0.650(0) river=0.750(0)
OPP_RIVER_OVERCALL freq=0.550 samples=0 calls=0
FOLD_TO_JAM_RATE rate=0.450 samples=0 folds=0
BETSIZE_POLARITY polarity=+0.000 shove_rate=0.071 flop_shove=0.071 turn_shove=0.071 river_shove=0.071 flop_pol=+0.000 turn_pol=+0.000 river_pol=+0.000 postflop_raise_samples=0 postflop_shoves=0 postflop_aggr=0 cv=0.000
RIVER_THIN_VALUE reason=skip_not_river_to0
POT_FRAC flop=0.481(1) turn=0.650(0) river=0.750(0)
OPP_RIVER_OVERCALL freq=0.550 samples=0 calls=0
FOLD_TO_JAM_RATE rate=0.450 samples=0 folds=0
BETSIZE_POLARITY polarity=+0.000 shove_rate=0.071 flop_shove=0.071 turn_shove=0.071 river_shove=0.071 flop_pol=+0.000 turn_pol=+0.000 river_pol=+0.000 postflop_raise_samples=1 postflop_shoves=0 postflop_aggr=1 cv=0.000
POLARITY_MARGIN final_milli=+96 polarity_delta_milli=-0 shove_delta_milli=-0 street_pol=+0.000 shove_rate=0.071 opp_conf=0.00 size_bucket=small round=1
POT_FRAC flop=0.481(1) turn=0.650(0) river=0.750(0)
OPP_RIVER_OVERCALL freq=0.550 samples=0 calls=0
FOLD_TO_JAM_RATE rate=0.450 samples=0 folds=0
BETSIZE_POLARITY polarity=+0.000 shove_rate=0.071 flop_shove=0.071 turn_shove=0.071 river_shove=0.071 flop_pol=+0.000 turn_pol=+0.000 river_pol=+0.000 postflop_raise_samples=1 postflop_shoves=0 postflop_aggr=1 cv=0.000
SB_OPEN_PRESSURE open_d=+0.0100 pfr=0.424 ftr=0.440 vpip=0.664 conf=0.00 reason=standard_arm
SB_OPEN_SIZE base_bb=2.50 opp_bb_delta=-0.00 fold_signal=+0.00 ftr=0.440 conf=0.00
POT_FRAC flop=0.481(1) turn=0.650(0) river=0.750(0)
OPP_RIVER_OVERCALL freq=0.550 samples=0 calls=0
FOLD_TO_JAM_RATE rate=0.450 samples=0 folds=0
BETSIZE_POLARITY polarity=+0.000 shove_rate=0.071 flop_shove=0.071 turn_shove=0.071 river_shove=0.071 flop_pol=+0.000 turn_pol=+0.000 river_pol=+0.000 postflop_raise_samples=1 postflop_shoves=0 postflop_aggr=1 cv=0.000
RIVER_THIN_VALUE reason=skip_not_river_to0
POT_FRAC flop=0.481(1) turn=0.650(0) river=0.750(0)
OPP_RIVER_OVERCALL freq=0.550 samples=0 calls=0
FOLD_TO_JAM_RATE rate=0.450 samples=0 folds=0
BETSIZE_POLARITY polarity=+0.000 shove_rate=0.071 flop_shove=0.071 turn_shove=0.071 river_shove=0.071 flop_pol=+0.000 turn_pol=+0.000 river_pol=+0.000 postflop_raise_samples=1 postflop_shoves=0 postflop_aggr=1 cv=0.000
BB_DEFENSE_PRESSURE call_d=+0.0200 bluff_freq_d=-0.0300 iso_d=+0.0150 pfr=0.353 ftr=0.440 vpip=0.720 conf=0.00 reason=standard_arm
POT_FRAC flop=0.481(1) turn=0.650(0) river=0.750(0)
OPP_RIVER_OVERCALL freq=0.550 samples=0 calls=0
FOLD_TO_JAM_RATE rate=0.450 samples=0 folds=0
BETSIZE_POLARITY polarity=+0.000 shove_rate=0.071 flop_shove=0.071 turn_shove=0.071 river_shove=0.071 flop_pol=+0.000 turn_pol=+0.000 river_pol=+0.000 postflop_raise_samples=1 postflop_shoves=0 postflop_aggr=1 cv=0.000
RIVER_THIN_VALUE reason=skip_not_river_to0
POT_FRAC flop=0.485(2) turn=0.650(0) river=0.750(0)
OPP_RIVER_OVERCALL freq=0.550 samples=0 calls=0
FOLD_TO_JAM_RATE rate=0.450 samples=0 folds=0
BETSIZE_POLARITY polarity=+0.000 shove_rate=0.064 flop_shove=0.064 turn_shove=0.071 river_shove=0.071 flop_pol=+0.000 turn_pol=+0.000 river_pol=+0.000 postflop_raise_samples=2 postflop_shoves=0 postflop_aggr=2 cv=0.000
POLARITY_MARGIN final_milli=+26 polarity_delta_milli=+0 shove_delta_milli=-0 street_pol=+0.000 shove_rate=0.064 opp_conf=0.00 size_bucket=medium round=1
POT_FRAC flop=0.485(2) turn=0.650(0) river=0.750(0)
OPP_RIVER_OVERCALL freq=0.550 samples=0 calls=0
FOLD_TO_JAM_RATE rate=0.450 samples=0 folds=0
BETSIZE_POLARITY polarity=+0.000 shove_rate=0.064 flop_shove=0.064 turn_shove=0.071 river_shove=0.071 flop_pol=+0.000 turn_pol=+0.000 river_pol=+0.000 postflop_raise_samples=2 postflop_shoves=0 postflop_aggr=2 cv=0.000
SB_OPEN_PRESSURE open_d=+0.0100 pfr=0.353 ftr=0.440 vpip=0.720 conf=0.00 reason=standard_arm
SB_OPEN_SIZE base_bb=2.50 opp_bb_delta=-0.00 fold_signal=+0.00 ftr=0.440 conf=0.00
POT_FRAC flop=0.485(2) turn=0.650(0) river=0.750(0)
OPP_RIVER_OVERCALL freq=0.550 samples=0 calls=0
FOLD_TO_JAM_RATE rate=0.450 samples=0 folds=0
BETSIZE_POLARITY polarity=+0.000 shove_rate=0.064 flop_shove=0.064 turn_shove=0.071 river_shove=0.071 flop_pol=+0.000 turn_pol=+0.000 river_pol=+0.000 postflop_raise_samples=2 postflop_shoves=0 postflop_aggr=2 cv=0.000
BB_DEFENSE_PRESSURE call_d=+0.0202 bluff_freq_d=-0.0300 iso_d=+0.0150 pfr=0.303 ftr=0.440 vpip=0.760 conf=0.03 reason=standard_arm
POT_FRAC flop=0.485(2) turn=0.650(0) river=0.750(0)
OPP_RIVER_OVERCALL freq=0.550 samples=0 calls=0
FOLD_TO_JAM_RATE rate=0.450 samples=0 folds=0
BETSIZE_POLARITY polarity=+0.000 shove_rate=0.064 flop_shove=0.064 turn_shove=0.071 river_shove=0.071 flop_pol=+0.000 turn_pol=+0.000 river_pol=+0.000 postflop_raise_samples=2 postflop_shoves=0 postflop_aggr=2 cv=0.000
RIVER_THIN_VALUE reason=skip_not_river_to0
POT_FRAC flop=0.507(3) turn=0.650(0) river=0.750(0)
OPP_RIVER_OVERCALL freq=0.550 samples=0 calls=0
FOLD_TO_JAM_RATE rate=0.450 samples=0 folds=0
BETSIZE_POLARITY polarity=+0.000 shove_rate=0.058 flop_shove=0.058 turn_shove=0.071 river_shove=0.071 flop_pol=-0.665 turn_pol=+0.000 river_pol=+0.000 postflop_raise_samples=3 postflop_shoves=0 postflop_aggr=3 cv=0.000
POLARITY_MARGIN final_milli=+26 polarity_delta_milli=-0 shove_delta_milli=-0 street_pol=-0.665 shove_rate=0.058 opp_conf=0.06 size_bucket=medium round=1
POT_FRAC flop=0.507(3) turn=0.650(0) river=0.750(0)
OPP_RIVER_OVERCALL freq=0.550 samples=0 calls=0
FOLD_TO_JAM_RATE rate=0.450 samples=0 folds=0
BETSIZE_POLARITY polarity=+0.000 shove_rate=0.058 flop_shove=0.058 turn_shove=0.071 river_shove=0.071 flop_pol=-0.665 turn_pol=+0.000 river_pol=+0.000 postflop_raise_samples=3 postflop_shoves=0 postflop_aggr=3 cv=0.000
SB_OPEN_PRESSURE open_d=+0.0104 pfr=0.303 ftr=0.440 vpip=0.760 conf=0.06 reason=standard_arm
SB_OPEN_SIZE base_bb=2.50 opp_bb_delta=-0.00 fold_signal=+0.00 ftr=0.440 conf=0.06
POT_FRAC flop=0.532(4) turn=0.650(0) river=0.750(0)
OPP_RIVER_OVERCALL freq=0.550 samples=0 calls=0
FOLD_TO_JAM_RATE rate=0.450 samples=0 folds=0
BETSIZE_POLARITY polarity=-0.277 shove_rate=0.053 flop_shove=0.053 turn_shove=0.071 river_shove=0.071 flop_pol=-0.554 turn_pol=+0.000 river_pol=+0.000 postflop_raise_samples=4 postflop_shoves=0 postflop_aggr=4 cv=0.134
POLARITY_MARGIN final_milli=+18 polarity_delta_milli=-0 shove_delta_milli=-0 street_pol=-0.554 shove_rate=0.053 opp_conf=0.09 size_bucket=medium round=1
POT_FRAC flop=0.532(4) turn=0.650(0) river=0.750(0)
OPP_RIVER_OVERCALL freq=0.550 samples=0 calls=0
FOLD_TO_JAM_RATE rate=0.450 samples=0 folds=0
BETSIZE_POLARITY polarity=-0.277 shove_rate=0.053 flop_shove=0.053 turn_shove=0.071 river_shove=0.071 flop_pol=-0.554 turn_pol=+0.000 river_pol=+0.000 postflop_raise_samples=4 postflop_shoves=0 postflop_aggr=4 cv=0.134
BB_DEFENSE_PRESSURE call_d=+0.0200 bluff_freq_d=-0.0300 iso_d=+0.0150 pfr=0.265 ftr=0.440 vpip=0.790 conf=0.11 reason=standard_arm
POT_FRAC flop=0.532(4) turn=0.650(0) river=0.750(0)
OPP_RIVER_OVERCALL freq=0.550 samples=0 calls=0
FOLD_TO_JAM_RATE rate=0.450 samples=0 folds=0
BETSIZE_POLARITY polarity=-0.277 shove_rate=0.053 flop_shove=0.053 turn_shove=0.071 river_shove=0.071 flop_pol=-0.554 turn_pol=+0.000 river_pol=+0.000 postflop_raise_samples=4 postflop_shoves=0 postflop_aggr=4 cv=0.134
RIVER_THIN_VALUE reason=skip_not_river_to0
POT_FRAC flop=0.532(4) turn=0.650(0) river=0.750(0)
OPP_RIVER_OVERCALL freq=0.550 samples=0 calls=0
FOLD_TO_JAM_RATE rate=0.450 samples=0 folds=0
BETSIZE_POLARITY polarity=-0.277 shove_rate=0.053 flop_shove=0.053 turn_shove=0.071 river_shove=0.071 flop_pol=-0.554 turn_pol=+0.000 river_pol=+0.000 postflop_raise_samples=4 postflop_shoves=0 postflop_aggr=4 cv=0.134
POT_FRAC flop=0.532(4) turn=0.650(0) river=0.750(0)
OPP_RIVER_OVERCALL freq=0.550 samples=0 calls=0
FOLD_TO_JAM_RATE rate=0.450 samples=0 folds=0
BETSIZE_POLARITY polarity=-0.277 shove_rate=0.053 flop_shove=0.053 turn_shove=0.071 river_shove=0.071 flop_pol=-0.554 turn_pol=+0.000 river_pol=+0.000 postflop_raise_samples=4 postflop_shoves=0 postflop_aggr=4 cv=0.134
POT_FRAC flop=0.532(4) turn=0.650(0) river=0.750(0)
OPP_RIVER_OVERCALL freq=0.550 samples=0 calls=0
FOLD_TO_JAM_RATE rate=0.450 samples=0 folds=0
BETSIZE_POLARITY polarity=-0.277 shove_rate=0.053 flop_shove=0.053 turn_shove=0.071 river_shove=0.071 flop_pol=-0.554 turn_pol=+0.000 river_pol=+0.000 postflop_raise_samples=4 postflop_shoves=0 postflop_aggr=4 cv=0.134
SB_OPEN_PRESSURE open_d=+0.0100 pfr=0.265 ftr=0.440 vpip=0.790 conf=0.11 reason=standard_arm
SB_OPEN_SIZE base_bb=2.50 opp_bb_delta=-0.00 fold_signal=+0.00 ftr=0.440 conf=0.11
POT_FRAC flop=0.532(4) turn=0.650(0) river=0.750(0)
OPP_RIVER_OVERCALL freq=0.550 samples=0 calls=0
FOLD_TO_JAM_RATE rate=0.450 samples=0 folds=0
BETSIZE_POLARITY polarity=-0.277 shove_rate=0.053 flop_shove=0.053 turn_shove=0.071 river_shove=0.071 flop_pol=-0.554 turn_pol=+0.000 river_pol=+0.000 postflop_raise_samples=4 postflop_shoves=0 postflop_aggr=4 cv=0.134
POT_FRAC flop=0.549(5) turn=0.650(0) river=0.750(0)
OPP_RIVER_OVERCALL freq=0.550 samples=0 calls=0
FOLD_TO_JAM_RATE rate=0.450 samples=0 folds=0
BETSIZE_POLARITY polarity=+0.625 shove_rate=0.049 flop_shove=0.049 turn_shove=0.071 river_shove=0.071 flop_pol=+1.000 turn_pol=+0.000 river_pol=+0.000 postflop_raise_samples=5 postflop_shoves=0 postflop_aggr=5 cv=1.147
POLARITY_MARGIN final_milli=+39 polarity_delta_milli=+1 shove_delta_milli=-0 street_pol=+1.000 shove_rate=0.049 opp_conf=0.17 size_bucket=medium round=1
BET_SIZE_ADAPT delta_milli=+4 deviation=+2.292 current_bb=9.2 avg_bb=2.8 conf=0.17 round=1
BB_FLOP_CR fired=0 reason=none conf=0.17 ftr=0.352 wet=0.17 ms=0.41 ds=0.00
OPP_TIGHT_RAISE_SUPPRESS fired=0 pfr=0.347 conf=0.17 ms=0.41 ds=0.00 round=1 tier=strong
POT_FRAC flop=0.549(5) turn=0.655(1) river=0.750(0)
OPP_RIVER_OVERCALL freq=0.550 samples=0 calls=0
FOLD_TO_JAM_RATE rate=0.450 samples=0 folds=0
BETSIZE_POLARITY polarity=+0.750 shove_rate=0.046 flop_shove=0.049 turn_shove=0.071 river_shove=0.071 flop_pol=+1.000 turn_pol=+0.000 river_pol=+0.000 postflop_raise_samples=6 postflop_shoves=0 postflop_aggr=6 cv=1.279
POLARITY_MARGIN final_milli=+51 polarity_delta_milli=+0 shove_delta_milli=-0 street_pol=+0.000 shove_rate=0.046 opp_conf=0.20 size_bucket=medium round=2
BET_SIZE_ADAPT delta_milli=+0 deviation=+0.000 current_bb=21.6 avg_bb=21.6 conf=0.20 round=2
BB_FLOP_CR fired=0 reason=none conf=0.20 ftr=0.352 wet=0.28 ms=0.41 ds=0.00
OPP_TIGHT_RAISE_SUPPRESS fired=0 pfr=0.347 conf=0.20 ms=0.41 ds=0.00 round=2 tier=strong
POT_FRAC flop=0.549(5) turn=0.655(1) river=0.717(1)
OPP_RIVER_OVERCALL freq=0.550 samples=0 calls=0
FOLD_TO_JAM_RATE rate=0.450 samples=0 folds=0
BETSIZE_POLARITY polarity=+0.875 shove_rate=0.043 flop_shove=0.049 turn_shove=0.071 river_shove=0.071 flop_pol=+1.000 turn_pol=+0.000 river_pol=+0.000 postflop_raise_samples=7 postflop_shoves=0 postflop_aggr=7 cv=1.324
POLARITY_MARGIN final_milli=+51 polarity_delta_milli=+0 shove_delta_milli=-1 street_pol=+0.000 shove_rate=0.043 opp_conf=0.23 size_bucket=medium round=3
BET_SIZE_ADAPT delta_milli=+0 deviation=+0.000 current_bb=44.0 avg_bb=44.0 conf=0.23 round=3
BET_TENDENCY street=3 cls=standard frac=0.717(1) shove=0.071 conf=0.23
BB_FLOP_CR fired=0 reason=none conf=0.23 ftr=0.352 wet=0.25 ms=0.85 ds=0.00
OPP_TIGHT_RAISE_SUPPRESS fired=0 pfr=0.347 conf=0.23 ms=0.85 ds=0.00 round=3 tier=nut
POT_FRAC flop=0.549(5) turn=0.655(1) river=0.717(1)
OPP_RIVER_OVERCALL freq=0.471 samples=1 calls=0
FOLD_TO_JAM_RATE rate=0.450 samples=0 folds=0
BETSIZE_POLARITY polarity=+0.875 shove_rate=0.103 flop_shove=0.049 turn_shove=0.071 river_shove=0.164 flop_pol=+1.000 turn_pol=+0.000 river_pol=+0.000 postflop_raise_samples=7 postflop_shoves=1 postflop_aggr=8 cv=1.324
OPP_ALLIN_SPR_THRESH round=3 base=0.040 penalty=0.000 total=0.040 reason=none
