[21:54:45] START name=BotB seat=lower host=127.0.0.1 port=10001 log=/home/zzx/project/pok/.codex_worktrees/neural-v141/bots/neural_national_lab/data/official_platform_v141_smoke/acceptance_20260709_215440/self_play_01/botB.log
[21:54:45] RECV raw='name' buffer='name'
[21:54:45] DISPATCH line='name'
[21:54:45] SEND name_handshake name='BotB'
[21:54:45] RECV raw='preflop|SMALLBLIND|<2,5><2,12>' buffer='preflop|SMALLBLIND|<2,5><2,12>'
[21:54:45] DISPATCH line='preflop|SMALLBLIND|<2,5><2,12>'
[21:54:46] OFFICIAL_ACTION_DELAY wait=0.207s target=0.300s
[21:54:46] SEND name=BotB hand=1 stage=preflop act_cnt=0 my_sb=50 opp_sb=100 my_chips=19950 opp_chips=19900 is_sb=True msg='raise 266'
[21:54:46] RECV raw='flop|<3,12><2,10><0,6>' buffer='flop|<3,12><2,10><0,6>'
[21:54:46] DISPATCH line='flop|<3,12><2,10><0,6>'
[21:54:46] RECV raw='check' buffer='check'
[21:54:46] DISPATCH line='check'
[21:54:46] OFFICIAL_ACTION_DELAY wait=0.177s target=0.300s
[21:54:47] SEND name=BotB hand=1 stage=flop act_cnt=0 my_sb=0 opp_sb=0 my_chips=19734 opp_chips=19900 is_sb=True msg='raise 109'
[21:54:47] RECV raw='fold' buffer='fold'
[21:54:47] DISPATCH line='fold'
[21:54:51] RECV raw='earnChips 266' buffer='earnChips 266'
[21:54:51] DISPATCH line='earnChips 266'
[21:54:51] RECV raw='preflop|BIGBLIND|<1,2><0,6>' buffer='preflop|BIGBLIND|<1,2><0,6>'
[21:54:51] DISPATCH line='preflop|BIGBLIND|<1,2><0,6>'
[21:54:51] RECV raw='call' buffer='call'
[21:54:51] DISPATCH line='call'
[21:54:51] OFFICIAL_ACTION_DELAY wait=0.197s target=0.300s
[21:54:51] SEND name=BotB hand=2 stage=preflop act_cnt=0 my_sb=100 opp_sb=100 my_chips=19900 opp_chips=19900 is_sb=False msg='check'
[21:54:51] RECV raw='flop|<2,9><3,12><3,1>' buffer='flop|<2,9><3,12><3,1>'
[21:54:51] DISPATCH line='flop|<2,9><3,12><3,1>'
[21:54:51] OFFICIAL_ACTION_DELAY wait=0.123s target=0.300s
[21:54:52] SEND name=BotB hand=2 stage=flop act_cnt=0 my_sb=0 opp_sb=0 my_chips=19900 opp_chips=19900 is_sb=False msg='check'
[21:54:52] RECV raw='raise 130' buffer='raise 130'
[21:54:52] DISPATCH line='raise 130'
[21:54:52] OFFICIAL_ACTION_DELAY wait=0.050s target=0.300s
[21:54:52] SEND name=BotB hand=2 stage=flop act_cnt=1 my_sb=0 opp_sb=130 my_chips=19900 opp_chips=19770 is_sb=False msg='fold'
[21:54:55] RECV raw='earnChips -100' buffer='earnChips -100'
[21:54:55] DISPATCH line='earnChips -100'
[21:54:55] RECV raw='preflop|SMALLBLIND|<3,5><2,10>' buffer='preflop|SMALLBLIND|<3,5><2,10>'
[21:54:55] DISPATCH line='preflop|SMALLBLIND|<3,5><2,10>'
[21:54:55] OFFICIAL_ACTION_DELAY wait=0.203s target=0.300s
[21:54:56] SEND name=BotB hand=3 stage=preflop act_cnt=0 my_sb=50 opp_sb=100 my_chips=19950 opp_chips=19900 is_sb=True msg='call'
[21:54:56] RECV raw='flop|<0,1><3,1><2,5>' buffer='flop|<0,1><3,1><2,5>'
[21:54:56] DISPATCH line='flop|<0,1><3,1><2,5>'
[21:54:56] RECV raw='check' buffer='check'
[21:54:56] DISPATCH line='check'
[21:54:56] OFFICIAL_ACTION_DELAY wait=0.189s target=0.300s
[21:54:57] SEND name=BotB hand=3 stage=flop act_cnt=0 my_sb=0 opp_sb=0 my_chips=19900 opp_chips=19900 is_sb=True msg='raise 101'
[21:54:57] RECV raw='fold' buffer='fold'
[21:54:57] DISPATCH line='fold'
[21:55:00] RECV raw='earnChips 100' buffer='earnChips 100'
[21:55:00] DISPATCH line='earnChips 100'
[21:55:00] RECV raw='preflop|BIGBLIND|<0,0><0,12>' buffer='preflop|BIGBLIND|<0,0><0,12>'
[21:55:00] DISPATCH line='preflop|BIGBLIND|<0,0><0,12>'
[21:55:00] RECV raw='fold' buffer='fold'
[21:55:00] DISPATCH line='fold'
[21:55:03] RECV raw='earnChips 50' buffer='earnChips 50'
[21:55:03] DISPATCH line='earnChips 50'
[21:55:04] RECV raw='preflop|SMALLBLIND|<2,3><2,11>' buffer='preflop|SMALLBLIND|<2,3><2,11>'
[21:55:04] DISPATCH line='preflop|SMALLBLIND|<2,3><2,11>'
[21:55:04] OFFICIAL_ACTION_DELAY wait=0.151s target=0.300s
[21:55:04] SEND name=BotB hand=5 stage=preflop act_cnt=0 my_sb=50 opp_sb=100 my_chips=19950 opp_chips=19900 is_sb=True msg='call'
[21:55:04] RECV raw='flop|<1,11><1,12><0,2>' buffer='flop|<1,11><1,12><0,2>'
[21:55:04] DISPATCH line='flop|<1,11><1,12><0,2>'
[21:55:04] RECV raw='check' buffer='check'
[21:55:04] DISPATCH line='check'
[21:55:05] OFFICIAL_ACTION_DELAY wait=0.174s target=0.300s
[21:55:05] SEND name=BotB hand=5 stage=flop act_cnt=0 my_sb=0 opp_sb=0 my_chips=19900 opp_chips=19900 is_sb=True msg='raise 128'
[21:55:05] RECV raw='fold' buffer='fold'
[21:55:05] DISPATCH line='fold'
[21:55:08] RECV raw='earnChips 100' buffer='earnChips 100'
[21:55:08] DISPATCH line='earnChips 100'
[21:55:08] RECV raw='preflop|BIGBLIND|<1,11><0,1>' buffer='preflop|BIGBLIND|<1,11><0,1>'
[21:55:08] DISPATCH line='preflop|BIGBLIND|<1,11><0,1>'
[21:55:09] RECV raw='call' buffer='call'
[21:55:09] DISPATCH line='call'
[21:55:09] OFFICIAL_ACTION_DELAY wait=0.219s target=0.300s
[21:55:09] SEND name=BotB hand=6 stage=preflop act_cnt=0 my_sb=100 opp_sb=100 my_chips=19900 opp_chips=19900 is_sb=False msg='check'
[21:55:09] RECV raw='flop|<2,6><2,11><3,12>' buffer='flop|<2,6><2,11><3,12>'
[21:55:09] DISPATCH line='flop|<2,6><2,11><3,12>'
[21:55:09] OFFICIAL_ACTION_DELAY wait=0.186s target=0.300s
[21:55:09] SEND name=BotB hand=6 stage=flop act_cnt=0 my_sb=0 opp_sb=0 my_chips=19900 opp_chips=19900 is_sb=False msg='raise 142'
[21:55:10] RECV raw='fold' buffer='fold'
[21:55:10] DISPATCH line='fold'
[21:55:13] RECV raw='earnChips 100' buffer='earnChips 100'
[21:55:13] DISPATCH line='earnChips 100'
[21:55:13] RECV raw='preflop|SMALLBLIND|<2,7><2,3>' buffer='preflop|SMALLBLIND|<2,7><2,3>'
[21:55:13] DISPATCH line='preflop|SMALLBLIND|<2,7><2,3>'
[21:55:13] OFFICIAL_ACTION_DELAY wait=0.204s target=0.300s
[21:55:13] SEND name=BotB hand=7 stage=preflop act_cnt=0 my_sb=50 opp_sb=100 my_chips=19950 opp_chips=19900 is_sb=True msg='call'
[21:55:13] RECV raw='flop|<1,10><1,6><2,10>' buffer='flop|<1,10><1,6><2,10>'
[21:55:13] DISPATCH line='flop|<1,10><1,6><2,10>'
[21:55:14] RECV raw='check' buffer='check'
[21:55:14] DISPATCH line='check'
[21:55:14] OFFICIAL_ACTION_DELAY wait=0.169s target=0.300s
[21:55:14] SEND name=BotB hand=7 stage=flop act_cnt=0 my_sb=0 opp_sb=0 my_chips=19900 opp_chips=19900 is_sb=True msg='call'
[21:55:14] RECV raw='turn|<3,11>' buffer='turn|<3,11>'
[21:55:14] DISPATCH line='turn|<3,11>'
[21:55:14] RECV raw='check' buffer='check'
[21:55:14] DISPATCH line='check'
[21:55:14] OFFICIAL_ACTION_DELAY wait=0.087s target=0.300s
[21:55:15] SEND name=BotB hand=7 stage=turn act_cnt=0 my_sb=0 opp_sb=0 my_chips=19900 opp_chips=19900 is_sb=True msg='call'
[21:55:15] RECV raw='river|<2,0>' buffer='river|<2,0>'
[21:55:15] DISPATCH line='river|<2,0>'
[21:55:15] RECV raw='check' buffer='check'
[21:55:15] DISPATCH line='check'
[21:55:15] OFFICIAL_ACTION_DELAY wait=0.101s target=0.300s
[21:55:15] SEND name=BotB hand=7 stage=river act_cnt=0 my_sb=0 opp_sb=0 my_chips=19900 opp_chips=19900 is_sb=True msg='call'
[21:55:18] RECV raw='earnChips -100' buffer='earnChips -100'
[21:55:18] DISPATCH line='earnChips -100'
[21:55:18] RECV raw='oppo_hands|<3,0><2,1>' buffer='oppo_hands|<3,0><2,1>'
[21:55:18] DISPATCH line='oppo_hands|<3,0><2,1>'
[21:55:19] RECV raw='preflop|BIGBLIND|<1,11><1,10>' buffer='preflop|BIGBLIND|<1,11><1,10>'
[21:55:19] DISPATCH line='preflop|BIGBLIND|<1,11><1,10>'
[21:55:19] RECV raw='raise 263' buffer='raise 263'
[21:55:19] DISPATCH line='raise 263'
[21:55:19] OFFICIAL_ACTION_DELAY wait=0.180s target=0.300s
[21:55:19] SEND name=BotB hand=8 stage=preflop act_cnt=0 my_sb=100 opp_sb=263 my_chips=19900 opp_chips=19737 is_sb=False msg='raise 680'
[21:55:19] RECV raw='flop|<2,10><3,9><1,8>' buffer='flop|<2,10><3,9><1,8>'
[21:55:19] DISPATCH line='flop|<2,10><3,9><1,8>'
[21:55:20] OFFICIAL_ACTION_DELAY wait=0.187s target=0.300s
[21:55:20] SEND name=BotB hand=8 stage=flop act_cnt=0 my_sb=0 opp_sb=0 my_chips=19320 opp_chips=19737 is_sb=False msg='raise 925'
[21:55:20] RECV raw='turn|<2,5>' buffer='turn|<2,5>'
[21:55:20] DISPATCH line='turn|<2,5>'
[21:55:20] OFFICIAL_ACTION_DELAY wait=0.106s target=0.300s
[21:55:20] SEND name=BotB hand=8 stage=turn act_cnt=0 my_sb=0 opp_sb=0 my_chips=18395 opp_chips=19737 is_sb=False msg='raise 2163'
[21:55:21] RECV raw='river|<2,8>' buffer='river|<2,8>'
[21:55:21] DISPATCH line='river|<2,8>'
[21:55:21] OFFICIAL_ACTION_DELAY wait=0.139s target=0.300s
[21:55:21] SEND name=BotB hand=8 stage=river act_cnt=0 my_sb=0 opp_sb=0 my_chips=16232 opp_chips=19737 is_sb=False msg='raise 4402'
[21:55:21] RECV raw='raise 16231' buffer='raise 16231'
[21:55:21] DISPATCH line='raise 16231'
[21:55:22] SEND name=BotB hand=8 stage=river act_cnt=1 my_sb=4402 opp_sb=16231 my_chips=11830 opp_chips=3506 is_sb=False msg='allin'
[21:55:25] RECV raw='earnChips -20000' buffer='earnChips -20000'
[21:55:25] DISPATCH line='earnChips -20000'
[21:55:25] RECV raw='oppo_hands|<3,8><3,10>' buffer='oppo_hands|<3,8><3,10>'
[21:55:25] DISPATCH line='oppo_hands|<3,8><3,10>'
[21:55:25] RECV raw='preflop|SMALLBLIND|<1,7><0,5>' buffer='preflop|SMALLBLIND|<1,7><0,5>'
[21:55:25] DISPATCH line='preflop|SMALLBLIND|<1,7><0,5>'
[21:55:25] OFFICIAL_ACTION_DELAY wait=0.153s target=0.300s
[21:55:26] SEND name=BotB hand=9 stage=preflop act_cnt=0 my_sb=50 opp_sb=100 my_chips=19950 opp_chips=19900 is_sb=True msg='raise 688'
[21:55:26] RECV raw='fold' buffer='fold'
[21:55:26] DISPATCH line='fold'
[21:55:29] RECV raw='earnChips 100' buffer='earnChips 100'
[21:55:29] DISPATCH line='earnChips 100'
[21:55:29] RECV raw='preflop|BIGBLIND|<3,10><1,9>' buffer='preflop|BIGBLIND|<3,10><1,9>'
[21:55:29] DISPATCH line='preflop|BIGBLIND|<3,10><1,9>'
[21:55:29] RECV raw='fold' buffer='fold'
[21:55:29] DISPATCH line='fold'
[21:55:32] RECV raw='earnChips 50' buffer='earnChips 50'
[21:55:32] DISPATCH line='earnChips 50'
[21:55:33] RECV raw='preflop|SMALLBLIND|<1,5><3,0>' buffer='preflop|SMALLBLIND|<1,5><3,0>'
[21:55:33] DISPATCH line='preflop|SMALLBLIND|<1,5><3,0>'
[21:55:33] OFFICIAL_ACTION_DELAY wait=0.155s target=0.300s
[21:55:33] SEND name=BotB hand=11 stage=preflop act_cnt=0 my_sb=50 opp_sb=100 my_chips=19950 opp_chips=19900 is_sb=True msg='raise 688'
[21:55:33] RECV raw='fold' buffer='fold'
[21:55:33] DISPATCH line='fold'
[21:55:36] RECV raw='earnChips 100' buffer='earnChips 100'
[21:55:36] DISPATCH line='earnChips 100'
[21:55:36] RECV raw='preflop|BIGBLIND|<1,7><1,1>' buffer='preflop|BIGBLIND|<1,7><1,1>'
[21:55:36] DISPATCH line='preflop|BIGBLIND|<1,7><1,1>'
[21:55:37] RECV raw='fold' buffer='fold'
[21:55:37] DISPATCH line='fold'
[21:55:40] RECV raw='earnChips 50' buffer='earnChips 50'
[21:55:40] DISPATCH line='earnChips 50'
[21:55:40] RECV raw='preflop|SMALLBLIND|<3,2><2,5>' buffer='preflop|SMALLBLIND|<3,2><2,5>'
[21:55:40] DISPATCH line='preflop|SMALLBLIND|<3,2><2,5>'
[21:55:40] OFFICIAL_ACTION_DELAY wait=0.153s target=0.300s
[21:55:40] SEND name=BotB hand=13 stage=preflop act_cnt=0 my_sb=50 opp_sb=100 my_chips=19950 opp_chips=19900 is_sb=True msg='raise 688'
[21:55:41] RECV raw='fold' buffer='fold'
[21:55:41] DISPATCH line='fold'
[21:55:44] RECV raw='earnChips 100' buffer='earnChips 100'
[21:55:44] DISPATCH line='earnChips 100'
[21:55:44] RECV raw='preflop|BIGBLIND|<1,5><1,8>' buffer='preflop|BIGBLIND|<1,5><1,8>'
[21:55:44] DISPATCH line='preflop|BIGBLIND|<1,5><1,8>'
[21:55:44] RECV raw='fold' buffer='fold'
[21:55:44] DISPATCH line='fold'
[21:55:47] RECV raw='earnChips 50' buffer='earnChips 50'
[21:55:47] DISPATCH line='earnChips 50'
[21:55:47] RECV raw='preflop|SMALLBLIND|<1,12><2,10>' buffer='preflop|SMALLBLIND|<1,12><2,10>'
[21:55:47] DISPATCH line='preflop|SMALLBLIND|<1,12><2,10>'
[21:55:47] OFFICIAL_ACTION_DELAY wait=0.205s target=0.300s
[21:55:47] SEND name=BotB hand=15 stage=preflop act_cnt=0 my_sb=50 opp_sb=100 my_chips=19950 opp_chips=19900 is_sb=True msg='raise 319'
[21:55:48] RECV raw='fold' buffer='fold'
[21:55:48] DISPATCH line='fold'
[21:55:51] RECV raw='earnChips 100' buffer='earnChips 100'
[21:55:51] DISPATCH line='earnChips 100'
[21:55:51] RECV raw='preflop|BIGBLIND|<3,2><3,1>' buffer='preflop|BIGBLIND|<3,2><3,1>'
[21:55:51] DISPATCH line='preflop|BIGBLIND|<3,2><3,1>'
[21:55:51] RECV raw='fold' buffer='fold'
[21:55:51] DISPATCH line='fold'
[21:55:54] RECV raw='earnChips 50' buffer='earnChips 50'
[21:55:54] DISPATCH line='earnChips 50'
[21:55:55] RECV raw='preflop|SMALLBLIND|<1,4><0,9>' buffer='preflop|SMALLBLIND|<1,4><0,9>'
[21:55:55] DISPATCH line='preflop|SMALLBLIND|<1,4><0,9>'
[21:55:55] OFFICIAL_ACTION_DELAY wait=0.151s target=0.300s
[21:55:55] SEND name=BotB hand=17 stage=preflop act_cnt=0 my_sb=50 opp_sb=100 my_chips=19950 opp_chips=19900 is_sb=True msg='raise 688'
[21:55:55] RECV raw='fold' buffer='fold'
[21:55:55] DISPATCH line='fold'
[21:55:58] RECV raw='earnChips 100' buffer='earnChips 100'
[21:55:58] DISPATCH line='earnChips 100'
[21:55:58] RECV raw='preflop|BIGBLIND|<3,11><2,12>' buffer='preflop|BIGBLIND|<3,11><2,12>'
[21:55:58] DISPATCH line='preflop|BIGBLIND|<3,11><2,12>'
[21:55:59] RECV raw='fold' buffer='fold'
[21:55:59] DISPATCH line='fold'
[21:56:02] RECV raw='earnChips 50' buffer='earnChips 50'
[21:56:02] DISPATCH line='earnChips 50'
[21:56:02] RECV raw='preflop|SMALLBLIND|<0,2><0,10>' buffer='preflop|SMALLBLIND|<0,2><0,10>'
[21:56:02] DISPATCH line='preflop|SMALLBLIND|<0,2><0,10>'
[21:56:02] OFFICIAL_ACTION_DELAY wait=0.207s target=0.300s
[21:56:02] SEND name=BotB hand=19 stage=preflop act_cnt=0 my_sb=50 opp_sb=100 my_chips=19950 opp_chips=19900 is_sb=True msg='raise 296'
[21:56:03] RECV raw='fold' buffer='fold'
[21:56:03] DISPATCH line='fold'
[21:56:06] RECV raw='earnChips 100' buffer='earnChips 100'
[21:56:06] DISPATCH line='earnChips 100'
[21:56:06] RECV raw='preflop|BIGBLIND|<2,10><2,0>' buffer='preflop|BIGBLIND|<2,10><2,0>'
[21:56:06] DISPATCH line='preflop|BIGBLIND|<2,10><2,0>'
[21:56:06] RECV raw='fold' buffer='fold'
[21:56:06] DISPATCH line='fold'
[21:56:09] RECV raw='earnChips 50' buffer='earnChips 50'
[21:56:09] DISPATCH line='earnChips 50'
[21:56:09] RECV raw='preflop|SMALLBLIND|<2,0><3,7>' buffer='preflop|SMALLBLIND|<2,0><3,7>'
[21:56:09] DISPATCH line='preflop|SMALLBLIND|<2,0><3,7>'
[21:56:09] OFFICIAL_ACTION_DELAY wait=0.205s target=0.300s
[21:56:09] SEND name=BotB hand=21 stage=preflop act_cnt=0 my_sb=50 opp_sb=100 my_chips=19950 opp_chips=19900 is_sb=True msg='raise 688'
[21:56:10] RECV raw='fold' buffer='fold'
[21:56:10] DISPATCH line='fold'
[21:56:13] RECV raw='earnChips 100' buffer='earnChips 100'
[21:56:13] DISPATCH line='earnChips 100'
[21:56:13] RECV raw='preflop|BIGBLIND|<0,7><1,10>' buffer='preflop|BIGBLIND|<0,7><1,10>'
[21:56:13] DISPATCH line='preflop|BIGBLIND|<0,7><1,10>'
[21:56:13] RECV raw='fold' buffer='fold'
[21:56:13] DISPATCH line='fold'
[21:56:16] RECV raw='earnChips 50' buffer='earnChips 50'
[21:56:16] DISPATCH line='earnChips 50'
[21:56:17] RECV raw='preflop|SMALLBLIND|<2,10><3,9>' buffer='preflop|SMALLBLIND|<2,10><3,9>'
[21:56:17] DISPATCH line='preflop|SMALLBLIND|<2,10><3,9>'
[21:56:17] OFFICIAL_ACTION_DELAY wait=0.194s target=0.300s
[21:56:17] SEND name=BotB hand=23 stage=preflop act_cnt=0 my_sb=50 opp_sb=100 my_chips=19950 opp_chips=19900 is_sb=True msg='raise 297'
[21:56:17] RECV raw='fold' buffer='fold'
[21:56:17] DISPATCH line='fold'
[21:56:20] RECV raw='earnChips 100' buffer='earnChips 100'
[21:56:20] DISPATCH line='earnChips 100'
[21:56:20] RECV raw='preflop|BIGBLIND|<2,5><0,3>' buffer='preflop|BIGBLIND|<2,5><0,3>'
[21:56:20] DISPATCH line='preflop|BIGBLIND|<2,5><0,3>'
[21:56:21] RECV raw='fold' buffer='fold'
[21:56:21] DISPATCH line='fold'
[21:56:24] RECV raw='earnChips 50' buffer='earnChips 50'
[21:56:24] DISPATCH line='earnChips 50'
[21:56:24] RECV raw='preflop|SMALLBLIND|<0,8><2,2>' buffer='preflop|SMALLBLIND|<0,8><2,2>'
[21:56:24] DISPATCH line='preflop|SMALLBLIND|<0,8><2,2>'
[21:56:24] OFFICIAL_ACTION_DELAY wait=0.205s target=0.300s
[21:56:24] SEND name=BotB hand=25 stage=preflop act_cnt=0 my_sb=50 opp_sb=100 my_chips=19950 opp_chips=19900 is_sb=True msg='raise 688'
[21:56:25] RECV raw='fold' buffer='fold'
[21:56:25] DISPATCH line='fold'
[21:56:28] RECV raw='earnChips 100' buffer='earnChips 100'
[21:56:28] DISPATCH line='earnChips 100'
[21:56:28] RECV raw='preflop|BIGBLIND|<3,10><0,5>' buffer='preflop|BIGBLIND|<3,10><0,5>'
[21:56:28] DISPATCH line='preflop|BIGBLIND|<3,10><0,5>'
[21:56:28] RECV raw='fold' buffer='fold'
[21:56:28] DISPATCH line='fold'
[21:56:31] RECV raw='earnChips 50' buffer='earnChips 50'
[21:56:31] DISPATCH line='earnChips 50'
[21:56:31] RECV raw='preflop|SMALLBLIND|<2,5><1,12>' buffer='preflop|SMALLBLIND|<2,5><1,12>'
[21:56:31] DISPATCH line='preflop|SMALLBLIND|<2,5><1,12>'
[21:56:31] OFFICIAL_ACTION_DELAY wait=0.197s target=0.300s
[21:56:31] SEND name=BotB hand=27 stage=preflop act_cnt=0 my_sb=50 opp_sb=100 my_chips=19950 opp_chips=19900 is_sb=True msg='raise 297'
[21:56:32] RECV raw='fold' buffer='fold'
[21:56:32] DISPATCH line='fold'
[21:56:35] RECV raw='earnChips 100' buffer='earnChips 100'
[21:56:35] DISPATCH line='earnChips 100'
[21:56:35] RECV raw='preflop|BIGBLIND|<1,8><3,10>' buffer='preflop|BIGBLIND|<1,8><3,10>'
[21:56:35] DISPATCH line='preflop|BIGBLIND|<1,8><3,10>'
[21:56:35] RECV raw='fold' buffer='fold'
[21:56:35] DISPATCH line='fold'
[21:56:38] RECV raw='earnChips 50' buffer='earnChips 50'
[21:56:38] DISPATCH line='earnChips 50'
[21:56:39] RECV raw='preflop|SMALLBLIND|<3,2><1,1>' buffer='preflop|SMALLBLIND|<3,2><1,1>'
[21:56:39] DISPATCH line='preflop|SMALLBLIND|<3,2><1,1>'
[21:56:39] OFFICIAL_ACTION_DELAY wait=0.155s target=0.300s
[21:56:39] SEND name=BotB hand=29 stage=preflop act_cnt=0 my_sb=50 opp_sb=100 my_chips=19950 opp_chips=19900 is_sb=True msg='raise 688'
[21:56:39] RECV raw='fold' buffer='fold'
[21:56:39] DISPATCH line='fold'
[21:56:42] RECV raw='earnChips 100' buffer='earnChips 100'
[21:56:42] DISPATCH line='earnChips 100'
[21:56:42] RECV raw='preflop|BIGBLIND|<3,5><2,8>' buffer='preflop|BIGBLIND|<3,5><2,8>'
[21:56:42] DISPATCH line='preflop|BIGBLIND|<3,5><2,8>'
[21:56:43] RECV raw='fold' buffer='fold'
[21:56:43] DISPATCH line='fold'
[21:56:46] RECV raw='earnChips 50' buffer='earnChips 50'
[21:56:46] DISPATCH line='earnChips 50'
[21:56:46] RECV raw='preflop|SMALLBLIND|<1,0><0,6>' buffer='preflop|SMALLBLIND|<1,0><0,6>'
[21:56:46] DISPATCH line='preflop|SMALLBLIND|<1,0><0,6>'
[21:56:46] OFFICIAL_ACTION_DELAY wait=0.152s target=0.300s
[21:56:46] SEND name=BotB hand=31 stage=preflop act_cnt=0 my_sb=50 opp_sb=100 my_chips=19950 opp_chips=19900 is_sb=True msg='raise 688'
[21:56:47] RECV raw='fold' buffer='fold'
[21:56:47] DISPATCH line='fold'
[21:56:50] RECV raw='earnChips 100' buffer='earnChips 100'
[21:56:50] DISPATCH line='earnChips 100'
[21:56:50] RECV raw='preflop|BIGBLIND|<3,2><2,10>' buffer='preflop|BIGBLIND|<3,2><2,10>'
[21:56:50] DISPATCH line='preflop|BIGBLIND|<3,2><2,10>'
[21:56:50] RECV raw='fold' buffer='fold'
[21:56:50] DISPATCH line='fold'
[21:56:53] RECV raw='earnChips 50' buffer='earnChips 50'
[21:56:53] DISPATCH line='earnChips 50'
[21:56:53] RECV raw='preflop|SMALLBLIND|<3,5><3,4>' buffer='preflop|SMALLBLIND|<3,5><3,4>'
[21:56:53] DISPATCH line='preflop|SMALLBLIND|<3,5><3,4>'
[21:56:53] OFFICIAL_ACTION_DELAY wait=0.169s target=0.300s
[21:56:54] SEND name=BotB hand=33 stage=preflop act_cnt=0 my_sb=50 opp_sb=100 my_chips=19950 opp_chips=19900 is_sb=True msg='raise 688'
[21:56:54] RECV raw='fold' buffer='fold'
[21:56:54] DISPATCH line='fold'
[21:56:57] RECV raw='earnChips 100' buffer='earnChips 100'
[21:56:57] DISPATCH line='earnChips 100'
[21:56:57] RECV raw='preflop|BIGBLIND|<1,0><1,2>' buffer='preflop|BIGBLIND|<1,0><1,2>'
[21:56:57] DISPATCH line='preflop|BIGBLIND|<1,0><1,2>'
[21:56:57] RECV raw='fold' buffer='fold'
[21:56:57] DISPATCH line='fold'
[21:57:00] RECV raw='earnChips 50' buffer='earnChips 50'
[21:57:00] DISPATCH line='earnChips 50'
[21:57:01] RECV raw='preflop|SMALLBLIND|<0,3><3,6>' buffer='preflop|SMALLBLIND|<0,3><3,6>'
[21:57:01] DISPATCH line='preflop|SMALLBLIND|<0,3><3,6>'
[21:57:01] OFFICIAL_ACTION_DELAY wait=0.155s target=0.300s
[21:57:01] SEND name=BotB hand=35 stage=preflop act_cnt=0 my_sb=50 opp_sb=100 my_chips=19950 opp_chips=19900 is_sb=True msg='raise 688'
[21:57:01] RECV raw='fold' buffer='fold'
[21:57:01] DISPATCH line='fold'
[21:57:04] RECV raw='earnChips 100' buffer='earnChips 100'
[21:57:04] DISPATCH line='earnChips 100'
[21:57:04] RECV raw='preflop|BIGBLIND|<3,10><0,0>' buffer='preflop|BIGBLIND|<3,10><0,0>'
[21:57:04] DISPATCH line='preflop|BIGBLIND|<3,10><0,0>'
[21:57:05] RECV raw='fold' buffer='fold'
[21:57:05] DISPATCH line='fold'
[21:57:08] RECV raw='earnChips 50' buffer='earnChips 50'
[21:57:08] DISPATCH line='earnChips 50'
[21:57:08] RECV raw='preflop|SMALLBLIND|<2,0><2,11>' buffer='preflop|SMALLBLIND|<2,0><2,11>'
[21:57:08] DISPATCH line='preflop|SMALLBLIND|<2,0><2,11>'
[21:57:08] OFFICIAL_ACTION_DELAY wait=0.177s target=0.300s
[21:57:08] SEND name=BotB hand=37 stage=preflop act_cnt=0 my_sb=50 opp_sb=100 my_chips=19950 opp_chips=19900 is_sb=True msg='raise 296'
[21:57:09] RECV raw='fold' buffer='fold'
[21:57:09] DISPATCH line='fold'
[21:57:12] RECV raw='earnChips 100' buffer='earnChips 100'
[21:57:12] DISPATCH line='earnChips 100'
[21:57:12] RECV raw='preflop|BIGBLIND|<0,8><0,2>' buffer='preflop|BIGBLIND|<0,8><0,2>'
[21:57:12] DISPATCH line='preflop|BIGBLIND|<0,8><0,2>'
[21:57:12] RECV raw='fold' buffer='fold'
[21:57:12] DISPATCH line='fold'
[21:57:15] RECV raw='earnChips 50' buffer='earnChips 50'
[21:57:15] DISPATCH line='earnChips 50'
[21:57:15] RECV raw='preflop|SMALLBLIND|<0,10><1,8>' buffer='preflop|SMALLBLIND|<0,10><1,8>'
[21:57:15] DISPATCH line='preflop|SMALLBLIND|<0,10><1,8>'
[21:57:15] OFFICIAL_ACTION_DELAY wait=0.172s target=0.300s
[21:57:16] SEND name=BotB hand=39 stage=preflop act_cnt=0 my_sb=50 opp_sb=100 my_chips=19950 opp_chips=19900 is_sb=True msg='raise 296'
[21:57:16] RECV raw='fold' buffer='fold'
[21:57:16] DISPATCH line='fold'
[21:57:19] RECV raw='earnChips 100' buffer='earnChips 100'
[21:57:19] DISPATCH line='earnChips 100'
[21:57:19] RECV raw='preflop|BIGBLIND|<2,5><3,7>' buffer='preflop|BIGBLIND|<2,5><3,7>'
[21:57:19] DISPATCH line='preflop|BIGBLIND|<2,5><3,7>'
[21:57:19] RECV raw='fold' buffer='fold'
[21:57:19] DISPATCH line='fold'
[21:57:22] RECV raw='earnChips 50' buffer='earnChips 50'
[21:57:22] DISPATCH line='earnChips 50'
[21:57:23] RECV raw='preflop|SMALLBLIND|<1,11><0,11>' buffer='preflop|SMALLBLIND|<1,11><0,11>'
[21:57:23] DISPATCH line='preflop|SMALLBLIND|<1,11><0,11>'
[21:57:23] OFFICIAL_ACTION_DELAY wait=0.152s target=0.300s
[21:57:23] SEND name=BotB hand=41 stage=preflop act_cnt=0 my_sb=50 opp_sb=100 my_chips=19950 opp_chips=19900 is_sb=True msg='raise 344'
[21:57:23] RECV raw='fold' buffer='fold'
[21:57:23] DISPATCH line='fold'
[21:57:26] RECV raw='earnChips 100' buffer='earnChips 100'
[21:57:26] DISPATCH line='earnChips 100'
[21:57:26] RECV raw='preflop|BIGBLIND|<0,10><2,4>' buffer='preflop|BIGBLIND|<0,10><2,4>'
[21:57:26] DISPATCH line='preflop|BIGBLIND|<0,10><2,4>'
[21:57:27] RECV raw='fold' buffer='fold'
[21:57:27] DISPATCH line='fold'
[21:57:30] RECV raw='earnChips 50' buffer='earnChips 50'
[21:57:30] DISPATCH line='earnChips 50'
[21:57:30] RECV raw='preflop|SMALLBLIND|<2,5><0,3>' buffer='preflop|SMALLBLIND|<2,5><0,3>'
[21:57:30] DISPATCH line='preflop|SMALLBLIND|<2,5><0,3>'
[21:57:30] OFFICIAL_ACTION_DELAY wait=0.153s target=0.300s
[21:57:30] SEND name=BotB hand=43 stage=preflop act_cnt=0 my_sb=50 opp_sb=100 my_chips=19950 opp_chips=19900 is_sb=True msg='raise 688'
[21:57:31] RECV raw='fold' buffer='fold'
[21:57:31] DISPATCH line='fold'
[21:57:34] RECV raw='earnChips 100' buffer='earnChips 100'
[21:57:34] DISPATCH line='earnChips 100'
[21:57:34] RECV raw='preflop|BIGBLIND|<1,8><2,7>' buffer='preflop|BIGBLIND|<1,8><2,7>'
[21:57:34] DISPATCH line='preflop|BIGBLIND|<1,8><2,7>'
[21:57:34] RECV raw='fold' buffer='fold'
[21:57:34] DISPATCH line='fold'
[21:57:37] RECV raw='earnChips 50' buffer='earnChips 50'
[21:57:37] DISPATCH line='earnChips 50'
[21:57:37] RECV raw='preflop|SMALLBLIND|<0,2><3,0>' buffer='preflop|SMALLBLIND|<0,2><3,0>'
[21:57:37] DISPATCH line='preflop|SMALLBLIND|<0,2><3,0>'
[21:57:37] OFFICIAL_ACTION_DELAY wait=0.153s target=0.300s
[21:57:38] SEND name=BotB hand=45 stage=preflop act_cnt=0 my_sb=50 opp_sb=100 my_chips=19950 opp_chips=19900 is_sb=True msg='raise 688'
[21:57:38] RECV raw='fold' buffer='fold'
[21:57:38] DISPATCH line='fold'
[21:57:41] RECV raw='earnChips 100' buffer='earnChips 100'
[21:57:41] DISPATCH line='earnChips 100'
[21:57:41] RECV raw='preflop|BIGBLIND|<1,12><1,7>' buffer='preflop|BIGBLIND|<1,12><1,7>'
[21:57:41] DISPATCH line='preflop|BIGBLIND|<1,12><1,7>'
[21:57:41] RECV raw='fold' buffer='fold'
[21:57:41] DISPATCH line='fold'
[21:57:44] RECV raw='earnChips 50' buffer='earnChips 50'
[21:57:44] DISPATCH line='earnChips 50'
[21:57:45] RECV raw='preflop|SMALLBLIND|<1,0><3,3>' buffer='preflop|SMALLBLIND|<1,0><3,3>'
[21:57:45] DISPATCH line='preflop|SMALLBLIND|<1,0><3,3>'
[21:57:45] OFFICIAL_ACTION_DELAY wait=0.171s target=0.300s
[21:57:45] SEND name=BotB hand=47 stage=preflop act_cnt=0 my_sb=50 opp_sb=100 my_chips=19950 opp_chips=19900 is_sb=True msg='raise 688'
[21:57:45] RECV raw='fold' buffer='fold'
[21:57:45] DISPATCH line='fold'
[21:57:48] RECV raw='earnChips 100' buffer='earnChips 100'
[21:57:48] DISPATCH line='earnChips 100'
[21:57:48] RECV raw='preflop|BIGBLIND|<1,2><0,9>' buffer='preflop|BIGBLIND|<1,2><0,9>'
[21:57:48] DISPATCH line='preflop|BIGBLIND|<1,2><0,9>'
[21:57:49] RECV raw='fold' buffer='fold'
[21:57:49] DISPATCH line='fold'
[21:57:52] RECV raw='earnChips 50' buffer='earnChips 50'
[21:57:52] DISPATCH line='earnChips 50'
[21:57:52] RECV raw='preflop|SMALLBLIND|<3,10><2,8>' buffer='preflop|SMALLBLIND|<3,10><2,8>'
[21:57:52] DISPATCH line='preflop|SMALLBLIND|<3,10><2,8>'
[21:57:52] OFFICIAL_ACTION_DELAY wait=0.187s target=0.300s
[21:57:52] SEND name=BotB hand=49 stage=preflop act_cnt=0 my_sb=50 opp_sb=100 my_chips=19950 opp_chips=19900 is_sb=True msg='raise 296'
[21:57:53] RECV raw='fold' buffer='fold'
[21:57:53] DISPATCH line='fold'
[21:57:56] RECV raw='earnChips 100' buffer='earnChips 100'
[21:57:56] DISPATCH line='earnChips 100'
[21:57:56] RECV raw='preflop|BIGBLIND|<1,0><3,11>' buffer='preflop|BIGBLIND|<1,0><3,11>'
[21:57:56] DISPATCH line='preflop|BIGBLIND|<1,0><3,11>'
[21:57:56] RECV raw='fold' buffer='fold'
[21:57:56] DISPATCH line='fold'
[21:57:59] RECV raw='earnChips 50' buffer='earnChips 50'
[21:57:59] DISPATCH line='earnChips 50'
[21:57:59] RECV raw='preflop|SMALLBLIND|<1,2><1,5>' buffer='preflop|SMALLBLIND|<1,2><1,5>'
[21:57:59] DISPATCH line='preflop|SMALLBLIND|<1,2><1,5>'
[21:57:59] OFFICIAL_ACTION_DELAY wait=0.171s target=0.300s
[21:58:00] SEND name=BotB hand=51 stage=preflop act_cnt=0 my_sb=50 opp_sb=100 my_chips=19950 opp_chips=19900 is_sb=True msg='raise 688'
[21:58:00] RECV raw='fold' buffer='fold'
[21:58:00] DISPATCH line='fold'
[21:58:03] RECV raw='earnChips 100' buffer='earnChips 100'
[21:58:03] DISPATCH line='earnChips 100'
[21:58:03] RECV raw='preflop|BIGBLIND|<3,10><0,8>' buffer='preflop|BIGBLIND|<3,10><0,8>'
[21:58:03] DISPATCH line='preflop|BIGBLIND|<3,10><0,8>'
[21:58:03] RECV raw='fold' buffer='fold'
[21:58:03] DISPATCH line='fold'
[21:58:06] RECV raw='earnChips 50' buffer='earnChips 50'
[21:58:06] DISPATCH line='earnChips 50'
[21:58:07] RECV raw='preflop|SMALLBLIND|<2,0><1,8>' buffer='preflop|SMALLBLIND|<2,0><1,8>'
[21:58:07] DISPATCH line='preflop|SMALLBLIND|<2,0><1,8>'
[21:58:07] OFFICIAL_ACTION_DELAY wait=0.200s target=0.300s
[21:58:07] SEND name=BotB hand=53 stage=preflop act_cnt=0 my_sb=50 opp_sb=100 my_chips=19950 opp_chips=19900 is_sb=True msg='raise 688'
[21:58:07] RECV raw='fold' buffer='fold'
[21:58:07] DISPATCH line='fold'
[21:58:10] RECV raw='earnChips 100' buffer='earnChips 100'
[21:58:10] DISPATCH line='earnChips 100'
[21:58:10] RECV raw='preflop|BIGBLIND|<1,7><2,1>' buffer='preflop|BIGBLIND|<1,7><2,1>'
[21:58:10] DISPATCH line='preflop|BIGBLIND|<1,7><2,1>'
[21:58:11] RECV raw='fold' buffer='fold'
[21:58:11] DISPATCH line='fold'
[21:58:14] RECV raw='earnChips 50' buffer='earnChips 50'
[21:58:14] DISPATCH line='earnChips 50'
[21:58:14] RECV raw='preflop|SMALLBLIND|<0,10><0,0>' buffer='preflop|SMALLBLIND|<0,10><0,0>'
[21:58:14] DISPATCH line='preflop|SMALLBLIND|<0,10><0,0>'
[21:58:14] OFFICIAL_ACTION_DELAY wait=0.184s target=0.300s
[21:58:14] SEND name=BotB hand=55 stage=preflop act_cnt=0 my_sb=50 opp_sb=100 my_chips=19950 opp_chips=19900 is_sb=True msg='raise 296'
[21:58:15] RECV raw='fold' buffer='fold'
[21:58:15] DISPATCH line='fold'
[21:58:18] RECV raw='earnChips 100' buffer='earnChips 100'
[21:58:18] DISPATCH line='earnChips 100'
[21:58:18] RECV raw='preflop|BIGBLIND|<2,5><2,4>' buffer='preflop|BIGBLIND|<2,5><2,4>'
[21:58:18] DISPATCH line='preflop|BIGBLIND|<2,5><2,4>'
[21:58:18] RECV raw='fold' buffer='fold'
[21:58:18] DISPATCH line='fold'
[21:58:21] RECV raw='earnChips 50' buffer='earnChips 50'
[21:58:21] DISPATCH line='earnChips 50'
[21:58:21] RECV raw='preflop|SMALLBLIND|<2,7><3,10>' buffer='preflop|SMALLBLIND|<2,7><3,10>'
[21:58:21] DISPATCH line='preflop|SMALLBLIND|<2,7><3,10>'
[21:58:21] OFFICIAL_ACTION_DELAY wait=0.153s target=0.300s
[21:58:22] SEND name=BotB hand=57 stage=preflop act_cnt=0 my_sb=50 opp_sb=100 my_chips=19950 opp_chips=19900 is_sb=True msg='raise 296'
[21:58:22] RECV raw='fold' buffer='fold'
[21:58:22] DISPATCH line='fold'
[21:58:25] RECV raw='earnChips 100' buffer='earnChips 100'
[21:58:25] DISPATCH line='earnChips 100'
[21:58:25] RECV raw='preflop|BIGBLIND|<0,2><1,9>' buffer='preflop|BIGBLIND|<0,2><1,9>'
[21:58:25] DISPATCH line='preflop|BIGBLIND|<0,2><1,9>'
[21:58:26] RECV raw='fold' buffer='fold'
[21:58:26] DISPATCH line='fold'
[21:58:29] RECV raw='earnChips 50' buffer='earnChips 50'
[21:58:29] DISPATCH line='earnChips 50'
[21:58:29] RECV raw='preflop|SMALLBLIND|<2,5><3,0>' buffer='preflop|SMALLBLIND|<2,5><3,0>'
[21:58:29] DISPATCH line='preflop|SMALLBLIND|<2,5><3,0>'
[21:58:29] OFFICIAL_ACTION_DELAY wait=0.152s target=0.300s
[21:58:29] SEND name=BotB hand=59 stage=preflop act_cnt=0 my_sb=50 opp_sb=100 my_chips=19950 opp_chips=19900 is_sb=True msg='raise 688'
[21:58:29] RECV raw='fold' buffer='fold'
[21:58:29] DISPATCH line='fold'
[21:58:32] RECV raw='earnChips 100' buffer='earnChips 100'
[21:58:32] DISPATCH line='earnChips 100'
[21:58:32] RECV raw='preflop|BIGBLIND|<2,7><0,6>' buffer='preflop|BIGBLIND|<2,7><0,6>'
[21:58:32] DISPATCH line='preflop|BIGBLIND|<2,7><0,6>'
[21:58:33] RECV raw='fold' buffer='fold'
[21:58:33] DISPATCH line='fold'
[21:58:36] RECV raw='earnChips 50' buffer='earnChips 50'
[21:58:36] DISPATCH line='earnChips 50'
[21:58:36] RECV raw='preflop|SMALLBLIND|<0,2><2,5>' buffer='preflop|SMALLBLIND|<0,2><2,5>'
[21:58:36] DISPATCH line='preflop|SMALLBLIND|<0,2><2,5>'
[21:58:36] OFFICIAL_ACTION_DELAY wait=0.152s target=0.300s
[21:58:36] SEND name=BotB hand=61 stage=preflop act_cnt=0 my_sb=50 opp_sb=100 my_chips=19950 opp_chips=19900 is_sb=True msg='raise 688'
[21:58:37] RECV raw='fold' buffer='fold'
[21:58:37] DISPATCH line='fold'
[21:58:40] RECV raw='earnChips 100' buffer='earnChips 100'
[21:58:40] DISPATCH line='earnChips 100'
[21:58:40] RECV raw='preflop|BIGBLIND|<3,5><0,9>' buffer='preflop|BIGBLIND|<3,5><0,9>'
[21:58:40] DISPATCH line='preflop|BIGBLIND|<3,5><0,9>'
[21:58:40] RECV raw='fold' buffer='fold'
[21:58:40] DISPATCH line='fold'
[21:58:43] RECV raw='earnChips 50' buffer='earnChips 50'
[21:58:43] DISPATCH line='earnChips 50'
[21:58:43] RECV raw='preflop|SMALLBLIND|<2,12><1,2>' buffer='preflop|SMALLBLIND|<2,12><1,2>'
[21:58:43] DISPATCH line='preflop|SMALLBLIND|<2,12><1,2>'
[21:58:43] OFFICIAL_ACTION_DELAY wait=0.153s target=0.300s
[21:58:44] SEND name=BotB hand=63 stage=preflop act_cnt=0 my_sb=50 opp_sb=100 my_chips=19950 opp_chips=19900 is_sb=True msg='raise 296'
[21:58:44] RECV raw='fold' buffer='fold'
[21:58:44] DISPATCH line='fold'
[21:58:47] RECV raw='earnChips 100' buffer='earnChips 100'
[21:58:47] DISPATCH line='earnChips 100'
[21:58:47] RECV raw='preflop|BIGBLIND|<1,2><3,1>' buffer='preflop|BIGBLIND|<1,2><3,1>'
[21:58:47] DISPATCH line='preflop|BIGBLIND|<1,2><3,1>'
[21:58:48] RECV raw='fold' buffer='fold'
[21:58:48] DISPATCH line='fold'
[21:58:51] RECV raw='earnChips 50' buffer='earnChips 50'
[21:58:51] DISPATCH line='earnChips 50'
[21:58:51] RECV raw='preflop|SMALLBLIND|<3,10><1,5>' buffer='preflop|SMALLBLIND|<3,10><1,5>'
[21:58:51] DISPATCH line='preflop|SMALLBLIND|<3,10><1,5>'
[21:58:51] OFFICIAL_ACTION_DELAY wait=0.200s target=0.300s
[21:58:51] SEND name=BotB hand=65 stage=preflop act_cnt=0 my_sb=50 opp_sb=100 my_chips=19950 opp_chips=19900 is_sb=True msg='raise 296'
[21:58:51] RECV raw='fold' buffer='fold'
[21:58:51] DISPATCH line='fold'
[21:58:54] RECV raw='earnChips 100' buffer='earnChips 100'
[21:58:54] DISPATCH line='earnChips 100'
[21:58:54] RECV raw='preflop|BIGBLIND|<3,12><2,11>' buffer='preflop|BIGBLIND|<3,12><2,11>'
[21:58:54] DISPATCH line='preflop|BIGBLIND|<3,12><2,11>'
[21:58:55] RECV raw='fold' buffer='fold'
[21:58:55] DISPATCH line='fold'
[21:58:58] RECV raw='earnChips 50' buffer='earnChips 50'
[21:58:58] DISPATCH line='earnChips 50'
[21:58:58] RECV raw='preflop|SMALLBLIND|<1,2><0,10>' buffer='preflop|SMALLBLIND|<1,2><0,10>'
[21:58:58] DISPATCH line='preflop|SMALLBLIND|<1,2><0,10>'
[21:58:58] OFFICIAL_ACTION_DELAY wait=0.203s target=0.300s
[21:58:58] SEND name=BotB hand=67 stage=preflop act_cnt=0 my_sb=50 opp_sb=100 my_chips=19950 opp_chips=19900 is_sb=True msg='allin'
[21:58:59] RECV raw='fold' buffer='fold'
[21:58:59] DISPATCH line='fold'
[21:59:02] RECV raw='earnChips 100' buffer='earnChips 100'
[21:59:02] DISPATCH line='earnChips 100'
[21:59:02] RECV raw='preflop|BIGBLIND|<3,10><1,1>' buffer='preflop|BIGBLIND|<3,10><1,1>'
[21:59:02] DISPATCH line='preflop|BIGBLIND|<3,10><1,1>'
[21:59:02] RECV raw='fold' buffer='fold'
[21:59:02] DISPATCH line='fold'
[21:59:05] RECV raw='earnChips 50' buffer='earnChips 50'
[21:59:05] DISPATCH line='earnChips 50'
[21:59:05] RECV raw='preflop|SMALLBLIND|<3,12><3,7>' buffer='preflop|SMALLBLIND|<3,12><3,7>'
[21:59:05] DISPATCH line='preflop|SMALLBLIND|<3,12><3,7>'
[21:59:05] OFFICIAL_ACTION_DELAY wait=0.158s target=0.300s
[21:59:06] SEND name=BotB hand=69 stage=preflop act_cnt=0 my_sb=50 opp_sb=100 my_chips=19950 opp_chips=19900 is_sb=True msg='raise 308'
[21:59:06] RECV raw='fold' buffer='fold'
[21:59:06] DISPATCH line='fold'
[21:59:09] RECV raw='earnChips 100' buffer='earnChips 100'
[21:59:09] DISPATCH line='earnChips 100'
[21:59:09] RECV raw='preflop|BIGBLIND|<1,7><1,6>' buffer='preflop|BIGBLIND|<1,7><1,6>'
[21:59:09] DISPATCH line='preflop|BIGBLIND|<1,7><1,6>'
[21:59:10] RECV raw='fold' buffer='fold'
[21:59:10] DISPATCH line='fold'
