[01:18:19] START name=BotB seat=lower host=127.0.0.1 port=10001 log=/home/zzx/project/pok/bots/neural_national_lab/data/official_platform_v141_smoke/acceptance_20260710_011816/self_play_01/botB.log
[01:18:19] RECV raw='name' buffer='name'
[01:18:19] DISPATCH line='name'
[01:18:19] SEND name_handshake name='BotB'
[01:18:19] RECV raw='preflop|SMALLBLIND|<2,3><2,12>' buffer='preflop|SMALLBLIND|<2,3><2,12>'
[01:18:19] DISPATCH line='preflop|SMALLBLIND|<2,3><2,12>'
[01:18:19] OFFICIAL_ACTION_DELAY wait=0.227s target=0.300s
[01:18:20] SEND name=BotB hand=1 stage=preflop act_cnt=0 my_sb=50 opp_sb=100 my_chips=19950 opp_chips=19900 is_sb=True msg='raise 260'
[01:18:20] RECV raw='flop|<1,4><0,7><0,4>' buffer='flop|<1,4><0,7><0,4>'
[01:18:20] DISPATCH line='flop|<1,4><0,7><0,4>'
[01:18:20] RECV raw='check' buffer='check'
[01:18:20] DISPATCH line='check'
[01:18:20] OFFICIAL_ACTION_DELAY wait=0.219s target=0.300s
[01:18:21] SEND name=BotB hand=1 stage=flop act_cnt=0 my_sb=0 opp_sb=0 my_chips=19740 opp_chips=19900 is_sb=True msg='call'
[01:18:21] RECV raw='turn|<3,4>' buffer='turn|<3,4>'
[01:18:21] DISPATCH line='turn|<3,4>'
[01:18:21] RECV raw='raise 402' buffer='raise 402'
[01:18:21] DISPATCH line='raise 402'
[01:18:21] OFFICIAL_ACTION_DELAY wait=0.154s target=0.300s
[01:18:21] SEND name=BotB hand=1 stage=turn act_cnt=0 my_sb=0 opp_sb=402 my_chips=19740 opp_chips=19498 is_sb=True msg='call'
[01:18:21] RECV raw='river|<3,8>' buffer='river|<3,8>'
[01:18:21] DISPATCH line='river|<3,8>'
[01:18:21] RECV raw='raise 979' buffer='raise 979'
[01:18:21] DISPATCH line='raise 979'
[01:18:22] OFFICIAL_ACTION_DELAY wait=0.172s target=0.300s
[01:18:22] SEND name=BotB hand=1 stage=river act_cnt=0 my_sb=0 opp_sb=979 my_chips=19338 opp_chips=18519 is_sb=True msg='call'
[01:18:25] RECV raw='earnChips 1641' buffer='earnChips 1641'
[01:18:25] DISPATCH line='earnChips 1641'
[01:18:25] RECV raw='oppo_hands|<2,2><0,1>' buffer='oppo_hands|<2,2><0,1>'
[01:18:25] DISPATCH line='oppo_hands|<2,2><0,1>'
[01:18:25] RECV raw='preflop|BIGBLIND|<1,12><1,7>' buffer='preflop|BIGBLIND|<1,12><1,7>'
[01:18:25] DISPATCH line='preflop|BIGBLIND|<1,12><1,7>'
[01:18:25] RECV raw='raise 268' buffer='raise 268'
[01:18:25] DISPATCH line='raise 268'
[01:18:26] OFFICIAL_ACTION_DELAY wait=0.226s target=0.300s
[01:18:26] SEND name=BotB hand=2 stage=preflop act_cnt=0 my_sb=100 opp_sb=268 my_chips=19900 opp_chips=19732 is_sb=False msg='raise 675'
[01:18:26] RECV raw='flop|<1,6><1,3><0,0>' buffer='flop|<1,6><1,3><0,0>'
[01:18:26] DISPATCH line='flop|<1,6><1,3><0,0>'
[01:18:26] OFFICIAL_ACTION_DELAY wait=0.217s target=0.300s
[01:18:26] SEND name=BotB hand=2 stage=flop act_cnt=0 my_sb=0 opp_sb=0 my_chips=19325 opp_chips=19732 is_sb=False msg='raise 729'
[01:18:27] RECV raw='fold' buffer='fold'
[01:18:27] DISPATCH line='fold'
[01:18:30] RECV raw='earnChips 675' buffer='earnChips 675'
[01:18:30] DISPATCH line='earnChips 675'
[01:18:30] RECV raw='preflop|SMALLBLIND|<3,8><0,5>' buffer='preflop|SMALLBLIND|<3,8><0,5>'
[01:18:30] DISPATCH line='preflop|SMALLBLIND|<3,8><0,5>'
[01:18:30] OFFICIAL_ACTION_DELAY wait=0.224s target=0.300s
[01:18:30] SEND name=BotB hand=3 stage=preflop act_cnt=0 my_sb=50 opp_sb=100 my_chips=19950 opp_chips=19900 is_sb=True msg='call'
[01:18:30] RECV raw='flop|<2,12><1,11><0,9>' buffer='flop|<2,12><1,11><0,9>'
[01:18:30] DISPATCH line='flop|<2,12><1,11><0,9>'
[01:18:31] RECV raw='check' buffer='check'
[01:18:31] DISPATCH line='check'
[01:18:31] OFFICIAL_ACTION_DELAY wait=0.218s target=0.300s
[01:18:31] SEND name=BotB hand=3 stage=flop act_cnt=0 my_sb=0 opp_sb=0 my_chips=19900 opp_chips=19900 is_sb=True msg='call'
[01:18:31] RECV raw='turn|<1,3>' buffer='turn|<1,3>'
[01:18:31] DISPATCH line='turn|<1,3>'
[01:18:31] RECV raw='check' buffer='check'
[01:18:31] DISPATCH line='check'
[01:18:32] OFFICIAL_ACTION_DELAY wait=0.188s target=0.300s
[01:18:32] SEND name=BotB hand=3 stage=turn act_cnt=0 my_sb=0 opp_sb=0 my_chips=19900 opp_chips=19900 is_sb=True msg='raise 101'
[01:18:32] RECV raw='fold' buffer='fold'
[01:18:32] DISPATCH line='fold'
[01:18:35] RECV raw='earnChips 100' buffer='earnChips 100'
[01:18:35] DISPATCH line='earnChips 100'
[01:18:35] RECV raw='preflop|BIGBLIND|<3,12><1,5>' buffer='preflop|BIGBLIND|<3,12><1,5>'
[01:18:35] DISPATCH line='preflop|BIGBLIND|<3,12><1,5>'
[01:18:36] RECV raw='raise 260' buffer='raise 260'
[01:18:36] DISPATCH line='raise 260'
[01:18:36] OFFICIAL_ACTION_DELAY wait=0.229s target=0.300s
[01:18:36] SEND name=BotB hand=4 stage=preflop act_cnt=0 my_sb=100 opp_sb=260 my_chips=19900 opp_chips=19740 is_sb=False msg='raise 624'
[01:18:36] RECV raw='flop|<1,1><3,2><1,12>' buffer='flop|<1,1><3,2><1,12>'
[01:18:36] DISPATCH line='flop|<1,1><3,2><1,12>'
[01:18:36] OFFICIAL_ACTION_DELAY wait=0.227s target=0.300s
[01:18:36] SEND name=BotB hand=4 stage=flop act_cnt=0 my_sb=0 opp_sb=0 my_chips=19376 opp_chips=19740 is_sb=False msg='raise 265'
[01:18:37] RECV raw='fold' buffer='fold'
[01:18:37] DISPATCH line='fold'
[01:18:40] RECV raw='earnChips 624' buffer='earnChips 624'
[01:18:40] DISPATCH line='earnChips 624'
[01:18:40] RECV raw='preflop|SMALLBLIND|<0,2><0,6>' buffer='preflop|SMALLBLIND|<0,2><0,6>'
[01:18:40] DISPATCH line='preflop|SMALLBLIND|<0,2><0,6>'
[01:18:40] OFFICIAL_ACTION_DELAY wait=0.226s target=0.300s
[01:18:40] SEND name=BotB hand=5 stage=preflop act_cnt=0 my_sb=50 opp_sb=100 my_chips=19950 opp_chips=19900 is_sb=True msg='call'
[01:18:41] RECV raw='flop|<2,6><0,10><2,3>' buffer='flop|<2,6><0,10><2,3>'
[01:18:41] DISPATCH line='flop|<2,6><0,10><2,3>'
[01:18:41] RECV raw='check' buffer='check'
[01:18:41] DISPATCH line='check'
[01:18:41] OFFICIAL_ACTION_DELAY wait=0.217s target=0.300s
[01:18:41] SEND name=BotB hand=5 stage=flop act_cnt=0 my_sb=0 opp_sb=0 my_chips=19900 opp_chips=19900 is_sb=True msg='raise 121'
[01:18:42] RECV raw='fold' buffer='fold'
[01:18:42] DISPATCH line='fold'
[01:18:45] RECV raw='earnChips 100' buffer='earnChips 100'
[01:18:45] DISPATCH line='earnChips 100'
[01:18:45] RECV raw='preflop|BIGBLIND|<0,11><2,8>' buffer='preflop|BIGBLIND|<0,11><2,8>'
[01:18:45] DISPATCH line='preflop|BIGBLIND|<0,11><2,8>'
[01:18:45] RECV raw='call' buffer='call'
[01:18:45] DISPATCH line='call'
[01:18:45] OFFICIAL_ACTION_DELAY wait=0.253s target=0.300s
[01:18:45] SEND name=BotB hand=6 stage=preflop act_cnt=0 my_sb=100 opp_sb=100 my_chips=19900 opp_chips=19900 is_sb=False msg='raise 320'
[01:18:46] RECV raw='fold' buffer='fold'
[01:18:46] DISPATCH line='fold'
[01:18:49] RECV raw='earnChips 100' buffer='earnChips 100'
[01:18:49] DISPATCH line='earnChips 100'
[01:18:49] RECV raw='preflop|SMALLBLIND|<3,1><0,7>' buffer='preflop|SMALLBLIND|<3,1><0,7>'
[01:18:49] DISPATCH line='preflop|SMALLBLIND|<3,1><0,7>'
[01:18:49] OFFICIAL_ACTION_DELAY wait=0.224s target=0.300s
[01:18:49] SEND name=BotB hand=7 stage=preflop act_cnt=0 my_sb=50 opp_sb=100 my_chips=19950 opp_chips=19900 is_sb=True msg='fold'
[01:18:52] RECV raw='earnChips -50' buffer='earnChips -50'
[01:18:52] DISPATCH line='earnChips -50'
[01:18:52] RECV raw='preflop|BIGBLIND|<2,8><1,0>' buffer='preflop|BIGBLIND|<2,8><1,0>'
[01:18:52] DISPATCH line='preflop|BIGBLIND|<2,8><1,0>'
[01:18:53] RECV raw='call' buffer='call'
[01:18:53] DISPATCH line='call'
[01:18:53] OFFICIAL_ACTION_DELAY wait=0.226s target=0.300s
[01:18:53] SEND name=BotB hand=8 stage=preflop act_cnt=0 my_sb=100 opp_sb=100 my_chips=19900 opp_chips=19900 is_sb=False msg='check'
[01:18:53] RECV raw='flop|<1,7><2,7><1,9>' buffer='flop|<1,7><2,7><1,9>'
[01:18:53] DISPATCH line='flop|<1,7><2,7><1,9>'
[01:18:53] OFFICIAL_ACTION_DELAY wait=0.229s target=0.300s
[01:18:53] SEND name=BotB hand=8 stage=flop act_cnt=0 my_sb=0 opp_sb=0 my_chips=19900 opp_chips=19900 is_sb=False msg='check'
[01:18:53] RECV raw='turn|<1,11>' buffer='turn|<1,11>'
[01:18:53] DISPATCH line='turn|<1,11>'
[01:18:54] OFFICIAL_ACTION_DELAY wait=0.186s target=0.300s
[01:18:54] SEND name=BotB hand=8 stage=turn act_cnt=0 my_sb=0 opp_sb=0 my_chips=19900 opp_chips=19900 is_sb=False msg='check'
[01:18:54] RECV raw='river|<0,10>' buffer='river|<0,10>'
[01:18:54] DISPATCH line='river|<0,10>'
[01:18:54] OFFICIAL_ACTION_DELAY wait=0.204s target=0.300s
[01:18:54] SEND name=BotB hand=8 stage=river act_cnt=0 my_sb=0 opp_sb=0 my_chips=19900 opp_chips=19900 is_sb=False msg='raise 279'
[01:18:55] RECV raw='fold' buffer='fold'
[01:18:55] DISPATCH line='fold'
[01:18:58] RECV raw='earnChips 100' buffer='earnChips 100'
[01:18:58] DISPATCH line='earnChips 100'
[01:18:58] RECV raw='preflop|SMALLBLIND|<2,12><0,8>' buffer='preflop|SMALLBLIND|<2,12><0,8>'
[01:18:58] DISPATCH line='preflop|SMALLBLIND|<2,12><0,8>'
[01:18:58] OFFICIAL_ACTION_DELAY wait=0.222s target=0.300s
[01:18:58] SEND name=BotB hand=9 stage=preflop act_cnt=0 my_sb=50 opp_sb=100 my_chips=19950 opp_chips=19900 is_sb=True msg='raise 275'
[01:18:58] RECV raw='flop|<1,1><1,10><1,7>' buffer='flop|<1,1><1,10><1,7>'
[01:18:58] DISPATCH line='flop|<1,1><1,10><1,7>'
[01:18:59] RECV raw='check' buffer='check'
[01:18:59] DISPATCH line='check'
[01:18:59] OFFICIAL_ACTION_DELAY wait=0.213s target=0.300s
[01:18:59] SEND name=BotB hand=9 stage=flop act_cnt=0 my_sb=0 opp_sb=0 my_chips=19725 opp_chips=19900 is_sb=True msg='call'
[01:18:59] RECV raw='turn|<0,2>' buffer='turn|<0,2>'
[01:18:59] DISPATCH line='turn|<0,2>'
[01:18:59] RECV raw='check' buffer='check'
[01:18:59] DISPATCH line='check'
[01:19:00] OFFICIAL_ACTION_DELAY wait=0.183s target=0.300s
[01:19:00] SEND name=BotB hand=9 stage=turn act_cnt=0 my_sb=0 opp_sb=0 my_chips=19725 opp_chips=19900 is_sb=True msg='raise 101'
[01:19:00] RECV raw='fold' buffer='fold'
[01:19:00] DISPATCH line='fold'
[01:19:03] RECV raw='earnChips 275' buffer='earnChips 275'
[01:19:03] DISPATCH line='earnChips 275'
[01:19:03] RECV raw='preflop|BIGBLIND|<3,8><2,9>' buffer='preflop|BIGBLIND|<3,8><2,9>'
[01:19:03] DISPATCH line='preflop|BIGBLIND|<3,8><2,9>'
[01:19:04] RECV raw='call' buffer='call'
[01:19:04] DISPATCH line='call'
[01:19:04] OFFICIAL_ACTION_DELAY wait=0.257s target=0.300s
[01:19:04] SEND name=BotB hand=10 stage=preflop act_cnt=0 my_sb=100 opp_sb=100 my_chips=19900 opp_chips=19900 is_sb=False msg='check'
[01:19:04] RECV raw='flop|<1,12><3,11><1,9>' buffer='flop|<1,12><3,11><1,9>'
[01:19:04] DISPATCH line='flop|<1,12><3,11><1,9>'
[01:19:04] OFFICIAL_ACTION_DELAY wait=0.216s target=0.300s
[01:19:04] SEND name=BotB hand=10 stage=flop act_cnt=0 my_sb=0 opp_sb=0 my_chips=19900 opp_chips=19900 is_sb=False msg='check'
[01:19:04] RECV raw='turn|<2,7>' buffer='turn|<2,7>'
[01:19:04] DISPATCH line='turn|<2,7>'
[01:19:05] OFFICIAL_ACTION_DELAY wait=0.189s target=0.300s
[01:19:05] SEND name=BotB hand=10 stage=turn act_cnt=0 my_sb=0 opp_sb=0 my_chips=19900 opp_chips=19900 is_sb=False msg='raise 153'
[01:19:05] RECV raw='fold' buffer='fold'
[01:19:05] DISPATCH line='fold'
