[01:24:21] START name=Candidate seat=upper host=127.0.0.1 port=10001 log=/home/zzx/project/pok/bots/neural_national_lab/data/official_platform_v141_smoke2/acceptance_20260710_012307/opponent_01/botA.log
[01:24:21] RECV raw='name' buffer='name'
[01:24:21] DISPATCH line='name'
[01:24:21] SEND name_handshake name='Candidate'
[01:24:21] RECV raw='preflop|BIGBLIND|<0,9><2,2>' buffer='preflop|BIGBLIND|<0,9><2,2>'
[01:24:21] DISPATCH line='preflop|BIGBLIND|<0,9><2,2>'
[01:24:22] RECV raw='fold' buffer='fold'
[01:24:22] DISPATCH line='fold'
[01:24:26] RECV raw='earnChips 50' buffer='earnChips 50'
[01:24:26] DISPATCH line='earnChips 50'
[01:24:26] RECV raw='preflop|SMALLBLIND|<0,6><3,6>' buffer='preflop|SMALLBLIND|<0,6><3,6>'
[01:24:26] DISPATCH line='preflop|SMALLBLIND|<0,6><3,6>'
[01:24:27] OFFICIAL_ACTION_DELAY wait=0.182s target=0.300s
[01:24:27] SEND name=Candidate hand=2 stage=preflop act_cnt=0 my_sb=50 opp_sb=100 my_chips=19950 opp_chips=19900 is_sb=True msg='raise 282'
[01:24:27] RECV raw='flop|<3,3><3,11><1,11>' buffer='flop|<3,3><3,11><1,11>'
[01:24:27] DISPATCH line='flop|<3,3><3,11><1,11>'
[01:24:27] RECV raw='check' buffer='check'
[01:24:27] DISPATCH line='check'
[01:24:27] OFFICIAL_ACTION_DELAY wait=0.193s target=0.300s
[01:24:28] SEND name=Candidate hand=2 stage=flop act_cnt=0 my_sb=0 opp_sb=0 my_chips=19718 opp_chips=19900 is_sb=True msg='raise 221'
[01:24:28] RECV raw='fold' buffer='fold'
[01:24:28] DISPATCH line='fold'
[01:24:31] RECV raw='earnChips 282' buffer='earnChips 282'
[01:24:31] DISPATCH line='earnChips 282'
[01:24:31] RECV raw='preflop|BIGBLIND|<1,11><0,1>' buffer='preflop|BIGBLIND|<1,11><0,1>'
[01:24:31] DISPATCH line='preflop|BIGBLIND|<1,11><0,1>'
[01:24:32] RECV raw='fold' buffer='fold'
[01:24:32] DISPATCH line='fold'
[01:24:35] RECV raw='earnChips 50' buffer='earnChips 50'
[01:24:35] DISPATCH line='earnChips 50'
[01:24:35] RECV raw='preflop|SMALLBLIND|<2,10><0,4>' buffer='preflop|SMALLBLIND|<2,10><0,4>'
[01:24:35] DISPATCH line='preflop|SMALLBLIND|<2,10><0,4>'
[01:24:35] OFFICIAL_ACTION_DELAY wait=0.207s target=0.300s
[01:24:35] SEND name=Candidate hand=4 stage=preflop act_cnt=0 my_sb=50 opp_sb=100 my_chips=19950 opp_chips=19900 is_sb=True msg='call'
[01:24:35] RECV raw='flop|<3,1><0,8><2,7>' buffer='flop|<3,1><0,8><2,7>'
[01:24:35] DISPATCH line='flop|<3,1><0,8><2,7>'
[01:24:36] RECV raw='raise 203' buffer='raise 203'
[01:24:36] DISPATCH line='raise 203'
[01:24:36] OFFICIAL_ACTION_DELAY wait=0.138s target=0.300s
[01:24:36] SEND name=Candidate hand=4 stage=flop act_cnt=0 my_sb=0 opp_sb=203 my_chips=19900 opp_chips=19697 is_sb=True msg='fold'
[01:24:39] RECV raw='earnChips -100' buffer='earnChips -100'
[01:24:39] DISPATCH line='earnChips -100'
[01:24:39] RECV raw='preflop|BIGBLIND|<3,5><1,8>' buffer='preflop|BIGBLIND|<3,5><1,8>'
[01:24:39] DISPATCH line='preflop|BIGBLIND|<3,5><1,8>'
[01:24:39] RECV raw='raise 260' buffer='raise 260'
[01:24:39] DISPATCH line='raise 260'
[01:24:39] OFFICIAL_ACTION_DELAY wait=0.194s target=0.300s
[01:24:40] SEND name=Candidate hand=5 stage=preflop act_cnt=0 my_sb=100 opp_sb=260 my_chips=19900 opp_chips=19740 is_sb=False msg='call'
[01:24:40] RECV raw='flop|<2,2><1,0><2,12>' buffer='flop|<2,2><1,0><2,12>'
[01:24:40] DISPATCH line='flop|<2,2><1,0><2,12>'
[01:24:40] OFFICIAL_ACTION_DELAY wait=0.135s target=0.300s
[01:24:40] SEND name=Candidate hand=5 stage=flop act_cnt=0 my_sb=0 opp_sb=0 my_chips=19740 opp_chips=19740 is_sb=False msg='check'
[01:24:40] RECV raw='turn|<2,3>' buffer='turn|<2,3>'
[01:24:40] DISPATCH line='turn|<2,3>'
[01:24:40] OFFICIAL_ACTION_DELAY wait=0.077s target=0.300s
[01:24:41] SEND name=Candidate hand=5 stage=turn act_cnt=0 my_sb=0 opp_sb=0 my_chips=19740 opp_chips=19740 is_sb=False msg='check'
[01:24:41] RECV raw='raise 101' buffer='raise 101'
[01:24:41] DISPATCH line='raise 101'
[01:24:41] OFFICIAL_ACTION_DELAY wait=0.046s target=0.300s
[01:24:41] SEND name=Candidate hand=5 stage=turn act_cnt=1 my_sb=0 opp_sb=101 my_chips=19740 opp_chips=19639 is_sb=False msg='fold'
[01:24:44] RECV raw='earnChips -260' buffer='earnChips -260'
[01:24:44] DISPATCH line='earnChips -260'
[01:24:44] RECV raw='preflop|SMALLBLIND|<3,10><2,3>' buffer='preflop|SMALLBLIND|<3,10><2,3>'
[01:24:44] DISPATCH line='preflop|SMALLBLIND|<3,10><2,3>'
[01:24:45] OFFICIAL_ACTION_DELAY wait=0.162s target=0.300s
[01:24:45] SEND name=Candidate hand=6 stage=preflop act_cnt=0 my_sb=50 opp_sb=100 my_chips=19950 opp_chips=19900 is_sb=True msg='call'
[01:24:45] RECV raw='flop|<2,12><3,8><0,12>' buffer='flop|<2,12><3,8><0,12>'
[01:24:45] DISPATCH line='flop|<2,12><3,8><0,12>'
[01:24:45] RECV raw='check' buffer='check'
[01:24:45] DISPATCH line='check'
[01:24:45] OFFICIAL_ACTION_DELAY wait=0.148s target=0.300s
[01:24:46] SEND name=Candidate hand=6 stage=flop act_cnt=0 my_sb=0 opp_sb=0 my_chips=19900 opp_chips=19900 is_sb=True msg='call'
[01:24:46] RECV raw='turn|<2,10>' buffer='turn|<2,10>'
[01:24:46] DISPATCH line='turn|<2,10>'
[01:24:46] RECV raw='check' buffer='check'
[01:24:46] DISPATCH line='check'
[01:24:46] OFFICIAL_ACTION_DELAY wait=0.086s target=0.300s
[01:24:46] SEND name=Candidate hand=6 stage=turn act_cnt=0 my_sb=0 opp_sb=0 my_chips=19900 opp_chips=19900 is_sb=True msg='raise 167'
[01:24:47] RECV raw='fold' buffer='fold'
[01:24:47] DISPATCH line='fold'
[01:24:50] RECV raw='earnChips 100' buffer='earnChips 100'
[01:24:50] DISPATCH line='earnChips 100'
[01:24:50] RECV raw='preflop|BIGBLIND|<3,5><3,12>' buffer='preflop|BIGBLIND|<3,5><3,12>'
[01:24:50] DISPATCH line='preflop|BIGBLIND|<3,5><3,12>'
[01:24:50] RECV raw='fold' buffer='fold'
[01:24:50] DISPATCH line='fold'
[01:24:53] RECV raw='earnChips 50' buffer='earnChips 50'
[01:24:53] DISPATCH line='earnChips 50'
[01:24:53] RECV raw='preflop|SMALLBLIND|<0,2><3,10>' buffer='preflop|SMALLBLIND|<0,2><3,10>'
[01:24:53] DISPATCH line='preflop|SMALLBLIND|<0,2><3,10>'
[01:24:53] OFFICIAL_ACTION_DELAY wait=0.206s target=0.300s
[01:24:54] SEND name=Candidate hand=8 stage=preflop act_cnt=0 my_sb=50 opp_sb=100 my_chips=19950 opp_chips=19900 is_sb=True msg='call'
[01:24:54] RECV raw='flop|<0,4><3,2><2,6>' buffer='flop|<0,4><3,2><2,6>'
[01:24:54] DISPATCH line='flop|<0,4><3,2><2,6>'
[01:24:54] RECV raw='check' buffer='check'
[01:24:54] DISPATCH line='check'
[01:24:54] OFFICIAL_ACTION_DELAY wait=0.157s target=0.300s
[01:24:54] SEND name=Candidate hand=8 stage=flop act_cnt=0 my_sb=0 opp_sb=0 my_chips=19900 opp_chips=19900 is_sb=True msg='raise 113'
[01:24:55] RECV raw='fold' buffer='fold'
[01:24:55] DISPATCH line='fold'
[01:24:58] RECV raw='earnChips 100' buffer='earnChips 100'
[01:24:58] DISPATCH line='earnChips 100'
[01:24:58] RECV raw='preflop|BIGBLIND|<1,12><0,6>' buffer='preflop|BIGBLIND|<1,12><0,6>'
[01:24:58] DISPATCH line='preflop|BIGBLIND|<1,12><0,6>'
[01:24:58] RECV raw='fold' buffer='fold'
[01:24:58] DISPATCH line='fold'
[01:25:01] RECV raw='earnChips 50' buffer='earnChips 50'
[01:25:01] DISPATCH line='earnChips 50'
[01:25:01] RECV raw='preflop|SMALLBLIND|<3,9><1,3>' buffer='preflop|SMALLBLIND|<3,9><1,3>'
[01:25:01] DISPATCH line='preflop|SMALLBLIND|<3,9><1,3>'
[01:25:02] OFFICIAL_ACTION_DELAY wait=0.170s target=0.300s
[01:25:02] SEND name=Candidate hand=10 stage=preflop act_cnt=0 my_sb=50 opp_sb=100 my_chips=19950 opp_chips=19900 is_sb=True msg='call'
[01:25:02] RECV raw='flop|<2,6><1,9><3,4>' buffer='flop|<2,6><1,9><3,4>'
[01:25:02] DISPATCH line='flop|<2,6><1,9><3,4>'
[01:25:02] RECV raw='check' buffer='check'
[01:25:02] DISPATCH line='check'
[01:25:03] OFFICIAL_ACTION_DELAY wait=0.118s target=0.300s
[01:25:03] SEND name=Candidate hand=10 stage=flop act_cnt=0 my_sb=0 opp_sb=0 my_chips=19900 opp_chips=19900 is_sb=True msg='raise 101'
[01:25:03] RECV raw='fold' buffer='fold'
[01:25:03] DISPATCH line='fold'
