[01:19:32] START name=Candidate seat=upper host=127.0.0.1 port=10001 log=/home/zzx/project/pok/bots/neural_national_lab/data/official_platform_v141_smoke/acceptance_20260710_011816/opponent_01/botA.log
[01:19:33] RECV raw='name' buffer='name'
[01:19:33] DISPATCH line='name'
[01:19:33] SEND name_handshake name='Candidate'
[01:19:33] RECV raw='preflop|SMALLBLIND|<0,11><3,4>' buffer='preflop|SMALLBLIND|<0,11><3,4>'
[01:19:33] DISPATCH line='preflop|SMALLBLIND|<0,11><3,4>'
[01:19:33] OFFICIAL_ACTION_DELAY wait=0.226s target=0.300s
[01:19:33] SEND name=Candidate hand=1 stage=preflop act_cnt=0 my_sb=50 opp_sb=100 my_chips=19950 opp_chips=19900 is_sb=True msg='call'
[01:19:33] RECV raw='raise 320' buffer='raise 320'
[01:19:33] DISPATCH line='raise 320'
[01:19:33] OFFICIAL_ACTION_DELAY wait=0.225s target=0.300s
[01:19:34] SEND name=Candidate hand=1 stage=preflop act_cnt=1 my_sb=100 opp_sb=320 my_chips=19900 opp_chips=19680 is_sb=True msg='call'
[01:19:34] RECV raw='flop|<3,10><1,1><3,12>' buffer='flop|<3,10><1,1><3,12>'
[01:19:34] DISPATCH line='flop|<3,10><1,1><3,12>'
[01:19:34] RECV raw='check' buffer='check'
[01:19:34] DISPATCH line='check'
[01:19:34] OFFICIAL_ACTION_DELAY wait=0.216s target=0.300s
[01:19:34] SEND name=Candidate hand=1 stage=flop act_cnt=0 my_sb=0 opp_sb=0 my_chips=19680 opp_chips=19680 is_sb=True msg='call'
[01:19:34] RECV raw='turn|<0,2>' buffer='turn|<0,2>'
[01:19:34] DISPATCH line='turn|<0,2>'
[01:19:34] RECV raw='check' buffer='check'
[01:19:34] DISPATCH line='check'
[01:19:35] OFFICIAL_ACTION_DELAY wait=0.175s target=0.300s
[01:19:35] SEND name=Candidate hand=1 stage=turn act_cnt=0 my_sb=0 opp_sb=0 my_chips=19680 opp_chips=19680 is_sb=True msg='raise 169'
[01:19:35] RECV raw='fold' buffer='fold'
[01:19:35] DISPATCH line='fold'
[01:19:38] RECV raw='earnChips 320' buffer='earnChips 320'
[01:19:38] DISPATCH line='earnChips 320'
[01:19:38] RECV raw='preflop|BIGBLIND|<1,2><2,6>' buffer='preflop|BIGBLIND|<1,2><2,6>'
[01:19:38] DISPATCH line='preflop|BIGBLIND|<1,2><2,6>'
[01:19:39] RECV raw='call' buffer='call'
[01:19:39] DISPATCH line='call'
[01:19:39] OFFICIAL_ACTION_DELAY wait=0.242s target=0.300s
[01:19:39] SEND name=Candidate hand=2 stage=preflop act_cnt=0 my_sb=100 opp_sb=100 my_chips=19900 opp_chips=19900 is_sb=False msg='check'
[01:19:39] RECV raw='flop|<3,2><1,9><2,3>' buffer='flop|<3,2><1,9><2,3>'
[01:19:39] DISPATCH line='flop|<3,2><1,9><2,3>'
[01:19:39] OFFICIAL_ACTION_DELAY wait=0.216s target=0.300s
[01:19:39] SEND name=Candidate hand=2 stage=flop act_cnt=0 my_sb=0 opp_sb=0 my_chips=19900 opp_chips=19900 is_sb=False msg='raise 130'
[01:19:40] RECV raw='fold' buffer='fold'
[01:19:40] DISPATCH line='fold'
[01:19:43] RECV raw='earnChips 100' buffer='earnChips 100'
[01:19:43] DISPATCH line='earnChips 100'
[01:19:43] RECV raw='preflop|SMALLBLIND|<2,10><2,3>' buffer='preflop|SMALLBLIND|<2,10><2,3>'
[01:19:43] DISPATCH line='preflop|SMALLBLIND|<2,10><2,3>'
[01:19:43] OFFICIAL_ACTION_DELAY wait=0.222s target=0.300s
[01:19:43] SEND name=Candidate hand=3 stage=preflop act_cnt=0 my_sb=50 opp_sb=100 my_chips=19950 opp_chips=19900 is_sb=True msg='call'
[01:19:43] RECV raw='flop|<1,3><2,1><1,7>' buffer='flop|<1,3><2,1><1,7>'
[01:19:43] DISPATCH line='flop|<1,3><2,1><1,7>'
[01:19:44] RECV raw='check' buffer='check'
[01:19:44] DISPATCH line='check'
[01:19:44] OFFICIAL_ACTION_DELAY wait=0.210s target=0.300s
[01:19:44] SEND name=Candidate hand=3 stage=flop act_cnt=0 my_sb=0 opp_sb=0 my_chips=19900 opp_chips=19900 is_sb=True msg='raise 126'
[01:19:44] RECV raw='fold' buffer='fold'
[01:19:44] DISPATCH line='fold'
[01:19:47] RECV raw='earnChips 100' buffer='earnChips 100'
[01:19:47] DISPATCH line='earnChips 100'
[01:19:47] RECV raw='preflop|BIGBLIND|<0,0><2,6>' buffer='preflop|BIGBLIND|<0,0><2,6>'
[01:19:47] DISPATCH line='preflop|BIGBLIND|<0,0><2,6>'
[01:19:48] RECV raw='call' buffer='call'
[01:19:48] DISPATCH line='call'
[01:19:48] OFFICIAL_ACTION_DELAY wait=0.242s target=0.300s
[01:19:48] SEND name=Candidate hand=4 stage=preflop act_cnt=0 my_sb=100 opp_sb=100 my_chips=19900 opp_chips=19900 is_sb=False msg='check'
[01:19:48] RECV raw='flop|<0,7><3,1><2,4>' buffer='flop|<0,7><3,1><2,4>'
[01:19:48] DISPATCH line='flop|<0,7><3,1><2,4>'
[01:19:48] OFFICIAL_ACTION_DELAY wait=0.216s target=0.300s
[01:19:48] SEND name=Candidate hand=4 stage=flop act_cnt=0 my_sb=0 opp_sb=0 my_chips=19900 opp_chips=19900 is_sb=False msg='check'
[01:19:49] RECV raw='turn|<0,9>' buffer='turn|<0,9>'
[01:19:49] DISPATCH line='turn|<0,9>'
[01:19:49] OFFICIAL_ACTION_DELAY wait=0.188s target=0.300s
[01:19:49] SEND name=Candidate hand=4 stage=turn act_cnt=0 my_sb=0 opp_sb=0 my_chips=19900 opp_chips=19900 is_sb=False msg='check'
[01:19:49] RECV raw='river|<3,9>' buffer='river|<3,9>'
[01:19:49] DISPATCH line='river|<3,9>'
[01:19:49] OFFICIAL_ACTION_DELAY wait=0.208s target=0.300s
[01:19:49] SEND name=Candidate hand=4 stage=river act_cnt=0 my_sb=0 opp_sb=0 my_chips=19900 opp_chips=19900 is_sb=False msg='check'
[01:19:50] RECV raw='raise 274' buffer='raise 274'
[01:19:50] DISPATCH line='raise 274'
[01:19:50] OFFICIAL_ACTION_DELAY wait=0.172s target=0.300s
[01:19:50] SEND name=Candidate hand=4 stage=river act_cnt=1 my_sb=0 opp_sb=274 my_chips=19900 opp_chips=19626 is_sb=False msg='fold'
[01:19:53] RECV raw='earnChips -100' buffer='earnChips -100'
[01:19:53] DISPATCH line='earnChips -100'
[01:19:53] RECV raw='preflop|SMALLBLIND|<0,10><1,5>' buffer='preflop|SMALLBLIND|<0,10><1,5>'
[01:19:53] DISPATCH line='preflop|SMALLBLIND|<0,10><1,5>'
[01:19:53] OFFICIAL_ACTION_DELAY wait=0.232s target=0.300s
[01:19:54] SEND name=Candidate hand=5 stage=preflop act_cnt=0 my_sb=50 opp_sb=100 my_chips=19950 opp_chips=19900 is_sb=True msg='call'
[01:19:54] RECV raw='raise 320' buffer='raise 320'
[01:19:54] DISPATCH line='raise 320'
[01:19:54] OFFICIAL_ACTION_DELAY wait=0.212s target=0.300s
[01:19:54] SEND name=Candidate hand=5 stage=preflop act_cnt=1 my_sb=100 opp_sb=320 my_chips=19900 opp_chips=19680 is_sb=True msg='fold'
[01:19:57] RECV raw='earnChips -100' buffer='earnChips -100'
[01:19:57] DISPATCH line='earnChips -100'
[01:19:57] RECV raw='preflop|BIGBLIND|<2,4><0,1>' buffer='preflop|BIGBLIND|<2,4><0,1>'
[01:19:57] DISPATCH line='preflop|BIGBLIND|<2,4><0,1>'
[01:19:58] RECV raw='call' buffer='call'
[01:19:58] DISPATCH line='call'
[01:19:58] OFFICIAL_ACTION_DELAY wait=0.237s target=0.300s
[01:19:58] SEND name=Candidate hand=6 stage=preflop act_cnt=0 my_sb=100 opp_sb=100 my_chips=19900 opp_chips=19900 is_sb=False msg='check'
[01:19:58] RECV raw='flop|<1,1><1,7><0,5>' buffer='flop|<1,1><1,7><0,5>'
[01:19:58] DISPATCH line='flop|<1,1><1,7><0,5>'
[01:19:58] OFFICIAL_ACTION_DELAY wait=0.216s target=0.300s
[01:19:58] SEND name=Candidate hand=6 stage=flop act_cnt=0 my_sb=0 opp_sb=0 my_chips=19900 opp_chips=19900 is_sb=False msg='raise 130'
[01:19:59] RECV raw='fold' buffer='fold'
[01:19:59] DISPATCH line='fold'
[01:20:02] RECV raw='earnChips 100' buffer='earnChips 100'
[01:20:02] DISPATCH line='earnChips 100'
[01:20:02] RECV raw='preflop|SMALLBLIND|<3,8><1,6>' buffer='preflop|SMALLBLIND|<3,8><1,6>'
[01:20:02] DISPATCH line='preflop|SMALLBLIND|<3,8><1,6>'
[01:20:02] OFFICIAL_ACTION_DELAY wait=0.219s target=0.300s
[01:20:02] SEND name=Candidate hand=7 stage=preflop act_cnt=0 my_sb=50 opp_sb=100 my_chips=19950 opp_chips=19900 is_sb=True msg='call'
[01:20:02] RECV raw='raise 320' buffer='raise 320'
[01:20:02] DISPATCH line='raise 320'
[01:20:03] OFFICIAL_ACTION_DELAY wait=0.218s target=0.300s
[01:20:03] SEND name=Candidate hand=7 stage=preflop act_cnt=1 my_sb=100 opp_sb=320 my_chips=19900 opp_chips=19680 is_sb=True msg='fold'
[01:20:06] RECV raw='earnChips -100' buffer='earnChips -100'
[01:20:06] DISPATCH line='earnChips -100'
[01:20:06] RECV raw='preflop|BIGBLIND|<1,3><2,5>' buffer='preflop|BIGBLIND|<1,3><2,5>'
[01:20:06] DISPATCH line='preflop|BIGBLIND|<1,3><2,5>'
[01:20:06] RECV raw='call' buffer='call'
[01:20:06] DISPATCH line='call'
[01:20:06] OFFICIAL_ACTION_DELAY wait=0.246s target=0.300s
[01:20:07] SEND name=Candidate hand=8 stage=preflop act_cnt=0 my_sb=100 opp_sb=100 my_chips=19900 opp_chips=19900 is_sb=False msg='check'
[01:20:07] RECV raw='flop|<2,6><2,1><0,4>' buffer='flop|<2,6><2,1><0,4>'
[01:20:07] DISPATCH line='flop|<2,6><2,1><0,4>'
[01:20:07] OFFICIAL_ACTION_DELAY wait=0.216s target=0.300s
[01:20:07] SEND name=Candidate hand=8 stage=flop act_cnt=0 my_sb=0 opp_sb=0 my_chips=19900 opp_chips=19900 is_sb=False msg='check'
[01:20:07] RECV raw='turn|<0,1>' buffer='turn|<0,1>'
[01:20:07] DISPATCH line='turn|<0,1>'
[01:20:07] OFFICIAL_ACTION_DELAY wait=0.182s target=0.300s
[01:20:07] SEND name=Candidate hand=8 stage=turn act_cnt=0 my_sb=0 opp_sb=0 my_chips=19900 opp_chips=19900 is_sb=False msg='check'
[01:20:08] RECV raw='river|<2,3>' buffer='river|<2,3>'
[01:20:08] DISPATCH line='river|<2,3>'
[01:20:08] OFFICIAL_ACTION_DELAY wait=0.208s target=0.300s
[01:20:08] SEND name=Candidate hand=8 stage=river act_cnt=0 my_sb=0 opp_sb=0 my_chips=19900 opp_chips=19900 is_sb=False msg='check'
[01:20:11] RECV raw='earnChips -100' buffer='earnChips -100'
[01:20:11] DISPATCH line='earnChips -100'
[01:20:12] RECV raw='oppo_hands|<3,3><2,9>' buffer='oppo_hands|<3,3><2,9>'
[01:20:12] DISPATCH line='oppo_hands|<3,3><2,9>'
[01:20:12] RECV raw='preflop|SMALLBLIND|<0,7><1,4>' buffer='preflop|SMALLBLIND|<0,7><1,4>'
[01:20:12] DISPATCH line='preflop|SMALLBLIND|<0,7><1,4>'
[01:20:12] OFFICIAL_ACTION_DELAY wait=0.216s target=0.300s
[01:20:12] SEND name=Candidate hand=9 stage=preflop act_cnt=0 my_sb=50 opp_sb=100 my_chips=19950 opp_chips=19900 is_sb=True msg='call'
[01:20:12] RECV raw='raise 331' buffer='raise 331'
[01:20:12] DISPATCH line='raise 331'
[01:20:12] OFFICIAL_ACTION_DELAY wait=0.224s target=0.300s
[01:20:13] SEND name=Candidate hand=9 stage=preflop act_cnt=1 my_sb=100 opp_sb=331 my_chips=19900 opp_chips=19669 is_sb=True msg='fold'
[01:20:16] RECV raw='earnChips -100' buffer='earnChips -100'
[01:20:16] DISPATCH line='earnChips -100'
[01:20:16] RECV raw='preflop|BIGBLIND|<3,2><3,3>' buffer='preflop|BIGBLIND|<3,2><3,3>'
[01:20:16] DISPATCH line='preflop|BIGBLIND|<3,2><3,3>'
[01:20:16] RECV raw='call' buffer='call'
[01:20:16] DISPATCH line='call'
[01:20:16] OFFICIAL_ACTION_DELAY wait=0.239s target=0.300s
[01:20:16] SEND name=Candidate hand=10 stage=preflop act_cnt=0 my_sb=100 opp_sb=100 my_chips=19900 opp_chips=19900 is_sb=False msg='check'
[01:20:16] RECV raw='flop|<1,4><0,1><1,11>' buffer='flop|<1,4><0,1><1,11>'
[01:20:16] DISPATCH line='flop|<1,4><0,1><1,11>'
[01:20:17] OFFICIAL_ACTION_DELAY wait=0.206s target=0.300s
[01:20:17] SEND name=Candidate hand=10 stage=flop act_cnt=0 my_sb=0 opp_sb=0 my_chips=19900 opp_chips=19900 is_sb=False msg='check'
[01:20:17] RECV raw='raise 101' buffer='raise 101'
[01:20:17] DISPATCH line='raise 101'
[01:20:17] OFFICIAL_ACTION_DELAY wait=0.186s target=0.300s
[01:20:17] SEND name=Candidate hand=10 stage=flop act_cnt=1 my_sb=0 opp_sb=101 my_chips=19900 opp_chips=19799 is_sb=False msg='fold'
