POT_FRAC flop=0.550(0) turn=0.650(0) river=0.750(0)
OPP_RIVER_OVERCALL freq=0.550 samples=0 calls=0
FOLD_TO_JAM_RATE rate=0.450 samples=0 folds=0
BETSIZE_POLARITY polarity=+0.000 shove_rate=0.071 flop_shove=0.071 turn_shove=0.071 river_shove=0.071 flop_pol=+0.000 turn_pol=+0.000 river_pol=+0.000 postflop_raise_samples=0 postflop_shoves=0 postflop_aggr=0 cv=0.000
SB_OPEN_PRESSURE open_d=+0.0100 pfr=0.280 ftr=0.440 vpip=0.580 conf=0.00 reason=standard_arm
SB_OPEN_SIZE base_bb=2.50 opp_bb_delta=-0.00 fold_signal=+0.00 ftr=0.440 conf=0.00
POT_FRAC flop=0.550(0) turn=0.650(0) river=0.750(0)
OPP_RIVER_OVERCALL freq=0.550 samples=0 calls=0
FOLD_TO_JAM_RATE rate=0.450 samples=0 folds=0
BETSIZE_POLARITY polarity=+0.000 shove_rate=0.071 flop_shove=0.071 turn_shove=0.071 river_shove=0.071 flop_pol=+0.000 turn_pol=+0.000 river_pol=+0.000 postflop_raise_samples=0 postflop_shoves=0 postflop_aggr=0 cv=0.000
POT_FRAC flop=0.550(0) turn=0.650(0) river=0.750(0)
OPP_RIVER_OVERCALL freq=0.550 samples=0 calls=0
FOLD_TO_JAM_RATE rate=0.450 samples=0 folds=0
BETSIZE_POLARITY polarity=+0.000 shove_rate=0.071 flop_shove=0.071 turn_shove=0.071 river_shove=0.071 flop_pol=+0.000 turn_pol=+0.000 river_pol=+0.000 postflop_raise_samples=0 postflop_shoves=0 postflop_aggr=0 cv=0.000
RIVER_THIN_VALUE reason=skip_not_river_to0
POT_FRAC flop=0.550(0) turn=0.650(0) river=0.750(0)
OPP_RIVER_OVERCALL freq=0.550 samples=0 calls=0
FOLD_TO_JAM_RATE rate=0.450 samples=0 folds=0
BETSIZE_POLARITY polarity=+0.000 shove_rate=0.071 flop_shove=0.071 turn_shove=0.071 river_shove=0.071 flop_pol=+0.000 turn_pol=+0.000 river_pol=+0.000 postflop_raise_samples=0 postflop_shoves=0 postflop_aggr=0 cv=0.000
RIVER_THIN_VALUE reason=skip_not_river_to0
POT_FRAC flop=0.550(0) turn=0.650(0) river=0.750(0)
OPP_RIVER_OVERCALL freq=0.550 samples=0 calls=0
FOLD_TO_JAM_RATE rate=0.450 samples=0 folds=0
BETSIZE_POLARITY polarity=+0.000 shove_rate=0.071 flop_shove=0.071 turn_shove=0.071 river_shove=0.071 flop_pol=+0.000 turn_pol=+0.000 river_pol=+0.000 postflop_raise_samples=0 postflop_shoves=0 postflop_aggr=0 cv=0.000
BB_DEFENSE_PRESSURE call_d=+0.0200 bluff_freq_d=-0.0300 iso_d=+0.0150 pfr=0.353 ftr=0.440 vpip=0.720 conf=0.00 reason=standard_arm
POT_FRAC flop=0.550(0) turn=0.650(0) river=0.750(0)
OPP_RIVER_OVERCALL freq=0.550 samples=0 calls=0
FOLD_TO_JAM_RATE rate=0.450 samples=0 folds=0
BETSIZE_POLARITY polarity=+0.000 shove_rate=0.071 flop_shove=0.071 turn_shove=0.071 river_shove=0.071 flop_pol=+0.000 turn_pol=+0.000 river_pol=+0.000 postflop_raise_samples=0 postflop_shoves=0 postflop_aggr=0 cv=0.000
RIVER_THIN_VALUE reason=skip_not_river_to0
POT_FRAC flop=0.550(0) turn=0.650(0) river=0.750(0)
OPP_RIVER_OVERCALL freq=0.550 samples=0 calls=0
FOLD_TO_JAM_RATE rate=0.450 samples=0 folds=0
BETSIZE_POLARITY polarity=+0.000 shove_rate=0.071 flop_shove=0.071 turn_shove=0.071 river_shove=0.071 flop_pol=+0.000 turn_pol=+0.000 river_pol=+0.000 postflop_raise_samples=0 postflop_shoves=0 postflop_aggr=0 cv=0.000
SB_OPEN_PRESSURE open_d=+0.0100 pfr=0.353 ftr=0.440 vpip=0.720 conf=0.00 reason=standard_arm
SB_OPEN_SIZE base_bb=2.50 opp_bb_delta=-0.00 fold_signal=+0.00 ftr=0.440 conf=0.00
POT_FRAC flop=0.550(0) turn=0.650(0) river=0.750(0)
OPP_RIVER_OVERCALL freq=0.550 samples=0 calls=0
FOLD_TO_JAM_RATE rate=0.450 samples=0 folds=0
BETSIZE_POLARITY polarity=+0.000 shove_rate=0.071 flop_shove=0.071 turn_shove=0.071 river_shove=0.071 flop_pol=+0.000 turn_pol=+0.000 river_pol=+0.000 postflop_raise_samples=0 postflop_shoves=0 postflop_aggr=0 cv=0.000
RIVER_THIN_VALUE reason=skip_not_river_to0
POT_FRAC flop=0.550(0) turn=0.650(0) river=0.750(0)
OPP_RIVER_OVERCALL freq=0.550 samples=0 calls=0
FOLD_TO_JAM_RATE rate=0.450 samples=0 folds=0
BETSIZE_POLARITY polarity=+0.000 shove_rate=0.071 flop_shove=0.071 turn_shove=0.071 river_shove=0.071 flop_pol=+0.000 turn_pol=+0.000 river_pol=+0.000 postflop_raise_samples=0 postflop_shoves=0 postflop_aggr=0 cv=0.000
BB_DEFENSE_PRESSURE call_d=+0.0202 bluff_freq_d=-0.0300 iso_d=+0.0150 pfr=0.303 ftr=0.440 vpip=0.760 conf=0.03 reason=standard_arm
POT_FRAC flop=0.550(0) turn=0.650(0) river=0.750(0)
OPP_RIVER_OVERCALL freq=0.550 samples=0 calls=0
FOLD_TO_JAM_RATE rate=0.450 samples=0 folds=0
BETSIZE_POLARITY polarity=+0.000 shove_rate=0.071 flop_shove=0.071 turn_shove=0.071 river_shove=0.071 flop_pol=+0.000 turn_pol=+0.000 river_pol=+0.000 postflop_raise_samples=0 postflop_shoves=0 postflop_aggr=0 cv=0.000
RIVER_THIN_VALUE reason=skip_not_river_to0
POT_FRAC flop=0.550(0) turn=0.650(0) river=0.750(0)
OPP_RIVER_OVERCALL freq=0.550 samples=0 calls=0
FOLD_TO_JAM_RATE rate=0.450 samples=0 folds=0
BETSIZE_POLARITY polarity=+0.000 shove_rate=0.071 flop_shove=0.071 turn_shove=0.071 river_shove=0.071 flop_pol=+0.000 turn_pol=+0.000 river_pol=+0.000 postflop_raise_samples=0 postflop_shoves=0 postflop_aggr=0 cv=0.000
RIVER_THIN_VALUE reason=skip_not_river_to0
POT_FRAC flop=0.550(0) turn=0.650(0) river=0.750(0)
OPP_RIVER_OVERCALL freq=0.550 samples=0 calls=0
FOLD_TO_JAM_RATE rate=0.450 samples=0 folds=0
BETSIZE_POLARITY polarity=+0.000 shove_rate=0.071 flop_shove=0.071 turn_shove=0.071 river_shove=0.071 flop_pol=+0.000 turn_pol=+0.000 river_pol=+0.000 postflop_raise_samples=0 postflop_shoves=0 postflop_aggr=0 cv=0.000
POT_FRAC flop=0.550(0) turn=0.650(0) river=0.874(1)
OPP_RIVER_OVERCALL freq=0.550 samples=0 calls=0
FOLD_TO_JAM_RATE rate=0.450 samples=0 folds=0
BETSIZE_POLARITY polarity=+0.000 shove_rate=0.071 flop_shove=0.071 turn_shove=0.071 river_shove=0.071 flop_pol=+0.000 turn_pol=+0.000 river_pol=+0.000 postflop_raise_samples=1 postflop_shoves=0 postflop_aggr=1 cv=0.000
SPR_FOLD fired=1 reason=equity_below_potodds tier=none made=0.229 win_rate=0.018 pot_odds=0.366
POT_FRAC flop=0.550(0) turn=0.650(0) river=0.874(1)
OPP_RIVER_OVERCALL freq=0.550 samples=0 calls=0
FOLD_TO_JAM_RATE rate=0.450 samples=0 folds=0
BETSIZE_POLARITY polarity=+0.000 shove_rate=0.071 flop_shove=0.071 turn_shove=0.071 river_shove=0.071 flop_pol=+0.000 turn_pol=+0.000 river_pol=+0.000 postflop_raise_samples=1 postflop_shoves=0 postflop_aggr=1 cv=0.000
SB_OPEN_PRESSURE open_d=+0.0104 pfr=0.303 ftr=0.440 vpip=0.760 conf=0.06 reason=standard_arm
SB_OPEN_SIZE base_bb=2.50 opp_bb_delta=-0.00 fold_signal=+0.00 ftr=0.440 conf=0.06
POT_FRAC flop=0.550(0) turn=0.650(0) river=0.874(1)
OPP_RIVER_OVERCALL freq=0.550 samples=0 calls=0
FOLD_TO_JAM_RATE rate=0.450 samples=0 folds=0
BETSIZE_POLARITY polarity=+0.000 shove_rate=0.071 flop_shove=0.071 turn_shove=0.071 river_shove=0.071 flop_pol=+0.000 turn_pol=+0.000 river_pol=+0.000 postflop_raise_samples=1 postflop_shoves=0 postflop_aggr=1 cv=0.000
POT_FRAC flop=0.550(0) turn=0.650(0) river=0.874(1)
OPP_RIVER_OVERCALL freq=0.550 samples=0 calls=0
FOLD_TO_JAM_RATE rate=0.450 samples=0 folds=0
BETSIZE_POLARITY polarity=+0.000 shove_rate=0.071 flop_shove=0.071 turn_shove=0.071 river_shove=0.071 flop_pol=+0.000 turn_pol=+0.000 river_pol=+0.000 postflop_raise_samples=1 postflop_shoves=0 postflop_aggr=1 cv=0.000
BB_DEFENSE_PRESSURE call_d=+0.0220 bluff_freq_d=-0.0300 iso_d=+0.0150 pfr=0.347 ftr=0.440 vpip=0.813 conf=0.11 reason=deviation_fired
POT_FRAC flop=0.550(0) turn=0.650(0) river=0.874(1)
OPP_RIVER_OVERCALL freq=0.550 samples=0 calls=0
FOLD_TO_JAM_RATE rate=0.450 samples=0 folds=0
BETSIZE_POLARITY polarity=+0.000 shove_rate=0.071 flop_shove=0.071 turn_shove=0.071 river_shove=0.071 flop_pol=+0.000 turn_pol=+0.000 river_pol=+0.000 postflop_raise_samples=1 postflop_shoves=0 postflop_aggr=1 cv=0.000
RIVER_THIN_VALUE reason=skip_not_river_to0
POT_FRAC flop=0.550(0) turn=0.650(0) river=0.874(1)
OPP_RIVER_OVERCALL freq=0.550 samples=0 calls=0
FOLD_TO_JAM_RATE rate=0.450 samples=0 folds=0
BETSIZE_POLARITY polarity=+0.000 shove_rate=0.071 flop_shove=0.071 turn_shove=0.071 river_shove=0.071 flop_pol=+0.000 turn_pol=+0.000 river_pol=+0.000 postflop_raise_samples=1 postflop_shoves=0 postflop_aggr=1 cv=0.000
SB_OPEN_PRESSURE open_d=+0.0125 pfr=0.347 ftr=0.440 vpip=0.813 conf=0.11 reason=deviation_fired
SB_OPEN_SIZE base_bb=2.50 opp_bb_delta=-0.00 fold_signal=+0.00 ftr=0.440 conf=0.11
POT_FRAC flop=0.550(0) turn=0.650(0) river=0.874(1)
OPP_RIVER_OVERCALL freq=0.550 samples=0 calls=0
FOLD_TO_JAM_RATE rate=0.450 samples=0 folds=0
BETSIZE_POLARITY polarity=+0.000 shove_rate=0.071 flop_shove=0.071 turn_shove=0.071 river_shove=0.071 flop_pol=+0.000 turn_pol=+0.000 river_pol=+0.000 postflop_raise_samples=1 postflop_shoves=0 postflop_aggr=1 cv=0.000
POT_FRAC flop=0.550(0) turn=0.650(0) river=0.874(1)
OPP_RIVER_OVERCALL freq=0.550 samples=0 calls=0
FOLD_TO_JAM_RATE rate=0.450 samples=0 folds=0
BETSIZE_POLARITY polarity=+0.000 shove_rate=0.071 flop_shove=0.071 turn_shove=0.071 river_shove=0.071 flop_pol=+0.000 turn_pol=+0.000 river_pol=+0.000 postflop_raise_samples=1 postflop_shoves=0 postflop_aggr=1 cv=0.000
BB_DEFENSE_PRESSURE call_d=+0.0243 bluff_freq_d=-0.0300 iso_d=+0.0150 pfr=0.375 ftr=0.440 vpip=0.847 conf=0.17 reason=deviation_fired
POT_FRAC flop=0.550(0) turn=0.650(0) river=0.874(1)
OPP_RIVER_OVERCALL freq=0.550 samples=0 calls=0
FOLD_TO_JAM_RATE rate=0.450 samples=0 folds=0
BETSIZE_POLARITY polarity=+0.000 shove_rate=0.071 flop_shove=0.071 turn_shove=0.071 river_shove=0.071 flop_pol=+0.000 turn_pol=+0.000 river_pol=+0.000 postflop_raise_samples=1 postflop_shoves=0 postflop_aggr=1 cv=0.000
RIVER_THIN_VALUE reason=skip_not_river_to0
POT_FRAC flop=0.550(0) turn=0.650(0) river=0.874(1)
OPP_RIVER_OVERCALL freq=0.550 samples=0 calls=0
FOLD_TO_JAM_RATE rate=0.450 samples=0 folds=0
BETSIZE_POLARITY polarity=+0.000 shove_rate=0.071 flop_shove=0.071 turn_shove=0.071 river_shove=0.071 flop_pol=+0.000 turn_pol=+0.000 river_pol=+0.000 postflop_raise_samples=1 postflop_shoves=0 postflop_aggr=1 cv=0.000
RIVER_THIN_VALUE reason=skip_not_river_to0
POT_FRAC flop=0.550(0) turn=0.650(0) river=0.874(1)
OPP_RIVER_OVERCALL freq=0.550 samples=0 calls=0
FOLD_TO_JAM_RATE rate=0.450 samples=0 folds=0
BETSIZE_POLARITY polarity=+0.000 shove_rate=0.071 flop_shove=0.071 turn_shove=0.071 river_shove=0.071 flop_pol=+0.000 turn_pol=+0.000 river_pol=+0.000 postflop_raise_samples=1 postflop_shoves=0 postflop_aggr=1 cv=0.000
POT_FRAC flop=0.550(0) turn=0.650(0) river=0.874(1)
OPP_RIVER_OVERCALL freq=0.550 samples=0 calls=0
FOLD_TO_JAM_RATE rate=0.450 samples=0 folds=0
BETSIZE_POLARITY polarity=+0.000 shove_rate=0.071 flop_shove=0.071 turn_shove=0.071 river_shove=0.071 flop_pol=+0.000 turn_pol=+0.000 river_pol=+0.000 postflop_raise_samples=1 postflop_shoves=0 postflop_aggr=1 cv=0.000
SB_OPEN_PRESSURE open_d=+0.0154 pfr=0.375 ftr=0.440 vpip=0.847 conf=0.17 reason=deviation_fired
SB_OPEN_SIZE base_bb=2.50 opp_bb_delta=-0.00 fold_signal=+0.00 ftr=0.440 conf=0.17
POT_FRAC flop=0.550(0) turn=0.650(0) river=0.874(1)
OPP_RIVER_OVERCALL freq=0.550 samples=0 calls=0
FOLD_TO_JAM_RATE rate=0.450 samples=0 folds=0
BETSIZE_POLARITY polarity=+0.000 shove_rate=0.071 flop_shove=0.071 turn_shove=0.071 river_shove=0.071 flop_pol=+0.000 turn_pol=+0.000 river_pol=+0.000 postflop_raise_samples=1 postflop_shoves=0 postflop_aggr=1 cv=0.000
POT_FRAC flop=0.550(0) turn=0.650(0) river=0.874(1)
OPP_RIVER_OVERCALL freq=0.550 samples=0 calls=0
FOLD_TO_JAM_RATE rate=0.450 samples=0 folds=0
BETSIZE_POLARITY polarity=+0.000 shove_rate=0.071 flop_shove=0.071 turn_shove=0.071 river_shove=0.071 flop_pol=+0.000 turn_pol=+0.000 river_pol=+0.000 postflop_raise_samples=1 postflop_shoves=0 postflop_aggr=1 cv=0.000
BB_DEFENSE_PRESSURE call_d=+0.0269 bluff_freq_d=-0.0300 iso_d=+0.0150 pfr=0.394 ftr=0.440 vpip=0.871 conf=0.23 reason=deviation_fired
POT_FRAC flop=0.550(0) turn=0.650(0) river=0.874(1)
OPP_RIVER_OVERCALL freq=0.550 samples=0 calls=0
FOLD_TO_JAM_RATE rate=0.450 samples=0 folds=0
BETSIZE_POLARITY polarity=+0.000 shove_rate=0.071 flop_shove=0.071 turn_shove=0.071 river_shove=0.071 flop_pol=+0.000 turn_pol=+0.000 river_pol=+0.000 postflop_raise_samples=1 postflop_shoves=0 postflop_aggr=1 cv=0.000
RIVER_THIN_VALUE reason=skip_not_river_to0
POT_FRAC flop=0.541(1) turn=0.650(0) river=0.874(1)
OPP_RIVER_OVERCALL freq=0.550 samples=0 calls=0
FOLD_TO_JAM_RATE rate=0.450 samples=0 folds=0
BETSIZE_POLARITY polarity=+0.000 shove_rate=0.064 flop_shove=0.071 turn_shove=0.071 river_shove=0.071 flop_pol=+0.000 turn_pol=+0.000 river_pol=+0.000 postflop_raise_samples=2 postflop_shoves=0 postflop_aggr=2 cv=0.000
POLARITY_MARGIN final_milli=+46 polarity_delta_milli=+0 shove_delta_milli=-0 street_pol=+0.000 shove_rate=0.064 opp_conf=0.26 size_bucket=medium round=1
BET_SIZE_ADAPT delta_milli=+0 deviation=+0.000 current_bb=1.0 avg_bb=1.0 conf=0.26 round=1
