[17:09:18] START name=Candidate seat=upper host=127.0.0.1 port=10001 log=/home/zzx/project/pok/bots/neural_national_lab/data/official_platform_v140_smoke/acceptance_20260709_170802/opponent_01/botA.log
[17:09:18] RECV raw='name' buffer='name'
[17:09:18] DISPATCH line='name'
[17:09:18] SEND name_handshake name='Candidate'
[17:09:18] RECV raw='preflop|BIGBLIND|<2,5><1,9>' buffer='preflop|BIGBLIND|<2,5><1,9>'
[17:09:18] DISPATCH line='preflop|BIGBLIND|<2,5><1,9>'
[17:09:18] RECV raw='call' buffer='call'
[17:09:18] DISPATCH line='call'
[17:09:19] OFFICIAL_ACTION_DELAY wait=0.202s target=0.300s
[17:09:19] SEND name=Candidate hand=1 stage=preflop act_cnt=0 my_sb=100 opp_sb=100 my_chips=19900 opp_chips=19900 is_sb=False msg='check'
[17:09:19] RECV raw='flop|<2,2><1,1><0,8>' buffer='flop|<2,2><1,1><0,8>'
[17:09:19] DISPATCH line='flop|<2,2><1,1><0,8>'
[17:09:19] OFFICIAL_ACTION_DELAY wait=0.129s target=0.300s
[17:09:19] SEND name=Candidate hand=1 stage=flop act_cnt=0 my_sb=0 opp_sb=0 my_chips=19900 opp_chips=19900 is_sb=False msg='check'
[17:09:19] RECV raw='raise 101' buffer='raise 101'
[17:09:19] DISPATCH line='raise 101'
[17:09:20] OFFICIAL_ACTION_DELAY wait=0.045s target=0.300s
[17:09:20] SEND name=Candidate hand=1 stage=flop act_cnt=1 my_sb=0 opp_sb=101 my_chips=19900 opp_chips=19799 is_sb=False msg='fold'
[17:09:23] RECV raw='earnChips -100' buffer='earnChips -100'
[17:09:23] DISPATCH line='earnChips -100'
[17:09:23] RECV raw='preflop|SMALLBLIND|<3,2><2,5>' buffer='preflop|SMALLBLIND|<3,2><2,5>'
[17:09:23] DISPATCH line='preflop|SMALLBLIND|<3,2><2,5>'
[17:09:24] OFFICIAL_ACTION_DELAY wait=0.150s target=0.300s
[17:09:24] SEND name=Candidate hand=2 stage=preflop act_cnt=0 my_sb=50 opp_sb=100 my_chips=19950 opp_chips=19900 is_sb=True msg='call'
[17:09:24] RECV raw='raise 320' buffer='raise 320'
[17:09:24] DISPATCH line='raise 320'
[17:09:24] OFFICIAL_ACTION_DELAY wait=0.146s target=0.300s
[17:09:24] SEND name=Candidate hand=2 stage=preflop act_cnt=1 my_sb=100 opp_sb=320 my_chips=19900 opp_chips=19680 is_sb=True msg='fold'
[17:09:27] RECV raw='earnChips -100' buffer='earnChips -100'
[17:09:27] DISPATCH line='earnChips -100'
[17:09:27] RECV raw='preflop|BIGBLIND|<0,9><2,8>' buffer='preflop|BIGBLIND|<0,9><2,8>'
[17:09:27] DISPATCH line='preflop|BIGBLIND|<0,9><2,8>'
[17:09:28] RECV raw='raise 282' buffer='raise 282'
[17:09:28] DISPATCH line='raise 282'
[17:09:28] OFFICIAL_ACTION_DELAY wait=0.149s target=0.300s
[17:09:28] SEND name=Candidate hand=3 stage=preflop act_cnt=0 my_sb=100 opp_sb=282 my_chips=19900 opp_chips=19718 is_sb=False msg='raise 676'
[17:09:28] RECV raw='flop|<3,7><3,0><2,4>' buffer='flop|<3,7><3,0><2,4>'
[17:09:28] DISPATCH line='flop|<3,7><3,0><2,4>'
[17:09:29] OFFICIAL_ACTION_DELAY wait=0.118s target=0.300s
[17:09:29] SEND name=Candidate hand=3 stage=flop act_cnt=0 my_sb=0 opp_sb=0 my_chips=19324 opp_chips=19718 is_sb=False msg='check'
[17:09:29] RECV raw='raise 893' buffer='raise 893'
[17:09:29] DISPATCH line='raise 893'
[17:09:29] OFFICIAL_ACTION_DELAY wait=0.039s target=0.300s
[17:09:29] SEND name=Candidate hand=3 stage=flop act_cnt=1 my_sb=0 opp_sb=893 my_chips=19324 opp_chips=18825 is_sb=False msg='fold'
[17:09:32] RECV raw='earnChips -676' buffer='earnChips -676'
[17:09:32] DISPATCH line='earnChips -676'
[17:09:32] RECV raw='preflop|SMALLBLIND|<0,1><3,11>' buffer='preflop|SMALLBLIND|<0,1><3,11>'
[17:09:32] DISPATCH line='preflop|SMALLBLIND|<0,1><3,11>'
[17:09:33] OFFICIAL_ACTION_DELAY wait=0.153s target=0.300s
[17:09:33] SEND name=Candidate hand=4 stage=preflop act_cnt=0 my_sb=50 opp_sb=100 my_chips=19950 opp_chips=19900 is_sb=True msg='call'
[17:09:33] RECV raw='raise 320' buffer='raise 320'
[17:09:33] DISPATCH line='raise 320'
[17:09:33] OFFICIAL_ACTION_DELAY wait=0.202s target=0.300s
[17:09:33] SEND name=Candidate hand=4 stage=preflop act_cnt=1 my_sb=100 opp_sb=320 my_chips=19900 opp_chips=19680 is_sb=True msg='fold'
[17:09:36] RECV raw='earnChips -100' buffer='earnChips -100'
[17:09:36] DISPATCH line='earnChips -100'
[17:09:37] RECV raw='preflop|BIGBLIND|<0,12><0,7>' buffer='preflop|BIGBLIND|<0,12><0,7>'
[17:09:37] DISPATCH line='preflop|BIGBLIND|<0,12><0,7>'
[17:09:37] RECV raw='call' buffer='call'
[17:09:37] DISPATCH line='call'
[17:09:37] OFFICIAL_ACTION_DELAY wait=0.193s target=0.300s
[17:09:37] SEND name=Candidate hand=5 stage=preflop act_cnt=0 my_sb=100 opp_sb=100 my_chips=19900 opp_chips=19900 is_sb=False msg='raise 323'
[17:09:38] RECV raw='fold' buffer='fold'
[17:09:38] DISPATCH line='fold'
[17:09:41] RECV raw='earnChips 100' buffer='earnChips 100'
[17:09:41] DISPATCH line='earnChips 100'
[17:09:41] RECV raw='preflop|SMALLBLIND|<2,6><1,10>' buffer='preflop|SMALLBLIND|<2,6><1,10>'
[17:09:41] DISPATCH line='preflop|SMALLBLIND|<2,6><1,10>'
[17:09:41] OFFICIAL_ACTION_DELAY wait=0.206s target=0.300s
[17:09:41] SEND name=Candidate hand=6 stage=preflop act_cnt=0 my_sb=50 opp_sb=100 my_chips=19950 opp_chips=19900 is_sb=True msg='raise 260'
[17:09:41] RECV raw='flop|<1,9><2,12><0,4>' buffer='flop|<1,9><2,12><0,4>'
[17:09:41] DISPATCH line='flop|<1,9><2,12><0,4>'
[17:09:42] RECV raw='check' buffer='check'
[17:09:42] DISPATCH line='check'
[17:09:42] OFFICIAL_ACTION_DELAY wait=0.179s target=0.300s
[17:09:42] SEND name=Candidate hand=6 stage=flop act_cnt=0 my_sb=0 opp_sb=0 my_chips=19740 opp_chips=19900 is_sb=True msg='call'
[17:09:42] RECV raw='turn|<1,3>' buffer='turn|<1,3>'
[17:09:42] DISPATCH line='turn|<1,3>'
[17:09:42] RECV raw='check' buffer='check'
[17:09:42] DISPATCH line='check'
[17:09:42] OFFICIAL_ACTION_DELAY wait=0.052s target=0.300s
[17:09:43] SEND name=Candidate hand=6 stage=turn act_cnt=0 my_sb=0 opp_sb=0 my_chips=19740 opp_chips=19900 is_sb=True msg='raise 101'
[17:09:43] RECV raw='fold' buffer='fold'
[17:09:43] DISPATCH line='fold'
[17:09:46] RECV raw='earnChips 260' buffer='earnChips 260'
[17:09:46] DISPATCH line='earnChips 260'
[17:09:46] RECV raw='preflop|BIGBLIND|<2,3><2,6>' buffer='preflop|BIGBLIND|<2,3><2,6>'
[17:09:46] DISPATCH line='preflop|BIGBLIND|<2,3><2,6>'
[17:09:46] RECV raw='call' buffer='call'
[17:09:46] DISPATCH line='call'
[17:09:46] OFFICIAL_ACTION_DELAY wait=0.192s target=0.300s
[17:09:47] SEND name=Candidate hand=7 stage=preflop act_cnt=0 my_sb=100 opp_sb=100 my_chips=19900 opp_chips=19900 is_sb=False msg='check'
[17:09:47] RECV raw='flop|<1,1><2,11><0,5>' buffer='flop|<1,1><2,11><0,5>'
[17:09:47] DISPATCH line='flop|<1,1><2,11><0,5>'
[17:09:47] OFFICIAL_ACTION_DELAY wait=0.113s target=0.300s
[17:09:47] SEND name=Candidate hand=7 stage=flop act_cnt=0 my_sb=0 opp_sb=0 my_chips=19900 opp_chips=19900 is_sb=False msg='check'
[17:09:47] RECV raw='turn|<2,5>' buffer='turn|<2,5>'
[17:09:47] DISPATCH line='turn|<2,5>'
[17:09:47] OFFICIAL_ACTION_DELAY wait=0.054s target=0.300s
[17:09:48] SEND name=Candidate hand=7 stage=turn act_cnt=0 my_sb=0 opp_sb=0 my_chips=19900 opp_chips=19900 is_sb=False msg='check'
[17:09:48] RECV raw='raise 101' buffer='raise 101'
[17:09:48] DISPATCH line='raise 101'
[17:09:48] SEND name=Candidate hand=7 stage=turn act_cnt=1 my_sb=0 opp_sb=101 my_chips=19900 opp_chips=19799 is_sb=False msg='fold'
[17:09:51] RECV raw='earnChips -100' buffer='earnChips -100'
[17:09:51] DISPATCH line='earnChips -100'
[17:09:51] RECV raw='preflop|SMALLBLIND|<2,0><2,9>' buffer='preflop|SMALLBLIND|<2,0><2,9>'
[17:09:51] DISPATCH line='preflop|SMALLBLIND|<2,0><2,9>'
[17:09:52] OFFICIAL_ACTION_DELAY wait=0.156s target=0.300s
[17:09:52] SEND name=Candidate hand=8 stage=preflop act_cnt=0 my_sb=50 opp_sb=100 my_chips=19950 opp_chips=19900 is_sb=True msg='call'
[17:09:52] RECV raw='flop|<1,11><3,2><1,1>' buffer='flop|<1,11><3,2><1,1>'
[17:09:52] DISPATCH line='flop|<1,11><3,2><1,1>'
[17:09:52] RECV raw='check' buffer='check'
[17:09:52] DISPATCH line='check'
[17:09:52] OFFICIAL_ACTION_DELAY wait=0.122s target=0.300s
[17:09:53] SEND name=Candidate hand=8 stage=flop act_cnt=0 my_sb=0 opp_sb=0 my_chips=19900 opp_chips=19900 is_sb=True msg='call'
[17:09:53] RECV raw='turn|<3,7>' buffer='turn|<3,7>'
[17:09:53] DISPATCH line='turn|<3,7>'
[17:09:53] RECV raw='raise 170' buffer='raise 170'
[17:09:53] DISPATCH line='raise 170'
[17:09:53] OFFICIAL_ACTION_DELAY wait=0.015s target=0.300s
[17:09:53] SEND name=Candidate hand=8 stage=turn act_cnt=0 my_sb=0 opp_sb=170 my_chips=19900 opp_chips=19730 is_sb=True msg='fold'
[17:09:56] RECV raw='earnChips -100' buffer='earnChips -100'
[17:09:56] DISPATCH line='earnChips -100'
[17:09:56] RECV raw='preflop|BIGBLIND|<2,5><3,5>' buffer='preflop|BIGBLIND|<2,5><3,5>'
[17:09:56] DISPATCH line='preflop|BIGBLIND|<2,5><3,5>'
[17:09:57] RECV raw='call' buffer='call'
[17:09:57] DISPATCH line='call'
[17:09:57] OFFICIAL_ACTION_DELAY wait=0.190s target=0.300s
[17:09:57] SEND name=Candidate hand=9 stage=preflop act_cnt=0 my_sb=100 opp_sb=100 my_chips=19900 opp_chips=19900 is_sb=False msg='raise 330'
[17:09:57] RECV raw='fold' buffer='fold'
[17:09:57] DISPATCH line='fold'
[17:10:00] RECV raw='earnChips 100' buffer='earnChips 100'
[17:10:00] DISPATCH line='earnChips 100'
[17:10:01] RECV raw='preflop|SMALLBLIND|<3,2><0,1>' buffer='preflop|SMALLBLIND|<3,2><0,1>'
[17:10:01] DISPATCH line='preflop|SMALLBLIND|<3,2><0,1>'
[17:10:01] OFFICIAL_ACTION_DELAY wait=0.201s target=0.300s
[17:10:01] SEND name=Candidate hand=10 stage=preflop act_cnt=0 my_sb=50 opp_sb=100 my_chips=19950 opp_chips=19900 is_sb=True msg='fold'
