[17:09:18] START name=Opponent seat=lower host=127.0.0.1 port=10001 log=/home/zzx/project/pok/bots/neural_national_lab/data/official_platform_v140_smoke/acceptance_20260709_170802/opponent_01/botB.log
[17:09:18] RECV raw='name' buffer='name'
[17:09:18] DISPATCH line='name'
[17:09:18] SEND name_handshake name='Opponent'
[17:09:18] RECV raw='preflop|SMALLBLIND|<2,8><1,6>' buffer='preflop|SMALLBLIND|<2,8><1,6>'
[17:09:18] DISPATCH line='preflop|SMALLBLIND|<2,8><1,6>'
[17:09:18] DECIDE start name=Opponent hand=1 stage=preflop act_cnt=0 my_sb=50 opp_sb=100 my_chips=19950 opp_chips=19900 is_sb=True
[17:09:18] DECIDE done action=0 elapsed=0.115s
[17:09:18] OFFICIAL_ACTION_DELAY wait=0.185s target=0.300s
[17:09:18] SEND name=Opponent hand=1 stage=preflop act_cnt=0 my_sb=50 opp_sb=100 my_chips=19950 opp_chips=19900 is_sb=True msg='call'
[17:09:19] RECV raw='flop|<2,2><1,1><0,8>' buffer='flop|<2,2><1,1><0,8>'
[17:09:19] DISPATCH line='flop|<2,2><1,1><0,8>'
[17:09:19] RECV raw='check' buffer='check'
[17:09:19] DISPATCH line='check'
[17:09:19] DECIDE start name=Opponent hand=1 stage=flop act_cnt=0 my_sb=0 opp_sb=0 my_chips=19900 opp_chips=19900 is_sb=True
[17:09:19] DECIDE done action=101 elapsed=0.183s
[17:09:19] OFFICIAL_ACTION_DELAY wait=0.117s target=0.300s
[17:09:19] SEND name=Opponent hand=1 stage=flop act_cnt=0 my_sb=0 opp_sb=0 my_chips=19900 opp_chips=19900 is_sb=True msg='raise 101'
[17:09:20] RECV raw='fold' buffer='fold'
[17:09:20] DISPATCH line='fold'
[17:09:23] RECV raw='earnChips 100' buffer='earnChips 100'
[17:09:23] DISPATCH line='earnChips 100'
[17:09:23] RECV raw='preflop|BIGBLIND|<2,11><3,7>' buffer='preflop|BIGBLIND|<2,11><3,7>'
[17:09:23] DISPATCH line='preflop|BIGBLIND|<2,11><3,7>'
[17:09:24] RECV raw='call' buffer='call'
[17:09:24] DISPATCH line='call'
[17:09:24] DECIDE start name=Opponent hand=2 stage=preflop act_cnt=0 my_sb=100 opp_sb=100 my_chips=19900 opp_chips=19900 is_sb=False
[17:09:24] DECIDE done action=320 elapsed=0.105s
[17:09:24] OFFICIAL_ACTION_DELAY wait=0.195s target=0.300s
[17:09:24] SEND name=Opponent hand=2 stage=preflop act_cnt=0 my_sb=100 opp_sb=100 my_chips=19900 opp_chips=19900 is_sb=False msg='raise 320'
[17:09:24] RECV raw='fold' buffer='fold'
[17:09:24] DISPATCH line='fold'
[17:09:27] RECV raw='earnChips 100' buffer='earnChips 100'
[17:09:27] DISPATCH line='earnChips 100'
[17:09:27] RECV raw='preflop|SMALLBLIND|<1,6><2,6>' buffer='preflop|SMALLBLIND|<1,6><2,6>'
[17:09:27] DISPATCH line='preflop|SMALLBLIND|<1,6><2,6>'
[17:09:27] DECIDE start name=Opponent hand=3 stage=preflop act_cnt=0 my_sb=50 opp_sb=100 my_chips=19950 opp_chips=19900 is_sb=True
[17:09:28] DECIDE done action=282 elapsed=0.147s
[17:09:28] OFFICIAL_ACTION_DELAY wait=0.153s target=0.300s
[17:09:28] SEND name=Opponent hand=3 stage=preflop act_cnt=0 my_sb=50 opp_sb=100 my_chips=19950 opp_chips=19900 is_sb=True msg='raise 282'
[17:09:28] RECV raw='raise 676' buffer='raise 676'
[17:09:28] DISPATCH line='raise 676'
[17:09:28] DECIDE start name=Opponent hand=3 stage=preflop act_cnt=1 my_sb=282 opp_sb=676 my_chips=19718 opp_chips=19324 is_sb=True
[17:09:28] DECIDE done action=0 elapsed=0.149s
[17:09:28] OFFICIAL_ACTION_DELAY wait=0.151s target=0.300s
[17:09:28] SEND name=Opponent hand=3 stage=preflop act_cnt=1 my_sb=282 opp_sb=676 my_chips=19718 opp_chips=19324 is_sb=True msg='call'
[17:09:28] RECV raw='flop|<3,7><3,0><2,4>' buffer='flop|<3,7><3,0><2,4>'
[17:09:28] DISPATCH line='flop|<3,7><3,0><2,4>'
[17:09:29] RECV raw='check' buffer='check'
[17:09:29] DISPATCH line='check'
[17:09:29] DECIDE start name=Opponent hand=3 stage=flop act_cnt=0 my_sb=0 opp_sb=0 my_chips=19324 opp_chips=19324 is_sb=True
[17:09:29] DECIDE done action=893 elapsed=0.180s
[17:09:29] OFFICIAL_ACTION_DELAY wait=0.120s target=0.300s
[17:09:29] SEND name=Opponent hand=3 stage=flop act_cnt=0 my_sb=0 opp_sb=0 my_chips=19324 opp_chips=19324 is_sb=True msg='raise 893'
[17:09:29] RECV raw='fold' buffer='fold'
[17:09:29] DISPATCH line='fold'
[17:09:32] RECV raw='earnChips 676' buffer='earnChips 676'
[17:09:32] DISPATCH line='earnChips 676'
[17:09:32] RECV raw='preflop|BIGBLIND|<2,10><0,8>' buffer='preflop|BIGBLIND|<2,10><0,8>'
[17:09:32] DISPATCH line='preflop|BIGBLIND|<2,10><0,8>'
[17:09:33] RECV raw='call' buffer='call'
[17:09:33] DISPATCH line='call'
[17:09:33] DECIDE start name=Opponent hand=4 stage=preflop act_cnt=0 my_sb=100 opp_sb=100 my_chips=19900 opp_chips=19900 is_sb=False
[17:09:33] DECIDE done action=320 elapsed=0.090s
[17:09:33] OFFICIAL_ACTION_DELAY wait=0.210s target=0.300s
[17:09:33] SEND name=Opponent hand=4 stage=preflop act_cnt=0 my_sb=100 opp_sb=100 my_chips=19900 opp_chips=19900 is_sb=False msg='raise 320'
[17:09:33] RECV raw='fold' buffer='fold'
[17:09:33] DISPATCH line='fold'
[17:09:36] RECV raw='earnChips 100' buffer='earnChips 100'
[17:09:36] DISPATCH line='earnChips 100'
[17:09:37] RECV raw='preflop|SMALLBLIND|<2,6><2,4>' buffer='preflop|SMALLBLIND|<2,6><2,4>'
[17:09:37] DISPATCH line='preflop|SMALLBLIND|<2,6><2,4>'
[17:09:37] DECIDE start name=Opponent hand=5 stage=preflop act_cnt=0 my_sb=50 opp_sb=100 my_chips=19950 opp_chips=19900 is_sb=True
[17:09:37] DECIDE done action=0 elapsed=0.147s
[17:09:37] OFFICIAL_ACTION_DELAY wait=0.153s target=0.300s
[17:09:37] SEND name=Opponent hand=5 stage=preflop act_cnt=0 my_sb=50 opp_sb=100 my_chips=19950 opp_chips=19900 is_sb=True msg='call'
[17:09:37] RECV raw='raise 323' buffer='raise 323'
[17:09:37] DISPATCH line='raise 323'
[17:09:37] DECIDE start name=Opponent hand=5 stage=preflop act_cnt=1 my_sb=100 opp_sb=323 my_chips=19900 opp_chips=19677 is_sb=True
[17:09:37] DECIDE done action=-1 elapsed=0.149s
[17:09:37] OFFICIAL_ACTION_DELAY wait=0.151s target=0.300s
[17:09:37] SEND name=Opponent hand=5 stage=preflop act_cnt=1 my_sb=100 opp_sb=323 my_chips=19900 opp_chips=19677 is_sb=True msg='fold'
[17:09:41] RECV raw='earnChips -100' buffer='earnChips -100'
[17:09:41] DISPATCH line='earnChips -100'
[17:09:41] RECV raw='preflop|BIGBLIND|<1,0><0,8>' buffer='preflop|BIGBLIND|<1,0><0,8>'
[17:09:41] DISPATCH line='preflop|BIGBLIND|<1,0><0,8>'
[17:09:41] RECV raw='raise 260' buffer='raise 260'
[17:09:41] DISPATCH line='raise 260'
[17:09:41] DECIDE start name=Opponent hand=6 stage=preflop act_cnt=0 my_sb=100 opp_sb=260 my_chips=19900 opp_chips=19740 is_sb=False
[17:09:41] DECIDE done action=0 elapsed=0.094s
[17:09:41] OFFICIAL_ACTION_DELAY wait=0.206s target=0.300s
[17:09:41] SEND name=Opponent hand=6 stage=preflop act_cnt=0 my_sb=100 opp_sb=260 my_chips=19900 opp_chips=19740 is_sb=False msg='call'
[17:09:41] RECV raw='flop|<1,9><2,12><0,4>' buffer='flop|<1,9><2,12><0,4>'
[17:09:41] DISPATCH line='flop|<1,9><2,12><0,4>'
[17:09:41] DECIDE start name=Opponent hand=6 stage=flop act_cnt=0 my_sb=0 opp_sb=0 my_chips=19740 opp_chips=19740 is_sb=False
[17:09:41] DECIDE done action=0 elapsed=0.117s
[17:09:41] OFFICIAL_ACTION_DELAY wait=0.183s target=0.300s
[17:09:42] SEND name=Opponent hand=6 stage=flop act_cnt=0 my_sb=0 opp_sb=0 my_chips=19740 opp_chips=19740 is_sb=False msg='check'
[17:09:42] RECV raw='turn|<1,3>' buffer='turn|<1,3>'
[17:09:42] DISPATCH line='turn|<1,3>'
[17:09:42] DECIDE start name=Opponent hand=6 stage=turn act_cnt=0 my_sb=0 opp_sb=0 my_chips=19740 opp_chips=19740 is_sb=False
[17:09:42] DECIDE done action=0 elapsed=0.252s
[17:09:42] OFFICIAL_ACTION_DELAY wait=0.048s target=0.300s
[17:09:42] SEND name=Opponent hand=6 stage=turn act_cnt=0 my_sb=0 opp_sb=0 my_chips=19740 opp_chips=19740 is_sb=False msg='check'
[17:09:43] RECV raw='raise 101' buffer='raise 101'
[17:09:43] DISPATCH line='raise 101'
[17:09:43] DECIDE start name=Opponent hand=6 stage=turn act_cnt=1 my_sb=0 opp_sb=101 my_chips=19740 opp_chips=19639 is_sb=False
[17:09:43] DECIDE done action=-1 elapsed=0.314s
[17:09:43] SEND name=Opponent hand=6 stage=turn act_cnt=1 my_sb=0 opp_sb=101 my_chips=19740 opp_chips=19639 is_sb=False msg='fold'
[17:09:46] RECV raw='earnChips -260' buffer='earnChips -260'
[17:09:46] DISPATCH line='earnChips -260'
[17:09:46] RECV raw='preflop|SMALLBLIND|<2,4><2,10>' buffer='preflop|SMALLBLIND|<2,4><2,10>'
[17:09:46] DISPATCH line='preflop|SMALLBLIND|<2,4><2,10>'
[17:09:46] DECIDE start name=Opponent hand=7 stage=preflop act_cnt=0 my_sb=50 opp_sb=100 my_chips=19950 opp_chips=19900 is_sb=True
[17:09:46] DECIDE done action=0 elapsed=0.148s
[17:09:46] OFFICIAL_ACTION_DELAY wait=0.152s target=0.300s
[17:09:46] SEND name=Opponent hand=7 stage=preflop act_cnt=0 my_sb=50 opp_sb=100 my_chips=19950 opp_chips=19900 is_sb=True msg='call'
[17:09:47] RECV raw='flop|<1,1><2,11><0,5>' buffer='flop|<1,1><2,11><0,5>'
[17:09:47] DISPATCH line='flop|<1,1><2,11><0,5>'
[17:09:47] RECV raw='check' buffer='check'
[17:09:47] DISPATCH line='check'
[17:09:47] DECIDE start name=Opponent hand=7 stage=flop act_cnt=0 my_sb=0 opp_sb=0 my_chips=19900 opp_chips=19900 is_sb=True
[17:09:47] DECIDE done action=0 elapsed=0.180s
[17:09:47] OFFICIAL_ACTION_DELAY wait=0.120s target=0.300s
[17:09:47] SEND name=Opponent hand=7 stage=flop act_cnt=0 my_sb=0 opp_sb=0 my_chips=19900 opp_chips=19900 is_sb=True msg='call'
[17:09:47] RECV raw='turn|<2,5>' buffer='turn|<2,5>'
[17:09:47] DISPATCH line='turn|<2,5>'
[17:09:48] RECV raw='check' buffer='check'
[17:09:48] DISPATCH line='check'
[17:09:48] DECIDE start name=Opponent hand=7 stage=turn act_cnt=0 my_sb=0 opp_sb=0 my_chips=19900 opp_chips=19900 is_sb=True
[17:09:48] DECIDE done action=101 elapsed=0.248s
[17:09:48] OFFICIAL_ACTION_DELAY wait=0.052s target=0.300s
[17:09:48] SEND name=Opponent hand=7 stage=turn act_cnt=0 my_sb=0 opp_sb=0 my_chips=19900 opp_chips=19900 is_sb=True msg='raise 101'
[17:09:48] RECV raw='fold' buffer='fold'
[17:09:48] DISPATCH line='fold'
[17:09:51] RECV raw='earnChips 100' buffer='earnChips 100'
[17:09:51] DISPATCH line='earnChips 100'
[17:09:51] RECV raw='preflop|BIGBLIND|<0,7><1,8>' buffer='preflop|BIGBLIND|<0,7><1,8>'
[17:09:51] DISPATCH line='preflop|BIGBLIND|<0,7><1,8>'
[17:09:52] RECV raw='call' buffer='call'
[17:09:52] DISPATCH line='call'
[17:09:52] DECIDE start name=Opponent hand=8 stage=preflop act_cnt=0 my_sb=100 opp_sb=100 my_chips=19900 opp_chips=19900 is_sb=False
[17:09:52] DECIDE done action=0 elapsed=0.071s
[17:09:52] OFFICIAL_ACTION_DELAY wait=0.229s target=0.300s
[17:09:52] SEND name=Opponent hand=8 stage=preflop act_cnt=0 my_sb=100 opp_sb=100 my_chips=19900 opp_chips=19900 is_sb=False msg='check'
[17:09:52] RECV raw='flop|<1,11><3,2><1,1>' buffer='flop|<1,11><3,2><1,1>'
[17:09:52] DISPATCH line='flop|<1,11><3,2><1,1>'
[17:09:52] DECIDE start name=Opponent hand=8 stage=flop act_cnt=0 my_sb=0 opp_sb=0 my_chips=19900 opp_chips=19900 is_sb=False
[17:09:52] DECIDE done action=0 elapsed=0.161s
[17:09:52] OFFICIAL_ACTION_DELAY wait=0.139s target=0.300s
[17:09:52] SEND name=Opponent hand=8 stage=flop act_cnt=0 my_sb=0 opp_sb=0 my_chips=19900 opp_chips=19900 is_sb=False msg='check'
[17:09:53] RECV raw='turn|<3,7>' buffer='turn|<3,7>'
[17:09:53] DISPATCH line='turn|<3,7>'
[17:09:53] DECIDE start name=Opponent hand=8 stage=turn act_cnt=0 my_sb=0 opp_sb=0 my_chips=19900 opp_chips=19900 is_sb=False
[17:09:53] DECIDE done action=170 elapsed=0.199s
[17:09:53] OFFICIAL_ACTION_DELAY wait=0.101s target=0.300s
[17:09:53] SEND name=Opponent hand=8 stage=turn act_cnt=0 my_sb=0 opp_sb=0 my_chips=19900 opp_chips=19900 is_sb=False msg='raise 170'
[17:09:53] RECV raw='fold' buffer='fold'
[17:09:53] DISPATCH line='fold'
[17:09:56] RECV raw='earnChips 100' buffer='earnChips 100'
[17:09:56] DISPATCH line='earnChips 100'
[17:09:56] RECV raw='preflop|SMALLBLIND|<3,3><2,8>' buffer='preflop|SMALLBLIND|<3,3><2,8>'
[17:09:56] DISPATCH line='preflop|SMALLBLIND|<3,3><2,8>'
[17:09:56] DECIDE start name=Opponent hand=9 stage=preflop act_cnt=0 my_sb=50 opp_sb=100 my_chips=19950 opp_chips=19900 is_sb=True
[17:09:57] DECIDE done action=0 elapsed=0.147s
[17:09:57] OFFICIAL_ACTION_DELAY wait=0.153s target=0.300s
[17:09:57] SEND name=Opponent hand=9 stage=preflop act_cnt=0 my_sb=50 opp_sb=100 my_chips=19950 opp_chips=19900 is_sb=True msg='call'
[17:09:57] RECV raw='raise 330' buffer='raise 330'
[17:09:57] DISPATCH line='raise 330'
[17:09:57] DECIDE start name=Opponent hand=9 stage=preflop act_cnt=1 my_sb=100 opp_sb=330 my_chips=19900 opp_chips=19670 is_sb=True
[17:09:57] DECIDE done action=-1 elapsed=0.104s
[17:09:57] OFFICIAL_ACTION_DELAY wait=0.196s target=0.300s
[17:09:57] SEND name=Opponent hand=9 stage=preflop act_cnt=1 my_sb=100 opp_sb=330 my_chips=19900 opp_chips=19670 is_sb=True msg='fold'
[17:10:00] RECV raw='earnChips -100' buffer='earnChips -100'
[17:10:00] DISPATCH line='earnChips -100'
[17:10:01] RECV raw='preflop|BIGBLIND|<0,12><1,5>' buffer='preflop|BIGBLIND|<0,12><1,5>'
[17:10:01] DISPATCH line='preflop|BIGBLIND|<0,12><1,5>'
[17:10:01] RECV raw='fold' buffer='fold'
[17:10:01] DISPATCH line='fold'
