[22:45:35] START name=Candidate seat=upper host=127.0.0.1 port=10001 log=/home/zzx/project/pok/.codex_worktrees/neural-v142/bots/neural_national_lab/data/official_platform_v142_smoke/acceptance_20260709_224043/opponent_01/botA.log
[22:45:35] RECV raw='name' buffer='name'
[22:45:35] DISPATCH line='name'
[22:45:35] SEND name_handshake name='Candidate'
[22:45:35] RECV raw='preflop|BIGBLIND|<0,3><0,6>' buffer='preflop|BIGBLIND|<0,3><0,6>'
[22:45:35] DISPATCH line='preflop|BIGBLIND|<0,3><0,6>'
[22:45:36] RECV raw='call' buffer='call'
[22:45:36] DISPATCH line='call'
[22:45:36] OFFICIAL_ACTION_DELAY wait=0.195s target=0.300s
[22:45:36] SEND name=Candidate hand=1 stage=preflop act_cnt=0 my_sb=100 opp_sb=100 my_chips=19900 opp_chips=19900 is_sb=False msg='check'
[22:45:36] RECV raw='flop|<3,6><1,12><2,0>' buffer='flop|<3,6><1,12><2,0>'
[22:45:36] DISPATCH line='flop|<3,6><1,12><2,0>'
[22:45:36] OFFICIAL_ACTION_DELAY wait=0.127s target=0.300s
[22:45:36] SEND name=Candidate hand=1 stage=flop act_cnt=0 my_sb=0 opp_sb=0 my_chips=19900 opp_chips=19900 is_sb=False msg='raise 132'
[22:45:37] RECV raw='fold' buffer='fold'
[22:45:37] DISPATCH line='fold'
[22:45:41] RECV raw='earnChips 100' buffer='earnChips 100'
[22:45:41] DISPATCH line='earnChips 100'
[22:45:41] RECV raw='preflop|SMALLBLIND|<0,11><1,7>' buffer='preflop|SMALLBLIND|<0,11><1,7>'
[22:45:41] DISPATCH line='preflop|SMALLBLIND|<0,11><1,7>'
[22:45:41] OFFICIAL_ACTION_DELAY wait=0.158s target=0.300s
[22:45:41] SEND name=Candidate hand=2 stage=preflop act_cnt=0 my_sb=50 opp_sb=100 my_chips=19950 opp_chips=19900 is_sb=True msg='raise 260'
[22:45:41] RECV raw='flop|<1,5><2,6><1,1>' buffer='flop|<1,5><2,6><1,1>'
[22:45:41] DISPATCH line='flop|<1,5><2,6><1,1>'
[22:45:42] RECV raw='check' buffer='check'
[22:45:42] DISPATCH line='check'
[22:45:42] OFFICIAL_ACTION_DELAY wait=0.193s target=0.300s
[22:45:42] SEND name=Candidate hand=2 stage=flop act_cnt=0 my_sb=0 opp_sb=0 my_chips=19740 opp_chips=19900 is_sb=True msg='call'
[22:45:42] RECV raw='turn|<3,0>' buffer='turn|<3,0>'
[22:45:42] DISPATCH line='turn|<3,0>'
[22:45:42] RECV raw='check' buffer='check'
[22:45:42] DISPATCH line='check'
[22:45:42] OFFICIAL_ACTION_DELAY wait=0.058s target=0.300s
[22:45:42] SEND name=Candidate hand=2 stage=turn act_cnt=0 my_sb=0 opp_sb=0 my_chips=19740 opp_chips=19900 is_sb=True msg='raise 101'
[22:45:43] RECV raw='fold' buffer='fold'
[22:45:43] DISPATCH line='fold'
[22:45:46] RECV raw='earnChips 260' buffer='earnChips 260'
[22:45:46] DISPATCH line='earnChips 260'
[22:45:46] RECV raw='preflop|BIGBLIND|<0,8><2,11>' buffer='preflop|BIGBLIND|<0,8><2,11>'
[22:45:46] DISPATCH line='preflop|BIGBLIND|<0,8><2,11>'
[22:45:46] RECV raw='call' buffer='call'
[22:45:46] DISPATCH line='call'
[22:45:46] OFFICIAL_ACTION_DELAY wait=0.229s target=0.300s
[22:45:47] SEND name=Candidate hand=3 stage=preflop act_cnt=0 my_sb=100 opp_sb=100 my_chips=19900 opp_chips=19900 is_sb=False msg='raise 320'
[22:45:47] RECV raw='fold' buffer='fold'
[22:45:47] DISPATCH line='fold'
[22:45:50] RECV raw='earnChips 100' buffer='earnChips 100'
[22:45:50] DISPATCH line='earnChips 100'
[22:45:50] RECV raw='preflop|SMALLBLIND|<1,3><3,1>' buffer='preflop|SMALLBLIND|<1,3><3,1>'
[22:45:50] DISPATCH line='preflop|SMALLBLIND|<1,3><3,1>'
[22:45:50] OFFICIAL_ACTION_DELAY wait=0.158s target=0.300s
[22:45:50] SEND name=Candidate hand=4 stage=preflop act_cnt=0 my_sb=50 opp_sb=100 my_chips=19950 opp_chips=19900 is_sb=True msg='fold'
[22:45:53] RECV raw='earnChips -50' buffer='earnChips -50'
[22:45:53] DISPATCH line='earnChips -50'
[22:45:54] RECV raw='preflop|BIGBLIND|<2,10><0,4>' buffer='preflop|BIGBLIND|<2,10><0,4>'
[22:45:54] DISPATCH line='preflop|BIGBLIND|<2,10><0,4>'
[22:45:54] RECV raw='call' buffer='call'
[22:45:54] DISPATCH line='call'
[22:45:54] OFFICIAL_ACTION_DELAY wait=0.193s target=0.300s
[22:45:54] SEND name=Candidate hand=5 stage=preflop act_cnt=0 my_sb=100 opp_sb=100 my_chips=19900 opp_chips=19900 is_sb=False msg='check'
[22:45:54] RECV raw='flop|<3,8><3,7><3,1>' buffer='flop|<3,8><3,7><3,1>'
[22:45:54] DISPATCH line='flop|<3,8><3,7><3,1>'
[22:45:54] OFFICIAL_ACTION_DELAY wait=0.120s target=0.300s
[22:45:54] SEND name=Candidate hand=5 stage=flop act_cnt=0 my_sb=0 opp_sb=0 my_chips=19900 opp_chips=19900 is_sb=False msg='check'
[22:45:55] RECV raw='turn|<1,0>' buffer='turn|<1,0>'
[22:45:55] DISPATCH line='turn|<1,0>'
[22:45:55] OFFICIAL_ACTION_DELAY wait=0.146s target=0.300s
[22:45:55] SEND name=Candidate hand=5 stage=turn act_cnt=0 my_sb=0 opp_sb=0 my_chips=19900 opp_chips=19900 is_sb=False msg='check'
[22:45:55] RECV raw='raise 101' buffer='raise 101'
[22:45:55] DISPATCH line='raise 101'
[22:45:56] OFFICIAL_ACTION_DELAY wait=0.085s target=0.300s
[22:45:56] SEND name=Candidate hand=5 stage=turn act_cnt=1 my_sb=0 opp_sb=101 my_chips=19900 opp_chips=19799 is_sb=False msg='fold'
[22:45:59] RECV raw='earnChips -100' buffer='earnChips -100'
[22:45:59] DISPATCH line='earnChips -100'
[22:45:59] RECV raw='preflop|SMALLBLIND|<2,7><1,0>' buffer='preflop|SMALLBLIND|<2,7><1,0>'
[22:45:59] DISPATCH line='preflop|SMALLBLIND|<2,7><1,0>'
[22:45:59] OFFICIAL_ACTION_DELAY wait=0.205s target=0.300s
[22:45:59] SEND name=Candidate hand=6 stage=preflop act_cnt=0 my_sb=50 opp_sb=100 my_chips=19950 opp_chips=19900 is_sb=True msg='call'
[22:46:00] RECV raw='raise 320' buffer='raise 320'
[22:46:00] DISPATCH line='raise 320'
[22:46:00] OFFICIAL_ACTION_DELAY wait=0.152s target=0.300s
[22:46:00] SEND name=Candidate hand=6 stage=preflop act_cnt=1 my_sb=100 opp_sb=320 my_chips=19900 opp_chips=19680 is_sb=True msg='fold'
[22:46:03] RECV raw='earnChips -100' buffer='earnChips -100'
[22:46:03] DISPATCH line='earnChips -100'
[22:46:03] RECV raw='preflop|BIGBLIND|<3,2><1,3>' buffer='preflop|BIGBLIND|<3,2><1,3>'
[22:46:03] DISPATCH line='preflop|BIGBLIND|<3,2><1,3>'
[22:46:03] RECV raw='call' buffer='call'
[22:46:03] DISPATCH line='call'
[22:46:03] OFFICIAL_ACTION_DELAY wait=0.216s target=0.300s
[22:46:04] SEND name=Candidate hand=7 stage=preflop act_cnt=0 my_sb=100 opp_sb=100 my_chips=19900 opp_chips=19900 is_sb=False msg='check'
[22:46:04] RECV raw='flop|<3,4><1,8><0,3>' buffer='flop|<3,4><1,8><0,3>'
[22:46:04] DISPATCH line='flop|<3,4><1,8><0,3>'
[22:46:04] OFFICIAL_ACTION_DELAY wait=0.152s target=0.300s
[22:46:04] SEND name=Candidate hand=7 stage=flop act_cnt=0 my_sb=0 opp_sb=0 my_chips=19900 opp_chips=19900 is_sb=False msg='raise 135'
[22:46:04] RECV raw='fold' buffer='fold'
[22:46:04] DISPATCH line='fold'
[22:46:07] RECV raw='earnChips 100' buffer='earnChips 100'
[22:46:07] DISPATCH line='earnChips 100'
[22:46:07] RECV raw='preflop|SMALLBLIND|<0,1><2,6>' buffer='preflop|SMALLBLIND|<0,1><2,6>'
[22:46:07] DISPATCH line='preflop|SMALLBLIND|<0,1><2,6>'
[22:46:08] OFFICIAL_ACTION_DELAY wait=0.159s target=0.300s
[22:46:08] SEND name=Candidate hand=8 stage=preflop act_cnt=0 my_sb=50 opp_sb=100 my_chips=19950 opp_chips=19900 is_sb=True msg='fold'
[22:46:11] RECV raw='earnChips -50' buffer='earnChips -50'
[22:46:11] DISPATCH line='earnChips -50'
[22:46:11] RECV raw='preflop|BIGBLIND|<2,9><3,10>' buffer='preflop|BIGBLIND|<2,9><3,10>'
[22:46:11] DISPATCH line='preflop|BIGBLIND|<2,9><3,10>'
[22:46:11] RECV raw='call' buffer='call'
[22:46:11] DISPATCH line='call'
[22:46:11] OFFICIAL_ACTION_DELAY wait=0.195s target=0.300s
[22:46:12] SEND name=Candidate hand=9 stage=preflop act_cnt=0 my_sb=100 opp_sb=100 my_chips=19900 opp_chips=19900 is_sb=False msg='raise 320'
[22:46:12] RECV raw='fold' buffer='fold'
[22:46:12] DISPATCH line='fold'
[22:46:15] RECV raw='earnChips 100' buffer='earnChips 100'
[22:46:15] DISPATCH line='earnChips 100'
[22:46:15] RECV raw='preflop|SMALLBLIND|<3,4><3,0>' buffer='preflop|SMALLBLIND|<3,4><3,0>'
[22:46:15] DISPATCH line='preflop|SMALLBLIND|<3,4><3,0>'
[22:46:15] OFFICIAL_ACTION_DELAY wait=0.209s target=0.300s
[22:46:15] SEND name=Candidate hand=10 stage=preflop act_cnt=0 my_sb=50 opp_sb=100 my_chips=19950 opp_chips=19900 is_sb=True msg='fold'
[22:46:18] RECV raw='earnChips -50' buffer='earnChips -50'
[22:46:18] DISPATCH line='earnChips -50'
[22:46:19] RECV raw='preflop|BIGBLIND|<0,3><3,10>' buffer='preflop|BIGBLIND|<0,3><3,10>'
[22:46:19] DISPATCH line='preflop|BIGBLIND|<0,3><3,10>'
[22:46:19] RECV raw='call' buffer='call'
[22:46:19] DISPATCH line='call'
[22:46:19] OFFICIAL_ACTION_DELAY wait=0.193s target=0.300s
[22:46:19] SEND name=Candidate hand=11 stage=preflop act_cnt=0 my_sb=100 opp_sb=100 my_chips=19900 opp_chips=19900 is_sb=False msg='check'
[22:46:19] RECV raw='flop|<1,3><3,7><2,2>' buffer='flop|<1,3><3,7><2,2>'
[22:46:19] DISPATCH line='flop|<1,3><3,7><2,2>'
[22:46:19] OFFICIAL_ACTION_DELAY wait=0.189s target=0.300s
[22:46:19] SEND name=Candidate hand=11 stage=flop act_cnt=0 my_sb=0 opp_sb=0 my_chips=19900 opp_chips=19900 is_sb=False msg='raise 138'
[22:46:20] RECV raw='fold' buffer='fold'
[22:46:20] DISPATCH line='fold'
[22:46:23] RECV raw='earnChips 100' buffer='earnChips 100'
[22:46:23] DISPATCH line='earnChips 100'
[22:46:23] RECV raw='preflop|SMALLBLIND|<1,11><1,6>' buffer='preflop|SMALLBLIND|<1,11><1,6>'
[22:46:23] DISPATCH line='preflop|SMALLBLIND|<1,11><1,6>'
[22:46:23] OFFICIAL_ACTION_DELAY wait=0.157s target=0.300s
[22:46:23] SEND name=Candidate hand=12 stage=preflop act_cnt=0 my_sb=50 opp_sb=100 my_chips=19950 opp_chips=19900 is_sb=True msg='raise 266'
[22:46:24] RECV raw='flop|<0,8><1,7><0,6>' buffer='flop|<0,8><1,7><0,6>'
[22:46:24] DISPATCH line='flop|<0,8><1,7><0,6>'
[22:46:24] RECV raw='check' buffer='check'
[22:46:24] DISPATCH line='check'
[22:46:24] OFFICIAL_ACTION_DELAY wait=0.159s target=0.300s
[22:46:24] SEND name=Candidate hand=12 stage=flop act_cnt=0 my_sb=0 opp_sb=0 my_chips=19734 opp_chips=19900 is_sb=True msg='raise 201'
[22:46:25] RECV raw='fold' buffer='fold'
[22:46:25] DISPATCH line='fold'
[22:46:28] RECV raw='earnChips 266' buffer='earnChips 266'
[22:46:28] DISPATCH line='earnChips 266'
[22:46:28] RECV raw='preflop|BIGBLIND|<1,8><2,10>' buffer='preflop|BIGBLIND|<1,8><2,10>'
[22:46:28] DISPATCH line='preflop|BIGBLIND|<1,8><2,10>'
[22:46:28] RECV raw='call' buffer='call'
[22:46:28] DISPATCH line='call'
[22:46:28] OFFICIAL_ACTION_DELAY wait=0.195s target=0.300s
[22:46:28] SEND name=Candidate hand=13 stage=preflop act_cnt=0 my_sb=100 opp_sb=100 my_chips=19900 opp_chips=19900 is_sb=False msg='raise 320'
[22:46:29] RECV raw='flop|<0,5><2,2><1,10>' buffer='flop|<0,5><2,2><1,10>'
[22:46:29] DISPATCH line='flop|<0,5><2,2><1,10>'
[22:46:29] OFFICIAL_ACTION_DELAY wait=0.135s target=0.300s
[22:46:29] SEND name=Candidate hand=13 stage=flop act_cnt=0 my_sb=0 opp_sb=0 my_chips=19680 opp_chips=19900 is_sb=False msg='raise 377'
[22:46:29] RECV raw='fold' buffer='fold'
[22:46:29] DISPATCH line='fold'
[22:46:32] RECV raw='earnChips 320' buffer='earnChips 320'
[22:46:32] DISPATCH line='earnChips 320'
[22:46:32] RECV raw='preflop|SMALLBLIND|<2,3><2,0>' buffer='preflop|SMALLBLIND|<2,3><2,0>'
[22:46:32] DISPATCH line='preflop|SMALLBLIND|<2,3><2,0>'
[22:46:33] OFFICIAL_ACTION_DELAY wait=0.161s target=0.300s
[22:46:33] SEND name=Candidate hand=14 stage=preflop act_cnt=0 my_sb=50 opp_sb=100 my_chips=19950 opp_chips=19900 is_sb=True msg='fold'
[22:46:36] RECV raw='earnChips -50' buffer='earnChips -50'
[22:46:36] DISPATCH line='earnChips -50'
[22:46:36] RECV raw='preflop|BIGBLIND|<3,10><3,3>' buffer='preflop|BIGBLIND|<3,10><3,3>'
[22:46:36] DISPATCH line='preflop|BIGBLIND|<3,10><3,3>'
[22:46:36] RECV raw='call' buffer='call'
[22:46:36] DISPATCH line='call'
[22:46:36] OFFICIAL_ACTION_DELAY wait=0.195s target=0.300s
[22:46:36] SEND name=Candidate hand=15 stage=preflop act_cnt=0 my_sb=100 opp_sb=100 my_chips=19900 opp_chips=19900 is_sb=False msg='check'
[22:46:36] RECV raw='flop|<2,7><0,7><1,6>' buffer='flop|<2,7><0,7><1,6>'
[22:46:36] DISPATCH line='flop|<2,7><0,7><1,6>'
[22:46:37] OFFICIAL_ACTION_DELAY wait=0.127s target=0.300s
[22:46:37] SEND name=Candidate hand=15 stage=flop act_cnt=0 my_sb=0 opp_sb=0 my_chips=19900 opp_chips=19900 is_sb=False msg='check'
[22:46:37] RECV raw='raise 199' buffer='raise 199'
[22:46:37] DISPATCH line='raise 199'
[22:46:37] OFFICIAL_ACTION_DELAY wait=0.053s target=0.300s
[22:46:37] SEND name=Candidate hand=15 stage=flop act_cnt=1 my_sb=0 opp_sb=199 my_chips=19900 opp_chips=19701 is_sb=False msg='fold'
[22:46:41] RECV raw='earnChips -100' buffer='earnChips -100'
[22:46:41] DISPATCH line='earnChips -100'
[22:46:41] RECV raw='preflop|SMALLBLIND|<0,7><0,12>' buffer='preflop|SMALLBLIND|<0,7><0,12>'
[22:46:41] DISPATCH line='preflop|SMALLBLIND|<0,7><0,12>'
[22:46:41] OFFICIAL_ACTION_DELAY wait=0.159s target=0.300s
[22:46:41] SEND name=Candidate hand=16 stage=preflop act_cnt=0 my_sb=50 opp_sb=100 my_chips=19950 opp_chips=19900 is_sb=True msg='raise 272'
[22:46:41] RECV raw='flop|<0,6><3,10><2,3>' buffer='flop|<0,6><3,10><2,3>'
[22:46:41] DISPATCH line='flop|<0,6><3,10><2,3>'
[22:46:42] RECV raw='raise 353' buffer='raise 353'
[22:46:42] DISPATCH line='raise 353'
[22:46:42] OFFICIAL_ACTION_DELAY wait=0.053s target=0.300s
[22:46:42] SEND name=Candidate hand=16 stage=flop act_cnt=0 my_sb=0 opp_sb=353 my_chips=19728 opp_chips=19547 is_sb=True msg='fold'
[22:46:45] RECV raw='earnChips -272' buffer='earnChips -272'
[22:46:45] DISPATCH line='earnChips -272'
[22:46:45] RECV raw='preflop|BIGBLIND|<1,2><0,2>' buffer='preflop|BIGBLIND|<1,2><0,2>'
[22:46:45] DISPATCH line='preflop|BIGBLIND|<1,2><0,2>'
[22:46:45] RECV raw='call' buffer='call'
[22:46:45] DISPATCH line='call'
[22:46:45] OFFICIAL_ACTION_DELAY wait=0.234s target=0.300s
[22:46:46] SEND name=Candidate hand=17 stage=preflop act_cnt=0 my_sb=100 opp_sb=100 my_chips=19900 opp_chips=19900 is_sb=False msg='raise 320'
[22:46:46] RECV raw='flop|<0,4><1,3><0,6>' buffer='flop|<0,4><1,3><0,6>'
[22:46:46] DISPATCH line='flop|<0,4><1,3><0,6>'
[22:46:46] OFFICIAL_ACTION_DELAY wait=0.162s target=0.300s
[22:46:46] SEND name=Candidate hand=17 stage=flop act_cnt=0 my_sb=0 opp_sb=0 my_chips=19680 opp_chips=19900 is_sb=False msg='check'
[22:46:47] RECV raw='turn|<3,2>' buffer='turn|<3,2>'
[22:46:47] DISPATCH line='turn|<3,2>'
[22:46:47] OFFICIAL_ACTION_DELAY wait=0.061s target=0.300s
[22:46:47] SEND name=Candidate hand=17 stage=turn act_cnt=0 my_sb=0 opp_sb=0 my_chips=19680 opp_chips=19900 is_sb=False msg='raise 549'
[22:46:47] RECV raw='raise 2647' buffer='raise 2647'
[22:46:47] DISPATCH line='raise 2647'
[22:46:47] OFFICIAL_ACTION_DELAY wait=0.091s target=0.300s
[22:46:47] SEND name=Candidate hand=17 stage=turn act_cnt=1 my_sb=549 opp_sb=2647 my_chips=19131 opp_chips=17253 is_sb=False msg='call'
[22:46:47] RECV raw='river|<3,7>' buffer='river|<3,7>'
[22:46:47] DISPATCH line='river|<3,7>'
[22:46:48] OFFICIAL_ACTION_DELAY wait=0.168s target=0.300s
[22:46:48] SEND name=Candidate hand=17 stage=river act_cnt=0 my_sb=0 opp_sb=0 my_chips=17033 opp_chips=17253 is_sb=False msg='raise 8270'
[22:46:48] RECV raw='raise 17032' buffer='raise 17032'
[22:46:48] DISPATCH line='raise 17032'
[22:46:48] OFFICIAL_ACTION_DELAY wait=0.119s target=0.300s
[22:46:48] SEND name=Candidate hand=17 stage=river act_cnt=1 my_sb=8270 opp_sb=17032 my_chips=8763 opp_chips=221 is_sb=False msg='allin'
[22:46:52] RECV raw='earnChips -20000' buffer='earnChips -20000'
[22:46:52] DISPATCH line='earnChips -20000'
[22:46:52] RECV raw='oppo_hands|<2,5><1,8>' buffer='oppo_hands|<2,5><1,8>'
[22:46:52] DISPATCH line='oppo_hands|<2,5><1,8>'
[22:46:52] RECV raw='preflop|SMALLBLIND|<3,12><2,3>' buffer='preflop|SMALLBLIND|<3,12><2,3>'
[22:46:52] DISPATCH line='preflop|SMALLBLIND|<3,12><2,3>'
[22:46:52] OFFICIAL_ACTION_DELAY wait=0.205s target=0.300s
[22:46:52] SEND name=Candidate hand=18 stage=preflop act_cnt=0 my_sb=50 opp_sb=100 my_chips=19950 opp_chips=19900 is_sb=True msg='raise 296'
[22:46:53] RECV raw='fold' buffer='fold'
[22:46:53] DISPATCH line='fold'
[22:46:56] RECV raw='earnChips 100' buffer='earnChips 100'
[22:46:56] DISPATCH line='earnChips 100'
[22:46:56] RECV raw='preflop|BIGBLIND|<1,6><2,7>' buffer='preflop|BIGBLIND|<1,6><2,7>'
[22:46:56] DISPATCH line='preflop|BIGBLIND|<1,6><2,7>'
[22:46:56] RECV raw='fold' buffer='fold'
[22:46:56] DISPATCH line='fold'
[22:46:59] RECV raw='earnChips 50' buffer='earnChips 50'
[22:46:59] DISPATCH line='earnChips 50'
[22:46:59] RECV raw='preflop|SMALLBLIND|<2,4><3,5>' buffer='preflop|SMALLBLIND|<2,4><3,5>'
[22:46:59] DISPATCH line='preflop|SMALLBLIND|<2,4><3,5>'
[22:46:59] OFFICIAL_ACTION_DELAY wait=0.210s target=0.300s
[22:47:00] SEND name=Candidate hand=20 stage=preflop act_cnt=0 my_sb=50 opp_sb=100 my_chips=19950 opp_chips=19900 is_sb=True msg='raise 688'
[22:47:00] RECV raw='fold' buffer='fold'
[22:47:00] DISPATCH line='fold'
[22:47:03] RECV raw='earnChips 100' buffer='earnChips 100'
[22:47:03] DISPATCH line='earnChips 100'
[22:47:03] RECV raw='preflop|BIGBLIND|<3,11><0,8>' buffer='preflop|BIGBLIND|<3,11><0,8>'
[22:47:03] DISPATCH line='preflop|BIGBLIND|<3,11><0,8>'
[22:47:04] RECV raw='fold' buffer='fold'
[22:47:04] DISPATCH line='fold'
[22:47:07] RECV raw='earnChips 50' buffer='earnChips 50'
[22:47:07] DISPATCH line='earnChips 50'
[22:47:07] RECV raw='preflop|SMALLBLIND|<0,6><0,11>' buffer='preflop|SMALLBLIND|<0,6><0,11>'
[22:47:07] DISPATCH line='preflop|SMALLBLIND|<0,6><0,11>'
[22:47:07] OFFICIAL_ACTION_DELAY wait=0.157s target=0.300s
[22:47:07] SEND name=Candidate hand=22 stage=preflop act_cnt=0 my_sb=50 opp_sb=100 my_chips=19950 opp_chips=19900 is_sb=True msg='raise 296'
[22:47:07] RECV raw='fold' buffer='fold'
[22:47:07] DISPATCH line='fold'
[22:47:10] RECV raw='earnChips 100' buffer='earnChips 100'
[22:47:10] DISPATCH line='earnChips 100'
[22:47:11] RECV raw='preflop|BIGBLIND|<1,5><1,1>' buffer='preflop|BIGBLIND|<1,5><1,1>'
[22:47:11] DISPATCH line='preflop|BIGBLIND|<1,5><1,1>'
[22:47:11] RECV raw='fold' buffer='fold'
[22:47:11] DISPATCH line='fold'
[22:47:14] RECV raw='earnChips 50' buffer='earnChips 50'
[22:47:14] DISPATCH line='earnChips 50'
[22:47:14] RECV raw='preflop|SMALLBLIND|<3,3><1,12>' buffer='preflop|SMALLBLIND|<3,3><1,12>'
[22:47:14] DISPATCH line='preflop|SMALLBLIND|<3,3><1,12>'
[22:47:14] OFFICIAL_ACTION_DELAY wait=0.205s target=0.300s
[22:47:14] SEND name=Candidate hand=24 stage=preflop act_cnt=0 my_sb=50 opp_sb=100 my_chips=19950 opp_chips=19900 is_sb=True msg='raise 296'
[22:47:15] RECV raw='fold' buffer='fold'
[22:47:15] DISPATCH line='fold'
[22:47:18] RECV raw='earnChips 100' buffer='earnChips 100'
[22:47:18] DISPATCH line='earnChips 100'
[22:47:18] RECV raw='preflop|BIGBLIND|<0,10><2,3>' buffer='preflop|BIGBLIND|<0,10><2,3>'
[22:47:18] DISPATCH line='preflop|BIGBLIND|<0,10><2,3>'
[22:47:18] RECV raw='fold' buffer='fold'
[22:47:18] DISPATCH line='fold'
[22:47:21] RECV raw='earnChips 50' buffer='earnChips 50'
[22:47:21] DISPATCH line='earnChips 50'
[22:47:21] RECV raw='preflop|SMALLBLIND|<2,8><3,1>' buffer='preflop|SMALLBLIND|<2,8><3,1>'
[22:47:21] DISPATCH line='preflop|SMALLBLIND|<2,8><3,1>'
[22:47:22] OFFICIAL_ACTION_DELAY wait=0.191s target=0.300s
[22:47:22] SEND name=Candidate hand=26 stage=preflop act_cnt=0 my_sb=50 opp_sb=100 my_chips=19950 opp_chips=19900 is_sb=True msg='raise 688'
[22:47:22] RECV raw='fold' buffer='fold'
[22:47:22] DISPATCH line='fold'
[22:47:25] RECV raw='earnChips 100' buffer='earnChips 100'
[22:47:25] DISPATCH line='earnChips 100'
[22:47:25] RECV raw='preflop|BIGBLIND|<3,2><3,4>' buffer='preflop|BIGBLIND|<3,2><3,4>'
[22:47:25] DISPATCH line='preflop|BIGBLIND|<3,2><3,4>'
[22:47:26] RECV raw='fold' buffer='fold'
[22:47:26] DISPATCH line='fold'
[22:47:29] RECV raw='earnChips 50' buffer='earnChips 50'
[22:47:29] DISPATCH line='earnChips 50'
[22:47:29] RECV raw='preflop|SMALLBLIND|<0,2><0,7>' buffer='preflop|SMALLBLIND|<0,2><0,7>'
[22:47:29] DISPATCH line='preflop|SMALLBLIND|<0,2><0,7>'
[22:47:29] OFFICIAL_ACTION_DELAY wait=0.154s target=0.300s
[22:47:29] SEND name=Candidate hand=28 stage=preflop act_cnt=0 my_sb=50 opp_sb=100 my_chips=19950 opp_chips=19900 is_sb=True msg='raise 688'
[22:47:29] RECV raw='fold' buffer='fold'
[22:47:29] DISPATCH line='fold'
[22:47:32] RECV raw='earnChips 100' buffer='earnChips 100'
[22:47:32] DISPATCH line='earnChips 100'
[22:47:33] RECV raw='preflop|BIGBLIND|<1,9><1,10>' buffer='preflop|BIGBLIND|<1,9><1,10>'
[22:47:33] DISPATCH line='preflop|BIGBLIND|<1,9><1,10>'
[22:47:33] RECV raw='fold' buffer='fold'
[22:47:33] DISPATCH line='fold'
[22:47:36] RECV raw='earnChips 50' buffer='earnChips 50'
[22:47:36] DISPATCH line='earnChips 50'
[22:47:36] RECV raw='preflop|SMALLBLIND|<3,7><1,8>' buffer='preflop|SMALLBLIND|<3,7><1,8>'
[22:47:36] DISPATCH line='preflop|SMALLBLIND|<3,7><1,8>'
[22:47:36] OFFICIAL_ACTION_DELAY wait=0.157s target=0.300s
[22:47:36] SEND name=Candidate hand=30 stage=preflop act_cnt=0 my_sb=50 opp_sb=100 my_chips=19950 opp_chips=19900 is_sb=True msg='raise 296'
[22:47:37] RECV raw='fold' buffer='fold'
[22:47:37] DISPATCH line='fold'
[22:47:40] RECV raw='earnChips 100' buffer='earnChips 100'
[22:47:40] DISPATCH line='earnChips 100'
[22:47:40] RECV raw='preflop|BIGBLIND|<0,1><2,12>' buffer='preflop|BIGBLIND|<0,1><2,12>'
[22:47:40] DISPATCH line='preflop|BIGBLIND|<0,1><2,12>'
[22:47:40] RECV raw='fold' buffer='fold'
[22:47:40] DISPATCH line='fold'
[22:47:43] RECV raw='earnChips 50' buffer='earnChips 50'
[22:47:43] DISPATCH line='earnChips 50'
[22:47:43] RECV raw='preflop|SMALLBLIND|<2,11><2,9>' buffer='preflop|SMALLBLIND|<2,11><2,9>'
[22:47:43] DISPATCH line='preflop|SMALLBLIND|<2,11><2,9>'
[22:47:44] OFFICIAL_ACTION_DELAY wait=0.173s target=0.300s
[22:47:44] SEND name=Candidate hand=32 stage=preflop act_cnt=0 my_sb=50 opp_sb=100 my_chips=19950 opp_chips=19900 is_sb=True msg='raise 309'
[22:47:44] RECV raw='fold' buffer='fold'
[22:47:44] DISPATCH line='fold'
[22:47:47] RECV raw='earnChips 100' buffer='earnChips 100'
[22:47:47] DISPATCH line='earnChips 100'
[22:47:47] RECV raw='preflop|BIGBLIND|<3,11><3,0>' buffer='preflop|BIGBLIND|<3,11><3,0>'
[22:47:47] DISPATCH line='preflop|BIGBLIND|<3,11><3,0>'
[22:47:48] RECV raw='fold' buffer='fold'
[22:47:48] DISPATCH line='fold'
[22:47:51] RECV raw='earnChips 50' buffer='earnChips 50'
[22:47:51] DISPATCH line='earnChips 50'
[22:47:51] RECV raw='preflop|SMALLBLIND|<0,6><0,3>' buffer='preflop|SMALLBLIND|<0,6><0,3>'
[22:47:51] DISPATCH line='preflop|SMALLBLIND|<0,6><0,3>'
[22:47:51] OFFICIAL_ACTION_DELAY wait=0.208s target=0.300s
[22:47:51] SEND name=Candidate hand=34 stage=preflop act_cnt=0 my_sb=50 opp_sb=100 my_chips=19950 opp_chips=19900 is_sb=True msg='raise 688'
[22:47:51] RECV raw='fold' buffer='fold'
[22:47:51] DISPATCH line='fold'
[22:47:54] RECV raw='earnChips 100' buffer='earnChips 100'
[22:47:54] DISPATCH line='earnChips 100'
[22:47:55] RECV raw='preflop|BIGBLIND|<1,0><0,6>' buffer='preflop|BIGBLIND|<1,0><0,6>'
[22:47:55] DISPATCH line='preflop|BIGBLIND|<1,0><0,6>'
[22:47:55] RECV raw='fold' buffer='fold'
[22:47:55] DISPATCH line='fold'
[22:47:58] RECV raw='earnChips 50' buffer='earnChips 50'
[22:47:58] DISPATCH line='earnChips 50'
[22:47:58] RECV raw='preflop|SMALLBLIND|<3,11><1,4>' buffer='preflop|SMALLBLIND|<3,11><1,4>'
[22:47:58] DISPATCH line='preflop|SMALLBLIND|<3,11><1,4>'
[22:47:58] OFFICIAL_ACTION_DELAY wait=0.157s target=0.300s
[22:47:58] SEND name=Candidate hand=36 stage=preflop act_cnt=0 my_sb=50 opp_sb=100 my_chips=19950 opp_chips=19900 is_sb=True msg='raise 296'
[22:47:59] RECV raw='fold' buffer='fold'
[22:47:59] DISPATCH line='fold'
[22:48:02] RECV raw='earnChips 100' buffer='earnChips 100'
[22:48:02] DISPATCH line='earnChips 100'
[22:48:02] RECV raw='preflop|BIGBLIND|<0,5><2,7>' buffer='preflop|BIGBLIND|<0,5><2,7>'
[22:48:02] DISPATCH line='preflop|BIGBLIND|<0,5><2,7>'
[22:48:02] RECV raw='fold' buffer='fold'
[22:48:02] DISPATCH line='fold'
[22:48:05] RECV raw='earnChips 50' buffer='earnChips 50'
[22:48:05] DISPATCH line='earnChips 50'
[22:48:05] RECV raw='preflop|SMALLBLIND|<2,2><2,5>' buffer='preflop|SMALLBLIND|<2,2><2,5>'
[22:48:05] DISPATCH line='preflop|SMALLBLIND|<2,2><2,5>'
[22:48:06] OFFICIAL_ACTION_DELAY wait=0.156s target=0.300s
[22:48:06] SEND name=Candidate hand=38 stage=preflop act_cnt=0 my_sb=50 opp_sb=100 my_chips=19950 opp_chips=19900 is_sb=True msg='raise 688'
[22:48:06] RECV raw='fold' buffer='fold'
[22:48:06] DISPATCH line='fold'
[22:48:09] RECV raw='earnChips 100' buffer='earnChips 100'
[22:48:09] DISPATCH line='earnChips 100'
[22:48:09] RECV raw='preflop|BIGBLIND|<3,2><3,9>' buffer='preflop|BIGBLIND|<3,2><3,9>'
[22:48:09] DISPATCH line='preflop|BIGBLIND|<3,2><3,9>'
[22:48:10] RECV raw='fold' buffer='fold'
[22:48:10] DISPATCH line='fold'
[22:48:13] RECV raw='earnChips 50' buffer='earnChips 50'
[22:48:13] DISPATCH line='earnChips 50'
[22:48:13] RECV raw='preflop|SMALLBLIND|<0,10><0,12>' buffer='preflop|SMALLBLIND|<0,10><0,12>'
[22:48:13] DISPATCH line='preflop|SMALLBLIND|<0,10><0,12>'
[22:48:13] OFFICIAL_ACTION_DELAY wait=0.157s target=0.300s
[22:48:13] SEND name=Candidate hand=40 stage=preflop act_cnt=0 my_sb=50 opp_sb=100 my_chips=19950 opp_chips=19900 is_sb=True msg='raise 326'
[22:48:13] RECV raw='fold' buffer='fold'
[22:48:13] DISPATCH line='fold'
[22:48:16] RECV raw='earnChips 100' buffer='earnChips 100'
[22:48:16] DISPATCH line='earnChips 100'
[22:48:17] RECV raw='preflop|BIGBLIND|<1,4><0,2>' buffer='preflop|BIGBLIND|<1,4><0,2>'
[22:48:17] DISPATCH line='preflop|BIGBLIND|<1,4><0,2>'
[22:48:17] RECV raw='fold' buffer='fold'
[22:48:17] DISPATCH line='fold'
[22:48:20] RECV raw='earnChips 50' buffer='earnChips 50'
[22:48:20] DISPATCH line='earnChips 50'
[22:48:20] RECV raw='preflop|SMALLBLIND|<3,2><1,0>' buffer='preflop|SMALLBLIND|<3,2><1,0>'
[22:48:20] DISPATCH line='preflop|SMALLBLIND|<3,2><1,0>'
[22:48:20] OFFICIAL_ACTION_DELAY wait=0.158s target=0.300s
[22:48:20] SEND name=Candidate hand=42 stage=preflop act_cnt=0 my_sb=50 opp_sb=100 my_chips=19950 opp_chips=19900 is_sb=True msg='raise 688'
[22:48:21] RECV raw='fold' buffer='fold'
[22:48:21] DISPATCH line='fold'
[22:48:24] RECV raw='earnChips 100' buffer='earnChips 100'
[22:48:24] DISPATCH line='earnChips 100'
[22:48:24] RECV raw='preflop|BIGBLIND|<0,1><1,3>' buffer='preflop|BIGBLIND|<0,1><1,3>'
[22:48:24] DISPATCH line='preflop|BIGBLIND|<0,1><1,3>'
[22:48:24] RECV raw='fold' buffer='fold'
[22:48:24] DISPATCH line='fold'
[22:48:27] RECV raw='earnChips 50' buffer='earnChips 50'
[22:48:27] DISPATCH line='earnChips 50'
[22:48:27] RECV raw='preflop|SMALLBLIND|<2,11><2,6>' buffer='preflop|SMALLBLIND|<2,11><2,6>'
[22:48:27] DISPATCH line='preflop|SMALLBLIND|<2,11><2,6>'
[22:48:28] OFFICIAL_ACTION_DELAY wait=0.156s target=0.300s
[22:48:28] SEND name=Candidate hand=44 stage=preflop act_cnt=0 my_sb=50 opp_sb=100 my_chips=19950 opp_chips=19900 is_sb=True msg='raise 296'
[22:48:28] RECV raw='fold' buffer='fold'
[22:48:28] DISPATCH line='fold'
[22:48:31] RECV raw='earnChips 100' buffer='earnChips 100'
[22:48:31] DISPATCH line='earnChips 100'
[22:48:31] RECV raw='preflop|BIGBLIND|<3,6><3,10>' buffer='preflop|BIGBLIND|<3,6><3,10>'
[22:48:31] DISPATCH line='preflop|BIGBLIND|<3,6><3,10>'
[22:48:32] RECV raw='fold' buffer='fold'
[22:48:32] DISPATCH line='fold'
[22:48:35] RECV raw='earnChips 50' buffer='earnChips 50'
[22:48:35] DISPATCH line='earnChips 50'
[22:48:35] RECV raw='preflop|SMALLBLIND|<0,1><3,8>' buffer='preflop|SMALLBLIND|<0,1><3,8>'
[22:48:35] DISPATCH line='preflop|SMALLBLIND|<0,1><3,8>'
[22:48:35] OFFICIAL_ACTION_DELAY wait=0.156s target=0.300s
[22:48:35] SEND name=Candidate hand=46 stage=preflop act_cnt=0 my_sb=50 opp_sb=100 my_chips=19950 opp_chips=19900 is_sb=True msg='raise 688'
[22:48:35] RECV raw='fold' buffer='fold'
[22:48:35] DISPATCH line='fold'
[22:48:38] RECV raw='earnChips 100' buffer='earnChips 100'
[22:48:38] DISPATCH line='earnChips 100'
[22:48:39] RECV raw='preflop|BIGBLIND|<1,0><0,11>' buffer='preflop|BIGBLIND|<1,0><0,11>'
[22:48:39] DISPATCH line='preflop|BIGBLIND|<1,0><0,11>'
[22:48:39] RECV raw='fold' buffer='fold'
[22:48:39] DISPATCH line='fold'
[22:48:42] RECV raw='earnChips 50' buffer='earnChips 50'
[22:48:42] DISPATCH line='earnChips 50'
[22:48:42] RECV raw='preflop|SMALLBLIND|<3,10><1,1>' buffer='preflop|SMALLBLIND|<3,10><1,1>'
[22:48:42] DISPATCH line='preflop|SMALLBLIND|<3,10><1,1>'
[22:48:42] OFFICIAL_ACTION_DELAY wait=0.158s target=0.300s
[22:48:42] SEND name=Candidate hand=48 stage=preflop act_cnt=0 my_sb=50 opp_sb=100 my_chips=19950 opp_chips=19900 is_sb=True msg='raise 688'
[22:48:43] RECV raw='fold' buffer='fold'
[22:48:43] DISPATCH line='fold'
[22:48:46] RECV raw='earnChips 100' buffer='earnChips 100'
[22:48:46] DISPATCH line='earnChips 100'
[22:48:46] RECV raw='preflop|BIGBLIND|<0,5><1,4>' buffer='preflop|BIGBLIND|<0,5><1,4>'
[22:48:46] DISPATCH line='preflop|BIGBLIND|<0,5><1,4>'
[22:48:46] RECV raw='fold' buffer='fold'
[22:48:46] DISPATCH line='fold'
[22:48:49] RECV raw='earnChips 50' buffer='earnChips 50'
[22:48:49] DISPATCH line='earnChips 50'
[22:48:49] RECV raw='preflop|SMALLBLIND|<2,2><1,2>' buffer='preflop|SMALLBLIND|<2,2><1,2>'
[22:48:49] DISPATCH line='preflop|SMALLBLIND|<2,2><1,2>'
[22:48:50] OFFICIAL_ACTION_DELAY wait=0.152s target=0.300s
[22:48:50] SEND name=Candidate hand=50 stage=preflop act_cnt=0 my_sb=50 opp_sb=100 my_chips=19950 opp_chips=19900 is_sb=True msg='raise 297'
[22:48:50] RECV raw='fold' buffer='fold'
[22:48:50] DISPATCH line='fold'
[22:48:53] RECV raw='earnChips 100' buffer='earnChips 100'
[22:48:53] DISPATCH line='earnChips 100'
[22:48:53] RECV raw='preflop|BIGBLIND|<3,10><2,5>' buffer='preflop|BIGBLIND|<3,10><2,5>'
[22:48:53] DISPATCH line='preflop|BIGBLIND|<3,10><2,5>'
[22:48:54] RECV raw='fold' buffer='fold'
[22:48:54] DISPATCH line='fold'
[22:48:57] RECV raw='earnChips 50' buffer='earnChips 50'
[22:48:57] DISPATCH line='earnChips 50'
[22:48:57] RECV raw='preflop|SMALLBLIND|<0,10><3,9>' buffer='preflop|SMALLBLIND|<0,10><3,9>'
[22:48:57] DISPATCH line='preflop|SMALLBLIND|<0,10><3,9>'
[22:48:57] OFFICIAL_ACTION_DELAY wait=0.153s target=0.300s
[22:48:57] SEND name=Candidate hand=52 stage=preflop act_cnt=0 my_sb=50 opp_sb=100 my_chips=19950 opp_chips=19900 is_sb=True msg='raise 297'
[22:48:58] RECV raw='fold' buffer='fold'
[22:48:58] DISPATCH line='fold'
[22:49:01] RECV raw='earnChips 100' buffer='earnChips 100'
[22:49:01] DISPATCH line='earnChips 100'
[22:49:01] RECV raw='preflop|BIGBLIND|<1,4><0,12>' buffer='preflop|BIGBLIND|<1,4><0,12>'
[22:49:01] DISPATCH line='preflop|BIGBLIND|<1,4><0,12>'
[22:49:01] RECV raw='fold' buffer='fold'
[22:49:01] DISPATCH line='fold'
[22:49:04] RECV raw='earnChips 50' buffer='earnChips 50'
[22:49:04] DISPATCH line='earnChips 50'
[22:49:04] RECV raw='preflop|SMALLBLIND|<3,1><0,10>' buffer='preflop|SMALLBLIND|<3,1><0,10>'
[22:49:04] DISPATCH line='preflop|SMALLBLIND|<3,1><0,10>'
[22:49:04] OFFICIAL_ACTION_DELAY wait=0.154s target=0.300s
[22:49:04] SEND name=Candidate hand=54 stage=preflop act_cnt=0 my_sb=50 opp_sb=100 my_chips=19950 opp_chips=19900 is_sb=True msg='raise 688'
[22:49:05] RECV raw='fold' buffer='fold'
[22:49:05] DISPATCH line='fold'
[22:49:08] RECV raw='earnChips 100' buffer='earnChips 100'
[22:49:08] DISPATCH line='earnChips 100'
[22:49:08] RECV raw='preflop|BIGBLIND|<0,9><1,0>' buffer='preflop|BIGBLIND|<0,9><1,0>'
[22:49:08] DISPATCH line='preflop|BIGBLIND|<0,9><1,0>'
[22:49:08] RECV raw='fold' buffer='fold'
[22:49:08] DISPATCH line='fold'
[22:49:11] RECV raw='earnChips 50' buffer='earnChips 50'
[22:49:11] DISPATCH line='earnChips 50'
[22:49:11] RECV raw='preflop|SMALLBLIND|<1,6><1,11>' buffer='preflop|SMALLBLIND|<1,6><1,11>'
[22:49:11] DISPATCH line='preflop|SMALLBLIND|<1,6><1,11>'
[22:49:12] OFFICIAL_ACTION_DELAY wait=0.153s target=0.300s
[22:49:12] SEND name=Candidate hand=56 stage=preflop act_cnt=0 my_sb=50 opp_sb=100 my_chips=19950 opp_chips=19900 is_sb=True msg='raise 296'
[22:49:12] RECV raw='fold' buffer='fold'
[22:49:12] DISPATCH line='fold'
[22:49:15] RECV raw='earnChips 100' buffer='earnChips 100'
[22:49:15] DISPATCH line='earnChips 100'
[22:49:15] RECV raw='preflop|BIGBLIND|<2,1><0,10>' buffer='preflop|BIGBLIND|<2,1><0,10>'
[22:49:15] DISPATCH line='preflop|BIGBLIND|<2,1><0,10>'
[22:49:16] RECV raw='fold' buffer='fold'
[22:49:16] DISPATCH line='fold'
[22:49:19] RECV raw='earnChips 50' buffer='earnChips 50'
[22:49:19] DISPATCH line='earnChips 50'
[22:49:19] RECV raw='preflop|SMALLBLIND|<3,1><3,5>' buffer='preflop|SMALLBLIND|<3,1><3,5>'
[22:49:19] DISPATCH line='preflop|SMALLBLIND|<3,1><3,5>'
[22:49:19] OFFICIAL_ACTION_DELAY wait=0.144s target=0.300s
[22:49:19] SEND name=Candidate hand=58 stage=preflop act_cnt=0 my_sb=50 opp_sb=100 my_chips=19950 opp_chips=19900 is_sb=True msg='raise 688'
[22:49:20] RECV raw='fold' buffer='fold'
[22:49:20] DISPATCH line='fold'
[22:49:23] RECV raw='earnChips 100' buffer='earnChips 100'
[22:49:23] DISPATCH line='earnChips 100'
[22:49:23] RECV raw='preflop|BIGBLIND|<1,8><0,8>' buffer='preflop|BIGBLIND|<1,8><0,8>'
[22:49:23] DISPATCH line='preflop|BIGBLIND|<1,8><0,8>'
[22:49:23] RECV raw='fold' buffer='fold'
[22:49:23] DISPATCH line='fold'
[22:49:26] RECV raw='earnChips 50' buffer='earnChips 50'
[22:49:26] DISPATCH line='earnChips 50'
[22:49:26] RECV raw='preflop|SMALLBLIND|<2,5><0,6>' buffer='preflop|SMALLBLIND|<2,5><0,6>'
[22:49:26] DISPATCH line='preflop|SMALLBLIND|<2,5><0,6>'
[22:49:26] OFFICIAL_ACTION_DELAY wait=0.204s target=0.300s
[22:49:26] SEND name=Candidate hand=60 stage=preflop act_cnt=0 my_sb=50 opp_sb=100 my_chips=19950 opp_chips=19900 is_sb=True msg='raise 688'
[22:49:27] RECV raw='fold' buffer='fold'
[22:49:27] DISPATCH line='fold'
[22:49:30] RECV raw='earnChips 100' buffer='earnChips 100'
[22:49:30] DISPATCH line='earnChips 100'
[22:49:30] RECV raw='preflop|BIGBLIND|<3,0><1,9>' buffer='preflop|BIGBLIND|<3,0><1,9>'
[22:49:30] DISPATCH line='preflop|BIGBLIND|<3,0><1,9>'
[22:49:30] RECV raw='fold' buffer='fold'
[22:49:30] DISPATCH line='fold'
[22:49:33] RECV raw='earnChips 50' buffer='earnChips 50'
[22:49:33] DISPATCH line='earnChips 50'
[22:49:34] RECV raw='preflop|SMALLBLIND|<0,0><1,12>' buffer='preflop|SMALLBLIND|<0,0><1,12>'
[22:49:34] DISPATCH line='preflop|SMALLBLIND|<0,0><1,12>'
[22:49:34] OFFICIAL_ACTION_DELAY wait=0.156s target=0.300s
[22:49:34] SEND name=Candidate hand=62 stage=preflop act_cnt=0 my_sb=50 opp_sb=100 my_chips=19950 opp_chips=19900 is_sb=True msg='raise 296'
[22:49:34] RECV raw='fold' buffer='fold'
[22:49:34] DISPATCH line='fold'
[22:49:37] RECV raw='earnChips 100' buffer='earnChips 100'
[22:49:37] DISPATCH line='earnChips 100'
[22:49:37] RECV raw='preflop|BIGBLIND|<2,10><1,2>' buffer='preflop|BIGBLIND|<2,10><1,2>'
[22:49:37] DISPATCH line='preflop|BIGBLIND|<2,10><1,2>'
[22:49:38] RECV raw='fold' buffer='fold'
[22:49:38] DISPATCH line='fold'
[22:49:41] RECV raw='earnChips 50' buffer='earnChips 50'
[22:49:41] DISPATCH line='earnChips 50'
[22:49:41] RECV raw='preflop|SMALLBLIND|<3,4><3,0>' buffer='preflop|SMALLBLIND|<3,4><3,0>'
[22:49:41] DISPATCH line='preflop|SMALLBLIND|<3,4><3,0>'
[22:49:41] OFFICIAL_ACTION_DELAY wait=0.152s target=0.300s
[22:49:41] SEND name=Candidate hand=64 stage=preflop act_cnt=0 my_sb=50 opp_sb=100 my_chips=19950 opp_chips=19900 is_sb=True msg='raise 688'
[22:49:42] RECV raw='fold' buffer='fold'
[22:49:42] DISPATCH line='fold'
[22:49:45] RECV raw='earnChips 100' buffer='earnChips 100'
[22:49:45] DISPATCH line='earnChips 100'
[22:49:45] RECV raw='preflop|BIGBLIND|<0,12><3,4>' buffer='preflop|BIGBLIND|<0,12><3,4>'
[22:49:45] DISPATCH line='preflop|BIGBLIND|<0,12><3,4>'
[22:49:45] RECV raw='fold' buffer='fold'
[22:49:45] DISPATCH line='fold'
[22:49:48] RECV raw='earnChips 50' buffer='earnChips 50'
[22:49:48] DISPATCH line='earnChips 50'
[22:49:48] RECV raw='preflop|SMALLBLIND|<2,9><0,2>' buffer='preflop|SMALLBLIND|<2,9><0,2>'
[22:49:48] DISPATCH line='preflop|SMALLBLIND|<2,9><0,2>'
[22:49:48] OFFICIAL_ACTION_DELAY wait=0.153s target=0.300s
[22:49:49] SEND name=Candidate hand=66 stage=preflop act_cnt=0 my_sb=50 opp_sb=100 my_chips=19950 opp_chips=19900 is_sb=True msg='raise 688'
[22:49:49] RECV raw='fold' buffer='fold'
[22:49:49] DISPATCH line='fold'
[22:49:52] RECV raw='earnChips 100' buffer='earnChips 100'
[22:49:52] DISPATCH line='earnChips 100'
[22:49:52] RECV raw='preflop|BIGBLIND|<3,9><1,5>' buffer='preflop|BIGBLIND|<3,9><1,5>'
[22:49:52] DISPATCH line='preflop|BIGBLIND|<3,9><1,5>'
[22:49:52] RECV raw='fold' buffer='fold'
[22:49:52] DISPATCH line='fold'
[22:49:55] RECV raw='earnChips 50' buffer='earnChips 50'
[22:49:55] DISPATCH line='earnChips 50'
[22:49:56] RECV raw='preflop|SMALLBLIND|<0,4><1,8>' buffer='preflop|SMALLBLIND|<0,4><1,8>'
[22:49:56] DISPATCH line='preflop|SMALLBLIND|<0,4><1,8>'
[22:49:56] OFFICIAL_ACTION_DELAY wait=0.197s target=0.300s
[22:49:56] SEND name=Candidate hand=68 stage=preflop act_cnt=0 my_sb=50 opp_sb=100 my_chips=19950 opp_chips=19900 is_sb=True msg='allin'
[22:49:56] RECV raw='fold' buffer='fold'
[22:49:56] DISPATCH line='fold'
[22:49:59] RECV raw='earnChips 100' buffer='earnChips 100'
[22:49:59] DISPATCH line='earnChips 100'
[22:49:59] RECV raw='preflop|BIGBLIND|<2,1><2,6>' buffer='preflop|BIGBLIND|<2,1><2,6>'
[22:49:59] DISPATCH line='preflop|BIGBLIND|<2,1><2,6>'
[22:50:00] RECV raw='fold' buffer='fold'
[22:50:00] DISPATCH line='fold'
[22:50:03] RECV raw='earnChips 50' buffer='earnChips 50'
[22:50:03] DISPATCH line='earnChips 50'
[22:50:03] RECV raw='preflop|SMALLBLIND|<3,8><2,9>' buffer='preflop|SMALLBLIND|<3,8><2,9>'
[22:50:03] DISPATCH line='preflop|SMALLBLIND|<3,8><2,9>'
[22:50:03] OFFICIAL_ACTION_DELAY wait=0.150s target=0.300s
[22:50:03] SEND name=Candidate hand=70 stage=preflop act_cnt=0 my_sb=50 opp_sb=100 my_chips=19950 opp_chips=19900 is_sb=True msg='raise 292'
[22:50:04] RECV raw='fold' buffer='fold'
[22:50:04] DISPATCH line='fold'
